============================================================
Forward PINN - 7-ODE Reduced WNT-RA-HOX Model
Device : cuda
GPU    : NVIDIA RTX PRO 6000 Blackwell Server Edition
VRAM   : 102.0 GB
Threads: 48
============================================================

[1/3] Reference solutions (scipy Radau) ...
  Normal                t=[0, 150]  shape=(5000, 7)
  Early Adenoma         t=[0, 150]  shape=(5000, 7)
  Advanced Adenoma      t=[0, 150]  shape=(5000, 7)
  Severe APC Loss       t=[0, 150]  shape=(5000, 7)

[2/3] Training PINNs ...

── Normal ──
  arch 4×256  params 207,879
    Adam     1/1000  L=7.22e-01  Ld=5.58e-01  Lp=1.10e+00  lr=1.0e-03  [1s]
    Adam   250/1000  L=4.77e-04  Ld=4.77e-04  Lp=4.79e-04  lr=8.5e-04  [120s]
    Adam   500/1000  L=2.52e-04  Ld=2.77e-04  Lp=1.96e-04  lr=5.0e-04  [238s]
    Adam   750/1000  L=2.29e-04  Ld=2.51e-04  Lp=1.78e-04  lr=1.5e-04  [357s]
    Adam  1000/1000  L=2.25e-04  Ld=2.47e-04  Lp=1.75e-04  lr=1.0e-06  [476s]
    L-BFGS (500 steps, 10000 colloc) ...
    LBFGS  100/500  L=1.39e-04  [594s]
    LBFGS  200/500  L=9.51e-05  [722s]
    LBFGS  300/500  L=6.77e-05  [838s]
    LBFGS  400/500  L=5.51e-05  [955s]
    LBFGS  500/500  L=4.30e-05  [1053s]
  done  (1053s total)

── Early Adenoma ──
  arch 4×256  params 207,879
    Adam     1/1000  L=1.16e+00  Ld=1.14e+00  Lp=1.21e+00  lr=1.0e-03  [0s]
    Adam   250/1000  L=1.82e-03  Ld=2.01e-03  Lp=1.36e-03  lr=8.5e-04  [119s]
    Adam   500/1000  L=7.87e-04  Ld=7.81e-04  Lp=8.02e-04  lr=5.0e-04  [237s]
    Adam   750/1000  L=3.18e-04  Ld=2.76e-04  Lp=4.15e-04  lr=1.5e-04  [356s]
    Adam  1000/1000  L=2.84e-04  Ld=2.43e-04  Lp=3.80e-04  lr=1.0e-06  [474s]
    L-BFGS (500 steps, 10000 colloc) ...
    LBFGS  100/500  L=1.24e-04  [593s]
    LBFGS  200/500  L=9.63e-05  [697s]
    LBFGS  300/500  L=7.32e-05  [814s]
    LBFGS  400/500  L=6.30e-05  [926s]
    LBFGS  500/500  L=4.53e-05  [1023s]
  done  (1023s total)

── Advanced Adenoma ──
  arch 4×256  params 207,879
    Adam     1/1000  L=1.47e+00  Ld=1.50e+00  Lp=1.39e+00  lr=1.0e-03  [0s]
    Adam   250/1000  L=2.15e-03  Ld=2.32e-03  Lp=1.76e-03  lr=8.5e-04  [119s]
    Adam   500/1000  L=1.29e-03  Ld=1.45e-03  Lp=9.31e-04  lr=5.0e-04  [237s]
    Adam   750/1000  L=7.24e-04  Ld=7.09e-04  Lp=7.61e-04  lr=1.5e-04  [356s]
    Adam  1000/1000  L=6.37e-04  Ld=6.05e-04  Lp=7.11e-04  lr=1.0e-06  [475s]
    L-BFGS (500 steps, 10000 colloc) ...
    LBFGS  100/500  L=2.46e-04  [588s]
    LBFGS  200/500  L=1.80e-04  [698s]
    LBFGS  300/500  L=1.59e-04  [806s]
    LBFGS  400/500  L=1.29e-04  [912s]
    LBFGS  500/500  L=9.95e-05  [1005s]
  done  (1005s total)

── Severe APC Loss ──
  arch 4×256  params 207,879
    Adam     1/1000  L=1.77e+00  Ld=1.83e+00  Lp=1.64e+00  lr=1.0e-03  [0s]
    Adam   250/1000  L=2.59e-03  Ld=2.67e-03  Lp=2.41e-03  lr=8.5e-04  [119s]
    Adam   500/1000  L=1.44e-03  Ld=1.62e-03  Lp=1.01e-03  lr=5.0e-04  [237s]
    Adam   750/1000  L=9.08e-04  Ld=9.53e-04  Lp=8.04e-04  lr=1.5e-04  [356s]
    Adam  1000/1000  L=8.15e-04  Ld=8.35e-04  Lp=7.70e-04  lr=1.0e-06  [475s]
    L-BFGS (500 steps, 10000 colloc) ...
    LBFGS  100/500  L=4.30e-04  [586s]
    LBFGS  200/500  L=3.52e-04  [686s]
    LBFGS  300/500  L=2.76e-04  [783s]
    LBFGS  400/500  L=2.50e-04  [889s]
    LBFGS  500/500  L=1.71e-04  [986s]
  done  (986s total)

[3/3] Plotting ...
Traceback (most recent call last):
  File "/home/27/nkim8/PINN-Research/PINN-smaller/forward_pinn_train/main.py", line 55, in <module>
    solutions, refs, histories = main()
                                 ^^^^^^
  File "/home/27/nkim8/PINN-Research/PINN-smaller/forward_pinn_train/main.py", line 47, in main
    plot_all(solutions, refs)
  File "/home/27/nkim8/PINN-Research/PINN-smaller/forward_pinn_train/plotting.py", line 37, in plot_all
    ax.plot(sol["t"], stemness(sol, pc), lw=2.0, label=name)
                      ^^^^^^^^^^^^^^^^^
  File "/home/27/nkim8/PINN-Research/PINN-smaller/forward_pinn_train/metrics.py", line 2, in stemness
    return (sol["b"] * (1 + p["alpha13"]*sol["h13"])
                                         ~~~^^^^^^^
KeyError: 'h13'
