screen: 12 terms x 3 regimes x 2 parameterisations, 2 starts (noise=0.0)
  Early Adenoma      dapc       mechanistic                   eq params 6/6  phys=1.83e-09  [170s]
  Early Adenoma      db         mechanistic                   eq params 6/6  phys=1.06e-08  [400s]
  Early Adenoma      dc         mechanistic                   eq params 6/6  phys=9.56e-10  [587s]
  Early Adenoma      dh13       mechanistic                   eq params 6/6  phys=3.00e-10  [866s]
  Early Adenoma      dh5        mechanistic                   eq params 6/6  phys=1.65e-08  [1032s]
  Early Adenoma      dm         mechanistic                   eq params 4/4  phys=4.47e-09  [1186s]
  Early Adenoma      dr         mechanistic                   eq params 2/2  phys=2.03e-08  [1298s]
  Early Adenoma      ra_h5      gated       fNRMSE=  3.8%  eq params 3/4 (ctrl 6/6)  basal_err=25.9% (ctrl 0.3%)  [1863s]
  Early Adenoma      ra_h5      sc          fNRMSE=  2.8%  eq params 3/4 (ctrl 6/6)  basal_err=16.7% (ctrl 0.3%)  [3189s]
  Early Adenoma      bm_myc     gated       fNRMSE=  8.2%  eq params 1/2 (ctrl 4/4)  basal_err=48.2% (ctrl 0.1%)  [3864s]
  Early Adenoma      bm_myc     sc          fNRMSE=  5.2%  eq params 1/2 (ctrl 4/4)  basal_err=30.7% (ctrl 0.1%)  [4653s]
  Early Adenoma      b_h13      gated       fNRMSE=  8.2%  eq params 3/4 (ctrl 6/6)  basal_err=38.3% (ctrl 0.7%)  [4982s]
  Early Adenoma      b_h13      sc          fNRMSE= 10.5%  eq params 3/4 (ctrl 6/6)  basal_err=34.9% (ctrl 0.7%)  [5702s]
  Early Adenoma      bc_cyp     gated       fNRMSE=  3.5%  eq params 3/4 (ctrl 6/6)  basal_err=50.8% (ctrl 0.2%)  [6205s]
  Early Adenoma      bc_cyp     sc          fNRMSE=  6.8%  eq params 3/4 (ctrl 6/6)  basal_err=100.0% (ctrl 0.2%)  [7696s]
  Early Adenoma      rc_cyp     gated       fNRMSE=  0.5%  eq params 4/4 (ctrl 6/6)  basal_err=2.9% (ctrl 0.2%)  [8109s]
  Early Adenoma      rc_cyp     sc          fNRMSE= 16.2%  eq params 3/4 (ctrl 6/6)  basal_err=115.4% (ctrl 0.2%)  [8541s]
  Early Adenoma      m_h13      gated       fNRMSE= 66.2%  eq params 0/4 (ctrl 6/6)  basal_err=10.6% (ctrl 0.7%)  [8872s]
  Early Adenoma      m_h13      sc          fNRMSE= 86.9%  eq params 0/4 (ctrl 6/6)  basal_err=25.9% (ctrl 0.7%)  [9168s]
  Early Adenoma      h13_b      gated       fNRMSE= 37.4%  eq params 3/4 (ctrl 6/6)  basal_err=24.0% (ctrl 0.0%)  [9416s]
  Early Adenoma      h13_b      sc          fNRMSE= 19.1%  eq params 3/4 (ctrl 6/6)  basal_err=12.0% (ctrl 0.0%)  [10082s]
  Early Adenoma      m_h5       gated       fNRMSE=  6.7%  eq params 4/4 (ctrl 6/6)  basal_err=nan% (ctrl nan%)  [10616s]
  Early Adenoma      m_h5       sc          fNRMSE= 16.2%  eq params 2/4 (ctrl 6/6)  basal_err=nan% (ctrl nan%)  [12004s]
  Early Adenoma      h5_b       gated       fNRMSE=  1.1%  eq params 4/4 (ctrl 6/6)  basal_err=nan% (ctrl nan%)  [12783s]
  Early Adenoma      h5_b       sc          fNRMSE=  0.3%  eq params 4/4 (ctrl 6/6)  basal_err=nan% (ctrl nan%)  [13508s]
  Early Adenoma      apc_b      gated       fNRMSE=  0.9%  eq params 5/5 (ctrl 6/6)  basal_err=nan% (ctrl nan%)  [13908s]
  Early Adenoma      apc_b      sc          fNRMSE=  1.0%  eq params 5/5 (ctrl 6/6)  basal_err=nan% (ctrl nan%)  [14461s]
  Early Adenoma      c_ra       gated       fNRMSE=  0.0%  eq params 1/1 (ctrl 2/2)  basal_err=nan% (ctrl nan%)  [14735s]
  Early Adenoma      c_ra       sc          fNRMSE=  0.1%  eq params 1/1 (ctrl 2/2)  basal_err=nan% (ctrl nan%)  [14924s]
  Early Adenoma      apc_prod   gated       SKIPPED — apc_prod has 3 inputs and `gated` is single-input only
  Early Adenoma      apc_prod   sc          fNRMSE= 33.4%  eq params 0/3 (ctrl 6/6)  basal_err=nan% (ctrl nan%)  [15091s]
  Advanced Adenoma   dapc       mechanistic                   eq params 4/6  phys=6.34e-09  [15223s]
  Advanced Adenoma   db         mechanistic                   eq params 1/6  phys=4.56e-08  [15369s]
  Advanced Adenoma   dc         mechanistic                   eq params 5/6  phys=4.01e-09  [15514s]
  Advanced Adenoma   dh13       mechanistic                   eq params 4/6  phys=1.15e-09  [15655s]
  Advanced Adenoma   dh5        mechanistic                   eq params 1/6  phys=2.04e-07  [15805s]
  Advanced Adenoma   dm         mechanistic                   eq params 3/4  phys=2.58e-09  [15921s]
  Advanced Adenoma   dr         mechanistic                   eq params 2/2  phys=1.71e-08  [16021s]
  Advanced Adenoma   ra_h5      gated       fNRMSE=  4.1%  eq params 4/4 (ctrl 1/6)  basal_err=4.8% (ctrl 35.6%)  [16184s]
  Advanced Adenoma   ra_h5      sc          fNRMSE=  8.0%  eq params 3/4 (ctrl 1/6)  basal_err=20.9% (ctrl 35.6%)  [16393s]
  Advanced Adenoma   bm_myc     gated       fNRMSE= 10.2%  eq params 1/2 (ctrl 3/4)  basal_err=68.3% (ctrl 15.6%)  [16543s]
  Advanced Adenoma   bm_myc     sc          fNRMSE=  7.7%  eq params 1/2 (ctrl 3/4)  basal_err=51.8% (ctrl 15.6%)  [16743s]
  Advanced Adenoma   b_h13      gated       fNRMSE=  7.9%  eq params 3/4 (ctrl 4/6)  basal_err=34.9% (ctrl 11.3%)  [16902s]
  Advanced Adenoma   b_h13      sc          fNRMSE= 14.6%  eq params 1/4 (ctrl 4/6)  basal_err=94.0% (ctrl 11.3%)  [17110s]
  Advanced Adenoma   bc_cyp     gated       fNRMSE=  3.1%  eq params 3/4 (ctrl 5/6)  basal_err=49.3% (ctrl 50.0%)  [17273s]
  Advanced Adenoma   bc_cyp     sc          fNRMSE=  6.0%  eq params 3/4 (ctrl 5/6)  basal_err=95.0% (ctrl 50.0%)  [17490s]
  Advanced Adenoma   rc_cyp     gated       fNRMSE=  3.8%  eq params 3/4 (ctrl 5/6)  basal_err=11.2% (ctrl 50.0%)  [17653s]
  Advanced Adenoma   rc_cyp     sc          fNRMSE= 11.7%  eq params 3/4 (ctrl 5/6)  basal_err=99.4% (ctrl 50.0%)  [17860s]
  Advanced Adenoma   m_h13      gated       fNRMSE= 78.1%  eq params 1/4 (ctrl 4/6)  basal_err=66.7% (ctrl 11.3%)  [18034s]
  Advanced Adenoma   m_h13      sc          fNRMSE= 80.5%  eq params 1/4 (ctrl 4/6)  basal_err=51.5% (ctrl 11.3%)  [18245s]
  Advanced Adenoma   h13_b      gated       fNRMSE=116.5%  eq params 3/4 (ctrl 1/6)  basal_err=51.6% (ctrl 11.8%)  [18403s]
  Advanced Adenoma   h13_b      sc          fNRMSE= 22.3%  eq params 3/4 (ctrl 1/6)  basal_err=10.1% (ctrl 11.8%)  [18606s]
  Advanced Adenoma   m_h5       gated       fNRMSE= 44.7%  eq params 1/4 (ctrl 1/6)  basal_err=nan% (ctrl nan%)  [18775s]
  Advanced Adenoma   m_h5       sc          fNRMSE= 57.6%  eq params 1/4 (ctrl 1/6)  basal_err=nan% (ctrl nan%)  [18983s]
  Advanced Adenoma   h5_b       gated       fNRMSE=  0.7%  eq params 2/4 (ctrl 1/6)  basal_err=nan% (ctrl nan%)  [19154s]
  Advanced Adenoma   h5_b       sc          fNRMSE=  3.0%  eq params 2/4 (ctrl 1/6)  basal_err=nan% (ctrl nan%)  [19372s]
  Advanced Adenoma   apc_b      gated       fNRMSE= 52.8%  eq params 0/5 (ctrl 1/6)  basal_err=nan% (ctrl nan%)  [19548s]
  Advanced Adenoma   apc_b      sc          fNRMSE= 38.2%  eq params 1/5 (ctrl 1/6)  basal_err=nan% (ctrl nan%)  [19773s]
  Advanced Adenoma   c_ra       gated       fNRMSE=  0.1%  eq params 1/1 (ctrl 2/2)  basal_err=nan% (ctrl nan%)  [19920s]
  Advanced Adenoma   c_ra       sc          fNRMSE=  0.1%  eq params 1/1 (ctrl 2/2)  basal_err=nan% (ctrl nan%)  [20108s]
  Advanced Adenoma   apc_prod   gated       SKIPPED — apc_prod has 3 inputs and `gated` is single-input only
  Advanced Adenoma   apc_prod   sc          fNRMSE= 53.5%  eq params 0/3 (ctrl 4/6)  basal_err=nan% (ctrl nan%)  [20263s]
  Severe APC Loss    dapc       mechanistic                   eq params 4/6  phys=7.83e-09  [20396s]
  Severe APC Loss    db         mechanistic                   eq params 0/6  phys=2.30e-08  [20530s]
  Severe APC Loss    dc         mechanistic                   eq params 5/6  phys=1.53e-09  [20675s]
  Severe APC Loss    dh13       mechanistic                   eq params 5/6  phys=3.08e-09  [20818s]
  Severe APC Loss    dh5        mechanistic                   eq params 1/6  phys=1.70e-07  [20964s]
  Severe APC Loss    dm         mechanistic                   eq params 3/4  phys=1.01e-09  [21097s]
  Severe APC Loss    dr         mechanistic                   eq params 2/2  phys=1.55e-08  [21202s]
  Severe APC Loss    ra_h5      gated       fNRMSE= 24.4%  eq params 0/4 (ctrl 1/6)  basal_err=33.5% (ctrl 36.3%)  [21376s]
  Severe APC Loss    ra_h5      sc          fNRMSE=  7.5%  eq params 3/4 (ctrl 1/6)  basal_err=19.7% (ctrl 36.3%)  [21585s]
  Severe APC Loss    bm_myc     gated       fNRMSE= 11.2%  eq params 1/2 (ctrl 3/4)  basal_err=78.9% (ctrl 35.6%)  [21734s]
  Severe APC Loss    bm_myc     sc          fNRMSE=  5.5%  eq params 1/2 (ctrl 3/4)  basal_err=39.0% (ctrl 35.6%)  [21933s]
  Severe APC Loss    b_h13      gated       fNRMSE=  0.5%  eq params 2/4 (ctrl 5/6)  basal_err=37.7% (ctrl 28.1%)  [22088s]
  Severe APC Loss    b_h13      sc          fNRMSE= 21.6%  eq params 1/4 (ctrl 5/6)  basal_err=99.3% (ctrl 28.1%)  [22301s]
  Severe APC Loss    bc_cyp     gated       fNRMSE=  2.0%  eq params 3/4 (ctrl 5/6)  basal_err=33.7% (ctrl 42.2%)  [22471s]
  Severe APC Loss    bc_cyp     sc          fNRMSE=  1.1%  eq params 3/4 (ctrl 5/6)  basal_err=21.2% (ctrl 42.2%)  [22675s]
  Severe APC Loss    rc_cyp     gated       fNRMSE=  0.6%  eq params 3/4 (ctrl 5/6)  basal_err=20.3% (ctrl 42.2%)  [22841s]
  Severe APC Loss    rc_cyp     sc          fNRMSE= 10.5%  eq params 3/4 (ctrl 5/6)  basal_err=30.0% (ctrl 42.2%)  [23052s]
  Severe APC Loss    m_h13      gated       fNRMSE= 11.6%  eq params 2/4 (ctrl 5/6)  basal_err=95.6% (ctrl 28.1%)  [23229s]
  Severe APC Loss    m_h13      sc          fNRMSE= 74.4%  eq params 1/4 (ctrl 5/6)  basal_err=12.7% (ctrl 28.1%)  [23442s]
  Severe APC Loss    h13_b      gated       fNRMSE=171.4%  eq params 2/4 (ctrl 0/6)  basal_err=57.5% (ctrl 17.2%)  [23607s]
  Severe APC Loss    h13_b      sc          fNRMSE= 49.3%  eq params 0/4 (ctrl 0/6)  basal_err=20.9% (ctrl 17.2%)  [23811s]
  Severe APC Loss    m_h5       gated       fNRMSE= 46.6%  eq params 1/4 (ctrl 1/6)  basal_err=nan% (ctrl nan%)  [23977s]
  Severe APC Loss    m_h5       sc          fNRMSE= 36.2%  eq params 1/4 (ctrl 1/6)  basal_err=nan% (ctrl nan%)  [24185s]
  Severe APC Loss    h5_b       gated       fNRMSE=  1.7%  eq params 1/4 (ctrl 0/6)  basal_err=nan% (ctrl nan%)  [24355s]
  Severe APC Loss    h5_b       sc          fNRMSE=  6.5%  eq params 0/4 (ctrl 0/6)  basal_err=nan% (ctrl nan%)  [24575s]
  Severe APC Loss    apc_b      gated       fNRMSE= 65.7%  eq params 1/5 (ctrl 0/6)  basal_err=nan% (ctrl nan%)  [24743s]
  Severe APC Loss    apc_b      sc          fNRMSE= 95.2%  eq params 1/5 (ctrl 0/6)  basal_err=nan% (ctrl nan%)  [24971s]
  Severe APC Loss    c_ra       gated       fNRMSE=  0.1%  eq params 1/1 (ctrl 2/2)  basal_err=nan% (ctrl nan%)  [25115s]
  Severe APC Loss    c_ra       sc          fNRMSE=  0.0%  eq params 1/1 (ctrl 2/2)  basal_err=nan% (ctrl nan%)  [25304s]
  Severe APC Loss    apc_prod   gated       SKIPPED — apc_prod has 3 inputs and `gated` is single-input only
  Severe APC Loss    apc_prod   sc          fNRMSE= 16.2%  eq params 0/3 (ctrl 4/6)  basal_err=nan% (ctrl nan%)  [25467s]

wrote runs/20260802_screen_atlas_rest/screen.json  (25467s)
