=== Bayesian inverse PINN — regime=Cancer-like device=cuda ===
  Normal               ctrl       t=[0, 150]  shape=(5000, 7)
  Normal               noATRA     t=[0, 150]  shape=(5000, 7)
  Normal               earlyATRA  t=[0, 150]  shape=(5000, 7)
  Normal               lateATRA   t=[0, 150]  shape=(5000, 7)
  Normal               lowATRA    t=[0, 150]  shape=(5000, 7)
  Normal               strongCirc t=[0, 150]  shape=(5000, 7)
  Normal               wntPulse   t=[0, 150]  shape=(5000, 7)
  Normal               wntInhib   t=[0, 150]  shape=(5000, 7)
  Normal               mycPulse   t=[0, 150]  shape=(5000, 7)
  Normal               wntRAcombo t=[0, 150]  shape=(5000, 7)
  Early adenoma        ctrl       t=[0, 150]  shape=(5000, 7)
  Early adenoma        noATRA     t=[0, 150]  shape=(5000, 7)
  Early adenoma        earlyATRA  t=[0, 150]  shape=(5000, 7)
  Early adenoma        lateATRA   t=[0, 150]  shape=(5000, 7)
  Early adenoma        lowATRA    t=[0, 150]  shape=(5000, 7)
  Early adenoma        strongCirc t=[0, 150]  shape=(5000, 7)
  Early adenoma        wntPulse   t=[0, 150]  shape=(5000, 7)
  Early adenoma        wntInhib   t=[0, 150]  shape=(5000, 7)
  Early adenoma        mycPulse   t=[0, 150]  shape=(5000, 7)
  Early adenoma        wntRAcombo t=[0, 150]  shape=(5000, 7)
  Cancer-like          ctrl       t=[0, 150]  shape=(5000, 7)
  Cancer-like          noATRA     t=[0, 150]  shape=(5000, 7)
  Cancer-like          earlyATRA  t=[0, 150]  shape=(5000, 7)
  Cancer-like          lateATRA   t=[0, 150]  shape=(5000, 7)
  Cancer-like          lowATRA    t=[0, 150]  shape=(5000, 7)
  Cancer-like          strongCirc t=[0, 150]  shape=(5000, 7)
  Cancer-like          wntPulse   t=[0, 150]  shape=(5000, 7)
  Cancer-like          wntInhib   t=[0, 150]  shape=(5000, 7)
  Cancer-like          mycPulse   t=[0, 150]  shape=(5000, 7)
  Cancer-like          wntRAcombo t=[0, 150]  shape=(5000, 7)
  Strong APC-mutant    ctrl       t=[0, 150]  shape=(5000, 7)
  Strong APC-mutant    noATRA     t=[0, 150]  shape=(5000, 7)
  Strong APC-mutant    earlyATRA  t=[0, 150]  shape=(5000, 7)
  Strong APC-mutant    lateATRA   t=[0, 150]  shape=(5000, 7)
  Strong APC-mutant    lowATRA    t=[0, 150]  shape=(5000, 7)
  Strong APC-mutant    strongCirc t=[0, 150]  shape=(5000, 7)
  Strong APC-mutant    wntPulse   t=[0, 150]  shape=(5000, 7)
  Strong APC-mutant    wntInhib   t=[0, 150]  shape=(5000, 7)
  Strong APC-mutant    mycPulse   t=[0, 150]  shape=(5000, 7)
  Strong APC-mutant    wntRAcombo t=[0, 150]  shape=(5000, 7)
  n_resid=279,930  n_eff=2,800  SSR@MAP=2.799e-02  sigma_res=3.1621e-04
    [Canc] Laplace metric set; eps0=0.01562
    [Canc] warm-init  100/400  eps=0.0044  acc=0.78  U=1319.9 [185s]
    [Canc] warm-init  200/400  eps=0.0054  acc=0.79  U=1305.5 [370s]
    [Canc] warm-init  300/400  eps=0.0065  acc=0.80  U=1300.9 [554s]
    [Canc] warm-init  400/400  eps=0.0048  acc=0.79  U=1291.9 [651s]
    [Canc] warm-covA  100/600  eps=0.0040  acc=0.79  U=1288.2 [744s]
    [Canc] warm-covA  200/600  eps=0.0027  acc=0.79  U=1282.3 [838s]
    [Canc] warm-covA  300/600  eps=0.0053  acc=0.80  U=1279.1 [931s]
    [Canc] warm-covA  400/600  eps=0.0029  acc=0.79  U=1280.5 [1027s]
    [Canc] warm-covA  500/600  eps=0.0028  acc=0.80  U=1275.0 [1120s]
    [Canc] warm-covA  600/600  eps=0.0019  acc=0.79  U=1280.4 [1214s]
    [Canc] warm-covB  100/400  eps=0.0034  acc=0.78  U=1273.5 [1309s]
    [Canc] warm-covB  200/400  eps=0.0036  acc=0.79  U=1268.7 [1404s]
    [Canc] warm-covB  300/400  eps=0.0034  acc=0.79  U=1270.3 [1499s]
    [Canc] warm-covB  400/400  eps=0.0057  acc=0.80  U=1267.0 [1592s]
    [Canc] warm-fine  100/600  eps=0.0103  acc=0.78  U=1267.5 [1730s]
    [Canc] warm-fine  200/600  eps=0.0028  acc=0.78  U=1263.6 [1914s]
    [Canc] warm-fine  300/600  eps=0.0055  acc=0.80  U=1265.6 [2101s]
    [Canc] warm-fine  400/600  eps=0.0063  acc=0.80  U=1265.3 [2290s]
    [Canc] warm-fine  500/600  eps=0.0036  acc=0.79  U=1268.0 [2477s]
    [Canc] warm-fine  600/600  eps=0.0064  acc=0.80  U=1262.1 [2665s]
    [Canc] warmup done: eps=0.0050  mean-acc=0.79
    [Canc] draw   100/2000  acc=0.91  U=1257.9  [2852s]
    [Canc] draw   200/2000  acc=0.95  U=1254.2  [3038s]
    [Canc] draw   300/2000  acc=0.89  U=1255.8  [3223s]
    [Canc] draw   400/2000  acc=0.86  U=1252.5  [3321s]
    [Canc] draw   500/2000  acc=0.79  U=1256.6  [3416s]
    [Canc] draw   600/2000  acc=0.79  U=1252.9  [3510s]
    [Canc] draw   700/2000  acc=0.92  U=1251.8  [3603s]
    [Canc] draw   800/2000  acc=0.94  U=1252.3  [3696s]
    [Canc] draw   900/2000  acc=0.83  U=1251.6  [3790s]
    [Canc] draw  1000/2000  acc=0.92  U=1250.9  [3885s]
    [Canc] draw  1100/2000  acc=0.90  U=1251.1  [3979s]
    [Canc] draw  1200/2000  acc=0.85  U=1255.3  [4070s]
    [Canc] draw  1300/2000  acc=0.87  U=1252.6  [4164s]
    [Canc] draw  1400/2000  acc=0.87  U=1250.6  [4257s]
    [Canc] draw  1500/2000  acc=0.86  U=1245.7  [4350s]
    [Canc] draw  1600/2000  acc=0.89  U=1245.9  [4446s]
    [Canc] draw  1700/2000  acc=0.87  U=1246.8  [4539s]
    [Canc] draw  1800/2000  acc=0.89  U=1249.7  [4630s]
    [Canc] draw  1900/2000  acc=0.91  U=1247.6  [4726s]
    [Canc] draw  2000/2000  acc=0.86  U=1242.3  [4818s]
/home/29/aidahxr/.local/lib/python3.12/site-packages/matplotlib/projections/__init__.py:63: UserWarning: Unable to import Axes3D. This may be due to multiple versions of Matplotlib being installed (e.g. as a system package and as a pip package). As a result, the 3D projection is not available.
  warnings.warn("Unable to import Axes3D. This may be due to multiple versions of "

  [Cancer-like] GATE=FAIL  (ESS med=8 min=3 need>=200 -> FAIL;  covers_true=7/36 need>=33 -> FAIL)
  [Cancer-like] !! verdicts below are NOT trustworthy until the gate passes — do not report IDENT/NON-IDENT counts
  [Cancer-like] accept=0.88  IDENT=36 WEAK=0 NON-IDENT=0 /36  CI covers truth: 7/36
          W: post=0.832±0.014 true=1.500  CI95=0.803..0.857  [IDENT]  ess=12
     thetaP: post=0.441±0.034 true=0.500  CI95=0.381..0.531  [IDENT]  ess=4
  [Cancer-like] DONE
