=== Bayesian inverse PINN — regime=Early adenoma device=cuda ===
  Normal               ctrl       t=[0, 150]  shape=(5000, 7)
  Normal               noATRA     t=[0, 150]  shape=(5000, 7)
  Normal               earlyATRA  t=[0, 150]  shape=(5000, 7)
  Normal               lateATRA   t=[0, 150]  shape=(5000, 7)
  Normal               lowATRA    t=[0, 150]  shape=(5000, 7)
  Normal               strongCirc t=[0, 150]  shape=(5000, 7)
  Normal               wntPulse   t=[0, 150]  shape=(5000, 7)
  Normal               wntInhib   t=[0, 150]  shape=(5000, 7)
  Normal               mycPulse   t=[0, 150]  shape=(5000, 7)
  Normal               wntRAcombo t=[0, 150]  shape=(5000, 7)
  Early adenoma        ctrl       t=[0, 150]  shape=(5000, 7)
  Early adenoma        noATRA     t=[0, 150]  shape=(5000, 7)
  Early adenoma        earlyATRA  t=[0, 150]  shape=(5000, 7)
  Early adenoma        lateATRA   t=[0, 150]  shape=(5000, 7)
  Early adenoma        lowATRA    t=[0, 150]  shape=(5000, 7)
  Early adenoma        strongCirc t=[0, 150]  shape=(5000, 7)
  Early adenoma        wntPulse   t=[0, 150]  shape=(5000, 7)
  Early adenoma        wntInhib   t=[0, 150]  shape=(5000, 7)
  Early adenoma        mycPulse   t=[0, 150]  shape=(5000, 7)
  Early adenoma        wntRAcombo t=[0, 150]  shape=(5000, 7)
  Cancer-like          ctrl       t=[0, 150]  shape=(5000, 7)
  Cancer-like          noATRA     t=[0, 150]  shape=(5000, 7)
  Cancer-like          earlyATRA  t=[0, 150]  shape=(5000, 7)
  Cancer-like          lateATRA   t=[0, 150]  shape=(5000, 7)
  Cancer-like          lowATRA    t=[0, 150]  shape=(5000, 7)
  Cancer-like          strongCirc t=[0, 150]  shape=(5000, 7)
  Cancer-like          wntPulse   t=[0, 150]  shape=(5000, 7)
  Cancer-like          wntInhib   t=[0, 150]  shape=(5000, 7)
  Cancer-like          mycPulse   t=[0, 150]  shape=(5000, 7)
  Cancer-like          wntRAcombo t=[0, 150]  shape=(5000, 7)
  Strong APC-mutant    ctrl       t=[0, 150]  shape=(5000, 7)
  Strong APC-mutant    noATRA     t=[0, 150]  shape=(5000, 7)
  Strong APC-mutant    earlyATRA  t=[0, 150]  shape=(5000, 7)
  Strong APC-mutant    lateATRA   t=[0, 150]  shape=(5000, 7)
  Strong APC-mutant    lowATRA    t=[0, 150]  shape=(5000, 7)
  Strong APC-mutant    strongCirc t=[0, 150]  shape=(5000, 7)
  Strong APC-mutant    wntPulse   t=[0, 150]  shape=(5000, 7)
  Strong APC-mutant    wntInhib   t=[0, 150]  shape=(5000, 7)
  Strong APC-mutant    mycPulse   t=[0, 150]  shape=(5000, 7)
  Strong APC-mutant    wntRAcombo t=[0, 150]  shape=(5000, 7)
  n_resid=279,930  n_eff=2,800  SSR@MAP=2.700e-02  sigma_res=3.1059e-04
    [Earl] Laplace metric set; eps0=0.125
    [Earl] warm-init  100/400  eps=0.0178  acc=0.78  U=1352.8 [187s]
    [Earl] warm-init  200/400  eps=0.0200  acc=0.79  U=1367.7 [372s]
    [Earl] warm-init  300/400  eps=0.0419  acc=0.80  U=1355.2 [556s]
    [Earl] warm-init  400/400  eps=0.0217  acc=0.79  U=1355.3 [653s]
    [Earl] warm-covA  100/600  eps=0.0133  acc=0.78  U=1356.8 [747s]
    [Earl] warm-covA  200/600  eps=0.0313  acc=0.80  U=1354.0 [841s]
    [Earl] warm-covA  300/600  eps=0.0111  acc=0.79  U=1347.0 [934s]
    [Earl] warm-covA  400/600  eps=0.0145  acc=0.80  U=1352.2 [1029s]
    [Earl] warm-covA  500/600  eps=0.0167  acc=0.80  U=1352.6 [1123s]
    [Earl] warm-covA  600/600  eps=0.0214  acc=0.80  U=1359.3 [1217s]
    [Earl] warm-covB  100/400  eps=0.0236  acc=0.78  U=1365.9 [1311s]
    [Earl] warm-covB  200/400  eps=0.0496  acc=0.80  U=1356.3 [1406s]
    [Earl] warm-covB  300/400  eps=0.0306  acc=0.79  U=1359.8 [1501s]
    [Earl] warm-covB  400/400  eps=0.0540  acc=0.80  U=1355.9 [1594s]
    [Earl] warm-fine  100/600  eps=0.0224  acc=0.77  U=1358.0 [1724s]
    [Earl] warm-fine  200/600  eps=0.0531  acc=0.80  U=1356.5 [1911s]
    [Earl] warm-fine  300/600  eps=0.0369  acc=0.79  U=1365.5 [2098s]
    [Earl] warm-fine  400/600  eps=0.0276  acc=0.79  U=1355.5 [2288s]
    [Earl] warm-fine  500/600  eps=0.0393  acc=0.80  U=1358.5 [2475s]
    [Earl] warm-fine  600/600  eps=0.0523  acc=0.80  U=1361.7 [2663s]
    [Earl] warmup done: eps=0.0381  mean-acc=0.79
    [Earl] draw   100/2000  acc=0.80  U=1360.7  [2848s]
    [Earl] draw   200/2000  acc=0.75  U=1360.4  [3033s]
    [Earl] draw   300/2000  acc=0.90  U=1356.8  [3218s]
    [Earl] draw   400/2000  acc=0.93  U=1353.1  [3321s]
    [Earl] draw   500/2000  acc=0.94  U=1354.4  [3415s]
    [Earl] draw   600/2000  acc=0.91  U=1351.5  [3509s]
    [Earl] draw   700/2000  acc=0.77  U=1350.9  [3603s]
    [Earl] draw   800/2000  acc=0.90  U=1353.1  [3696s]
    [Earl] draw   900/2000  acc=0.92  U=1366.2  [3790s]
    [Earl] draw  1000/2000  acc=0.94  U=1354.9  [3882s]
    [Earl] draw  1100/2000  acc=0.92  U=1357.3  [3975s]
    [Earl] draw  1200/2000  acc=0.93  U=1352.6  [4068s]
    [Earl] draw  1300/2000  acc=0.89  U=1352.9  [4161s]
    [Earl] draw  1400/2000  acc=0.94  U=1357.7  [4253s]
    [Earl] draw  1500/2000  acc=0.89  U=1351.2  [4345s]
