=== regime=Early Adenoma  variant=bm_myc_nc  hybrid_term=bm_myc  n_unknown=34  knobs={'rel_weight': True, 'colloc_mode': 'fixed', 'residual_mode': 'integral', 'activation': 'gelu', 'n_starts': 3} ===
  [Earl#0] arch 4x256 act=gelu net 207,879x10cond  rel_w=True colloc=fixed res=integral
  [Earl#0] hybrid term=bm_myc (2x5 tanh, constraint=none, wd=1e-08) 46 weights | recovering 34 mechanistic params
    [Earl#0] Adam     1/2000  L=8.55e+00  Ld=5.42e-01  Lp=3.46e-04  Lic=4.00e-01  L2=2.15e-09  lp=9.93 | W=1.194(*1.00)  thetaP=0.599(*0.75)  <rel.err>=48% [1s]
    [Earl#0] Adam   200/2000  L=6.08e-03  Ld=5.97e-03  Lp=1.10e-05  Lic=3.69e-07  L2=3.26e-09  lp=9.59 | W=0.973(*1.00)  thetaP=0.686(*0.75)  <rel.err>=54% [114s]
    [Earl#0] Adam   400/2000  L=9.25e-04  Ld=8.81e-04  Lp=1.44e-06  Lic=1.47e-06  L2=3.50e-09  lp=9.95 | W=0.965(*1.00)  thetaP=0.680(*0.75)  <rel.err>=49% [227s]
    [Earl#0] Adam   600/2000  L=4.75e-04  Ld=4.65e-04  Lp=8.05e-07  Lic=2.62e-08  L2=3.84e-09  lp=10.84 | W=0.965(*1.00)  thetaP=0.679(*0.75)  <rel.err>=46% [340s]
    [Earl#0] Adam   800/2000  L=3.36e-04  Ld=3.29e-04  Lp=5.63e-07  Lic=2.99e-09  L2=4.26e-09  lp=11.54 | W=0.966(*1.00)  thetaP=0.679(*0.75)  <rel.err>=45% [453s]
    [Earl#0] Adam  1000/2000  L=2.66e-04  Ld=2.60e-04  Lp=4.31e-07  Lic=2.26e-09  L2=4.67e-09  lp=12.23 | W=0.968(*1.00)  thetaP=0.679(*0.75)  <rel.err>=43% [567s]
    [Earl#0] Adam  1200/2000  L=2.27e-04  Ld=2.22e-04  Lp=3.57e-07  Lic=1.93e-09  L2=5.02e-09  lp=12.93 | W=0.970(*1.00)  thetaP=0.679(*0.75)  <rel.err>=42% [680s]
    [Earl#0] Adam  1400/2000  L=2.05e-04  Ld=2.01e-04  Lp=3.14e-07  Lic=1.75e-09  L2=5.30e-09  lp=13.67 | W=0.971(*1.00)  thetaP=0.679(*0.75)  <rel.err>=41% [793s]
    [Earl#0] Adam  1600/2000  L=1.94e-04  Ld=1.90e-04  Lp=2.90e-07  Lic=1.66e-09  L2=5.52e-09  lp=14.45 | W=0.973(*1.00)  thetaP=0.679(*0.75)  <rel.err>=41% [906s]
    [Earl#0] Adam  1800/2000  L=1.90e-04  Ld=1.85e-04  Lp=2.76e-07  Lic=1.62e-09  L2=5.70e-09  lp=15.27 | W=0.973(*1.00)  thetaP=0.679(*0.75)  <rel.err>=40% [1020s]
    [Earl#0] Adam  2000/2000  L=1.89e-04  Ld=1.85e-04  Lp=2.68e-07  Lic=1.61e-09  L2=5.85e-09  lp=16.13 | W=0.974(*1.00)  thetaP=0.678(*0.75)  <rel.err>=40% [1133s]
    [Earl#0] L-BFGS (150) ...
    [Earl#0] LBFGS   50/150  L=7.69e-05 | W=0.922(*1.00)  thetaP=0.670(*0.75)  <rel.err>=46% [1475s]
    [Earl#0] LBFGS  100/150  L=3.71e-05 | W=0.845(*1.00)  thetaP=0.677(*0.75)  <rel.err>=28% [1817s]
    [Earl#0] LBFGS  150/150  L=2.09e-05 | W=0.796(*1.00)  thetaP=0.689(*0.75)  <rel.err>=22% [2153s]
    [Earl#0] param-refine (600, frozen, integral) ...
    [Earl#0] refine   50/600  Lp+L2=3.36e-08  L2=7.75e-09  <f_NN>=1.025  under10%=14/34 | W=0.796(*1.00)  thetaP=0.689(*0.75)  <rel.err>=22% [2156s]
    [Earl#0] refine  100/600  Lp+L2=3.36e-08  L2=7.75e-09  <f_NN>=1.025  under10%=14/34 | W=0.796(*1.00)  thetaP=0.689(*0.75)  <rel.err>=22% [2160s]
    [Earl#0] refine  150/600  Lp+L2=3.36e-08  L2=7.75e-09  <f_NN>=1.025  under10%=14/34 | W=0.796(*1.00)  thetaP=0.689(*0.75)  <rel.err>=22% [2163s]
    [Earl#0] refine  200/600  Lp+L2=3.36e-08  L2=7.75e-09  <f_NN>=1.025  under10%=14/34 | W=0.796(*1.00)  thetaP=0.689(*0.75)  <rel.err>=22% [2167s]
    [Earl#0] refine  250/600  Lp+L2=3.36e-08  L2=7.75e-09  <f_NN>=1.025  under10%=14/34 | W=0.796(*1.00)  thetaP=0.689(*0.75)  <rel.err>=22% [2171s]
    [Earl#0] refine  300/600  Lp+L2=3.36e-08  L2=7.75e-09  <f_NN>=1.025  under10%=14/34 | W=0.796(*1.00)  thetaP=0.689(*0.75)  <rel.err>=22% [2175s]
    [Earl#0] refine  350/600  Lp+L2=3.36e-08  L2=7.75e-09  <f_NN>=1.025  under10%=14/34 | W=0.796(*1.00)  thetaP=0.689(*0.75)  <rel.err>=22% [2179s]
    [Earl#0] refine  400/600  Lp+L2=3.36e-08  L2=7.75e-09  <f_NN>=1.025  under10%=14/34 | W=0.796(*1.00)  thetaP=0.689(*0.75)  <rel.err>=22% [2183s]
    [Earl#0] refine  450/600  Lp+L2=3.36e-08  L2=7.75e-09  <f_NN>=1.025  under10%=14/34 | W=0.796(*1.00)  thetaP=0.689(*0.75)  <rel.err>=22% [2187s]
    [Earl#0] refine  500/600  Lp+L2=3.36e-08  L2=7.75e-09  <f_NN>=1.025  under10%=14/34 | W=0.796(*1.00)  thetaP=0.689(*0.75)  <rel.err>=22% [2191s]
    [Earl#0] refine  550/600  Lp+L2=3.36e-08  L2=7.75e-09  <f_NN>=1.025  under10%=14/34 | W=0.796(*1.00)  thetaP=0.689(*0.75)  <rel.err>=22% [2195s]
    [Earl#0] refine  600/600  Lp+L2=3.36e-08  L2=7.75e-09  <f_NN>=1.025  under10%=14/34 | W=0.796(*1.00)  thetaP=0.689(*0.75)  <rel.err>=22% [2199s]
  [Earl#0] done  under10%=14/34  phys=2.59e-08  W=0.796 thetaP=0.689  (2199s)
  >> Early Adenoma start 0: under10%=14/34 phys=2.59e-08  (best so far under10%=14/34 phys=2.59e-08)
  [Earl#1] arch 4x256 act=gelu net 207,879x10cond  rel_w=True colloc=fixed res=integral
  [Earl#1] hybrid term=bm_myc (2x5 tanh, constraint=none, wd=1e-08) 46 weights | recovering 34 mechanistic params
    [Earl#1] Adam     1/2000  L=8.55e+00  Ld=5.38e-01  Lp=3.16e-04  Lic=4.00e-01  L2=2.27e-09  lp=10.59 | W=1.608(*1.00)  thetaP=0.405(*0.75)  <rel.err>=54% [1s]
    [Earl#1] Adam   200/2000  L=7.33e-03  Ld=7.17e-03  Lp=1.30e-05  Lic=1.17e-06  L2=3.45e-09  lp=10.49 | W=1.296(*1.00)  thetaP=0.517(*0.75)  <rel.err>=62% [111s]
    [Earl#1] Adam   400/2000  L=1.09e-03  Ld=1.06e-03  Lp=1.39e-06  Lic=9.21e-07  L2=3.77e-09  lp=10.88 | W=1.271(*1.00)  thetaP=0.521(*0.75)  <rel.err>=57% [225s]
    [Earl#1] Adam   600/2000  L=5.47e-04  Ld=5.39e-04  Lp=6.67e-07  Lic=1.05e-08  L2=4.15e-09  lp=12.07 | W=1.261(*1.00)  thetaP=0.520(*0.75)  <rel.err>=55% [338s]
    [Earl#1] Adam   800/2000  L=3.71e-04  Ld=3.64e-04  Lp=4.81e-07  Lic=4.67e-09  L2=4.59e-09  lp=12.92 | W=1.251(*1.00)  thetaP=0.520(*0.75)  <rel.err>=54% [451s]
    [Earl#1] Adam  1000/2000  L=2.88e-04  Ld=2.83e-04  Lp=3.89e-07  Lic=3.36e-09  L2=5.00e-09  lp=13.54 | W=1.241(*1.00)  thetaP=0.521(*0.75)  <rel.err>=53% [564s]
    [Earl#1] Adam  1200/2000  L=2.45e-04  Ld=2.40e-04  Lp=3.35e-07  Lic=2.72e-09  L2=5.35e-09  lp=14.05 | W=1.232(*1.00)  thetaP=0.521(*0.75)  <rel.err>=52% [678s]
    [Earl#1] Adam  1400/2000  L=2.20e-04  Ld=2.16e-04  Lp=3.02e-07  Lic=2.37e-09  L2=5.62e-09  lp=14.51 | W=1.224(*1.00)  thetaP=0.521(*0.75)  <rel.err>=52% [791s]
    [Earl#1] Adam  1600/2000  L=2.08e-04  Ld=2.04e-04  Lp=2.82e-07  Lic=2.20e-09  L2=5.84e-09  lp=14.95 | W=1.217(*1.00)  thetaP=0.521(*0.75)  <rel.err>=51% [904s]
    [Earl#1] Adam  1800/2000  L=2.03e-04  Ld=1.99e-04  Lp=2.71e-07  Lic=2.13e-09  L2=6.02e-09  lp=15.42 | W=1.211(*1.00)  thetaP=0.521(*0.75)  <rel.err>=50% [1018s]
    [Earl#1] Adam  2000/2000  L=2.02e-04  Ld=1.98e-04  Lp=2.63e-07  Lic=2.12e-09  L2=6.18e-09  lp=15.92 | W=1.204(*1.00)  thetaP=0.521(*0.75)  <rel.err>=50% [1131s]
    [Earl#1] L-BFGS (150) ...
    [Earl#1] LBFGS   50/150  L=7.91e-05 | W=1.040(*1.00)  thetaP=0.516(*0.75)  <rel.err>=52% [1474s]
    [Earl#1] LBFGS  100/150  L=4.01e-05 | W=0.838(*1.00)  thetaP=0.526(*0.75)  <rel.err>=32% [1815s]
    [Earl#1] LBFGS  150/150  L=2.32e-05 | W=0.746(*1.00)  thetaP=0.544(*0.75)  <rel.err>=24% [2158s]
    [Earl#1] param-refine (600, frozen, integral) ...
    [Earl#1] refine   50/600  Lp+L2=3.62e-08  L2=7.81e-09  <f_NN>=1.022  under10%=13/34 | W=0.746(*1.00)  thetaP=0.544(*0.75)  <rel.err>=24% [2162s]
    [Earl#1] refine  100/600  Lp+L2=3.62e-08  L2=7.81e-09  <f_NN>=1.022  under10%=13/34 | W=0.746(*1.00)  thetaP=0.544(*0.75)  <rel.err>=24% [2166s]
    [Earl#1] refine  150/600  Lp+L2=3.62e-08  L2=7.81e-09  <f_NN>=1.022  under10%=13/34 | W=0.746(*1.00)  thetaP=0.544(*0.75)  <rel.err>=24% [2170s]
    [Earl#1] refine  200/600  Lp+L2=3.62e-08  L2=7.81e-09  <f_NN>=1.022  under10%=13/34 | W=0.746(*1.00)  thetaP=0.544(*0.75)  <rel.err>=24% [2173s]
    [Earl#1] refine  250/600  Lp+L2=3.62e-08  L2=7.81e-09  <f_NN>=1.022  under10%=13/34 | W=0.746(*1.00)  thetaP=0.544(*0.75)  <rel.err>=24% [2177s]
    [Earl#1] refine  300/600  Lp+L2=3.62e-08  L2=7.81e-09  <f_NN>=1.022  under10%=13/34 | W=0.746(*1.00)  thetaP=0.544(*0.75)  <rel.err>=24% [2181s]
    [Earl#1] refine  350/600  Lp+L2=3.62e-08  L2=7.81e-09  <f_NN>=1.022  under10%=13/34 | W=0.746(*1.00)  thetaP=0.544(*0.75)  <rel.err>=24% [2185s]
    [Earl#1] refine  400/600  Lp+L2=3.62e-08  L2=7.81e-09  <f_NN>=1.022  under10%=13/34 | W=0.746(*1.00)  thetaP=0.544(*0.75)  <rel.err>=24% [2189s]
    [Earl#1] refine  450/600  Lp+L2=3.62e-08  L2=7.81e-09  <f_NN>=1.022  under10%=13/34 | W=0.746(*1.00)  thetaP=0.544(*0.75)  <rel.err>=24% [2193s]
    [Earl#1] refine  500/600  Lp+L2=3.62e-08  L2=7.81e-09  <f_NN>=1.022  under10%=13/34 | W=0.746(*1.00)  thetaP=0.544(*0.75)  <rel.err>=24% [2197s]
    [Earl#1] refine  550/600  Lp+L2=3.62e-08  L2=7.81e-09  <f_NN>=1.022  under10%=13/34 | W=0.746(*1.00)  thetaP=0.544(*0.75)  <rel.err>=24% [2201s]
    [Earl#1] refine  600/600  Lp+L2=3.62e-08  L2=7.81e-09  <f_NN>=1.022  under10%=13/34 | W=0.746(*1.00)  thetaP=0.544(*0.75)  <rel.err>=24% [2205s]
  [Earl#1] done  under10%=13/34  phys=2.84e-08  W=0.746 thetaP=0.544  (2205s)
  >> Early Adenoma start 1: under10%=13/34 phys=2.84e-08  (best so far under10%=14/34 phys=2.59e-08)
  [Earl#2] arch 4x256 act=gelu net 207,879x10cond  rel_w=True colloc=fixed res=integral
  [Earl#2] hybrid term=bm_myc (2x5 tanh, constraint=none, wd=1e-08) 46 weights | recovering 34 mechanistic params
    [Earl#2] Adam     1/2000  L=8.55e+00  Ld=5.39e-01  Lp=4.97e-04  Lic=4.01e-01  L2=3.50e-09  lp=7.87 | W=1.283(*1.00)  thetaP=0.547(*0.75)  <rel.err>=52% [1s]
    [Earl#2] Adam   200/2000  L=8.19e-03  Ld=7.92e-03  Lp=2.28e-05  Lic=4.99e-06  L2=4.91e-09  lp=7.62 | W=1.070(*1.00)  thetaP=0.627(*0.75)  <rel.err>=59% [112s]
    [Earl#2] Adam   400/2000  L=1.20e-03  Ld=9.96e-04  Lp=2.25e-06  Lic=9.17e-06  L2=5.18e-09  lp=7.76 | W=1.062(*1.00)  thetaP=0.621(*0.75)  <rel.err>=56% [225s]
    [Earl#2] Adam   600/2000  L=4.97e-04  Ld=4.82e-04  Lp=1.15e-06  Lic=2.27e-07  L2=5.54e-09  lp=8.50 | W=1.061(*1.00)  thetaP=0.619(*0.75)  <rel.err>=54% [339s]
    [Earl#2] Adam   800/2000  L=3.33e-04  Ld=3.26e-04  Lp=8.07e-07  Lic=2.81e-09  L2=5.94e-09  lp=9.10 | W=1.061(*1.00)  thetaP=0.620(*0.75)  <rel.err>=52% [452s]
    [Earl#2] Adam  1000/2000  L=2.58e-04  Ld=2.52e-04  Lp=6.40e-07  Lic=2.13e-09  L2=6.34e-09  lp=9.62 | W=1.061(*1.00)  thetaP=0.619(*0.75)  <rel.err>=50% [565s]
    [Earl#2] Adam  1200/2000  L=2.17e-04  Ld=2.11e-04  Lp=5.47e-07  Lic=1.76e-09  L2=6.69e-09  lp=10.10 | W=1.061(*1.00)  thetaP=0.619(*0.75)  <rel.err>=50% [678s]
    [Earl#2] Adam  1400/2000  L=1.93e-04  Ld=1.88e-04  Lp=4.92e-07  Lic=1.55e-09  L2=6.98e-09  lp=10.55 | W=1.060(*1.00)  thetaP=0.618(*0.75)  <rel.err>=49% [792s]
    [Earl#2] Adam  1600/2000  L=1.81e-04  Ld=1.76e-04  Lp=4.60e-07  Lic=1.45e-09  L2=7.24e-09  lp=10.98 | W=1.060(*1.00)  thetaP=0.617(*0.75)  <rel.err>=48% [905s]
    [Earl#2] Adam  1800/2000  L=1.77e-04  Ld=1.72e-04  Lp=4.42e-07  Lic=1.40e-09  L2=7.47e-09  lp=11.40 | W=1.059(*1.00)  thetaP=0.617(*0.75)  <rel.err>=48% [1018s]
    [Earl#2] Adam  2000/2000  L=1.76e-04  Ld=1.71e-04  Lp=4.31e-07  Lic=1.40e-09  L2=7.69e-09  lp=11.81 | W=1.058(*1.00)  thetaP=0.616(*0.75)  <rel.err>=47% [1131s]
    [Earl#2] L-BFGS (150) ...
    [Earl#2] LBFGS   50/150  L=6.90e-05 | W=0.974(*1.00)  thetaP=0.611(*0.75)  <rel.err>=61% [1474s]
    [Earl#2] LBFGS  100/150  L=3.72e-05 | W=0.867(*1.00)  thetaP=0.617(*0.75)  <rel.err>=37% [1820s]
    [Earl#2] LBFGS  150/150  L=2.14e-05 | W=0.831(*1.00)  thetaP=0.626(*0.75)  <rel.err>=26% [2161s]
    [Earl#2] param-refine (600, frozen, integral) ...
    [Earl#2] refine   50/600  Lp+L2=4.59e-08  L2=9.30e-09  <f_NN>=0.997  under10%=12/34 | W=0.831(*1.00)  thetaP=0.626(*0.75)  <rel.err>=26% [2165s]
    [Earl#2] refine  100/600  Lp+L2=4.59e-08  L2=9.30e-09  <f_NN>=0.997  under10%=12/34 | W=0.831(*1.00)  thetaP=0.626(*0.75)  <rel.err>=26% [2169s]
    [Earl#2] refine  150/600  Lp+L2=4.59e-08  L2=9.30e-09  <f_NN>=0.997  under10%=12/34 | W=0.831(*1.00)  thetaP=0.626(*0.75)  <rel.err>=26% [2173s]
    [Earl#2] refine  200/600  Lp+L2=4.59e-08  L2=9.30e-09  <f_NN>=0.997  under10%=12/34 | W=0.831(*1.00)  thetaP=0.626(*0.75)  <rel.err>=26% [2177s]
    [Earl#2] refine  250/600  Lp+L2=4.59e-08  L2=9.30e-09  <f_NN>=0.997  under10%=12/34 | W=0.831(*1.00)  thetaP=0.626(*0.75)  <rel.err>=26% [2181s]
    [Earl#2] refine  300/600  Lp+L2=4.59e-08  L2=9.30e-09  <f_NN>=0.997  under10%=12/34 | W=0.831(*1.00)  thetaP=0.626(*0.75)  <rel.err>=26% [2185s]
    [Earl#2] refine  350/600  Lp+L2=4.59e-08  L2=9.30e-09  <f_NN>=0.997  under10%=12/34 | W=0.831(*1.00)  thetaP=0.626(*0.75)  <rel.err>=26% [2189s]
    [Earl#2] refine  400/600  Lp+L2=4.59e-08  L2=9.30e-09  <f_NN>=0.997  under10%=12/34 | W=0.831(*1.00)  thetaP=0.626(*0.75)  <rel.err>=26% [2193s]
    [Earl#2] refine  450/600  Lp+L2=4.59e-08  L2=9.30e-09  <f_NN>=0.997  under10%=12/34 | W=0.831(*1.00)  thetaP=0.626(*0.75)  <rel.err>=26% [2196s]
    [Earl#2] refine  500/600  Lp+L2=4.59e-08  L2=9.30e-09  <f_NN>=0.997  under10%=12/34 | W=0.831(*1.00)  thetaP=0.626(*0.75)  <rel.err>=26% [2199s]
    [Earl#2] refine  550/600  Lp+L2=4.59e-08  L2=9.30e-09  <f_NN>=0.997  under10%=12/34 | W=0.831(*1.00)  thetaP=0.626(*0.75)  <rel.err>=26% [2202s]
    [Earl#2] refine  600/600  Lp+L2=4.59e-08  L2=9.30e-09  <f_NN>=0.997  under10%=12/34 | W=0.831(*1.00)  thetaP=0.626(*0.75)  <rel.err>=26% [2206s]
  [Earl#2] done  under10%=12/34  phys=3.66e-08  W=0.831 thetaP=0.626  (2206s)
  >> Early Adenoma start 2: under10%=12/34 phys=3.66e-08  (best so far under10%=14/34 phys=2.59e-08)
  [Early Adenoma] learned term bm_myc over x in [0.115, 1.882]: RMSE=0.0912 (NRMSE=9.2%)  gate_lo=1.00  [anchor weak here]
