=== regime=Severe APC Loss  variant=bm_myc_nc  hybrid_term=bm_myc  n_unknown=34  knobs={'rel_weight': True, 'colloc_mode': 'fixed', 'residual_mode': 'integral', 'activation': 'gelu', 'n_starts': 3} ===
  [Seve#0] arch 4x256 act=gelu net 207,879x10cond  rel_w=True colloc=fixed res=integral
  [Seve#0] hybrid term=bm_myc (2x5 tanh, constraint=none, wd=1e-08) 46 weights | recovering 34 mechanistic params
    [Seve#0] Adam     1/2000  L=8.86e+00  Ld=5.73e-01  Lp=3.50e-04  Lic=4.14e-01  L2=2.15e-09  lp=9.42 | W=1.194(*2.00)  thetaP=0.599(*0.25)  <rel.err>=52% [1s]
    [Seve#0] Adam   200/2000  L=6.22e-03  Ld=6.08e-03  Lp=1.17e-05  Lic=1.59e-06  L2=3.20e-09  lp=8.92 | W=1.145(*2.00)  thetaP=0.690(*0.25)  <rel.err>=67% [114s]
    [Seve#0] Adam   400/2000  L=1.44e-03  Ld=1.22e-03  Lp=1.72e-06  Lic=1.03e-05  L2=3.21e-09  lp=9.24 | W=1.141(*2.00)  thetaP=0.687(*0.25)  <rel.err>=64% [227s]
    [Seve#0] Adam   600/2000  L=7.21e-04  Ld=6.00e-04  Lp=9.05e-07  Lic=5.64e-06  L2=3.26e-09  lp=10.02 | W=1.143(*2.00)  thetaP=0.680(*0.25)  <rel.err>=60% [340s]
    [Seve#0] Adam   800/2000  L=4.02e-04  Ld=3.96e-04  Lp=6.02e-07  Lic=4.94e-09  L2=3.33e-09  lp=10.53 | W=1.146(*2.00)  thetaP=0.673(*0.25)  <rel.err>=57% [454s]
    [Seve#0] Adam  1000/2000  L=3.15e-04  Ld=3.09e-04  Lp=4.54e-07  Lic=1.73e-09  L2=3.40e-09  lp=11.02 | W=1.149(*2.00)  thetaP=0.666(*0.25)  <rel.err>=56% [567s]
    [Seve#0] Adam  1200/2000  L=2.68e-04  Ld=2.64e-04  Lp=3.70e-07  Lic=1.44e-09  L2=3.44e-09  lp=11.55 | W=1.153(*2.00)  thetaP=0.661(*0.25)  <rel.err>=55% [681s]
    [Seve#0] Adam  1400/2000  L=2.43e-04  Ld=2.39e-04  Lp=3.22e-07  Lic=1.28e-09  L2=3.47e-09  lp=12.10 | W=1.157(*2.00)  thetaP=0.656(*0.25)  <rel.err>=55% [794s]
    [Seve#0] Adam  1600/2000  L=2.30e-04  Ld=2.26e-04  Lp=2.96e-07  Lic=1.20e-09  L2=3.49e-09  lp=12.67 | W=1.161(*2.00)  thetaP=0.653(*0.25)  <rel.err>=55% [907s]
    [Seve#0] Adam  1800/2000  L=2.24e-04  Ld=2.21e-04  Lp=2.81e-07  Lic=1.17e-09  L2=3.50e-09  lp=13.25 | W=1.164(*2.00)  thetaP=0.650(*0.25)  <rel.err>=55% [1021s]
    [Seve#0] Adam  2000/2000  L=2.24e-04  Ld=2.20e-04  Lp=2.73e-07  Lic=1.16e-09  L2=3.51e-09  lp=13.83 | W=1.168(*2.00)  thetaP=0.648(*0.25)  <rel.err>=55% [1134s]
    [Seve#0] L-BFGS (150) ...
    [Seve#0] LBFGS   50/150  L=7.63e-05 | W=1.242(*2.00)  thetaP=0.630(*0.25)  <rel.err>=56% [1471s]
    [Seve#0] LBFGS  100/150  L=3.44e-05 | W=1.205(*2.00)  thetaP=0.623(*0.25)  <rel.err>=41% [1815s]
    [Seve#0] LBFGS  150/150  L=2.03e-05 | W=1.153(*2.00)  thetaP=0.621(*0.25)  <rel.err>=37% [2159s]
    [Seve#0] param-refine (600, frozen, integral) ...
    [Seve#0] refine   50/600  Lp+L2=3.38e-08  L2=3.55e-09  <f_NN>=1.108  under10%=6/34 | W=1.153(*2.00)  thetaP=0.621(*0.25)  <rel.err>=37% [2163s]
    [Seve#0] refine  100/600  Lp+L2=3.38e-08  L2=3.55e-09  <f_NN>=1.108  under10%=6/34 | W=1.153(*2.00)  thetaP=0.621(*0.25)  <rel.err>=37% [2167s]
    [Seve#0] refine  150/600  Lp+L2=3.38e-08  L2=3.55e-09  <f_NN>=1.108  under10%=6/34 | W=1.153(*2.00)  thetaP=0.621(*0.25)  <rel.err>=37% [2171s]
    [Seve#0] refine  200/600  Lp+L2=3.38e-08  L2=3.55e-09  <f_NN>=1.108  under10%=6/34 | W=1.153(*2.00)  thetaP=0.621(*0.25)  <rel.err>=37% [2175s]
    [Seve#0] refine  250/600  Lp+L2=3.38e-08  L2=3.55e-09  <f_NN>=1.108  under10%=6/34 | W=1.153(*2.00)  thetaP=0.621(*0.25)  <rel.err>=37% [2179s]
    [Seve#0] refine  300/600  Lp+L2=3.38e-08  L2=3.55e-09  <f_NN>=1.108  under10%=6/34 | W=1.153(*2.00)  thetaP=0.621(*0.25)  <rel.err>=37% [2183s]
    [Seve#0] refine  350/600  Lp+L2=3.38e-08  L2=3.55e-09  <f_NN>=1.108  under10%=6/34 | W=1.153(*2.00)  thetaP=0.621(*0.25)  <rel.err>=37% [2187s]
    [Seve#0] refine  400/600  Lp+L2=3.38e-08  L2=3.55e-09  <f_NN>=1.108  under10%=6/34 | W=1.153(*2.00)  thetaP=0.621(*0.25)  <rel.err>=37% [2190s]
    [Seve#0] refine  450/600  Lp+L2=3.38e-08  L2=3.55e-09  <f_NN>=1.108  under10%=6/34 | W=1.153(*2.00)  thetaP=0.621(*0.25)  <rel.err>=37% [2194s]
    [Seve#0] refine  500/600  Lp+L2=3.38e-08  L2=3.55e-09  <f_NN>=1.108  under10%=6/34 | W=1.153(*2.00)  thetaP=0.621(*0.25)  <rel.err>=37% [2198s]
    [Seve#0] refine  550/600  Lp+L2=3.38e-08  L2=3.55e-09  <f_NN>=1.108  under10%=6/34 | W=1.153(*2.00)  thetaP=0.621(*0.25)  <rel.err>=37% [2202s]
    [Seve#0] refine  600/600  Lp+L2=3.38e-08  L2=3.55e-09  <f_NN>=1.108  under10%=6/34 | W=1.153(*2.00)  thetaP=0.621(*0.25)  <rel.err>=37% [2206s]
  [Seve#0] done  under10%=6/34  phys=3.02e-08  W=1.153 thetaP=0.621  (2207s)
  >> Severe APC Loss start 0: under10%=6/34 phys=3.02e-08  (best so far under10%=6/34 phys=3.02e-08)
  [Seve#1] arch 4x256 act=gelu net 207,879x10cond  rel_w=True colloc=fixed res=integral
  [Seve#1] hybrid term=bm_myc (2x5 tanh, constraint=none, wd=1e-08) 46 weights | recovering 34 mechanistic params
    [Seve#1] Adam     1/2000  L=8.85e+00  Ld=5.68e-01  Lp=2.79e-04  Lic=4.14e-01  L2=2.27e-09  lp=10.62 | W=1.608(*2.00)  thetaP=0.405(*0.25)  <rel.err>=53% [1s]
    [Seve#1] Adam   200/2000  L=6.98e-03  Ld=6.79e-03  Lp=1.07e-05  Lic=4.04e-06  L2=3.54e-09  lp=10.22 | W=1.580(*2.00)  thetaP=0.507(*0.25)  <rel.err>=66% [113s]
    [Seve#1] Adam   400/2000  L=1.53e-03  Ld=1.35e-03  Lp=1.49e-06  Lic=8.16e-06  L2=3.60e-09  lp=10.64 | W=1.558(*2.00)  thetaP=0.508(*0.25)  <rel.err>=64% [227s]
    [Seve#1] Adam   600/2000  L=8.52e-04  Ld=6.36e-04  Lp=7.74e-07  Lic=1.04e-05  L2=3.68e-09  lp=11.89 | W=1.555(*2.00)  thetaP=0.505(*0.25)  <rel.err>=61% [340s]
    [Seve#1] Adam   800/2000  L=4.21e-04  Ld=4.12e-04  Lp=5.61e-07  Lic=8.59e-08  L2=3.77e-09  lp=12.95 | W=1.554(*2.00)  thetaP=0.501(*0.25)  <rel.err>=58% [454s]
    [Seve#1] Adam  1000/2000  L=3.18e-04  Ld=3.12e-04  Lp=4.47e-07  Lic=2.27e-09  L2=3.84e-09  lp=13.90 | W=1.554(*2.00)  thetaP=0.498(*0.25)  <rel.err>=55% [567s]
    [Seve#1] Adam  1200/2000  L=2.66e-04  Ld=2.60e-04  Lp=3.76e-07  Lic=1.75e-09  L2=3.88e-09  lp=14.79 | W=1.554(*2.00)  thetaP=0.495(*0.25)  <rel.err>=54% [680s]
    [Seve#1] Adam  1400/2000  L=2.37e-04  Ld=2.31e-04  Lp=3.34e-07  Lic=1.47e-09  L2=3.91e-09  lp=15.62 | W=1.555(*2.00)  thetaP=0.492(*0.25)  <rel.err>=54% [794s]
    [Seve#1] Adam  1600/2000  L=2.22e-04  Ld=2.17e-04  Lp=3.11e-07  Lic=1.34e-09  L2=3.92e-09  lp=16.36 | W=1.556(*2.00)  thetaP=0.491(*0.25)  <rel.err>=54% [907s]
    [Seve#1] Adam  1800/2000  L=2.16e-04  Ld=2.11e-04  Lp=3.00e-07  Lic=1.29e-09  L2=3.93e-09  lp=17.01 | W=1.557(*2.00)  thetaP=0.489(*0.25)  <rel.err>=54% [1020s]
    [Seve#1] Adam  2000/2000  L=2.15e-04  Ld=2.10e-04  Lp=2.94e-07  Lic=1.28e-09  L2=3.93e-09  lp=17.61 | W=1.559(*2.00)  thetaP=0.488(*0.25)  <rel.err>=54% [1132s]
    [Seve#1] L-BFGS (150) ...
    [Seve#1] LBFGS   50/150  L=9.06e-05 | W=1.617(*2.00)  thetaP=0.472(*0.25)  <rel.err>=53% [1471s]
    [Seve#1] LBFGS  100/150  L=4.41e-05 | W=1.587(*2.00)  thetaP=0.470(*0.25)  <rel.err>=38% [1812s]
    [Seve#1] LBFGS  150/150  L=2.84e-05 | W=1.501(*2.00)  thetaP=0.471(*0.25)  <rel.err>=32% [2154s]
    [Seve#1] param-refine (600, frozen, integral) ...
    [Seve#1] refine   50/600  Lp+L2=3.71e-08  L2=3.96e-09  <f_NN>=1.126  under10%=7/34 | W=1.501(*2.00)  thetaP=0.471(*0.25)  <rel.err>=32% [2159s]
    [Seve#1] refine  100/600  Lp+L2=3.71e-08  L2=3.96e-09  <f_NN>=1.126  under10%=7/34 | W=1.501(*2.00)  thetaP=0.471(*0.25)  <rel.err>=32% [2162s]
    [Seve#1] refine  150/600  Lp+L2=3.71e-08  L2=3.96e-09  <f_NN>=1.126  under10%=7/34 | W=1.501(*2.00)  thetaP=0.471(*0.25)  <rel.err>=32% [2166s]
    [Seve#1] refine  200/600  Lp+L2=3.71e-08  L2=3.96e-09  <f_NN>=1.126  under10%=7/34 | W=1.501(*2.00)  thetaP=0.471(*0.25)  <rel.err>=32% [2170s]
    [Seve#1] refine  250/600  Lp+L2=3.71e-08  L2=3.96e-09  <f_NN>=1.126  under10%=7/34 | W=1.501(*2.00)  thetaP=0.471(*0.25)  <rel.err>=32% [2174s]
    [Seve#1] refine  300/600  Lp+L2=3.71e-08  L2=3.96e-09  <f_NN>=1.126  under10%=7/34 | W=1.501(*2.00)  thetaP=0.471(*0.25)  <rel.err>=32% [2178s]
    [Seve#1] refine  350/600  Lp+L2=3.71e-08  L2=3.96e-09  <f_NN>=1.126  under10%=7/34 | W=1.501(*2.00)  thetaP=0.471(*0.25)  <rel.err>=32% [2182s]
    [Seve#1] refine  400/600  Lp+L2=3.71e-08  L2=3.96e-09  <f_NN>=1.126  under10%=7/34 | W=1.501(*2.00)  thetaP=0.471(*0.25)  <rel.err>=32% [2186s]
    [Seve#1] refine  450/600  Lp+L2=3.71e-08  L2=3.96e-09  <f_NN>=1.126  under10%=7/34 | W=1.501(*2.00)  thetaP=0.471(*0.25)  <rel.err>=32% [2190s]
    [Seve#1] refine  500/600  Lp+L2=3.71e-08  L2=3.96e-09  <f_NN>=1.126  under10%=7/34 | W=1.501(*2.00)  thetaP=0.471(*0.25)  <rel.err>=32% [2194s]
    [Seve#1] refine  550/600  Lp+L2=3.71e-08  L2=3.96e-09  <f_NN>=1.126  under10%=7/34 | W=1.501(*2.00)  thetaP=0.471(*0.25)  <rel.err>=32% [2198s]
    [Seve#1] refine  600/600  Lp+L2=3.71e-08  L2=3.96e-09  <f_NN>=1.126  under10%=7/34 | W=1.501(*2.00)  thetaP=0.471(*0.25)  <rel.err>=32% [2202s]
  [Seve#1] done  under10%=7/34  phys=3.32e-08  W=1.501 thetaP=0.471  (2202s)
  >> Severe APC Loss start 1: under10%=7/34 phys=3.32e-08  (best so far under10%=6/34 phys=3.02e-08)
  [Seve#2] arch 4x256 act=gelu net 207,879x10cond  rel_w=True colloc=fixed res=integral
  [Seve#2] hybrid term=bm_myc (2x5 tanh, constraint=none, wd=1e-08) 46 weights | recovering 34 mechanistic params
    [Seve#2] Adam     1/2000  L=8.86e+00  Ld=5.69e-01  Lp=5.28e-04  Lic=4.14e-01  L2=3.50e-09  lp=7.56 | W=1.283(*2.00)  thetaP=0.547(*0.25)  <rel.err>=55% [1s]
    [Seve#2] Adam   200/2000  L=7.04e-03  Ld=6.85e-03  Lp=2.23e-05  Lic=1.65e-06  L2=4.98e-09  lp=7.08 | W=1.321(*2.00)  thetaP=0.629(*0.25)  <rel.err>=68% [113s]
    [Seve#2] Adam   400/2000  L=1.35e-03  Ld=1.28e-03  Lp=2.92e-06  Lic=2.93e-06  L2=5.18e-09  lp=6.94 | W=1.310(*2.00)  thetaP=0.623(*0.25)  <rel.err>=68% [227s]
    [Seve#2] Adam   600/2000  L=5.88e-04  Ld=5.72e-04  Lp=1.42e-06  Lic=2.63e-07  L2=5.35e-09  lp=7.54 | W=1.311(*2.00)  thetaP=0.616(*0.25)  <rel.err>=67% [340s]
    [Seve#2] Adam   800/2000  L=3.88e-04  Ld=3.80e-04  Lp=9.98e-07  Lic=1.47e-08  L2=5.49e-09  lp=8.16 | W=1.315(*2.00)  thetaP=0.610(*0.25)  <rel.err>=65% [454s]
    [Seve#2] Adam  1000/2000  L=3.06e-04  Ld=2.99e-04  Lp=8.13e-07  Lic=1.70e-09  L2=5.59e-09  lp=8.69 | W=1.319(*2.00)  thetaP=0.606(*0.25)  <rel.err>=63% [567s]
    [Seve#2] Adam  1200/2000  L=2.61e-04  Ld=2.55e-04  Lp=7.05e-07  Lic=1.44e-09  L2=5.64e-09  lp=9.14 | W=1.324(*2.00)  thetaP=0.603(*0.25)  <rel.err>=62% [681s]
    [Seve#2] Adam  1400/2000  L=2.36e-04  Ld=2.30e-04  Lp=6.38e-07  Lic=1.29e-09  L2=5.68e-09  lp=9.55 | W=1.329(*2.00)  thetaP=0.601(*0.25)  <rel.err>=61% [794s]
    [Seve#2] Adam  1600/2000  L=2.23e-04  Ld=2.18e-04  Lp=5.99e-07  Lic=1.21e-09  L2=5.70e-09  lp=9.92 | W=1.333(*2.00)  thetaP=0.599(*0.25)  <rel.err>=60% [907s]
    [Seve#2] Adam  1800/2000  L=2.18e-04  Ld=2.12e-04  Lp=5.77e-07  Lic=1.18e-09  L2=5.72e-09  lp=10.27 | W=1.337(*2.00)  thetaP=0.598(*0.25)  <rel.err>=59% [1021s]
    [Seve#2] Adam  2000/2000  L=2.18e-04  Ld=2.12e-04  Lp=5.64e-07  Lic=1.17e-09  L2=5.73e-09  lp=10.60 | W=1.341(*2.00)  thetaP=0.597(*0.25)  <rel.err>=59% [1132s]
    [Seve#2] L-BFGS (150) ...
    [Seve#2] LBFGS   50/150  L=8.37e-05 | W=1.424(*2.00)  thetaP=0.582(*0.25)  <rel.err>=77% [1471s]
    [Seve#2] LBFGS  100/150  L=4.93e-05 | W=1.398(*2.00)  thetaP=0.570(*0.25)  <rel.err>=55% [1813s]
    [Seve#2] LBFGS  150/150  L=2.62e-05 | W=1.380(*2.00)  thetaP=0.568(*0.25)  <rel.err>=40% [2156s]
    [Seve#2] param-refine (600, frozen, integral) ...
    [Seve#2] refine   50/600  Lp+L2=6.00e-08  L2=5.75e-09  <f_NN>=1.078  under10%=5/34 | W=1.380(*2.00)  thetaP=0.568(*0.25)  <rel.err>=40% [2160s]
    [Seve#2] refine  100/600  Lp+L2=6.00e-08  L2=5.75e-09  <f_NN>=1.078  under10%=5/34 | W=1.380(*2.00)  thetaP=0.568(*0.25)  <rel.err>=40% [2164s]
    [Seve#2] refine  150/600  Lp+L2=6.00e-08  L2=5.75e-09  <f_NN>=1.078  under10%=5/34 | W=1.380(*2.00)  thetaP=0.568(*0.25)  <rel.err>=40% [2169s]
    [Seve#2] refine  200/600  Lp+L2=6.00e-08  L2=5.75e-09  <f_NN>=1.078  under10%=5/34 | W=1.380(*2.00)  thetaP=0.568(*0.25)  <rel.err>=40% [2172s]
    [Seve#2] refine  250/600  Lp+L2=6.00e-08  L2=5.75e-09  <f_NN>=1.078  under10%=5/34 | W=1.380(*2.00)  thetaP=0.568(*0.25)  <rel.err>=40% [2176s]
    [Seve#2] refine  300/600  Lp+L2=6.00e-08  L2=5.75e-09  <f_NN>=1.078  under10%=5/34 | W=1.380(*2.00)  thetaP=0.568(*0.25)  <rel.err>=40% [2180s]
    [Seve#2] refine  350/600  Lp+L2=6.00e-08  L2=5.75e-09  <f_NN>=1.078  under10%=5/34 | W=1.380(*2.00)  thetaP=0.568(*0.25)  <rel.err>=40% [2184s]
    [Seve#2] refine  400/600  Lp+L2=6.00e-08  L2=5.75e-09  <f_NN>=1.078  under10%=5/34 | W=1.380(*2.00)  thetaP=0.568(*0.25)  <rel.err>=40% [2188s]
    [Seve#2] refine  450/600  Lp+L2=6.00e-08  L2=5.75e-09  <f_NN>=1.078  under10%=5/34 | W=1.380(*2.00)  thetaP=0.568(*0.25)  <rel.err>=40% [2191s]
    [Seve#2] refine  500/600  Lp+L2=6.00e-08  L2=5.75e-09  <f_NN>=1.078  under10%=5/34 | W=1.380(*2.00)  thetaP=0.568(*0.25)  <rel.err>=40% [2195s]
    [Seve#2] refine  550/600  Lp+L2=6.00e-08  L2=5.75e-09  <f_NN>=1.078  under10%=5/34 | W=1.380(*2.00)  thetaP=0.568(*0.25)  <rel.err>=40% [2198s]
    [Seve#2] refine  600/600  Lp+L2=6.00e-08  L2=5.75e-09  <f_NN>=1.078  under10%=5/34 | W=1.380(*2.00)  thetaP=0.568(*0.25)  <rel.err>=40% [2201s]
  [Seve#2] done  under10%=5/34  phys=5.43e-08  W=1.380 thetaP=0.568  (2201s)
  >> Severe APC Loss start 2: under10%=5/34 phys=5.43e-08  (best so far under10%=6/34 phys=3.02e-08)
  [Severe APC Loss] learned term bm_myc over x in [0.200, 3.009]: RMSE=0.1505 (NRMSE=13.2%)  gate_lo=1.00  [anchor weak here]
