/home/29/aidahxr/.local/lib/python3.12/site-packages/matplotlib/projections/__init__.py:63: UserWarning: Unable to import Axes3D. This may be due to multiple versions of Matplotlib being installed (e.g. as a system package and as a pip package). As a result, the 3D projection is not available.
  warnings.warn("Unable to import Axes3D. This may be due to multiple versions of "
============================================================
Inverse PINN (better) — recover 36 parameters
  6 experimental conditions: ['ctrl', 'noATRA', 'earlyATRA', 'lateATRA', 'lowATRA', 'strongCirc']
Device : cuda
GPU    : NVIDIA RTX PRO 6000 Blackwell Server Edition
VRAM   : 102.0 GB
Threads: 48
============================================================

[1/3] Reference trajectories (scipy Radau, per condition) ...
  Normal               ctrl       t=[0, 150]  shape=(5000, 7)
  Normal               noATRA     t=[0, 150]  shape=(5000, 7)
  Normal               earlyATRA  t=[0, 150]  shape=(5000, 7)
  Normal               lateATRA   t=[0, 150]  shape=(5000, 7)
  Normal               lowATRA    t=[0, 150]  shape=(5000, 7)
  Normal               strongCirc t=[0, 150]  shape=(5000, 7)
  Early Adenoma        ctrl       t=[0, 150]  shape=(5000, 7)
  Early Adenoma        noATRA     t=[0, 150]  shape=(5000, 7)
  Early Adenoma        earlyATRA  t=[0, 150]  shape=(5000, 7)
  Early Adenoma        lateATRA   t=[0, 150]  shape=(5000, 7)
  Early Adenoma        lowATRA    t=[0, 150]  shape=(5000, 7)
  Early Adenoma        strongCirc t=[0, 150]  shape=(5000, 7)
  Advanced Adenoma     ctrl       t=[0, 150]  shape=(5000, 7)
  Advanced Adenoma     noATRA     t=[0, 150]  shape=(5000, 7)
  Advanced Adenoma     earlyATRA  t=[0, 150]  shape=(5000, 7)
  Advanced Adenoma     lateATRA   t=[0, 150]  shape=(5000, 7)
  Advanced Adenoma     lowATRA    t=[0, 150]  shape=(5000, 7)
  Advanced Adenoma     strongCirc t=[0, 150]  shape=(5000, 7)
  Severe APC Loss      ctrl       t=[0, 150]  shape=(5000, 7)
  Severe APC Loss      noATRA     t=[0, 150]  shape=(5000, 7)
  Severe APC Loss      earlyATRA  t=[0, 150]  shape=(5000, 7)
  Severe APC Loss      lateATRA   t=[0, 150]  shape=(5000, 7)
  Severe APC Loss      lowATRA    t=[0, 150]  shape=(5000, 7)
  Severe APC Loss      strongCirc t=[0, 150]  shape=(5000, 7)

[2/3] Inverse training (shared params over conditions) ...

── Normal ──
  arch 4×256  net params 207,879 × 6 cond  unknowns 36
  conditions ['ctrl', 'noATRA', 'earlyATRA', 'lateATRA', 'lowATRA', 'strongCirc']
  init guess W=1.2 thetaP=0.6 (+50% on the rest)  |  true W=0.8 thetaP=1.0
    Adam     1/2500  L=8.28e+00  Ld=8.32e-01  Lp=6.47e-01  Lic=3.40e-01  λp=1.01  | W=1.194(*0.80)  thetaP=0.599(*1.00)  <rel.err>=50%  [10s]
    Adam   100/2500  L=1.42e-01  Ld=1.00e-01  Lp=4.14e-02  Lic=1.45e-05  λp=1.01  | W=0.974(*0.80)  thetaP=0.674(*1.00)  <rel.err>=55%  [720s]
    Adam   200/2500  L=4.59e-03  Ld=2.01e-03  Lp=2.54e-03  Lic=2.72e-07  λp=1.01  | W=0.986(*0.80)  thetaP=0.687(*1.00)  <rel.err>=55%  [1439s]
    Adam   300/2500  L=2.43e-03  Ld=8.85e-04  Lp=1.49e-03  Lic=1.74e-06  λp=1.01  | W=0.988(*0.80)  thetaP=0.697(*1.00)  <rel.err>=55%  [2156s]
    Adam   400/2500  L=1.72e-03  Ld=5.06e-04  Lp=1.05e-03  Lic=7.49e-06  λp=1.02  | W=0.989(*0.80)  thetaP=0.702(*1.00)  <rel.err>=55%  [2874s]
    Adam   500/2500  L=1.55e-03  Ld=3.54e-04  Lp=8.08e-04  Lic=1.86e-05  λp=1.02  | W=0.990(*0.80)  thetaP=0.705(*1.00)  <rel.err>=54%  [3591s]
    Adam   600/2500  L=1.22e-03  Ld=2.91e-04  Lp=6.73e-04  Lic=1.20e-05  λp=1.03  | W=0.990(*0.80)  thetaP=0.707(*1.00)  <rel.err>=54%  [4310s]
    Adam   700/2500  L=9.15e-04  Ld=2.56e-04  Lp=5.34e-04  Lic=5.56e-06  λp=1.03  | W=0.990(*0.80)  thetaP=0.708(*1.00)  <rel.err>=53%  [5026s]
    Adam   800/2500  L=7.19e-04  Ld=2.29e-04  Lp=4.73e-04  Lic=3.00e-08  λp=1.03  | W=0.990(*0.80)  thetaP=0.708(*1.00)  <rel.err>=53%  [5720s]
    Adam   900/2500  L=6.43e-04  Ld=2.11e-04  Lp=4.16e-04  Lic=8.63e-08  λp=1.03  | W=0.990(*0.80)  thetaP=0.709(*1.00)  <rel.err>=52%  [6405s]
    Adam  1000/2500  L=5.74e-04  Ld=1.96e-04  Lp=3.62e-04  Lic=1.40e-08  λp=1.04  | W=0.990(*0.80)  thetaP=0.709(*1.00)  <rel.err>=52%  [7091s]
    Adam  1100/2500  L=5.49e-04  Ld=1.84e-04  Lp=3.50e-04  Lic=1.26e-08  λp=1.04  | W=0.990(*0.80)  thetaP=0.709(*1.00)  <rel.err>=52%  [7771s]
    Adam  1200/2500  L=4.94e-04  Ld=1.74e-04  Lp=3.07e-04  Lic=1.03e-08  λp=1.04  | W=0.990(*0.80)  thetaP=0.710(*1.00)  <rel.err>=52%  [8409s]
    Adam  1300/2500  L=4.76e-04  Ld=1.66e-04  Lp=2.97e-04  Lic=9.47e-09  λp=1.04  | W=0.990(*0.80)  thetaP=0.710(*1.00)  <rel.err>=52%  [9045s]
    Adam  1400/2500  L=4.39e-04  Ld=1.59e-04  Lp=2.68e-04  Lic=8.17e-09  λp=1.05  | W=0.990(*0.80)  thetaP=0.710(*1.00)  <rel.err>=51%  [9635s]
    Adam  1500/2500  L=4.33e-04  Ld=1.53e-04  Lp=2.67e-04  Lic=7.48e-09  λp=1.05  | W=0.990(*0.80)  thetaP=0.710(*1.00)  <rel.err>=51%  [9991s]
    Adam  1600/2500  L=4.05e-04  Ld=1.48e-04  Lp=2.43e-04  Lic=7.12e-09  λp=1.05  | W=0.990(*0.80)  thetaP=0.710(*1.00)  <rel.err>=51%  [10347s]
    Adam  1700/2500  L=3.96e-04  Ld=1.45e-04  Lp=2.39e-04  Lic=6.73e-09  λp=1.05  | W=0.989(*0.80)  thetaP=0.711(*1.00)  <rel.err>=51%  [10634s]
    Adam  1800/2500  L=3.94e-04  Ld=1.41e-04  Lp=2.38e-04  Lic=6.61e-09  λp=1.06  | W=0.989(*0.80)  thetaP=0.711(*1.00)  <rel.err>=50%  [10902s]
    Adam  1900/2500  L=3.82e-04  Ld=1.39e-04  Lp=2.29e-04  Lic=6.46e-09  λp=1.06  | W=0.989(*0.80)  thetaP=0.711(*1.00)  <rel.err>=50%  [11167s]
    Adam  2000/2500  L=3.66e-04  Ld=1.37e-04  Lp=2.16e-04  Lic=6.33e-09  λp=1.06  | W=0.989(*0.80)  thetaP=0.711(*1.00)  <rel.err>=50%  [11432s]
    Adam  2100/2500  L=3.70e-04  Ld=1.35e-04  Lp=2.21e-04  Lic=5.85e-09  λp=1.06  | W=0.989(*0.80)  thetaP=0.711(*1.00)  <rel.err>=50%  [11724s]
    Adam  2200/2500  L=3.50e-04  Ld=1.34e-04  Lp=2.03e-04  Lic=5.84e-09  λp=1.06  | W=0.989(*0.80)  thetaP=0.711(*1.00)  <rel.err>=49%  [12023s]
    Adam  2300/2500  L=3.55e-04  Ld=1.33e-04  Lp=2.08e-04  Lic=5.83e-09  λp=1.06  | W=0.988(*0.80)  thetaP=0.711(*1.00)  <rel.err>=49%  [12321s]
    Adam  2400/2500  L=3.51e-04  Ld=1.33e-04  Lp=2.04e-04  Lic=5.85e-09  λp=1.07  | W=0.988(*0.80)  thetaP=0.711(*1.00)  <rel.err>=49%  [12619s]
    Adam  2500/2500  L=3.39e-04  Ld=1.32e-04  Lp=1.93e-04  Lic=5.73e-09  λp=1.07  | W=0.988(*0.80)  thetaP=0.711(*1.00)  <rel.err>=49%  [12917s]
    L-BFGS (600 steps) ...
    LBFGS   50/600  L=3.06e-04  | W=0.982(*0.80)  thetaP=0.715(*1.00)  <rel.err>=49%  [13489s]
    LBFGS  100/600  L=2.82e-04  | W=0.984(*0.80)  thetaP=0.718(*1.00)  <rel.err>=48%  [14117s]
    LBFGS  150/600  L=2.65e-04  | W=0.981(*0.80)  thetaP=0.721(*1.00)  <rel.err>=48%  [14633s]
    LBFGS  200/600  L=2.25e-04  | W=0.979(*0.80)  thetaP=0.724(*1.00)  <rel.err>=47%  [15346s]
    LBFGS  250/600  L=2.13e-04  | W=0.980(*0.80)  thetaP=0.728(*1.00)  <rel.err>=47%  [16232s]
    LBFGS  300/600  L=1.95e-04  | W=0.979(*0.80)  thetaP=0.731(*1.00)  <rel.err>=47%  [17096s]
    LBFGS  350/600  L=1.71e-04  | W=0.980(*0.80)  thetaP=0.733(*1.00)  <rel.err>=46%  [18179s]
    LBFGS  400/600  L=1.76e-04  | W=0.978(*0.80)  thetaP=0.734(*1.00)  <rel.err>=46%  [19045s]
    LBFGS  450/600  L=1.64e-04  | W=0.973(*0.80)  thetaP=0.735(*1.00)  <rel.err>=46%  [20018s]
    LBFGS  500/600  L=1.49e-04  | W=0.969(*0.80)  thetaP=0.736(*1.00)  <rel.err>=46%  [20767s]
    LBFGS  550/600  L=1.39e-04  | W=0.958(*0.80)  thetaP=0.736(*1.00)  <rel.err>=45%  [21300s]
    LBFGS  600/600  L=1.38e-04  | W=0.947(*0.80)  thetaP=0.736(*1.00)  <rel.err>=45%  [21785s]
    param-refine (500 steps, nets frozen) ...
    refine   50/500  Lp=3.39e-05  | W=0.674(*0.80)  thetaP=0.703(*1.00)  <rel.err>=44%  [21924s]
    refine  100/500  Lp=3.39e-05  | W=0.674(*0.80)  thetaP=0.703(*1.00)  <rel.err>=44%  [21952s]
    refine  150/500  Lp=3.39e-05  | W=0.674(*0.80)  thetaP=0.703(*1.00)  <rel.err>=44%  [21979s]
    refine  200/500  Lp=3.39e-05  | W=0.674(*0.80)  thetaP=0.703(*1.00)  <rel.err>=44%  [22006s]
    refine  250/500  Lp=3.39e-05  | W=0.674(*0.80)  thetaP=0.703(*1.00)  <rel.err>=44%  [22034s]
    refine  300/500  Lp=3.39e-05  | W=0.674(*0.80)  thetaP=0.703(*1.00)  <rel.err>=44%  [22061s]
    refine  350/500  Lp=3.39e-05  | W=0.674(*0.80)  thetaP=0.703(*1.00)  <rel.err>=44%  [22088s]
    refine  400/500  Lp=3.39e-05  | W=0.674(*0.80)  thetaP=0.703(*1.00)  <rel.err>=44%  [22116s]
    refine  450/500  Lp=3.39e-05  | W=0.674(*0.80)  thetaP=0.703(*1.00)  <rel.err>=44%  [22144s]
    refine  500/500  Lp=3.39e-05  | W=0.674(*0.80)  thetaP=0.703(*1.00)  <rel.err>=44%  [22171s]
  recovered W=0.674 thetaP=0.703  (22171s)

── Early Adenoma ──
  arch 4×256  net params 207,879 × 6 cond  unknowns 36
  conditions ['ctrl', 'noATRA', 'earlyATRA', 'lateATRA', 'lowATRA', 'strongCirc']
  init guess W=1.2 thetaP=0.6 (+50% on the rest)  |  true W=1.0 thetaP=0.75
    Adam     1/2500  L=8.60e+00  Ld=1.14e+00  Lp=6.47e-01  Lic=3.40e-01  λp=1.04  | W=1.194(*1.00)  thetaP=0.599(*0.75)  <rel.err>=48%  [3s]
    Adam   100/2500  L=4.82e-02  Ld=2.63e-02  Lp=2.05e-02  Lic=3.04e-05  λp=1.04  | W=1.004(*1.00)  thetaP=0.669(*0.75)  <rel.err>=53%  [230s]
    Adam   200/2500  L=3.97e-03  Ld=1.90e-03  Lp=1.96e-03  Lic=2.15e-06  λp=1.03  | W=1.010(*1.00)  thetaP=0.671(*0.75)  <rel.err>=52%  [491s]
    Adam   300/2500  L=2.24e-03  Ld=8.68e-04  Lp=1.30e-03  Lic=1.19e-06  λp=1.03  | W=1.011(*1.00)  thetaP=0.671(*0.75)  <rel.err>=51%  [754s]
    Adam   400/2500  L=2.70e-03  Ld=5.10e-04  Lp=9.82e-04  Lic=5.78e-05  λp=1.06  | W=1.011(*1.00)  thetaP=0.671(*0.75)  <rel.err>=50%  [1019s]
    Adam   500/2500  L=1.16e-03  Ld=3.24e-04  Lp=7.87e-04  Lic=1.54e-07  λp=1.06  | W=1.011(*1.00)  thetaP=0.671(*0.75)  <rel.err>=48%  [1281s]
    Adam   600/2500  L=9.49e-04  Ld=2.42e-04  Lp=6.67e-04  Lic=5.66e-08  λp=1.06  | W=1.011(*1.00)  thetaP=0.670(*0.75)  <rel.err>=47%  [1545s]
    Adam   700/2500  L=7.76e-04  Ld=2.05e-04  Lp=5.26e-04  Lic=7.36e-07  λp=1.06  | W=1.012(*1.00)  thetaP=0.670(*0.75)  <rel.err>=46%  [1808s]
    Adam   800/2500  L=6.76e-04  Ld=1.73e-04  Lp=4.65e-04  Lic=4.51e-07  λp=1.06  | W=1.012(*1.00)  thetaP=0.670(*0.75)  <rel.err>=45%  [2071s]
    Adam   900/2500  L=5.90e-04  Ld=1.52e-04  Lp=4.12e-04  Lic=5.14e-09  λp=1.06  | W=1.012(*1.00)  thetaP=0.669(*0.75)  <rel.err>=44%  [2311s]
    Adam  1000/2500  L=5.09e-04  Ld=1.38e-04  Lp=3.46e-04  Lic=5.26e-09  λp=1.07  | W=1.013(*1.00)  thetaP=0.669(*0.75)  <rel.err>=43%  [2593s]
    Adam  1100/2500  L=4.82e-04  Ld=1.28e-04  Lp=3.30e-04  Lic=4.67e-09  λp=1.07  | W=1.013(*1.00)  thetaP=0.669(*0.75)  <rel.err>=43%  [2915s]
    Adam  1200/2500  L=4.23e-04  Ld=1.19e-04  Lp=2.83e-04  Lic=3.14e-09  λp=1.07  | W=1.014(*1.00)  thetaP=0.668(*0.75)  <rel.err>=42%  [3238s]
    Adam  1300/2500  L=4.01e-04  Ld=1.13e-04  Lp=2.68e-04  Lic=2.82e-09  λp=1.07  | W=1.014(*1.00)  thetaP=0.668(*0.75)  <rel.err>=42%  [3558s]
    Adam  1400/2500  L=3.62e-04  Ld=1.08e-04  Lp=2.38e-04  Lic=2.78e-09  λp=1.07  | W=1.015(*1.00)  thetaP=0.668(*0.75)  <rel.err>=42%  [3881s]
    Adam  1500/2500  L=3.59e-04  Ld=1.04e-04  Lp=2.38e-04  Lic=2.97e-09  λp=1.07  | W=1.015(*1.00)  thetaP=0.667(*0.75)  <rel.err>=41%  [4202s]
    Adam  1600/2500  L=3.33e-04  Ld=1.00e-04  Lp=2.15e-04  Lic=2.46e-09  λp=1.08  | W=1.015(*1.00)  thetaP=0.667(*0.75)  <rel.err>=41%  [4524s]
    Adam  1700/2500  L=3.23e-04  Ld=9.78e-05  Lp=2.08e-04  Lic=2.56e-09  λp=1.08  | W=1.016(*1.00)  thetaP=0.667(*0.75)  <rel.err>=41%  [4828s]
    Adam  1800/2500  L=3.19e-04  Ld=9.57e-05  Lp=2.06e-04  Lic=2.68e-09  λp=1.08  | W=1.016(*1.00)  thetaP=0.667(*0.75)  <rel.err>=41%  [5132s]
    Adam  1900/2500  L=3.07e-04  Ld=9.41e-05  Lp=1.97e-04  Lic=2.43e-09  λp=1.08  | W=1.016(*1.00)  thetaP=0.666(*0.75)  <rel.err>=41%  [5461s]
    Adam  2000/2500  L=2.94e-04  Ld=9.28e-05  Lp=1.86e-04  Lic=2.36e-09  λp=1.08  | W=1.017(*1.00)  thetaP=0.666(*0.75)  <rel.err>=40%  [5833s]
    Adam  2100/2500  L=2.98e-04  Ld=9.18e-05  Lp=1.90e-04  Lic=2.43e-09  λp=1.08  | W=1.017(*1.00)  thetaP=0.666(*0.75)  <rel.err>=40%  [6187s]
    Adam  2200/2500  L=2.79e-04  Ld=9.10e-05  Lp=1.74e-04  Lic=2.37e-09  λp=1.08  | W=1.017(*1.00)  thetaP=0.666(*0.75)  <rel.err>=40%  [6518s]
    Adam  2300/2500  L=2.82e-04  Ld=9.05e-05  Lp=1.77e-04  Lic=2.33e-09  λp=1.08  | W=1.017(*1.00)  thetaP=0.665(*0.75)  <rel.err>=40%  [6847s]
    Adam  2400/2500  L=2.76e-04  Ld=9.01e-05  Lp=1.72e-04  Lic=2.35e-09  λp=1.08  | W=1.017(*1.00)  thetaP=0.665(*0.75)  <rel.err>=40%  [7176s]
    Adam  2500/2500  L=2.66e-04  Ld=9.00e-05  Lp=1.62e-04  Lic=2.26e-09  λp=1.08  | W=1.018(*1.00)  thetaP=0.665(*0.75)  <rel.err>=39%  [7505s]
    L-BFGS (600 steps) ...
    LBFGS   50/600  L=2.70e-04  | W=1.018(*1.00)  thetaP=0.665(*0.75)  <rel.err>=39%  [7939s]
    LBFGS  100/600  L=2.61e-04  | W=1.021(*1.00)  thetaP=0.664(*0.75)  <rel.err>=39%  [8409s]
    LBFGS  150/600  L=2.24e-04  | W=1.029(*1.00)  thetaP=0.663(*0.75)  <rel.err>=38%  [8900s]
    LBFGS  200/600  L=2.20e-04  | W=1.032(*1.00)  thetaP=0.663(*0.75)  <rel.err>=37%  [9364s]
    LBFGS  250/600  L=1.94e-04  | W=1.032(*1.00)  thetaP=0.663(*0.75)  <rel.err>=37%  [9823s]
    LBFGS  300/600  L=1.81e-04  | W=1.035(*1.00)  thetaP=0.662(*0.75)  <rel.err>=37%  [10345s]
    LBFGS  350/600  L=1.74e-04  | W=1.038(*1.00)  thetaP=0.662(*0.75)  <rel.err>=36%  [10807s]
    LBFGS  400/600  L=1.69e-04  | W=1.037(*1.00)  thetaP=0.662(*0.75)  <rel.err>=36%  [11421s]
    LBFGS  450/600  L=1.57e-04  | W=1.037(*1.00)  thetaP=0.661(*0.75)  <rel.err>=36%  [12183s]
    LBFGS  500/600  L=1.51e-04  | W=1.036(*1.00)  thetaP=0.660(*0.75)  <rel.err>=36%  [12842s]
    LBFGS  550/600  L=1.48e-04  | W=1.035(*1.00)  thetaP=0.660(*0.75)  <rel.err>=36%  [13527s]
    LBFGS  600/600  L=1.44e-04  | W=1.030(*1.00)  thetaP=0.660(*0.75)  <rel.err>=36%  [14207s]
    param-refine (500 steps, nets frozen) ...
    refine   50/500  Lp=3.30e-05  | W=0.612(*1.00)  thetaP=0.734(*0.75)  <rel.err>=42%  [14481s]
    refine  100/500  Lp=3.30e-05  | W=0.612(*1.00)  thetaP=0.734(*0.75)  <rel.err>=42%  [14519s]
    refine  150/500  Lp=3.30e-05  | W=0.612(*1.00)  thetaP=0.734(*0.75)  <rel.err>=42%  [14556s]
    refine  200/500  Lp=3.30e-05  | W=0.612(*1.00)  thetaP=0.734(*0.75)  <rel.err>=42%  [14594s]
    refine  250/500  Lp=3.30e-05  | W=0.612(*1.00)  thetaP=0.734(*0.75)  <rel.err>=42%  [14641s]
    refine  300/500  Lp=3.30e-05  | W=0.612(*1.00)  thetaP=0.734(*0.75)  <rel.err>=42%  [14690s]
    refine  350/500  Lp=3.30e-05  | W=0.612(*1.00)  thetaP=0.734(*0.75)  <rel.err>=42%  [14738s]
    refine  400/500  Lp=3.30e-05  | W=0.612(*1.00)  thetaP=0.734(*0.75)  <rel.err>=42%  [14786s]
    refine  450/500  Lp=3.30e-05  | W=0.612(*1.00)  thetaP=0.734(*0.75)  <rel.err>=42%  [14834s]
    refine  500/500  Lp=3.30e-05  | W=0.612(*1.00)  thetaP=0.734(*0.75)  <rel.err>=42%  [14883s]
  recovered W=0.612 thetaP=0.734  (14883s)

── Advanced Adenoma ──
  arch 4×256  net params 207,879 × 6 cond  unknowns 36
  conditions ['ctrl', 'noATRA', 'earlyATRA', 'lateATRA', 'lowATRA', 'strongCirc']
  init guess W=1.2 thetaP=0.6 (+50% on the rest)  |  true W=1.5 thetaP=0.5
    Adam     1/2500  L=8.96e+00  Ld=1.49e+00  Lp=6.47e-01  Lic=3.40e-01  λp=1.04  | W=1.194(*1.50)  thetaP=0.599(*0.50)  <rel.err>=48%  [5s]
    Adam   100/2500  L=4.33e-02  Ld=2.01e-02  Lp=1.17e-02  Lic=5.48e-04  λp=1.04  | W=1.054(*1.50)  thetaP=0.668(*0.50)  <rel.err>=55%  [355s]
    Adam   200/2500  L=5.81e-03  Ld=2.76e-03  Lp=2.09e-03  Lic=4.41e-05  λp=1.04  | W=1.063(*1.50)  thetaP=0.668(*0.50)  <rel.err>=55%  [637s]
    Adam   300/2500  L=5.48e-03  Ld=1.36e-03  Lp=1.41e-03  Lic=1.33e-04  λp=1.04  | W=1.063(*1.50)  thetaP=0.667(*0.50)  <rel.err>=54%  [910s]
    Adam   400/2500  L=2.07e-03  Ld=8.43e-04  Lp=1.11e-03  Lic=3.41e-06  λp=1.05  | W=1.063(*1.50)  thetaP=0.665(*0.50)  <rel.err>=52%  [1185s]
    Adam   500/2500  L=1.67e-03  Ld=5.83e-04  Lp=9.77e-04  Lic=3.38e-06  λp=1.05  | W=1.063(*1.50)  thetaP=0.664(*0.50)  <rel.err>=51%  [1459s]
    Adam   600/2500  L=1.41e-03  Ld=4.58e-04  Lp=8.67e-04  Lic=2.29e-06  λp=1.05  | W=1.064(*1.50)  thetaP=0.662(*0.50)  <rel.err>=50%  [1734s]
    Adam   700/2500  L=1.18e-03  Ld=3.76e-04  Lp=7.12e-04  Lic=2.71e-06  λp=1.05  | W=1.064(*1.50)  thetaP=0.660(*0.50)  <rel.err>=48%  [2007s]
    Adam   800/2500  L=9.97e-04  Ld=3.20e-04  Lp=6.42e-04  Lic=2.76e-08  λp=1.05  | W=1.065(*1.50)  thetaP=0.659(*0.50)  <rel.err>=47%  [2281s]
    Adam   900/2500  L=8.83e-04  Ld=2.81e-04  Lp=5.72e-04  Lic=6.58e-09  λp=1.05  | W=1.065(*1.50)  thetaP=0.657(*0.50)  <rel.err>=45%  [2555s]
    Adam  1000/2500  L=7.61e-04  Ld=2.50e-04  Lp=4.80e-04  Lic=1.17e-08  λp=1.06  | W=1.066(*1.50)  thetaP=0.656(*0.50)  <rel.err>=44%  [2825s]
    Adam  1100/2500  L=7.12e-04  Ld=2.27e-04  Lp=4.55e-04  Lic=1.40e-08  λp=1.06  | W=1.067(*1.50)  thetaP=0.655(*0.50)  <rel.err>=43%  [3053s]
    Adam  1200/2500  L=6.13e-04  Ld=2.07e-04  Lp=3.81e-04  Lic=6.78e-09  λp=1.06  | W=1.067(*1.50)  thetaP=0.654(*0.50)  <rel.err>=43%  [3280s]
    Adam  1300/2500  L=5.70e-04  Ld=1.91e-04  Lp=3.56e-04  Lic=5.53e-09  λp=1.06  | W=1.067(*1.50)  thetaP=0.653(*0.50)  <rel.err>=42%  [3504s]
    Adam  1400/2500  L=5.01e-04  Ld=1.76e-04  Lp=3.07e-04  Lic=3.15e-09  λp=1.06  | W=1.068(*1.50)  thetaP=0.652(*0.50)  <rel.err>=41%  [3730s]
    Adam  1500/2500  L=4.91e-04  Ld=1.65e-04  Lp=3.08e-04  Lic=4.83e-09  λp=1.06  | W=1.068(*1.50)  thetaP=0.651(*0.50)  <rel.err>=41%  [3928s]
    Adam  1600/2500  L=4.42e-04  Ld=1.55e-04  Lp=2.70e-04  Lic=4.66e-09  λp=1.06  | W=1.069(*1.50)  thetaP=0.650(*0.50)  <rel.err>=41%  [4108s]
    Adam  1700/2500  L=4.23e-04  Ld=1.47e-04  Lp=2.60e-04  Lic=3.96e-09  λp=1.06  | W=1.069(*1.50)  thetaP=0.650(*0.50)  <rel.err>=41%  [4242s]
    Adam  1800/2500  L=4.11e-04  Ld=1.41e-04  Lp=2.54e-04  Lic=4.11e-09  λp=1.06  | W=1.069(*1.50)  thetaP=0.649(*0.50)  <rel.err>=40%  [4378s]
    Adam  1900/2500  L=3.93e-04  Ld=1.36e-04  Lp=2.42e-04  Lic=3.95e-09  λp=1.06  | W=1.069(*1.50)  thetaP=0.649(*0.50)  <rel.err>=40%  [4512s]
    Adam  2000/2500  L=3.68e-04  Ld=1.32e-04  Lp=2.23e-04  Lic=3.36e-09  λp=1.06  | W=1.069(*1.50)  thetaP=0.648(*0.50)  <rel.err>=40%  [4647s]
    Adam  2100/2500  L=3.68e-04  Ld=1.29e-04  Lp=2.26e-04  Lic=3.30e-09  λp=1.06  | W=1.070(*1.50)  thetaP=0.648(*0.50)  <rel.err>=40%  [4779s]
    Adam  2200/2500  L=3.41e-04  Ld=1.26e-04  Lp=2.04e-04  Lic=3.22e-09  λp=1.05  | W=1.070(*1.50)  thetaP=0.647(*0.50)  <rel.err>=40%  [4914s]
    Adam  2300/2500  L=3.43e-04  Ld=1.25e-04  Lp=2.07e-04  Lic=2.99e-09  λp=1.05  | W=1.070(*1.50)  thetaP=0.647(*0.50)  <rel.err>=40%  [5049s]
    Adam  2400/2500  L=3.35e-04  Ld=1.24e-04  Lp=2.01e-04  Lic=3.06e-09  λp=1.05  | W=1.070(*1.50)  thetaP=0.647(*0.50)  <rel.err>=40%  [5185s]
    Adam  2500/2500  L=3.16e-04  Ld=1.23e-04  Lp=1.83e-04  Lic=2.81e-09  λp=1.05  | W=1.070(*1.50)  thetaP=0.646(*0.50)  <rel.err>=40%  [5319s]
    L-BFGS (600 steps) ...
    LBFGS   50/600  L=3.09e-04  | W=1.070(*1.50)  thetaP=0.646(*0.50)  <rel.err>=40%  [5506s]
    LBFGS  100/600  L=3.09e-04  | W=1.067(*1.50)  thetaP=0.642(*0.50)  <rel.err>=40%  [5746s]
    LBFGS  150/600  L=2.72e-04  | W=1.067(*1.50)  thetaP=0.639(*0.50)  <rel.err>=40%  [5977s]
    LBFGS  200/600  L=2.73e-04  | W=1.067(*1.50)  thetaP=0.637(*0.50)  <rel.err>=39%  [6202s]
    LBFGS  250/600  L=2.33e-04  | W=1.067(*1.50)  thetaP=0.637(*0.50)  <rel.err>=39%  [6396s]
    LBFGS  300/600  L=2.32e-04  | W=1.067(*1.50)  thetaP=0.637(*0.50)  <rel.err>=39%  [6572s]
    LBFGS  350/600  L=2.11e-04  | W=1.069(*1.50)  thetaP=0.637(*0.50)  <rel.err>=39%  [6724s]
    LBFGS  400/600  L=2.22e-04  | W=1.069(*1.50)  thetaP=0.638(*0.50)  <rel.err>=39%  [6874s]
    LBFGS  450/600  L=2.27e-04  | W=1.070(*1.50)  thetaP=0.638(*0.50)  <rel.err>=39%  [7036s]
    LBFGS  500/600  L=1.94e-04  | W=1.069(*1.50)  thetaP=0.638(*0.50)  <rel.err>=39%  [7186s]
    LBFGS  550/600  L=1.89e-04  | W=1.070(*1.50)  thetaP=0.638(*0.50)  <rel.err>=39%  [7337s]
    LBFGS  600/600  L=1.85e-04  | W=1.070(*1.50)  thetaP=0.638(*0.50)  <rel.err>=39%  [7471s]
    param-refine (500 steps, nets frozen) ...
    refine   50/500  Lp=5.51e-05  | W=0.462(*1.50)  thetaP=0.747(*0.50)  <rel.err>=66%  [7558s]
    refine  100/500  Lp=5.51e-05  | W=0.462(*1.50)  thetaP=0.747(*0.50)  <rel.err>=66%  [7567s]
    refine  150/500  Lp=5.51e-05  | W=0.462(*1.50)  thetaP=0.747(*0.50)  <rel.err>=66%  [7576s]
    refine  200/500  Lp=5.51e-05  | W=0.462(*1.50)  thetaP=0.747(*0.50)  <rel.err>=66%  [7585s]
    refine  250/500  Lp=5.51e-05  | W=0.462(*1.50)  thetaP=0.747(*0.50)  <rel.err>=66%  [7593s]
    refine  300/500  Lp=5.51e-05  | W=0.462(*1.50)  thetaP=0.747(*0.50)  <rel.err>=66%  [7602s]
    refine  350/500  Lp=5.51e-05  | W=0.462(*1.50)  thetaP=0.747(*0.50)  <rel.err>=66%  [7611s]
    refine  400/500  Lp=5.51e-05  | W=0.462(*1.50)  thetaP=0.747(*0.50)  <rel.err>=66%  [7619s]
    refine  450/500  Lp=5.51e-05  | W=0.462(*1.50)  thetaP=0.747(*0.50)  <rel.err>=66%  [7628s]
    refine  500/500  Lp=5.51e-05  | W=0.462(*1.50)  thetaP=0.747(*0.50)  <rel.err>=66%  [7637s]
  recovered W=0.462 thetaP=0.747  (7637s)

── Severe APC Loss ──
  arch 4×256  net params 207,879 × 6 cond  unknowns 36
  conditions ['ctrl', 'noATRA', 'earlyATRA', 'lateATRA', 'lowATRA', 'strongCirc']
  init guess W=1.2 thetaP=0.6 (+50% on the rest)  |  true W=2.0 thetaP=0.25
    Adam     1/2500  L=9.29e+00  Ld=1.82e+00  Lp=6.47e-01  Lic=3.40e-01  λp=1.04  | W=1.194(*2.00)  thetaP=0.599(*0.25)  <rel.err>=52%  [1s]
    Adam   100/2500  L=3.42e-02  Ld=1.82e-02  Lp=1.12e-02  Lic=2.14e-04  λp=1.04  | W=1.115(*2.00)  thetaP=0.667(*0.25)  <rel.err>=61%  [111s]
    Adam   200/2500  L=1.34e-02  Ld=3.82e-03  Lp=2.21e-03  Lic=3.55e-04  λp=1.11  | W=1.139(*2.00)  thetaP=0.667(*0.25)  <rel.err>=61%  [222s]
    Adam   300/2500  L=3.57e-03  Ld=1.91e-03  Lp=1.45e-03  Lic=2.41e-06  λp=1.11  | W=1.140(*2.00)  thetaP=0.665(*0.25)  <rel.err>=60%  [333s]
    Adam   400/2500  L=3.25e-03  Ld=1.33e-03  Lp=1.16e-03  Lic=3.24e-05  λp=1.09  | W=1.140(*2.00)  thetaP=0.664(*0.25)  <rel.err>=59%  [444s]
    Adam   500/2500  L=2.47e-03  Ld=8.57e-04  Lp=1.11e-03  Lic=2.03e-05  λp=1.09  | W=1.141(*2.00)  thetaP=0.662(*0.25)  <rel.err>=58%  [556s]
    Adam   600/2500  L=1.81e-03  Ld=6.83e-04  Lp=1.02e-03  Lic=2.90e-08  λp=1.11  | W=1.141(*2.00)  thetaP=0.660(*0.25)  <rel.err>=57%  [636s]
    Adam   700/2500  L=1.65e-03  Ld=5.94e-04  Lp=8.53e-04  Lic=5.80e-06  λp=1.11  | W=1.142(*2.00)  thetaP=0.658(*0.25)  <rel.err>=56%  [715s]
    Adam   800/2500  L=1.39e-03  Ld=5.13e-04  Lp=7.88e-04  Lic=3.04e-08  λp=1.11  | W=1.142(*2.00)  thetaP=0.656(*0.25)  <rel.err>=54%  [799s]
    Adam   900/2500  L=1.25e-03  Ld=4.57e-04  Lp=7.14e-04  Lic=3.60e-08  λp=1.11  | W=1.143(*2.00)  thetaP=0.655(*0.25)  <rel.err>=53%  [944s]
    Adam  1000/2500  L=1.09e-03  Ld=4.09e-04  Lp=6.12e-04  Lic=1.90e-08  λp=1.11  | W=1.144(*2.00)  thetaP=0.653(*0.25)  <rel.err>=52%  [1090s]
    Adam  1100/2500  L=1.03e-03  Ld=3.73e-04  Lp=5.88e-04  Lic=2.94e-08  λp=1.11  | W=1.144(*2.00)  thetaP=0.651(*0.25)  <rel.err>=51%  [1235s]
    Adam  1200/2500  L=8.96e-04  Ld=3.41e-04  Lp=4.96e-04  Lic=1.44e-08  λp=1.12  | W=1.145(*2.00)  thetaP=0.650(*0.25)  <rel.err>=50%  [1381s]
    Adam  1300/2500  L=8.34e-04  Ld=3.15e-04  Lp=4.64e-04  Lic=1.21e-08  λp=1.12  | W=1.145(*2.00)  thetaP=0.648(*0.25)  <rel.err>=50%  [1526s]
    Adam  1400/2500  L=7.32e-04  Ld=2.90e-04  Lp=3.97e-04  Lic=7.04e-09  λp=1.11  | W=1.146(*2.00)  thetaP=0.647(*0.25)  <rel.err>=49%  [1672s]
    Adam  1500/2500  L=7.17e-04  Ld=2.69e-04  Lp=4.02e-04  Lic=6.41e-09  λp=1.11  | W=1.146(*2.00)  thetaP=0.646(*0.25)  <rel.err>=49%  [1818s]
    Adam  1600/2500  L=6.42e-04  Ld=2.51e-04  Lp=3.49e-04  Lic=9.98e-09  λp=1.12  | W=1.146(*2.00)  thetaP=0.645(*0.25)  <rel.err>=48%  [1963s]
    Adam  1700/2500  L=6.12e-04  Ld=2.37e-04  Lp=3.35e-04  Lic=5.83e-09  λp=1.12  | W=1.146(*2.00)  thetaP=0.643(*0.25)  <rel.err>=48%  [2109s]
    Adam  1800/2500  L=5.90e-04  Ld=2.25e-04  Lp=3.25e-04  Lic=7.24e-09  λp=1.12  | W=1.147(*2.00)  thetaP=0.642(*0.25)  <rel.err>=48%  [2254s]
    Adam  1900/2500  L=5.63e-04  Ld=2.15e-04  Lp=3.10e-04  Lic=5.54e-09  λp=1.12  | W=1.147(*2.00)  thetaP=0.642(*0.25)  <rel.err>=48%  [2400s]
    Adam  2000/2500  L=5.22e-04  Ld=2.07e-04  Lp=2.82e-04  Lic=5.72e-09  λp=1.12  | W=1.147(*2.00)  thetaP=0.641(*0.25)  <rel.err>=48%  [2545s]
    Adam  2100/2500  L=5.20e-04  Ld=2.00e-04  Lp=2.86e-04  Lic=4.93e-09  λp=1.12  | W=1.147(*2.00)  thetaP=0.640(*0.25)  <rel.err>=48%  [2691s]
    Adam  2200/2500  L=4.81e-04  Ld=1.95e-04  Lp=2.58e-04  Lic=5.02e-09  λp=1.11  | W=1.147(*2.00)  thetaP=0.639(*0.25)  <rel.err>=47%  [2837s]
    Adam  2300/2500  L=4.83e-04  Ld=1.92e-04  Lp=2.63e-04  Lic=4.44e-09  λp=1.11  | W=1.147(*2.00)  thetaP=0.638(*0.25)  <rel.err>=47%  [2982s]
    Adam  2400/2500  L=4.73e-04  Ld=1.90e-04  Lp=2.55e-04  Lic=4.65e-09  λp=1.11  | W=1.147(*2.00)  thetaP=0.638(*0.25)  <rel.err>=47%  [3128s]
    Adam  2500/2500  L=4.42e-04  Ld=1.89e-04  Lp=2.27e-04  Lic=4.27e-09  λp=1.11  | W=1.147(*2.00)  thetaP=0.637(*0.25)  <rel.err>=47%  [3273s]
    L-BFGS (600 steps) ...
    LBFGS   50/600  L=4.62e-04  | W=1.147(*2.00)  thetaP=0.637(*0.25)  <rel.err>=47%  [3443s]
    LBFGS  100/600  L=4.32e-04  | W=1.143(*2.00)  thetaP=0.631(*0.25)  <rel.err>=47%  [3706s]
    LBFGS  150/600  L=3.38e-04  | W=1.140(*2.00)  thetaP=0.624(*0.25)  <rel.err>=47%  [4002s]
    LBFGS  200/600  L=3.35e-04  | W=1.139(*2.00)  thetaP=0.621(*0.25)  <rel.err>=47%  [4241s]
    LBFGS  250/600  L=3.15e-04  | W=1.137(*2.00)  thetaP=0.620(*0.25)  <rel.err>=47%  [4503s]
    LBFGS  300/600  L=3.43e-04  | W=1.137(*2.00)  thetaP=0.618(*0.25)  <rel.err>=46%  [4745s]
    LBFGS  350/600  L=3.10e-04  | W=1.136(*2.00)  thetaP=0.616(*0.25)  <rel.err>=46%  [4991s]
    LBFGS  400/600  L=2.89e-04  | W=1.137(*2.00)  thetaP=0.616(*0.25)  <rel.err>=46%  [5213s]
    LBFGS  450/600  L=3.27e-04  | W=1.137(*2.00)  thetaP=0.616(*0.25)  <rel.err>=46%  [5458s]
    LBFGS  500/600  L=2.76e-04  | W=1.138(*2.00)  thetaP=0.617(*0.25)  <rel.err>=46%  [5724s]
    LBFGS  550/600  L=3.26e-04  | W=1.140(*2.00)  thetaP=0.618(*0.25)  <rel.err>=46%  [5958s]
    LBFGS  600/600  L=3.11e-04  | W=1.140(*2.00)  thetaP=0.618(*0.25)  <rel.err>=46%  [6103s]
    param-refine (500 steps, nets frozen) ...
    refine   50/500  Lp=8.15e-05  | W=0.490(*2.00)  thetaP=0.725(*0.25)  <rel.err>=96%  [6207s]
    refine  100/500  Lp=8.15e-05  | W=0.490(*2.00)  thetaP=0.725(*0.25)  <rel.err>=96%  [6215s]
    refine  150/500  Lp=8.15e-05  | W=0.490(*2.00)  thetaP=0.725(*0.25)  <rel.err>=96%  [6224s]
    refine  200/500  Lp=8.15e-05  | W=0.490(*2.00)  thetaP=0.725(*0.25)  <rel.err>=96%  [6233s]
    refine  250/500  Lp=8.15e-05  | W=0.490(*2.00)  thetaP=0.725(*0.25)  <rel.err>=96%  [6241s]
    refine  300/500  Lp=8.15e-05  | W=0.490(*2.00)  thetaP=0.725(*0.25)  <rel.err>=96%  [6250s]
    refine  350/500  Lp=8.15e-05  | W=0.490(*2.00)  thetaP=0.725(*0.25)  <rel.err>=96%  [6259s]
    refine  400/500  Lp=8.15e-05  | W=0.490(*2.00)  thetaP=0.725(*0.25)  <rel.err>=96%  [6267s]
    refine  450/500  Lp=8.15e-05  | W=0.490(*2.00)  thetaP=0.725(*0.25)  <rel.err>=96%  [6276s]
    refine  500/500  Lp=8.15e-05  | W=0.490(*2.00)  thetaP=0.725(*0.25)  <rel.err>=96%  [6285s]
  recovered W=0.490 thetaP=0.725  (6285s)

[3/3] Plotting + diagnostics ...

======================================================================
Recovered parameters (inverse PINN) — rel. error %, by regime
(sorted best -> worst; worst = least-identifiable)
======================================================================
param         Normal  Early Ad  Advanced  Severe A     mean
-----------------------------------------------------------
lambdaC         0.0%      0.1%      0.4%      0.0%     0.2%
etaRC           5.4%      0.2%      7.6%     10.4%     5.9%
etaBC           5.2%      2.3%      7.7%     16.1%     7.8%
eps5           29.7%      5.6%      0.0%      1.9%     9.3%
a5              3.6%     19.4%     11.0%      7.1%    10.2%
kappaBC        24.2%     16.0%      1.3%     20.0%    15.4%
kappa13        10.6%      8.1%     31.7%     31.4%    20.5%
eps13          27.2%     28.2%     17.9%     15.5%    22.2%
rho5           38.5%     39.0%      2.5%     17.8%    24.5%
etaB13          2.2%     21.6%     21.2%     53.4%    24.6%
kappaB13       31.5%     50.3%     11.8%      6.6%    25.1%
kappaBM        21.1%     28.9%     24.4%     30.7%    26.3%
deltaP1         2.7%     31.1%     40.6%     32.1%    26.6%
etaBM           2.8%     22.3%     42.6%     51.7%    29.8%
etaM13         17.2%     19.4%     39.5%     70.3%    36.6%
rho13          68.3%     46.6%     29.1%      4.8%    37.2%
kappaRC        32.5%     31.8%     40.1%     44.9%    37.3%
epsC           81.9%     34.5%     21.7%     17.1%    38.8%
lambda5        19.4%     27.7%     50.9%     82.0%    45.0%
kappaR         73.3%     38.8%     40.9%     37.2%    47.5%
etaR           41.7%     54.4%     51.2%     46.5%    48.4%
W              15.7%     38.8%     69.2%     75.5%    49.8%
epsM           49.6%     58.2%     48.4%     48.3%    51.2%
lambdaP        40.9%     76.9%     61.2%     62.9%    60.5%
epsP          224.3%      5.5%     16.8%     15.2%    65.5%
thetaP         29.7%      2.1%     49.5%    190.1%    67.9%
kappaM13       14.3%     42.4%     62.4%    227.5%    86.7%
etaM           87.5%     91.6%     86.9%     81.4%    86.8%
eta13           5.9%     27.1%    124.0%    192.3%    87.3%
kappaM         96.5%     98.9%     98.8%     99.0%    98.3%
kappa5          6.4%     36.6%    131.7%    302.3%   119.2%
epsR          228.5%    178.0%    128.9%    118.5%   163.5%
aC             11.5%     32.5%    214.2%    399.2%   164.4%
a13           116.9%     74.3%    199.0%    311.2%   175.3%
rhoB           54.2%     27.4%    273.3%    358.2%   178.3%
aM             79.5%    188.0%    308.3%    379.4%   238.8%
-----------------------------------------------------------
1/36 parameters recovered within 5% (mean over regimes)

======================================================================
Practical identifiability — relative RHS sensitivity per parameter
(aggregated over time, 7 equations, and all conditions; higher = easier)
(sorted most -> least identifiable)
======================================================================
param        rel.sensitivity
----------------------------
etaBM                21.8261
etaBC                18.1885
W                    15.4777
lambdaC              12.3930
etaB13                9.2155
etaR                  8.9516
eta13                 7.7808
thetaP                7.7687
kappaBM               7.4725
etaRC                 7.0184
etaM                  6.6890
kappaBC               6.2271
etaM13                5.6698
kappaR                5.3464
kappaRC               4.4833
lambda5               3.9833
lambdaP               3.9316
aM                    3.6220
kappaB13              3.1550
a13                   2.1732
kappa13               2.1173
kappaM                1.9553
rho13                 1.8886
deltaP1               1.6822
kappaM13              1.5993
a5                    1.5092
rho5                  1.2899
rhoB                  1.2574
kappa5                1.2381
aC                    1.2073
epsC                  0.2110
epsR                  0.1595
epsP                  0.1289
eps13                 0.1140
eps5                  0.1097
epsM                  0.1021

==============================================================================
PARAMETER IDENTIFIABILITY — verdict per unknown (sorted best -> worst)
==============================================================================
param        rel.sens   %ofmax  recov.err  identifiable      a-priori
---------------------------------------------------------------------
lambdaC       12.3930    56.8%       0.2%           YES  identifiable
etaRC          7.0184    32.2%       5.9%      MARGINAL  identifiable
etaBC         18.1885    83.3%       7.8%      MARGINAL  identifiable
eps5           0.1097     0.5%       9.3%      MARGINAL     non-ident
a5             1.5092     6.9%      10.2%      MARGINAL  identifiable
kappaBC        6.2271    28.5%      15.4%      MARGINAL  identifiable
kappa13        2.1173     9.7%      20.5%            NO  identifiable
eps13          0.1140     0.5%      22.2%            NO     non-ident
rho5           1.2899     5.9%      24.5%            NO  identifiable
etaB13         9.2155    42.2%      24.6%            NO  identifiable
kappaB13       3.1550    14.5%      25.1%            NO  identifiable
kappaBM        7.4725    34.2%      26.3%            NO  identifiable
deltaP1        1.6822     7.7%      26.6%            NO  identifiable
etaBM         21.8261   100.0%      29.8%            NO  identifiable
etaM13         5.6698    26.0%      36.6%            NO  identifiable
rho13          1.8886     8.7%      37.2%            NO  identifiable
kappaRC        4.4833    20.5%      37.3%            NO  identifiable
epsC           0.2110     1.0%      38.8%            NO     non-ident
lambda5        3.9833    18.2%      45.0%            NO  identifiable
kappaR         5.3464    24.5%      47.5%            NO  identifiable
etaR           8.9516    41.0%      48.4%            NO  identifiable
W             15.4777    70.9%      49.8%            NO  identifiable
epsM           0.1021     0.5%      51.2%            NO     non-ident
lambdaP        3.9316    18.0%      60.5%            NO  identifiable
epsP           0.1289     0.6%      65.5%            NO     non-ident
thetaP         7.7687    35.6%      67.9%            NO  identifiable
kappaM13       1.5993     7.3%      86.7%            NO  identifiable
etaM           6.6890    30.6%      86.8%            NO  identifiable
eta13          7.7808    35.6%      87.3%            NO  identifiable
kappaM         1.9553     9.0%      98.3%            NO  identifiable
kappa5         1.2381     5.7%     119.2%            NO  identifiable
epsR           0.1595     0.7%     163.5%            NO     non-ident
aC             1.2073     5.5%     164.4%            NO  identifiable
a13            2.1732    10.0%     175.3%            NO  identifiable
rhoB           1.2574     5.8%     178.3%            NO  identifiable
aM             3.6220    16.6%     238.8%            NO  identifiable
---------------------------------------------------------------------
1 identifiable (<5%) | 5 marginal (5-20%) | 30 not identifiable (>20%)  of 36
wrote ./identifiability.csv and identifiability.json
