============================================================
Forward PINN - 7-ODE Reduced WNT-RA-HOX Model
Device : cuda
GPU    : NVIDIA RTX PRO 6000 Blackwell Server Edition
VRAM   : 102.0 GB
Threads: 48
============================================================

[1/3] Reference solutions (scipy Radau) ...
  Normal                t=[0, 150]  shape=(5000, 7)
  Early adenoma         t=[0, 150]  shape=(5000, 7)
  Cancer-like           t=[0, 150]  shape=(5000, 7)
  Strong APC-mutant     t=[0, 150]  shape=(5000, 7)

[2/3] Training PINNs ...

── Normal ──
  arch 4×256  params 207,879
    Adam     1/5000  L=9.30e-01  Ld=8.31e-01  Lp=1.16e+00  lr=1.0e-03  [1s]
    Adam   250/5000  L=1.41e-03  Ld=1.45e-03  Lp=1.30e-03  lr=9.9e-04  [120s]
    Adam   500/5000  L=1.32e-04  Ld=9.63e-05  Lp=2.17e-04  lr=9.8e-04  [239s]
    Adam   750/5000  L=7.62e-05  Ld=5.43e-05  Lp=1.27e-04  lr=9.5e-04  [358s]
    Adam  1000/5000  L=5.32e-05  Ld=4.12e-05  Lp=8.12e-05  lr=9.0e-04  [478s]
    Adam  1250/5000  L=4.05e-05  Ld=3.50e-05  Lp=5.33e-05  lr=8.5e-04  [597s]
    Adam  1500/5000  L=3.40e-05  Ld=3.17e-05  Lp=3.96e-05  lr=7.9e-04  [716s]
    Adam  1750/5000  L=3.09e-05  Ld=2.91e-05  Lp=3.53e-05  lr=7.3e-04  [836s]
    Adam  2000/5000  L=2.81e-05  Ld=2.71e-05  Lp=3.04e-05  lr=6.5e-04  [955s]
    Adam  2250/5000  L=2.64e-05  Ld=2.55e-05  Lp=2.86e-05  lr=5.8e-04  [1074s]
    Adam  2500/5000  L=2.53e-05  Ld=2.44e-05  Lp=2.74e-05  lr=5.0e-04  [1193s]
    Adam  2750/5000  L=2.41e-05  Ld=2.33e-05  Lp=2.59e-05  lr=4.2e-04  [1313s]
    Adam  3000/5000  L=2.37e-05  Ld=2.23e-05  Lp=2.71e-05  lr=3.5e-04  [1432s]
    Adam  3250/5000  L=2.26e-05  Ld=2.14e-05  Lp=2.53e-05  lr=2.7e-04  [1551s]
    Adam  3500/5000  L=2.19e-05  Ld=2.06e-05  Lp=2.48e-05  lr=2.1e-04  [1671s]
    Adam  3750/5000  L=2.12e-05  Ld=2.01e-05  Lp=2.39e-05  lr=1.5e-04  [1790s]
    Adam  4000/5000  L=2.08e-05  Ld=1.97e-05  Lp=2.35e-05  lr=9.6e-05  [1909s]
    Adam  4250/5000  L=1.96e-05  Ld=1.94e-05  Lp=2.01e-05  lr=5.5e-05  [2029s]
    Adam  4500/5000  L=2.03e-05  Ld=1.92e-05  Lp=2.28e-05  lr=2.5e-05  [2148s]
    Adam  4750/5000  L=2.00e-05  Ld=1.91e-05  Lp=2.20e-05  lr=7.1e-06  [2267s]
    Adam  5000/5000  L=1.97e-05  Ld=1.91e-05  Lp=2.13e-05  lr=1.0e-06  [2386s]
    L-BFGS (500 steps, 10000 colloc) ...
    LBFGS  100/500  L=2.03e-05  [2399s]
    LBFGS  200/500  L=2.03e-05  [2413s]
    LBFGS  300/500  L=1.92e-05  [2433s]
    LBFGS  400/500  L=2.04e-05  [2530s]
    LBFGS  500/500  L=1.55e-05  [2637s]
  done  (2637s total)

── Early adenoma ──
  arch 4×256  params 207,879
    Adam     1/5000  L=1.16e+00  Ld=1.14e+00  Lp=1.21e+00  lr=1.0e-03  [0s]
    Adam   250/5000  L=1.11e-03  Ld=1.02e-03  Lp=1.32e-03  lr=9.9e-04  [119s]
    Adam   500/5000  L=5.97e-04  Ld=5.56e-04  Lp=6.92e-04  lr=9.8e-04  [239s]
    Adam   750/5000  L=1.50e-04  Ld=1.11e-04  Lp=2.39e-04  lr=9.5e-04  [358s]
    Adam  1000/5000  L=6.62e-05  Ld=4.57e-05  Lp=1.14e-04  lr=9.0e-04  [477s]
    Adam  1250/5000  L=4.31e-05  Ld=3.18e-05  Lp=6.96e-05  lr=8.5e-04  [596s]
    Adam  1500/5000  L=3.26e-05  Ld=2.63e-05  Lp=4.75e-05  lr=7.9e-04  [716s]
    Adam  1750/5000  L=2.77e-05  Ld=2.28e-05  Lp=3.91e-05  lr=7.3e-04  [835s]
    Adam  2000/5000  L=2.39e-05  Ld=2.04e-05  Lp=3.21e-05  lr=6.5e-04  [954s]
    Adam  2250/5000  L=2.17e-05  Ld=1.87e-05  Lp=2.85e-05  lr=5.8e-04  [1074s]
    Adam  2500/5000  L=2.01e-05  Ld=1.76e-05  Lp=2.59e-05  lr=5.0e-04  [1193s]
    Adam  2750/5000  L=1.87e-05  Ld=1.66e-05  Lp=2.36e-05  lr=4.2e-04  [1312s]
    Adam  3000/5000  L=1.81e-05  Ld=1.58e-05  Lp=2.35e-05  lr=3.5e-04  [1432s]
    Adam  3250/5000  L=1.70e-05  Ld=1.51e-05  Lp=2.13e-05  lr=2.7e-04  [1551s]
    Adam  3500/5000  L=1.63e-05  Ld=1.46e-05  Lp=2.03e-05  lr=2.1e-04  [1670s]
    Adam  3750/5000  L=1.58e-05  Ld=1.43e-05  Lp=1.93e-05  lr=1.5e-04  [1789s]
    Adam  4000/5000  L=1.54e-05  Ld=1.40e-05  Lp=1.86e-05  lr=9.6e-05  [1909s]
    Adam  4250/5000  L=1.45e-05  Ld=1.38e-05  Lp=1.61e-05  lr=5.5e-05  [2028s]
    Adam  4500/5000  L=1.50e-05  Ld=1.37e-05  Lp=1.78e-05  lr=2.5e-05  [2147s]
    Adam  4750/5000  L=1.48e-05  Ld=1.37e-05  Lp=1.74e-05  lr=7.1e-06  [2267s]
    Adam  5000/5000  L=1.46e-05  Ld=1.37e-05  Lp=1.69e-05  lr=1.0e-06  [2386s]
    L-BFGS (500 steps, 10000 colloc) ...
    LBFGS  100/500  L=1.58e-05  [2400s]
    LBFGS  200/500  L=1.51e-05  [2411s]
    LBFGS  300/500  L=1.49e-05  [2423s]
    LBFGS  400/500  L=1.44e-05  [2435s]
    LBFGS  500/500  L=1.48e-05  [2446s]
  done  (2446s total)

── Cancer-like ──
  arch 4×256  params 207,879
    Adam     1/5000  L=1.47e+00  Ld=1.50e+00  Lp=1.39e+00  lr=1.0e-03  [0s]
    Adam   250/5000  L=1.28e-03  Ld=1.06e-03  Lp=1.79e-03  lr=9.9e-04  [119s]
    Adam   500/5000  L=6.59e-04  Ld=5.75e-04  Lp=8.56e-04  lr=9.8e-04  [239s]
    Adam   750/5000  L=3.92e-04  Ld=3.43e-04  Lp=5.04e-04  lr=9.5e-04  [358s]
    Adam  1000/5000  L=1.61e-04  Ld=1.22e-04  Lp=2.52e-04  lr=9.0e-04  [477s]
    Adam  1250/5000  L=8.13e-05  Ld=6.56e-05  Lp=1.18e-04  lr=8.5e-04  [597s]
    Adam  1500/5000  L=5.42e-05  Ld=4.81e-05  Lp=6.83e-05  lr=7.9e-04  [716s]
    Adam  1750/5000  L=4.51e-05  Ld=4.03e-05  Lp=5.65e-05  lr=7.3e-04  [835s]
    Adam  2000/5000  L=3.91e-05  Ld=3.56e-05  Lp=4.74e-05  lr=6.5e-04  [954s]
    Adam  2250/5000  L=3.56e-05  Ld=3.21e-05  Lp=4.39e-05  lr=5.8e-04  [1074s]
    Adam  2500/5000  L=3.32e-05  Ld=2.98e-05  Lp=4.11e-05  lr=5.0e-04  [1193s]
    Adam  2750/5000  L=3.07e-05  Ld=2.75e-05  Lp=3.80e-05  lr=4.2e-04  [1312s]
    Adam  3000/5000  L=2.97e-05  Ld=2.55e-05  Lp=3.94e-05  lr=3.5e-04  [1432s]
    Adam  3250/5000  L=2.75e-05  Ld=2.39e-05  Lp=3.58e-05  lr=2.7e-04  [1551s]
    Adam  3500/5000  L=2.63e-05  Ld=2.25e-05  Lp=3.50e-05  lr=2.1e-04  [1670s]
    Adam  3750/5000  L=2.52e-05  Ld=2.16e-05  Lp=3.38e-05  lr=1.5e-04  [1790s]
    Adam  4000/5000  L=2.44e-05  Ld=2.08e-05  Lp=3.30e-05  lr=9.6e-05  [1909s]
    Adam  4250/5000  L=2.22e-05  Ld=2.03e-05  Lp=2.67e-05  lr=5.5e-05  [2028s]
    Adam  4500/5000  L=2.35e-05  Ld=2.00e-05  Lp=3.17e-05  lr=2.5e-05  [2147s]
    Adam  4750/5000  L=2.33e-05  Ld=1.98e-05  Lp=3.13e-05  lr=7.1e-06  [2267s]
    Adam  5000/5000  L=2.27e-05  Ld=1.98e-05  Lp=2.94e-05  lr=1.0e-06  [2386s]
    L-BFGS (500 steps, 10000 colloc) ...
    LBFGS  100/500  L=2.40e-05  [2400s]
    LBFGS  200/500  L=2.26e-05  [2411s]
    LBFGS  300/500  L=2.52e-05  [2423s]
    LBFGS  400/500  L=2.34e-05  [2434s]
    LBFGS  500/500  L=2.28e-05  [2446s]
  done  (2446s total)

── Strong APC-mutant ──
  arch 4×256  params 207,879
    Adam     1/5000  L=1.78e+00  Ld=1.83e+00  Lp=1.64e+00  lr=1.0e-03  [0s]
    Adam   250/5000  L=1.54e-03  Ld=1.26e-03  Lp=2.20e-03  lr=9.9e-04  [119s]
    Adam   500/5000  L=7.29e-04  Ld=5.76e-04  Lp=1.08e-03  lr=9.8e-04  [239s]
    Adam   750/5000  L=3.77e-04  Ld=3.30e-04  Lp=4.89e-04  lr=9.5e-04  [358s]
    Adam  1000/5000  L=1.67e-04  Ld=1.39e-04  Lp=2.32e-04  lr=9.0e-04  [477s]
    Adam  1250/5000  L=9.14e-05  Ld=8.57e-05  Lp=1.05e-04  lr=8.5e-04  [597s]
    Adam  1500/5000  L=7.19e-05  Ld=7.04e-05  Lp=7.53e-05  lr=7.9e-04  [716s]
    Adam  1750/5000  L=6.48e-05  Ld=6.28e-05  Lp=6.93e-05  lr=7.3e-04  [835s]
    Adam  2000/5000  L=5.90e-05  Ld=5.81e-05  Lp=6.11e-05  lr=6.5e-04  [954s]
    Adam  2250/5000  L=5.53e-05  Ld=5.42e-05  Lp=5.80e-05  lr=5.8e-04  [1074s]
    Adam  2500/5000  L=5.30e-05  Ld=5.20e-05  Lp=5.53e-05  lr=5.0e-04  [1193s]
    Adam  2750/5000  L=5.03e-05  Ld=4.97e-05  Lp=5.15e-05  lr=4.2e-04  [1312s]
    Adam  3000/5000  L=4.97e-05  Ld=4.77e-05  Lp=5.45e-05  lr=3.5e-04  [1432s]
    Adam  3250/5000  L=4.70e-05  Ld=4.59e-05  Lp=4.94e-05  lr=2.7e-04  [1551s]
    Adam  3500/5000  L=4.56e-05  Ld=4.43e-05  Lp=4.86e-05  lr=2.1e-04  [1670s]
    Adam  3750/5000  L=4.45e-05  Ld=4.32e-05  Lp=4.76e-05  lr=1.5e-04  [1790s]
    Adam  4000/5000  L=4.35e-05  Ld=4.21e-05  Lp=4.68e-05  lr=9.6e-05  [1909s]
    Adam  4250/5000  L=4.00e-05  Ld=4.15e-05  Lp=3.66e-05  lr=5.5e-05  [2028s]
    Adam  4500/5000  L=4.23e-05  Ld=4.11e-05  Lp=4.51e-05  lr=2.5e-05  [2147s]
    Adam  4750/5000  L=4.19e-05  Ld=4.09e-05  Lp=4.43e-05  lr=7.1e-06  [2267s]
    Adam  5000/5000  L=4.09e-05  Ld=4.08e-05  Lp=4.10e-05  lr=1.0e-06  [2386s]
    L-BFGS (500 steps, 10000 colloc) ...
    LBFGS  100/500  L=3.73e-05  [2486s]
    LBFGS  200/500  L=2.19e-05  [2597s]
    LBFGS  300/500  L=1.96e-05  [2708s]
    LBFGS  400/500  L=1.59e-05  [2818s]
    LBFGS  500/500  L=9.41e-06  [2920s]
  done  (2920s total)

[3/3] Plotting ...

======================================================================
Final values & stemness
======================================================================

Normal
  $\beta$-catenin  0.7117
  APC              0.4003
  HOXA5            0.3383
  HOXA13           1.2669
  MYC              1.0819
  RA               0.1734
  CYP26A1          1.4757
  Stemness         0.8610
  Min S (ATRA)    0.3413
  Mean S (ATRA)   0.3670

Early adenoma
  $\beta$-catenin  1.0648
  APC              0.1776
  HOXA5            0.3125
  HOXA13           1.4349
  MYC              1.2850
  RA               0.1603
  CYP26A1          1.6796
  Stemness         1.6774
  Min S (ATRA)    0.9192
  Mean S (ATRA)   0.9520

Cancer-like
  $\beta$-catenin  1.5929
  APC              0.1040
  HOXA5            0.2987
  HOXA13           1.5296
  MYC              1.4084
  RA               0.1527
  CYP26A1          1.8036
  Stemness         2.8104
  Min S (ATRA)    1.7791
  Mean S (ATRA)   1.8222

Strong APC-mutant
  $\beta$-catenin  2.1162
  APC              0.0680
  HOXA5            0.2947
  HOXA13           1.5718
  MYC              1.4558
  RA               0.1504
  CYP26A1          1.8554
  Stemness         3.9360
  Min S (ATRA)    2.6390
  Mean S (ATRA)   2.6926
