=== regime=Cancer-like  variant=integral  knobs={'rel_weight': True, 'colloc_mode': 'fixed', 'residual_mode': 'integral', 'activation': 'gelu', 'n_starts': 2} ===
  [Canc#0] arch 4x256 act=gelu net 207,879x10cond  rel_w=True colloc=fixed res=integral
    [Canc#0] Adam     1/2000  L=8.80e+00  Ld=5.63e-01  Lp=3.24e-04  Lic=4.12e-01  lp=9.84 | W=1.194(*1.50)  thetaP=0.599(*0.50)  <rel.err>=48% [1s]
    [Canc#0] Adam   200/2000  L=6.72e-03  Ld=6.21e-03  Lp=1.19e-05  Lic=1.99e-05  lp=9.37 | W=1.038(*1.50)  thetaP=0.684(*0.50)  <rel.err>=58% [138s]
    [Canc#0] Adam   400/2000  L=1.20e-03  Ld=1.10e-03  Lp=1.63e-06  Lic=4.52e-06  lp=9.66 | W=1.031(*1.50)  thetaP=0.680(*0.50)  <rel.err>=53% [276s]
    [Canc#0] Adam   600/2000  L=5.66e-04  Ld=5.50e-04  Lp=8.29e-07  Lic=3.22e-07  lp=10.87 | W=1.031(*1.50)  thetaP=0.675(*0.50)  <rel.err>=50% [413s]
    [Canc#0] Adam   800/2000  L=3.87e-04  Ld=3.80e-04  Lp=5.56e-07  Lic=2.42e-09  lp=11.94 | W=1.033(*1.50)  thetaP=0.672(*0.50)  <rel.err>=48% [551s]
    [Canc#0] Adam  1000/2000  L=3.05e-04  Ld=3.00e-04  Lp=4.25e-07  Lic=1.87e-09  lp=12.81 | W=1.036(*1.50)  thetaP=0.670(*0.50)  <rel.err>=48% [688s]
    [Canc#0] Adam  1200/2000  L=2.61e-04  Ld=2.56e-04  Lp=3.57e-07  Lic=1.58e-09  lp=13.48 | W=1.039(*1.50)  thetaP=0.669(*0.50)  <rel.err>=47% [826s]
    [Canc#0] Adam  1400/2000  L=2.37e-04  Ld=2.32e-04  Lp=3.19e-07  Lic=1.42e-09  lp=14.03 | W=1.041(*1.50)  thetaP=0.669(*0.50)  <rel.err>=47% [963s]
    [Canc#0] Adam  1600/2000  L=2.24e-04  Ld=2.20e-04  Lp=2.96e-07  Lic=1.33e-09  lp=14.52 | W=1.044(*1.50)  thetaP=0.668(*0.50)  <rel.err>=46% [1101s]
    [Canc#0] Adam  1800/2000  L=2.19e-04  Ld=2.15e-04  Lp=2.82e-07  Lic=1.30e-09  lp=14.99 | W=1.046(*1.50)  thetaP=0.667(*0.50)  <rel.err>=45% [1238s]
    [Canc#0] Adam  2000/2000  L=2.18e-04  Ld=2.14e-04  Lp=2.74e-07  Lic=1.29e-09  lp=15.46 | W=1.048(*1.50)  thetaP=0.667(*0.50)  <rel.err>=45% [1376s]
    [Canc#0] L-BFGS (150) ...
    [Canc#0] LBFGS   50/150  L=7.88e-05 | W=1.086(*1.50)  thetaP=0.652(*0.50)  <rel.err>=46% [1999s]
    [Canc#0] LBFGS  100/150  L=3.31e-05 | W=1.049(*1.50)  thetaP=0.653(*0.50)  <rel.err>=31% [2623s]
    [Canc#0] LBFGS  150/150  L=1.95e-05 | W=0.960(*1.50)  thetaP=0.652(*0.50)  <rel.err>=28% [3250s]
    [Canc#0] param-refine (600, frozen, integral) ...
    [Canc#0] refine   50/600  Lp=2.50e-08  under10%=10/36 | W=0.960(*1.50)  thetaP=0.652(*0.50)  <rel.err>=28% [3253s]
    [Canc#0] refine  100/600  Lp=2.50e-08  under10%=10/36 | W=0.960(*1.50)  thetaP=0.652(*0.50)  <rel.err>=28% [3256s]
    [Canc#0] refine  150/600  Lp=2.50e-08  under10%=10/36 | W=0.960(*1.50)  thetaP=0.652(*0.50)  <rel.err>=28% [3260s]
    [Canc#0] refine  200/600  Lp=2.50e-08  under10%=10/36 | W=0.960(*1.50)  thetaP=0.652(*0.50)  <rel.err>=28% [3263s]
    [Canc#0] refine  250/600  Lp=2.50e-08  under10%=10/36 | W=0.960(*1.50)  thetaP=0.652(*0.50)  <rel.err>=28% [3267s]
    [Canc#0] refine  300/600  Lp=2.50e-08  under10%=10/36 | W=0.960(*1.50)  thetaP=0.652(*0.50)  <rel.err>=28% [3271s]
    [Canc#0] refine  350/600  Lp=2.50e-08  under10%=10/36 | W=0.960(*1.50)  thetaP=0.652(*0.50)  <rel.err>=28% [3274s]
    [Canc#0] refine  400/600  Lp=2.50e-08  under10%=10/36 | W=0.960(*1.50)  thetaP=0.652(*0.50)  <rel.err>=28% [3278s]
    [Canc#0] refine  450/600  Lp=2.50e-08  under10%=10/36 | W=0.960(*1.50)  thetaP=0.652(*0.50)  <rel.err>=28% [3282s]
    [Canc#0] refine  500/600  Lp=2.50e-08  under10%=10/36 | W=0.960(*1.50)  thetaP=0.652(*0.50)  <rel.err>=28% [3286s]
    [Canc#0] refine  550/600  Lp=2.50e-08  under10%=10/36 | W=0.960(*1.50)  thetaP=0.652(*0.50)  <rel.err>=28% [3290s]
    [Canc#0] refine  600/600  Lp=2.50e-08  under10%=10/36 | W=0.960(*1.50)  thetaP=0.652(*0.50)  <rel.err>=28% [3294s]
  [Canc#0] done  under10%=10/36  phys=2.50e-08  W=0.960 thetaP=0.652  (3295s)
  >> Cancer-like start 0: under10%=10/36 phys=2.50e-08  (best so far under10%=10/36 phys=2.50e-08)
  [Canc#1] arch 4x256 act=gelu net 207,879x10cond  rel_w=True colloc=fixed res=integral
    [Canc#1] Adam     1/2000  L=8.80e+00  Ld=5.59e-01  Lp=3.11e-04  Lic=4.12e-01  lp=10.17 | W=1.608(*1.50)  thetaP=0.405(*0.50)  <rel.err>=52% [1s]
    [Canc#1] Adam   200/2000  L=6.89e-03  Ld=6.74e-03  Lp=1.12e-05  Lic=1.96e-06  lp=10.14 | W=1.416(*1.50)  thetaP=0.509(*0.50)  <rel.err>=61% [137s]
    [Canc#1] Adam   400/2000  L=1.28e-03  Ld=1.23e-03  Lp=1.65e-06  Lic=1.56e-06  lp=11.73 | W=1.393(*1.50)  thetaP=0.510(*0.50)  <rel.err>=56% [274s]
    [Canc#1] Adam   600/2000  L=5.95e-04  Ld=5.83e-04  Lp=8.45e-07  Lic=4.17e-08  lp=13.09 | W=1.388(*1.50)  thetaP=0.507(*0.50)  <rel.err>=52% [412s]
    [Canc#1] Adam   800/2000  L=3.95e-04  Ld=3.87e-04  Lp=6.02e-07  Lic=3.46e-09  lp=14.19 | W=1.385(*1.50)  thetaP=0.505(*0.50)  <rel.err>=50% [549s]
    [Canc#1] Adam  1000/2000  L=3.07e-04  Ld=2.99e-04  Lp=4.85e-07  Lic=2.39e-09  lp=15.10 | W=1.383(*1.50)  thetaP=0.503(*0.50)  <rel.err>=48% [687s]
    [Canc#1] Adam  1200/2000  L=2.59e-04  Ld=2.52e-04  Lp=4.20e-07  Lic=1.88e-09  lp=15.80 | W=1.382(*1.50)  thetaP=0.502(*0.50)  <rel.err>=48% [824s]
    [Canc#1] Adam  1400/2000  L=2.32e-04  Ld=2.25e-04  Lp=3.82e-07  Lic=1.61e-09  lp=16.34 | W=1.381(*1.50)  thetaP=0.501(*0.50)  <rel.err>=48% [962s]
    [Canc#1] Adam  1600/2000  L=2.18e-04  Ld=2.12e-04  Lp=3.60e-07  Lic=1.47e-09  lp=16.79 | W=1.381(*1.50)  thetaP=0.501(*0.50)  <rel.err>=47% [1103s]
    [Canc#1] Adam  1800/2000  L=2.12e-04  Ld=2.06e-04  Lp=3.46e-07  Lic=1.42e-09  lp=17.18 | W=1.381(*1.50)  thetaP=0.500(*0.50)  <rel.err>=47% [1240s]
    [Canc#1] Adam  2000/2000  L=2.11e-04  Ld=2.05e-04  Lp=3.38e-07  Lic=1.41e-09  lp=17.56 | W=1.381(*1.50)  thetaP=0.499(*0.50)  <rel.err>=46% [1374s]
    [Canc#1] L-BFGS (150) ...
