=== regime=Early Adenoma  variant=control  hybrid_term=None  n_unknown=36  knobs={'rel_weight': True, 'colloc_mode': 'fixed', 'residual_mode': 'integral', 'activation': 'gelu', 'n_starts': 3} ===
  [Earl#0] arch 4x256 act=gelu net 207,879x12cond  rel_w=True colloc=fixed res=integral
  [Earl#0] hybrid term=None param=gated (2x5 tanh, constraint=anchored, wd=1e-08) 0 trainable weights frozen=False | recovering 36 mechanistic params
    [Earl#0] Adam     1/2000  L=9.11e+00  Ld=5.36e-01  Lp=2.91e-04  Lic=4.29e-01  L2=0.00e+00  lp=10.40 | W=1.194(*1.00)  thetaP=0.599(*0.75)  <rel.err>=48% [2s]
    [Earl#0] Adam   200/2000  L=8.54e-03  Ld=8.42e-03  Lp=9.65e-06  Lic=8.07e-07  L2=0.00e+00  lp=11.01 | W=0.743(*1.00)  thetaP=0.681(*0.75)  <rel.err>=55% [174s]
    [Earl#0] Adam   400/2000  L=1.06e-03  Ld=1.04e-03  Lp=1.46e-06  Lic=3.92e-07  L2=0.00e+00  lp=11.73 | W=0.761(*1.00)  thetaP=0.672(*0.75)  <rel.err>=48% [343s]
    [Earl#0] Adam   600/2000  L=5.87e-04  Ld=5.76e-04  Lp=8.55e-07  Lic=2.61e-08  L2=0.00e+00  lp=12.05 | W=0.780(*1.00)  thetaP=0.673(*0.75)  <rel.err>=46% [485s]
    [Earl#0] Adam   800/2000  L=4.21e-04  Ld=4.14e-04  Lp=6.20e-07  Lic=4.50e-09  L2=0.00e+00  lp=12.34 | W=0.792(*1.00)  thetaP=0.674(*0.75)  <rel.err>=44% [622s]
    [Earl#0] Adam  1000/2000  L=3.32e-04  Ld=3.26e-04  Lp=4.92e-07  Lic=3.35e-09  L2=0.00e+00  lp=12.61 | W=0.802(*1.00)  thetaP=0.674(*0.75)  <rel.err>=44% [782s]
    [Earl#0] Adam  1200/2000  L=2.81e-04  Ld=2.76e-04  Lp=4.19e-07  Lic=2.72e-09  L2=0.00e+00  lp=12.87 | W=0.810(*1.00)  thetaP=0.674(*0.75)  <rel.err>=44% [934s]
    [Earl#0] Adam  1400/2000  L=2.52e-04  Ld=2.47e-04  Lp=3.77e-07  Lic=2.37e-09  L2=0.00e+00  lp=13.12 | W=0.819(*1.00)  thetaP=0.674(*0.75)  <rel.err>=43% [1071s]
    [Earl#0] Adam  1600/2000  L=2.37e-04  Ld=2.32e-04  Lp=3.54e-07  Lic=2.18e-09  L2=0.00e+00  lp=13.37 | W=0.826(*1.00)  thetaP=0.674(*0.75)  <rel.err>=43% [1210s]
    [Earl#0] Adam  1800/2000  L=2.31e-04  Ld=2.26e-04  Lp=3.41e-07  Lic=2.11e-09  L2=0.00e+00  lp=13.65 | W=0.832(*1.00)  thetaP=0.674(*0.75)  <rel.err>=43% [1360s]
    [Earl#0] Adam  2000/2000  L=2.30e-04  Ld=2.25e-04  Lp=3.34e-07  Lic=2.10e-09  L2=0.00e+00  lp=13.96 | W=0.838(*1.00)  thetaP=0.674(*0.75)  <rel.err>=43% [2833s]
    [Earl#0] L-BFGS (150) ...
    [Earl#0] LBFGS   50/150  L=8.79e-05 | W=0.912(*1.00)  thetaP=0.676(*0.75)  <rel.err>=45% [5121s]
    [Earl#0] LBFGS  100/150  L=4.15e-05 | W=0.909(*1.00)  thetaP=0.696(*0.75)  <rel.err>=25% [5687s]
    [Earl#0] LBFGS  150/150  L=2.54e-05 | W=0.910(*1.00)  thetaP=0.711(*0.75)  <rel.err>=22% [6251s]
    [Earl#0] param-refine (600, frozen, integral) ...
    [Earl#0] refine   50/600  Lp+L2=3.49e-08  L2=0.00e+00  <f_NN>=-  under10%=18/36 | W=0.910(*1.00)  thetaP=0.711(*0.75)  <rel.err>=22% [6255s]
    [Earl#0] refine  100/600  Lp+L2=3.49e-08  L2=0.00e+00  <f_NN>=-  under10%=18/36 | W=0.910(*1.00)  thetaP=0.711(*0.75)  <rel.err>=22% [6259s]
    [Earl#0] refine  150/600  Lp+L2=3.49e-08  L2=0.00e+00  <f_NN>=-  under10%=18/36 | W=0.910(*1.00)  thetaP=0.711(*0.75)  <rel.err>=22% [6263s]
    [Earl#0] refine  200/600  Lp+L2=3.49e-08  L2=0.00e+00  <f_NN>=-  under10%=18/36 | W=0.910(*1.00)  thetaP=0.711(*0.75)  <rel.err>=22% [6267s]
    [Earl#0] refine  250/600  Lp+L2=3.49e-08  L2=0.00e+00  <f_NN>=-  under10%=18/36 | W=0.910(*1.00)  thetaP=0.711(*0.75)  <rel.err>=22% [6271s]
    [Earl#0] refine  300/600  Lp+L2=3.49e-08  L2=0.00e+00  <f_NN>=-  under10%=18/36 | W=0.910(*1.00)  thetaP=0.711(*0.75)  <rel.err>=22% [6276s]
    [Earl#0] refine  350/600  Lp+L2=3.49e-08  L2=0.00e+00  <f_NN>=-  under10%=18/36 | W=0.910(*1.00)  thetaP=0.711(*0.75)  <rel.err>=22% [6280s]
    [Earl#0] refine  400/600  Lp+L2=3.49e-08  L2=0.00e+00  <f_NN>=-  under10%=18/36 | W=0.910(*1.00)  thetaP=0.711(*0.75)  <rel.err>=22% [6284s]
    [Earl#0] refine  450/600  Lp+L2=3.49e-08  L2=0.00e+00  <f_NN>=-  under10%=18/36 | W=0.910(*1.00)  thetaP=0.711(*0.75)  <rel.err>=22% [6289s]
    [Earl#0] refine  500/600  Lp+L2=3.49e-08  L2=0.00e+00  <f_NN>=-  under10%=18/36 | W=0.910(*1.00)  thetaP=0.711(*0.75)  <rel.err>=22% [6294s]
    [Earl#0] refine  550/600  Lp+L2=3.49e-08  L2=0.00e+00  <f_NN>=-  under10%=18/36 | W=0.910(*1.00)  thetaP=0.711(*0.75)  <rel.err>=22% [6298s]
    [Earl#0] refine  600/600  Lp+L2=3.49e-08  L2=0.00e+00  <f_NN>=-  under10%=18/36 | W=0.910(*1.00)  thetaP=0.711(*0.75)  <rel.err>=22% [6303s]
  [Earl#0] done  under10%=18/36  phys=3.49e-08  W=0.910 thetaP=0.711  (6304s)
  >> Early Adenoma start 0: under10%=18/36 phys=3.49e-08  (best so far under10%=18/36 phys=3.49e-08)
  [Earl#1] arch 4x256 act=gelu net 207,879x12cond  rel_w=True colloc=fixed res=integral
  [Earl#1] hybrid term=None param=gated (2x5 tanh, constraint=anchored, wd=1e-08) 0 trainable weights frozen=False | recovering 36 mechanistic params
    [Earl#1] Adam     1/2000  L=9.11e+00  Ld=5.31e-01  Lp=3.01e-04  Lic=4.29e-01  L2=0.00e+00  lp=10.44 | W=1.608(*1.00)  thetaP=0.405(*0.75)  <rel.err>=54% [1s]
    [Earl#1] Adam   200/2000  L=9.04e-03  Ld=8.85e-03  Lp=1.19e-05  Lic=2.16e-06  L2=0.00e+00  lp=11.51 | W=1.025(*1.00)  thetaP=0.516(*0.75)  <rel.err>=60% [151s]
    [Earl#1] Adam   400/2000  L=1.10e-03  Ld=1.07e-03  Lp=1.47e-06  Lic=3.24e-07  L2=0.00e+00  lp=12.52 | W=0.985(*1.00)  thetaP=0.515(*0.75)  <rel.err>=54% [286s]
    [Earl#1] Adam   600/2000  L=5.61e-04  Ld=5.44e-04  Lp=8.51e-07  Lic=2.81e-07  L2=0.00e+00  lp=12.78 | W=0.976(*1.00)  thetaP=0.516(*0.75)  <rel.err>=51% [429s]
    [Earl#1] Adam   800/2000  L=3.87e-04  Ld=3.79e-04  Lp=6.48e-07  Lic=4.84e-09  L2=0.00e+00  lp=12.87 | W=0.973(*1.00)  thetaP=0.517(*0.75)  <rel.err>=51% [599s]
    [Earl#1] Adam  1000/2000  L=3.08e-04  Ld=3.01e-04  Lp=5.42e-07  Lic=3.64e-09  L2=0.00e+00  lp=12.95 | W=0.968(*1.00)  thetaP=0.518(*0.75)  <rel.err>=50% [739s]
    [Earl#1] Adam  1200/2000  L=2.66e-04  Ld=2.60e-04  Lp=4.80e-07  Lic=3.02e-09  L2=0.00e+00  lp=13.08 | W=0.964(*1.00)  thetaP=0.519(*0.75)  <rel.err>=50% [883s]
    [Earl#1] Adam  1400/2000  L=2.43e-04  Ld=2.37e-04  Lp=4.43e-07  Lic=2.69e-09  L2=0.00e+00  lp=13.28 | W=0.960(*1.00)  thetaP=0.519(*0.75)  <rel.err>=49% [1039s]
    [Earl#1] Adam  1600/2000  L=2.31e-04  Ld=2.25e-04  Lp=4.22e-07  Lic=2.52e-09  L2=0.00e+00  lp=13.55 | W=0.957(*1.00)  thetaP=0.520(*0.75)  <rel.err>=49% [1223s]
    [Earl#1] Adam  1800/2000  L=2.26e-04  Ld=2.20e-04  Lp=4.09e-07  Lic=2.46e-09  L2=0.00e+00  lp=13.86 | W=0.953(*1.00)  thetaP=0.520(*0.75)  <rel.err>=49% [1445s]
    [Earl#1] Adam  2000/2000  L=2.25e-04  Ld=2.20e-04  Lp=4.01e-07  Lic=2.45e-09  L2=0.00e+00  lp=14.22 | W=0.949(*1.00)  thetaP=0.521(*0.75)  <rel.err>=48% [1673s]
    [Earl#1] L-BFGS (150) ...
    [Earl#1] LBFGS   50/150  L=1.10e-04 | W=0.883(*1.00)  thetaP=0.529(*0.75)  <rel.err>=56% [2366s]
    [Earl#1] LBFGS  100/150  L=5.65e-05 | W=0.889(*1.00)  thetaP=0.551(*0.75)  <rel.err>=34% [3019s]
    [Earl#1] LBFGS  150/150  L=3.57e-05 | W=0.891(*1.00)  thetaP=0.577(*0.75)  <rel.err>=28% [3672s]
    [Earl#1] param-refine (600, frozen, integral) ...
    [Earl#1] refine   50/600  Lp+L2=4.77e-08  L2=0.00e+00  <f_NN>=-  under10%=19/36 | W=0.891(*1.00)  thetaP=0.577(*0.75)  <rel.err>=28% [3676s]
    [Earl#1] refine  100/600  Lp+L2=4.77e-08  L2=0.00e+00  <f_NN>=-  under10%=19/36 | W=0.891(*1.00)  thetaP=0.577(*0.75)  <rel.err>=28% [3681s]
    [Earl#1] refine  150/600  Lp+L2=4.77e-08  L2=0.00e+00  <f_NN>=-  under10%=19/36 | W=0.891(*1.00)  thetaP=0.577(*0.75)  <rel.err>=28% [3685s]
    [Earl#1] refine  200/600  Lp+L2=4.77e-08  L2=0.00e+00  <f_NN>=-  under10%=19/36 | W=0.891(*1.00)  thetaP=0.577(*0.75)  <rel.err>=28% [3690s]
    [Earl#1] refine  250/600  Lp+L2=4.77e-08  L2=0.00e+00  <f_NN>=-  under10%=19/36 | W=0.891(*1.00)  thetaP=0.577(*0.75)  <rel.err>=28% [3695s]
    [Earl#1] refine  300/600  Lp+L2=4.77e-08  L2=0.00e+00  <f_NN>=-  under10%=19/36 | W=0.891(*1.00)  thetaP=0.577(*0.75)  <rel.err>=28% [3701s]
    [Earl#1] refine  350/600  Lp+L2=4.77e-08  L2=0.00e+00  <f_NN>=-  under10%=19/36 | W=0.891(*1.00)  thetaP=0.577(*0.75)  <rel.err>=28% [3706s]
    [Earl#1] refine  400/600  Lp+L2=4.77e-08  L2=0.00e+00  <f_NN>=-  under10%=19/36 | W=0.891(*1.00)  thetaP=0.577(*0.75)  <rel.err>=28% [3711s]
    [Earl#1] refine  450/600  Lp+L2=4.77e-08  L2=0.00e+00  <f_NN>=-  under10%=19/36 | W=0.891(*1.00)  thetaP=0.577(*0.75)  <rel.err>=28% [3716s]
    [Earl#1] refine  500/600  Lp+L2=4.77e-08  L2=0.00e+00  <f_NN>=-  under10%=19/36 | W=0.891(*1.00)  thetaP=0.577(*0.75)  <rel.err>=28% [3721s]
    [Earl#1] refine  550/600  Lp+L2=4.77e-08  L2=0.00e+00  <f_NN>=-  under10%=19/36 | W=0.891(*1.00)  thetaP=0.577(*0.75)  <rel.err>=28% [3725s]
    [Earl#1] refine  600/600  Lp+L2=4.77e-08  L2=0.00e+00  <f_NN>=-  under10%=19/36 | W=0.891(*1.00)  thetaP=0.577(*0.75)  <rel.err>=28% [3730s]
  [Earl#1] done  under10%=19/36  phys=4.77e-08  W=0.891 thetaP=0.577  (3730s)
  >> Early Adenoma start 1: under10%=19/36 phys=4.77e-08  (best so far under10%=18/36 phys=3.49e-08)
  [Earl#2] arch 4x256 act=gelu net 207,879x12cond  rel_w=True colloc=fixed res=integral
  [Earl#2] hybrid term=None param=gated (2x5 tanh, constraint=anchored, wd=1e-08) 0 trainable weights frozen=False | recovering 36 mechanistic params
    [Earl#2] Adam     1/2000  L=9.12e+00  Ld=5.35e-01  Lp=2.38e-04  Lic=4.29e-01  L2=0.00e+00  lp=13.81 | W=1.283(*1.00)  thetaP=0.548(*0.75)  <rel.err>=51% [1s]
    [Earl#2] Adam   200/2000  L=1.10e-02  Ld=1.07e-02  Lp=1.06e-05  Lic=5.05e-06  L2=0.00e+00  lp=15.06 | W=0.805(*1.00)  thetaP=0.620(*0.75)  <rel.err>=61% [169s]
    [Earl#2] Adam   400/2000  L=1.21e-03  Ld=1.12e-03  Lp=1.39e-06  Lic=3.33e-06  L2=0.00e+00  lp=15.64 | W=0.819(*1.00)  thetaP=0.610(*0.75)  <rel.err>=56% [328s]
    [Earl#2] Adam   600/2000  L=5.65e-04  Ld=5.51e-04  Lp=7.61e-07  Lic=1.30e-07  L2=0.00e+00  lp=15.68 | W=0.834(*1.00)  thetaP=0.612(*0.75)  <rel.err>=54% [483s]
    [Earl#2] Adam   800/2000  L=3.77e-04  Ld=3.68e-04  Lp=5.55e-07  Lic=4.11e-09  L2=0.00e+00  lp=15.56 | W=0.842(*1.00)  thetaP=0.613(*0.75)  <rel.err>=52% [621s]
    [Earl#2] Adam  1000/2000  L=2.87e-04  Ld=2.80e-04  Lp=4.52e-07  Lic=2.75e-09  L2=0.00e+00  lp=15.37 | W=0.848(*1.00)  thetaP=0.613(*0.75)  <rel.err>=51% [810s]
    [Earl#2] Adam  1200/2000  L=2.38e-04  Ld=2.32e-04  Lp=3.92e-07  Lic=2.09e-09  L2=0.00e+00  lp=15.20 | W=0.853(*1.00)  thetaP=0.613(*0.75)  <rel.err>=50% [974s]
    [Earl#2] Adam  1400/2000  L=2.10e-04  Ld=2.05e-04  Lp=3.58e-07  Lic=1.75e-09  L2=0.00e+00  lp=15.06 | W=0.858(*1.00)  thetaP=0.614(*0.75)  <rel.err>=50% [1158s]
    [Earl#2] Adam  1600/2000  L=1.96e-04  Ld=1.91e-04  Lp=3.38e-07  Lic=1.59e-09  L2=0.00e+00  lp=14.98 | W=0.862(*1.00)  thetaP=0.614(*0.75)  <rel.err>=49% [1331s]
    [Earl#2] Adam  1800/2000  L=1.91e-04  Ld=1.86e-04  Lp=3.28e-07  Lic=1.52e-09  L2=0.00e+00  lp=14.95 | W=0.866(*1.00)  thetaP=0.614(*0.75)  <rel.err>=49% [1493s]
    [Earl#2] Adam  2000/2000  L=1.90e-04  Ld=1.85e-04  Lp=3.22e-07  Lic=1.51e-09  L2=0.00e+00  lp=14.99 | W=0.870(*1.00)  thetaP=0.615(*0.75)  <rel.err>=49% [1665s]
    [Earl#2] L-BFGS (150) ...
    [Earl#2] LBFGS   50/150  L=9.07e-05 | W=0.910(*1.00)  thetaP=0.620(*0.75)  <rel.err>=54% [2339s]
    [Earl#2] LBFGS  100/150  L=4.95e-05 | W=0.912(*1.00)  thetaP=0.643(*0.75)  <rel.err>=35% [2963s]
    [Earl#2] LBFGS  150/150  L=3.37e-05 | W=0.912(*1.00)  thetaP=0.668(*0.75)  <rel.err>=26% [3681s]
    [Earl#2] param-refine (600, frozen, integral) ...
    [Earl#2] refine   50/600  Lp+L2=4.99e-08  L2=0.00e+00  <f_NN>=-  under10%=22/36 | W=0.912(*1.00)  thetaP=0.668(*0.75)  <rel.err>=26% [3685s]
    [Earl#2] refine  100/600  Lp+L2=4.99e-08  L2=0.00e+00  <f_NN>=-  under10%=22/36 | W=0.912(*1.00)  thetaP=0.668(*0.75)  <rel.err>=26% [3689s]
    [Earl#2] refine  150/600  Lp+L2=4.99e-08  L2=0.00e+00  <f_NN>=-  under10%=22/36 | W=0.912(*1.00)  thetaP=0.668(*0.75)  <rel.err>=26% [3693s]
    [Earl#2] refine  200/600  Lp+L2=4.99e-08  L2=0.00e+00  <f_NN>=-  under10%=22/36 | W=0.912(*1.00)  thetaP=0.668(*0.75)  <rel.err>=26% [3697s]
    [Earl#2] refine  250/600  Lp+L2=4.99e-08  L2=0.00e+00  <f_NN>=-  under10%=22/36 | W=0.912(*1.00)  thetaP=0.668(*0.75)  <rel.err>=26% [3701s]
    [Earl#2] refine  300/600  Lp+L2=4.99e-08  L2=0.00e+00  <f_NN>=-  under10%=22/36 | W=0.912(*1.00)  thetaP=0.668(*0.75)  <rel.err>=26% [3706s]
    [Earl#2] refine  350/600  Lp+L2=4.99e-08  L2=0.00e+00  <f_NN>=-  under10%=22/36 | W=0.912(*1.00)  thetaP=0.668(*0.75)  <rel.err>=26% [3711s]
    [Earl#2] refine  400/600  Lp+L2=4.99e-08  L2=0.00e+00  <f_NN>=-  under10%=22/36 | W=0.912(*1.00)  thetaP=0.668(*0.75)  <rel.err>=26% [3715s]
    [Earl#2] refine  450/600  Lp+L2=4.99e-08  L2=0.00e+00  <f_NN>=-  under10%=22/36 | W=0.912(*1.00)  thetaP=0.668(*0.75)  <rel.err>=26% [3720s]
    [Earl#2] refine  500/600  Lp+L2=4.99e-08  L2=0.00e+00  <f_NN>=-  under10%=22/36 | W=0.912(*1.00)  thetaP=0.668(*0.75)  <rel.err>=26% [3725s]
    [Earl#2] refine  550/600  Lp+L2=4.99e-08  L2=0.00e+00  <f_NN>=-  under10%=22/36 | W=0.912(*1.00)  thetaP=0.668(*0.75)  <rel.err>=26% [3729s]
    [Earl#2] refine  600/600  Lp+L2=4.99e-08  L2=0.00e+00  <f_NN>=-  under10%=22/36 | W=0.912(*1.00)  thetaP=0.668(*0.75)  <rel.err>=26% [3733s]
  [Earl#2] done  under10%=22/36  phys=4.99e-08  W=0.912 thetaP=0.668  (3733s)
  >> Early Adenoma start 2: under10%=22/36 phys=4.99e-08  (best so far under10%=18/36 phys=3.49e-08)
