/home/29/aidahxr/.local/lib/python3.12/site-packages/matplotlib/projections/__init__.py:63: UserWarning: Unable to import Axes3D. This may be due to multiple versions of Matplotlib being installed (e.g. as a system package and as a pip package). As a result, the 3D projection is not available.
  warnings.warn("Unable to import Axes3D. This may be due to multiple versions of "
Info: module 'multiprocessing_on_dill' is not installed.
Parameter estimation of kinetic models with PySCeS using the CVODE solver won't work!

====================================================================
Profile-likelihood identifiability — regime=Cancer-like, 36 params, 10 conditions, points=7, prob=0.95
identifiability pkg: /home/29/aidahxr/.local/lib/python3.12/site-packages/identifiability/__init__.py
====================================================================
MLE start loaded from /home/29/aidahxr/PINN-Research/PINN-inverse-multicond-excite/runs/20260701_203130_odefit_excite/Cancer-like_odefit_recovered.json
[352s] MLE fit: nfev=598, chisqr=4.2287e-02, redchi=4.0412e-06, nfree=10464
Profiling all parameters (parallel across cores)...
/home/29/aidahxr/.local/lib/python3.12/site-packages/scipy/integrate/_ivp/lsoda.py:161: UserWarning: lsoda: Repeated convergence failures (perhaps bad Jacobian or tolerances).
  solver._y, solver.t = integrator.run(
/home/29/aidahxr/.local/lib/python3.12/site-packages/scipy/integrate/_ivp/lsoda.py:161: UserWarning: lsoda: Repeated convergence failures (perhaps bad Jacobian or tolerances).
  solver._y, solver.t = integrator.run(
/home/29/aidahxr/.local/lib/python3.12/site-packages/scipy/integrate/_ivp/lsoda.py:161: UserWarning: lsoda: Repeated convergence failures (perhaps bad Jacobian or tolerances).
  solver._y, solver.t = integrator.run(
/home/29/aidahxr/.local/lib/python3.12/site-packages/scipy/integrate/_ivp/lsoda.py:161: UserWarning: lsoda: Repeated convergence failures (perhaps bad Jacobian or tolerances).
  solver._y, solver.t = integrator.run(
/home/29/aidahxr/.local/lib/python3.12/site-packages/scipy/integrate/_ivp/lsoda.py:161: UserWarning: lsoda: Repeated error test failures (internal error).
  solver._y, solver.t = integrator.run(
/home/29/aidahxr/.local/lib/python3.12/site-packages/scipy/integrate/_ivp/lsoda.py:161: UserWarning: lsoda: Repeated convergence failures (perhaps bad Jacobian or tolerances).
  solver._y, solver.t = integrator.run(
/home/29/aidahxr/.local/lib/python3.12/site-packages/scipy/integrate/_ivp/lsoda.py:161: UserWarning: lsoda: Repeated error test failures (internal error).
  solver._y, solver.t = integrator.run(
/home/29/aidahxr/.local/lib/python3.12/site-packages/scipy/integrate/_ivp/lsoda.py:161: UserWarning: lsoda: Repeated convergence failures (perhaps bad Jacobian or tolerances).
  solver._y, solver.t = integrator.run(
/home/29/aidahxr/.local/lib/python3.12/site-packages/scipy/integrate/_ivp/lsoda.py:161: UserWarning: lsoda: Repeated convergence failures (perhaps bad Jacobian or tolerances).
  solver._y, solver.t = integrator.run(
[10618s] profiling done

param            mle      true    ci_low   ci_high   rel_w  verdict
--------------------------------------------------------------------
epsM           0.602       0.6     0.596     0.614    0.03  IDENT
eps13          0.996         1     0.996      1.05    0.05  IDENT
epsR           0.389       0.4     0.385     0.409    0.06  IDENT
lambdaP         1.59       1.6      1.58      1.69    0.07  IDENT
rho5            1.09       1.1      1.08      1.16    0.07  IDENT
lambda5         1.31       1.3      1.29      1.41    0.09  IDENT
lambdaC         0.85      0.85      0.85     0.938    0.10  IDENT
kappa5         0.505       0.5     0.495     0.552    0.11  IDENT
kappaRC        0.499       0.5     0.499     0.556    0.11  IDENT
epsC             0.8       0.8     0.695       0.8    0.13  IDENT
kappa13        0.566      0.55     0.561     0.706    0.26  IDENT
kappaB13       0.508       0.5      0.37     0.508    0.27  IDENT
kappaR         0.402       0.4     0.273     0.402    0.32  IDENT
etaBM           1.33      1.35     0.844      1.33    0.37  IDENT
etaBC           1.49       1.5     0.914      1.49    0.38  IDENT
kappaM13        0.49       0.5     0.489     0.692    0.41  IDENT
a5             0.295      0.15     0.175       0.3    0.43  IDENT
aC            0.0935      0.08    0.0679     0.108    0.43  IDENT
a13            0.176      0.18     0.134     0.215    0.46  IDENT
kappaBM        0.504       0.5     0.504     0.739    0.47  IDENT
kappaBC        0.503       0.5     0.503     0.755    0.50  WEAK
aM             0.199      0.18     0.195     0.314    0.60  WEAK
etaRC            1.5       1.5       1.5       2.5    0.67  WEAK
eta13          0.741      0.75     0.741      1.27    0.71  WEAK
etaB13         0.926      0.95     0.926      1.58    0.71  WEAK
kappaM         0.361       0.5      0.36     0.619    0.72  WEAK
rho13           1.84       1.3     0.724      2.08    0.74  WEAK
thetaP         0.785       0.5     0.157     0.785    0.80  WEAK
W               1.51       1.5     0.521      1.82    0.86  WEAK
rhoB            1.36       1.1     0.495         2    1.11  WEAK
etaM            5.67       2.5      3.32      9.69    1.12  WEAK
eps5            2.29       1.2     0.789      3.86    1.34  WEAK
epsP           0.705         1     0.242      1.22    1.39  WEAK
deltaP1         5.46       3.5      4.41      16.1    2.14  WEAK
etaM13         0.579      0.55     0.373      1.69    2.28  WEAK
etaR            4.85       2.5      2.83      14.2    2.34  WEAK
--------------------------------------------------------------------
IDENT (tight CI): 20   WEAK (wide CI): 16   NON-IDENT (unbounded): 0   / 36
profile_likelihood.png written

Wrote Cancer-like_profile_ci.csv / .json into /home/29/aidahxr/PINN-Research/PINN-inverse-multicond-excite/runs/20260705_020111_profile_ident
