=== regime=Advanced Adenoma  variant=ra_h5  hybrid_term=ra_h5  n_unknown=34  knobs={'rel_weight': True, 'colloc_mode': 'fixed', 'residual_mode': 'integral', 'activation': 'gelu', 'n_starts': 3} ===
  [Adva#0] arch 4x256 act=gelu net 207,879x10cond  rel_w=True colloc=fixed res=integral
  [Adva#0] hybrid term=ra_h5 (2x5 tanh, constraint=anchored, wd=1e-08) 46 weights | recovering 34 mechanistic params
    [Adva#0] Adam     1/2000  L=8.80e+00  Ld=5.63e-01  Lp=3.24e-04  Lic=4.12e-01  L2=2.15e-09  lp=9.49 | W=1.194(*1.50)  thetaP=0.599(*0.50)  <rel.err>=48% [1s]
    [Adva#0] Adam   200/2000  L=6.72e-03  Ld=6.22e-03  Lp=1.18e-05  Lic=1.99e-05  L2=3.29e-09  lp=9.06 | W=1.038(*1.50)  thetaP=0.684(*0.50)  <rel.err>=59% [114s]
    [Adva#0] Adam   400/2000  L=1.19e-03  Ld=1.10e-03  Lp=1.57e-06  Lic=3.92e-06  L2=2.71e-09  lp=9.27 | W=1.031(*1.50)  thetaP=0.680(*0.50)  <rel.err>=54% [228s]
    [Adva#0] Adam   600/2000  L=5.81e-04  Ld=5.50e-04  Lp=7.95e-07  Lic=1.12e-06  L2=2.63e-09  lp=10.56 | W=1.031(*1.50)  thetaP=0.675(*0.50)  <rel.err>=50% [342s]
    [Adva#0] Adam   800/2000  L=3.87e-04  Ld=3.80e-04  Lp=5.33e-07  Lic=2.40e-09  L2=2.58e-09  lp=11.83 | W=1.033(*1.50)  thetaP=0.672(*0.50)  <rel.err>=49% [456s]
    [Adva#0] Adam  1000/2000  L=3.05e-04  Ld=3.00e-04  Lp=4.11e-07  Lic=1.87e-09  L2=2.54e-09  lp=12.83 | W=1.036(*1.50)  thetaP=0.670(*0.50)  <rel.err>=48% [569s]
    [Adva#0] Adam  1200/2000  L=2.61e-04  Ld=2.57e-04  Lp=3.48e-07  Lic=1.58e-09  L2=2.53e-09  lp=13.57 | W=1.039(*1.50)  thetaP=0.669(*0.50)  <rel.err>=47% [683s]
    [Adva#0] Adam  1400/2000  L=2.37e-04  Ld=2.32e-04  Lp=3.12e-07  Lic=1.42e-09  L2=2.52e-09  lp=14.14 | W=1.042(*1.50)  thetaP=0.668(*0.50)  <rel.err>=46% [797s]
    [Adva#0] Adam  1600/2000  L=2.24e-04  Ld=2.20e-04  Lp=2.90e-07  Lic=1.33e-09  L2=2.52e-09  lp=14.65 | W=1.044(*1.50)  thetaP=0.668(*0.50)  <rel.err>=45% [910s]
    [Adva#0] Adam  1800/2000  L=2.19e-04  Ld=2.15e-04  Lp=2.77e-07  Lic=1.30e-09  L2=2.52e-09  lp=15.13 | W=1.047(*1.50)  thetaP=0.667(*0.50)  <rel.err>=44% [1024s]
    [Adva#0] Adam  2000/2000  L=2.19e-04  Ld=2.14e-04  Lp=2.69e-07  Lic=1.29e-09  L2=2.52e-09  lp=15.58 | W=1.049(*1.50)  thetaP=0.667(*0.50)  <rel.err>=44% [1138s]
    [Adva#0] L-BFGS (150) ...
    [Adva#0] LBFGS   50/150  L=7.83e-05 | W=1.085(*1.50)  thetaP=0.652(*0.50)  <rel.err>=45% [1476s]
    [Adva#0] LBFGS  100/150  L=3.30e-05 | W=1.043(*1.50)  thetaP=0.652(*0.50)  <rel.err>=27% [1815s]
    [Adva#0] LBFGS  150/150  L=1.90e-05 | W=0.957(*1.50)  thetaP=0.652(*0.50)  <rel.err>=26% [2157s]
    [Adva#0] param-refine (600, frozen, integral) ...
    [Adva#0] refine   50/600  Lp+L2=2.71e-08  L2=2.79e-09  <f_NN>=1.046  under10%=11/34 | W=0.957(*1.50)  thetaP=0.652(*0.50)  <rel.err>=26% [2160s]
    [Adva#0] refine  100/600  Lp+L2=2.71e-08  L2=2.79e-09  <f_NN>=1.046  under10%=11/34 | W=0.957(*1.50)  thetaP=0.652(*0.50)  <rel.err>=26% [2164s]
    [Adva#0] refine  150/600  Lp+L2=2.71e-08  L2=2.79e-09  <f_NN>=1.046  under10%=11/34 | W=0.957(*1.50)  thetaP=0.652(*0.50)  <rel.err>=26% [2168s]
    [Adva#0] refine  200/600  Lp+L2=2.71e-08  L2=2.79e-09  <f_NN>=1.046  under10%=11/34 | W=0.957(*1.50)  thetaP=0.652(*0.50)  <rel.err>=26% [2171s]
    [Adva#0] refine  250/600  Lp+L2=2.71e-08  L2=2.79e-09  <f_NN>=1.046  under10%=11/34 | W=0.957(*1.50)  thetaP=0.652(*0.50)  <rel.err>=26% [2175s]
    [Adva#0] refine  300/600  Lp+L2=2.71e-08  L2=2.79e-09  <f_NN>=1.046  under10%=11/34 | W=0.957(*1.50)  thetaP=0.652(*0.50)  <rel.err>=26% [2179s]
    [Adva#0] refine  350/600  Lp+L2=2.71e-08  L2=2.79e-09  <f_NN>=1.046  under10%=11/34 | W=0.957(*1.50)  thetaP=0.652(*0.50)  <rel.err>=26% [2183s]
    [Adva#0] refine  400/600  Lp+L2=2.71e-08  L2=2.79e-09  <f_NN>=1.046  under10%=11/34 | W=0.957(*1.50)  thetaP=0.652(*0.50)  <rel.err>=26% [2187s]
    [Adva#0] refine  450/600  Lp+L2=2.71e-08  L2=2.79e-09  <f_NN>=1.046  under10%=11/34 | W=0.957(*1.50)  thetaP=0.652(*0.50)  <rel.err>=26% [2191s]
    [Adva#0] refine  500/600  Lp+L2=2.71e-08  L2=2.79e-09  <f_NN>=1.046  under10%=11/34 | W=0.957(*1.50)  thetaP=0.652(*0.50)  <rel.err>=26% [2195s]
    [Adva#0] refine  550/600  Lp+L2=2.71e-08  L2=2.79e-09  <f_NN>=1.046  under10%=11/34 | W=0.957(*1.50)  thetaP=0.652(*0.50)  <rel.err>=26% [2199s]
    [Adva#0] refine  600/600  Lp+L2=2.71e-08  L2=2.79e-09  <f_NN>=1.046  under10%=11/34 | W=0.957(*1.50)  thetaP=0.652(*0.50)  <rel.err>=26% [2203s]
  [Adva#0] done  under10%=11/34  phys=2.43e-08  W=0.957 thetaP=0.652  (2203s)
  >> Advanced Adenoma start 0: under10%=11/34 phys=2.43e-08  (best so far under10%=11/34 phys=2.43e-08)
  [Adva#1] arch 4x256 act=gelu net 207,879x10cond  rel_w=True colloc=fixed res=integral
  [Adva#1] hybrid term=ra_h5 (2x5 tanh, constraint=anchored, wd=1e-08) 46 weights | recovering 34 mechanistic params
    [Adva#1] Adam     1/2000  L=8.80e+00  Ld=5.59e-01  Lp=2.71e-04  Lic=4.12e-01  L2=2.27e-09  lp=10.72 | W=1.608(*1.50)  thetaP=0.405(*0.50)  <rel.err>=52% [1s]
    [Adva#1] Adam   200/2000  L=6.92e-03  Ld=6.76e-03  Lp=1.16e-05  Lic=2.15e-06  L2=3.92e-09  lp=10.34 | W=1.416(*1.50)  thetaP=0.509(*0.50)  <rel.err>=62% [111s]
    [Adva#1] Adam   400/2000  L=1.43e-03  Ld=1.23e-03  Lp=1.43e-06  Lic=9.33e-06  L2=3.17e-09  lp=10.55 | W=1.393(*1.50)  thetaP=0.510(*0.50)  <rel.err>=57% [225s]
    [Adva#1] Adam   600/2000  L=5.94e-04  Ld=5.85e-04  Lp=6.84e-07  Lic=5.99e-09  L2=2.98e-09  lp=12.09 | W=1.389(*1.50)  thetaP=0.508(*0.50)  <rel.err>=53% [339s]
    [Adva#1] Adam   800/2000  L=3.95e-04  Ld=3.88e-04  Lp=5.01e-07  Lic=3.44e-09  L2=2.88e-09  lp=13.78 | W=1.386(*1.50)  thetaP=0.505(*0.50)  <rel.err>=50% [452s]
    [Adva#1] Adam  1000/2000  L=3.06e-04  Ld=3.00e-04  Lp=4.14e-07  Lic=2.38e-09  L2=2.83e-09  lp=15.17 | W=1.384(*1.50)  thetaP=0.503(*0.50)  <rel.err>=50% [566s]
    [Adva#1] Adam  1200/2000  L=2.59e-04  Ld=2.53e-04  Lp=3.64e-07  Lic=1.87e-09  L2=2.81e-09  lp=16.25 | W=1.383(*1.50)  thetaP=0.502(*0.50)  <rel.err>=49% [680s]
    [Adva#1] Adam  1400/2000  L=2.32e-04  Ld=2.26e-04  Lp=3.34e-07  Lic=1.60e-09  L2=2.80e-09  lp=17.08 | W=1.382(*1.50)  thetaP=0.501(*0.50)  <rel.err>=49% [793s]
    [Adva#1] Adam  1600/2000  L=2.17e-04  Ld=2.12e-04  Lp=3.16e-07  Lic=1.46e-09  L2=2.80e-09  lp=17.75 | W=1.382(*1.50)  thetaP=0.500(*0.50)  <rel.err>=48% [907s]
    [Adva#1] Adam  1800/2000  L=2.12e-04  Ld=2.06e-04  Lp=3.05e-07  Lic=1.41e-09  L2=2.80e-09  lp=18.33 | W=1.381(*1.50)  thetaP=0.500(*0.50)  <rel.err>=47% [1021s]
    [Adva#1] Adam  2000/2000  L=2.11e-04  Ld=2.05e-04  Lp=2.98e-07  Lic=1.40e-09  L2=2.80e-09  lp=18.86 | W=1.381(*1.50)  thetaP=0.499(*0.50)  <rel.err>=47% [1135s]
    [Adva#1] L-BFGS (150) ...
    [Adva#1] LBFGS   50/150  L=8.76e-05 | W=1.375(*1.50)  thetaP=0.487(*0.50)  <rel.err>=45% [1479s]
    [Adva#1] LBFGS  100/150  L=3.85e-05 | W=1.307(*1.50)  thetaP=0.490(*0.50)  <rel.err>=27% [1821s]
    [Adva#1] LBFGS  150/150  L=2.29e-05 | W=1.167(*1.50)  thetaP=0.493(*0.50)  <rel.err>=27% [2166s]
    [Adva#1] param-refine (600, frozen, integral) ...
    [Adva#1] refine   50/600  Lp+L2=2.79e-08  L2=3.17e-09  <f_NN>=0.896  under10%=11/34 | W=1.167(*1.50)  thetaP=0.493(*0.50)  <rel.err>=27% [2169s]
    [Adva#1] refine  100/600  Lp+L2=2.79e-08  L2=3.17e-09  <f_NN>=0.896  under10%=11/34 | W=1.167(*1.50)  thetaP=0.493(*0.50)  <rel.err>=27% [2173s]
    [Adva#1] refine  150/600  Lp+L2=2.79e-08  L2=3.17e-09  <f_NN>=0.896  under10%=11/34 | W=1.167(*1.50)  thetaP=0.493(*0.50)  <rel.err>=27% [2177s]
    [Adva#1] refine  200/600  Lp+L2=2.79e-08  L2=3.17e-09  <f_NN>=0.896  under10%=11/34 | W=1.167(*1.50)  thetaP=0.493(*0.50)  <rel.err>=27% [2180s]
    [Adva#1] refine  250/600  Lp+L2=2.79e-08  L2=3.17e-09  <f_NN>=0.896  under10%=11/34 | W=1.167(*1.50)  thetaP=0.493(*0.50)  <rel.err>=27% [2184s]
    [Adva#1] refine  300/600  Lp+L2=2.79e-08  L2=3.17e-09  <f_NN>=0.896  under10%=11/34 | W=1.167(*1.50)  thetaP=0.493(*0.50)  <rel.err>=27% [2188s]
    [Adva#1] refine  350/600  Lp+L2=2.79e-08  L2=3.17e-09  <f_NN>=0.896  under10%=11/34 | W=1.167(*1.50)  thetaP=0.493(*0.50)  <rel.err>=27% [2192s]
    [Adva#1] refine  400/600  Lp+L2=2.79e-08  L2=3.17e-09  <f_NN>=0.896  under10%=11/34 | W=1.167(*1.50)  thetaP=0.493(*0.50)  <rel.err>=27% [2196s]
    [Adva#1] refine  450/600  Lp+L2=2.79e-08  L2=3.17e-09  <f_NN>=0.896  under10%=11/34 | W=1.167(*1.50)  thetaP=0.493(*0.50)  <rel.err>=27% [2200s]
    [Adva#1] refine  500/600  Lp+L2=2.79e-08  L2=3.17e-09  <f_NN>=0.896  under10%=11/34 | W=1.167(*1.50)  thetaP=0.493(*0.50)  <rel.err>=27% [2204s]
    [Adva#1] refine  550/600  Lp+L2=2.79e-08  L2=3.17e-09  <f_NN>=0.896  under10%=11/34 | W=1.167(*1.50)  thetaP=0.493(*0.50)  <rel.err>=27% [2208s]
    [Adva#1] refine  600/600  Lp+L2=2.79e-08  L2=3.17e-09  <f_NN>=0.896  under10%=11/34 | W=1.167(*1.50)  thetaP=0.493(*0.50)  <rel.err>=27% [2212s]
  [Adva#1] done  under10%=11/34  phys=2.47e-08  W=1.167 thetaP=0.493  (2212s)
  >> Advanced Adenoma start 1: under10%=11/34 phys=2.47e-08  (best so far under10%=11/34 phys=2.43e-08)
  [Adva#2] arch 4x256 act=gelu net 207,879x10cond  rel_w=True colloc=fixed res=integral
  [Adva#2] hybrid term=ra_h5 (2x5 tanh, constraint=anchored, wd=1e-08) 46 weights | recovering 34 mechanistic params
    [Adva#2] Adam     1/2000  L=8.81e+00  Ld=5.60e-01  Lp=4.97e-04  Lic=4.12e-01  L2=3.50e-09  lp=7.57 | W=1.283(*1.50)  thetaP=0.547(*0.50)  <rel.err>=51% [1s]
    [Adva#2] Adam   200/2000  L=7.57e-03  Ld=7.37e-03  Lp=2.32e-05  Lic=1.96e-06  L2=4.22e-09  lp=7.12 | W=1.170(*1.50)  thetaP=0.625(*0.50)  <rel.err>=63% [112s]
    [Adva#2] Adam   400/2000  L=1.27e-03  Ld=1.25e-03  Lp=2.76e-06  Lic=3.18e-07  L2=3.81e-09  lp=6.94 | W=1.158(*1.50)  thetaP=0.619(*0.50)  <rel.err>=60% [226s]
    [Adva#2] Adam   600/2000  L=5.52e-04  Ld=5.40e-04  Lp=1.31e-06  Lic=9.49e-08  L2=3.65e-09  lp=7.56 | W=1.160(*1.50)  thetaP=0.614(*0.50)  <rel.err>=57% [340s]
    [Adva#2] Adam   800/2000  L=3.67e-04  Ld=3.59e-04  Lp=9.28e-07  Lic=2.15e-09  L2=3.57e-09  lp=8.22 | W=1.162(*1.50)  thetaP=0.611(*0.50)  <rel.err>=55% [454s]
    [Adva#2] Adam  1000/2000  L=2.88e-04  Ld=2.81e-04  Lp=7.57e-07  Lic=1.69e-09  L2=3.53e-09  lp=8.78 | W=1.166(*1.50)  thetaP=0.610(*0.50)  <rel.err>=54% [567s]
    [Adva#2] Adam  1200/2000  L=2.45e-04  Ld=2.39e-04  Lp=6.60e-07  Lic=1.43e-09  L2=3.52e-09  lp=9.25 | W=1.169(*1.50)  thetaP=0.608(*0.50)  <rel.err>=53% [681s]
    [Adva#2] Adam  1400/2000  L=2.21e-04  Ld=2.15e-04  Lp=6.02e-07  Lic=1.28e-09  L2=3.51e-09  lp=9.66 | W=1.172(*1.50)  thetaP=0.607(*0.50)  <rel.err>=52% [795s]
    [Adva#2] Adam  1600/2000  L=2.09e-04  Ld=2.03e-04  Lp=5.67e-07  Lic=1.21e-09  L2=3.51e-09  lp=10.03 | W=1.175(*1.50)  thetaP=0.606(*0.50)  <rel.err>=51% [909s]
    [Adva#2] Adam  1800/2000  L=2.04e-04  Ld=1.98e-04  Lp=5.47e-07  Lic=1.18e-09  L2=3.52e-09  lp=10.38 | W=1.178(*1.50)  thetaP=0.605(*0.50)  <rel.err>=50% [1022s]
    [Adva#2] Adam  2000/2000  L=2.03e-04  Ld=1.97e-04  Lp=5.34e-07  Lic=1.17e-09  L2=3.52e-09  lp=10.71 | W=1.180(*1.50)  thetaP=0.605(*0.50)  <rel.err>=49% [1136s]
    [Adva#2] L-BFGS (150) ...
    [Adva#2] LBFGS   50/150  L=7.69e-05 | W=1.236(*1.50)  thetaP=0.592(*0.50)  <rel.err>=62% [1482s]
    [Adva#2] LBFGS  100/150  L=3.90e-05 | W=1.202(*1.50)  thetaP=0.587(*0.50)  <rel.err>=35% [1823s]
    [Adva#2] LBFGS  150/150  L=2.01e-05 | W=1.145(*1.50)  thetaP=0.587(*0.50)  <rel.err>=25% [2164s]
    [Adva#2] param-refine (600, frozen, integral) ...
    [Adva#2] refine   50/600  Lp+L2=4.34e-08  L2=3.84e-09  <f_NN>=0.837  under10%=12/34 | W=1.145(*1.50)  thetaP=0.587(*0.50)  <rel.err>=25% [2167s]
    [Adva#2] refine  100/600  Lp+L2=4.34e-08  L2=3.84e-09  <f_NN>=0.837  under10%=12/34 | W=1.145(*1.50)  thetaP=0.587(*0.50)  <rel.err>=25% [2171s]
    [Adva#2] refine  150/600  Lp+L2=4.34e-08  L2=3.84e-09  <f_NN>=0.837  under10%=12/34 | W=1.145(*1.50)  thetaP=0.587(*0.50)  <rel.err>=25% [2175s]
    [Adva#2] refine  200/600  Lp+L2=4.34e-08  L2=3.84e-09  <f_NN>=0.837  under10%=12/34 | W=1.145(*1.50)  thetaP=0.587(*0.50)  <rel.err>=25% [2179s]
    [Adva#2] refine  250/600  Lp+L2=4.34e-08  L2=3.84e-09  <f_NN>=0.837  under10%=12/34 | W=1.145(*1.50)  thetaP=0.587(*0.50)  <rel.err>=25% [2183s]
    [Adva#2] refine  300/600  Lp+L2=4.34e-08  L2=3.84e-09  <f_NN>=0.837  under10%=12/34 | W=1.145(*1.50)  thetaP=0.587(*0.50)  <rel.err>=25% [2187s]
    [Adva#2] refine  350/600  Lp+L2=4.34e-08  L2=3.84e-09  <f_NN>=0.837  under10%=12/34 | W=1.145(*1.50)  thetaP=0.587(*0.50)  <rel.err>=25% [2190s]
    [Adva#2] refine  400/600  Lp+L2=4.34e-08  L2=3.84e-09  <f_NN>=0.837  under10%=12/34 | W=1.145(*1.50)  thetaP=0.587(*0.50)  <rel.err>=25% [2195s]
    [Adva#2] refine  450/600  Lp+L2=4.34e-08  L2=3.84e-09  <f_NN>=0.837  under10%=12/34 | W=1.145(*1.50)  thetaP=0.587(*0.50)  <rel.err>=25% [2199s]
    [Adva#2] refine  500/600  Lp+L2=4.34e-08  L2=3.84e-09  <f_NN>=0.837  under10%=12/34 | W=1.145(*1.50)  thetaP=0.587(*0.50)  <rel.err>=25% [2203s]
    [Adva#2] refine  550/600  Lp+L2=4.34e-08  L2=3.84e-09  <f_NN>=0.837  under10%=12/34 | W=1.145(*1.50)  thetaP=0.587(*0.50)  <rel.err>=25% [2206s]
    [Adva#2] refine  600/600  Lp+L2=4.34e-08  L2=3.84e-09  <f_NN>=0.837  under10%=12/34 | W=1.145(*1.50)  thetaP=0.587(*0.50)  <rel.err>=25% [2210s]
  [Adva#2] done  under10%=12/34  phys=3.95e-08  W=1.145 thetaP=0.587  (2210s)
  >> Advanced Adenoma start 2: under10%=12/34 phys=3.95e-08  (best so far under10%=11/34 phys=2.43e-08)
  [Advanced Adenoma] learned term ra_h5 over x in [0.137, 0.970]: RMSE=0.3336 (NRMSE=23.7%)  gate_lo=0.76  [anchor weak here]
