=== regime=Severe APC Loss  variant=ra_h5  hybrid_term=ra_h5  n_unknown=34  knobs={'rel_weight': True, 'colloc_mode': 'fixed', 'residual_mode': 'integral', 'activation': 'gelu', 'n_starts': 3} ===
  [Seve#0] arch 4x256 act=gelu net 207,879x10cond  rel_w=True colloc=fixed res=integral
  [Seve#0] hybrid term=ra_h5 (2x5 tanh, constraint=anchored, wd=1e-08) 46 weights | recovering 34 mechanistic params
    [Seve#0] Adam     1/2000  L=8.86e+00  Ld=5.73e-01  Lp=3.27e-04  Lic=4.14e-01  L2=2.15e-09  lp=9.21 | W=1.194(*2.00)  thetaP=0.599(*0.25)  <rel.err>=52% [1s]
    [Seve#0] Adam   200/2000  L=6.22e-03  Ld=6.08e-03  Lp=1.17e-05  Lic=1.59e-06  L2=3.29e-09  lp=8.74 | W=1.145(*2.00)  thetaP=0.690(*0.25)  <rel.err>=68% [114s]
    [Seve#0] Adam   400/2000  L=1.28e-03  Ld=1.22e-03  Lp=1.69e-06  Lic=2.44e-06  L2=2.77e-09  lp=8.87 | W=1.141(*2.00)  thetaP=0.687(*0.25)  <rel.err>=64% [228s]
    [Seve#0] Adam   600/2000  L=6.09e-04  Ld=6.00e-04  Lp=8.96e-07  Lic=2.64e-08  L2=2.68e-09  lp=9.62 | W=1.143(*2.00)  thetaP=0.680(*0.25)  <rel.err>=60% [342s]
    [Seve#0] Adam   800/2000  L=4.02e-04  Ld=3.96e-04  Lp=6.05e-07  Lic=2.28e-09  L2=2.61e-09  lp=10.22 | W=1.146(*2.00)  thetaP=0.673(*0.25)  <rel.err>=55% [456s]
    [Seve#0] Adam  1000/2000  L=3.14e-04  Ld=3.09e-04  Lp=4.60e-07  Lic=1.73e-09  L2=2.58e-09  lp=10.80 | W=1.149(*2.00)  thetaP=0.666(*0.25)  <rel.err>=53% [569s]
    [Seve#0] Adam  1200/2000  L=2.68e-04  Ld=2.64e-04  Lp=3.76e-07  Lic=1.44e-09  L2=2.55e-09  lp=11.38 | W=1.153(*2.00)  thetaP=0.661(*0.25)  <rel.err>=53% [683s]
    [Seve#0] Adam  1400/2000  L=2.43e-04  Ld=2.39e-04  Lp=3.27e-07  Lic=1.28e-09  L2=2.54e-09  lp=11.95 | W=1.157(*2.00)  thetaP=0.656(*0.25)  <rel.err>=52% [797s]
    [Seve#0] Adam  1600/2000  L=2.29e-04  Ld=2.26e-04  Lp=2.99e-07  Lic=1.20e-09  L2=2.54e-09  lp=12.51 | W=1.161(*2.00)  thetaP=0.653(*0.25)  <rel.err>=52% [911s]
    [Seve#0] Adam  1800/2000  L=2.24e-04  Ld=2.20e-04  Lp=2.83e-07  Lic=1.16e-09  L2=2.53e-09  lp=13.05 | W=1.165(*2.00)  thetaP=0.650(*0.25)  <rel.err>=52% [1024s]
    [Seve#0] Adam  2000/2000  L=2.23e-04  Ld=2.19e-04  Lp=2.74e-07  Lic=1.16e-09  L2=2.53e-09  lp=13.55 | W=1.168(*2.00)  thetaP=0.648(*0.25)  <rel.err>=52% [1138s]
    [Seve#0] L-BFGS (150) ...
    [Seve#0] LBFGS   50/150  L=8.08e-05 | W=1.242(*2.00)  thetaP=0.631(*0.25)  <rel.err>=54% [1479s]
    [Seve#0] LBFGS  100/150  L=3.73e-05 | W=1.209(*2.00)  thetaP=0.624(*0.25)  <rel.err>=38% [1823s]
    [Seve#0] LBFGS  150/150  L=2.29e-05 | W=1.160(*2.00)  thetaP=0.621(*0.25)  <rel.err>=34% [2170s]
    [Seve#0] param-refine (600, frozen, integral) ...
    [Seve#0] refine   50/600  Lp+L2=4.00e-08  L2=2.81e-09  <f_NN>=1.124  under10%=6/34 | W=1.160(*2.00)  thetaP=0.621(*0.25)  <rel.err>=34% [2174s]
    [Seve#0] refine  100/600  Lp+L2=4.00e-08  L2=2.81e-09  <f_NN>=1.124  under10%=6/34 | W=1.160(*2.00)  thetaP=0.621(*0.25)  <rel.err>=34% [2177s]
    [Seve#0] refine  150/600  Lp+L2=4.00e-08  L2=2.81e-09  <f_NN>=1.124  under10%=6/34 | W=1.160(*2.00)  thetaP=0.621(*0.25)  <rel.err>=34% [2181s]
    [Seve#0] refine  200/600  Lp+L2=4.00e-08  L2=2.81e-09  <f_NN>=1.124  under10%=6/34 | W=1.160(*2.00)  thetaP=0.621(*0.25)  <rel.err>=34% [2185s]
    [Seve#0] refine  250/600  Lp+L2=4.00e-08  L2=2.81e-09  <f_NN>=1.124  under10%=6/34 | W=1.160(*2.00)  thetaP=0.621(*0.25)  <rel.err>=34% [2189s]
    [Seve#0] refine  300/600  Lp+L2=4.00e-08  L2=2.81e-09  <f_NN>=1.124  under10%=6/34 | W=1.160(*2.00)  thetaP=0.621(*0.25)  <rel.err>=34% [2193s]
    [Seve#0] refine  350/600  Lp+L2=4.00e-08  L2=2.81e-09  <f_NN>=1.124  under10%=6/34 | W=1.160(*2.00)  thetaP=0.621(*0.25)  <rel.err>=34% [2197s]
    [Seve#0] refine  400/600  Lp+L2=4.00e-08  L2=2.81e-09  <f_NN>=1.124  under10%=6/34 | W=1.160(*2.00)  thetaP=0.621(*0.25)  <rel.err>=34% [2201s]
    [Seve#0] refine  450/600  Lp+L2=4.00e-08  L2=2.81e-09  <f_NN>=1.124  under10%=6/34 | W=1.160(*2.00)  thetaP=0.621(*0.25)  <rel.err>=34% [2205s]
    [Seve#0] refine  500/600  Lp+L2=4.00e-08  L2=2.81e-09  <f_NN>=1.124  under10%=6/34 | W=1.160(*2.00)  thetaP=0.621(*0.25)  <rel.err>=34% [2209s]
    [Seve#0] refine  550/600  Lp+L2=4.00e-08  L2=2.81e-09  <f_NN>=1.124  under10%=6/34 | W=1.160(*2.00)  thetaP=0.621(*0.25)  <rel.err>=34% [2213s]
    [Seve#0] refine  600/600  Lp+L2=4.00e-08  L2=2.81e-09  <f_NN>=1.124  under10%=6/34 | W=1.160(*2.00)  thetaP=0.621(*0.25)  <rel.err>=34% [2218s]
  [Seve#0] done  under10%=6/34  phys=3.72e-08  W=1.160 thetaP=0.621  (2218s)
  >> Severe APC Loss start 0: under10%=6/34 phys=3.72e-08  (best so far under10%=6/34 phys=3.72e-08)
  [Seve#1] arch 4x256 act=gelu net 207,879x10cond  rel_w=True colloc=fixed res=integral
  [Seve#1] hybrid term=ra_h5 (2x5 tanh, constraint=anchored, wd=1e-08) 46 weights | recovering 34 mechanistic params
    [Seve#1] Adam     1/2000  L=8.85e+00  Ld=5.68e-01  Lp=2.62e-04  Lic=4.14e-01  L2=2.27e-09  lp=10.59 | W=1.608(*2.00)  thetaP=0.405(*0.25)  <rel.err>=53% [1s]
    [Seve#1] Adam   200/2000  L=6.98e-03  Ld=6.79e-03  Lp=1.07e-05  Lic=4.11e-06  L2=3.93e-09  lp=10.19 | W=1.580(*2.00)  thetaP=0.507(*0.25)  <rel.err>=67% [114s]
    [Seve#1] Adam   400/2000  L=1.44e-03  Ld=1.36e-03  Lp=1.45e-06  Lic=3.28e-06  L2=3.22e-09  lp=10.54 | W=1.558(*2.00)  thetaP=0.508(*0.25)  <rel.err>=64% [228s]
    [Seve#1] Adam   600/2000  L=7.13e-04  Ld=6.38e-04  Lp=7.54e-07  Lic=3.33e-06  L2=3.02e-09  lp=11.81 | W=1.555(*2.00)  thetaP=0.505(*0.25)  <rel.err>=61% [342s]
    [Seve#1] Adam   800/2000  L=4.20e-04  Ld=4.13e-04  Lp=5.59e-07  Lic=1.98e-08  L2=2.92e-09  lp=12.96 | W=1.554(*2.00)  thetaP=0.501(*0.25)  <rel.err>=57% [455s]
    [Seve#1] Adam  1000/2000  L=3.19e-04  Ld=3.12e-04  Lp=4.54e-07  Lic=2.28e-09  L2=2.87e-09  lp=13.96 | W=1.554(*2.00)  thetaP=0.498(*0.25)  <rel.err>=54% [569s]
    [Seve#1] Adam  1200/2000  L=2.66e-04  Ld=2.60e-04  Lp=3.88e-07  Lic=1.76e-09  L2=2.84e-09  lp=14.87 | W=1.555(*2.00)  thetaP=0.495(*0.25)  <rel.err>=54% [683s]
    [Seve#1] Adam  1400/2000  L=2.38e-04  Ld=2.32e-04  Lp=3.48e-07  Lic=1.48e-09  L2=2.83e-09  lp=15.67 | W=1.556(*2.00)  thetaP=0.492(*0.25)  <rel.err>=53% [797s]
    [Seve#1] Adam  1600/2000  L=2.23e-04  Ld=2.18e-04  Lp=3.24e-07  Lic=1.35e-09  L2=2.83e-09  lp=16.36 | W=1.557(*2.00)  thetaP=0.491(*0.25)  <rel.err>=53% [910s]
    [Seve#1] Adam  1800/2000  L=2.17e-04  Ld=2.12e-04  Lp=3.11e-07  Lic=1.30e-09  L2=2.83e-09  lp=16.96 | W=1.558(*2.00)  thetaP=0.489(*0.25)  <rel.err>=53% [1024s]
    [Seve#1] Adam  2000/2000  L=2.16e-04  Ld=2.11e-04  Lp=3.02e-07  Lic=1.29e-09  L2=2.83e-09  lp=17.50 | W=1.559(*2.00)  thetaP=0.488(*0.25)  <rel.err>=53% [1133s]
    [Seve#1] L-BFGS (150) ...
    [Seve#1] LBFGS   50/150  L=9.65e-05 | W=1.617(*2.00)  thetaP=0.472(*0.25)  <rel.err>=53% [1475s]
    [Seve#1] LBFGS  100/150  L=4.90e-05 | W=1.587(*2.00)  thetaP=0.471(*0.25)  <rel.err>=36% [1817s]
    [Seve#1] LBFGS  150/150  L=3.15e-05 | W=1.518(*2.00)  thetaP=0.472(*0.25)  <rel.err>=32% [2163s]
    [Seve#1] param-refine (600, frozen, integral) ...
    [Seve#1] refine   50/600  Lp+L2=4.12e-08  L2=3.16e-09  <f_NN>=0.981  under10%=6/34 | W=1.518(*2.00)  thetaP=0.472(*0.25)  <rel.err>=32% [2167s]
    [Seve#1] refine  100/600  Lp+L2=4.12e-08  L2=3.16e-09  <f_NN>=0.981  under10%=6/34 | W=1.518(*2.00)  thetaP=0.472(*0.25)  <rel.err>=32% [2171s]
    [Seve#1] refine  150/600  Lp+L2=4.12e-08  L2=3.16e-09  <f_NN>=0.981  under10%=6/34 | W=1.518(*2.00)  thetaP=0.472(*0.25)  <rel.err>=32% [2175s]
    [Seve#1] refine  200/600  Lp+L2=4.12e-08  L2=3.16e-09  <f_NN>=0.981  under10%=6/34 | W=1.518(*2.00)  thetaP=0.472(*0.25)  <rel.err>=32% [2179s]
    [Seve#1] refine  250/600  Lp+L2=4.12e-08  L2=3.16e-09  <f_NN>=0.981  under10%=6/34 | W=1.518(*2.00)  thetaP=0.472(*0.25)  <rel.err>=32% [2183s]
    [Seve#1] refine  300/600  Lp+L2=4.12e-08  L2=3.16e-09  <f_NN>=0.981  under10%=6/34 | W=1.518(*2.00)  thetaP=0.472(*0.25)  <rel.err>=32% [2187s]
    [Seve#1] refine  350/600  Lp+L2=4.12e-08  L2=3.16e-09  <f_NN>=0.981  under10%=6/34 | W=1.518(*2.00)  thetaP=0.472(*0.25)  <rel.err>=32% [2191s]
    [Seve#1] refine  400/600  Lp+L2=4.12e-08  L2=3.16e-09  <f_NN>=0.981  under10%=6/34 | W=1.518(*2.00)  thetaP=0.472(*0.25)  <rel.err>=32% [2195s]
    [Seve#1] refine  450/600  Lp+L2=4.12e-08  L2=3.16e-09  <f_NN>=0.981  under10%=6/34 | W=1.518(*2.00)  thetaP=0.472(*0.25)  <rel.err>=32% [2199s]
    [Seve#1] refine  500/600  Lp+L2=4.12e-08  L2=3.16e-09  <f_NN>=0.981  under10%=6/34 | W=1.518(*2.00)  thetaP=0.472(*0.25)  <rel.err>=32% [2203s]
    [Seve#1] refine  550/600  Lp+L2=4.12e-08  L2=3.16e-09  <f_NN>=0.981  under10%=6/34 | W=1.518(*2.00)  thetaP=0.472(*0.25)  <rel.err>=32% [2208s]
    [Seve#1] refine  600/600  Lp+L2=4.12e-08  L2=3.16e-09  <f_NN>=0.981  under10%=6/34 | W=1.518(*2.00)  thetaP=0.472(*0.25)  <rel.err>=32% [2212s]
  [Seve#1] done  under10%=6/34  phys=3.80e-08  W=1.518 thetaP=0.472  (2212s)
  >> Severe APC Loss start 1: under10%=6/34 phys=3.80e-08  (best so far under10%=6/34 phys=3.72e-08)
  [Seve#2] arch 4x256 act=gelu net 207,879x10cond  rel_w=True colloc=fixed res=integral
  [Seve#2] hybrid term=ra_h5 (2x5 tanh, constraint=anchored, wd=1e-08) 46 weights | recovering 34 mechanistic params
    [Seve#2] Adam     1/2000  L=8.86e+00  Ld=5.69e-01  Lp=5.07e-04  Lic=4.14e-01  L2=3.50e-09  lp=7.48 | W=1.283(*2.00)  thetaP=0.547(*0.25)  <rel.err>=55% [1s]
    [Seve#2] Adam   200/2000  L=7.04e-03  Ld=6.85e-03  Lp=2.22e-05  Lic=1.68e-06  L2=4.26e-09  lp=7.01 | W=1.321(*2.00)  thetaP=0.629(*0.25)  <rel.err>=72% [114s]
    [Seve#2] Adam   400/2000  L=1.34e-03  Ld=1.28e-03  Lp=2.85e-06  Lic=2.12e-06  L2=3.90e-09  lp=6.83 | W=1.310(*2.00)  thetaP=0.623(*0.25)  <rel.err>=70% [228s]
    [Seve#2] Adam   600/2000  L=5.83e-04  Ld=5.72e-04  Lp=1.39e-06  Lic=1.53e-08  L2=3.72e-09  lp=7.44 | W=1.311(*2.00)  thetaP=0.616(*0.25)  <rel.err>=67% [342s]
    [Seve#2] Adam   800/2000  L=3.88e-04  Ld=3.80e-04  Lp=9.93e-07  Lic=2.17e-09  L2=3.63e-09  lp=8.12 | W=1.315(*2.00)  thetaP=0.610(*0.25)  <rel.err>=63% [455s]
    [Seve#2] Adam  1000/2000  L=3.06e-04  Ld=2.99e-04  Lp=8.15e-07  Lic=1.70e-09  L2=3.58e-09  lp=8.70 | W=1.319(*2.00)  thetaP=0.606(*0.25)  <rel.err>=60% [569s]
    [Seve#2] Adam  1200/2000  L=2.62e-04  Ld=2.55e-04  Lp=7.11e-07  Lic=1.44e-09  L2=3.56e-09  lp=9.18 | W=1.324(*2.00)  thetaP=0.603(*0.25)  <rel.err>=59% [683s]
    [Seve#2] Adam  1400/2000  L=2.37e-04  Ld=2.31e-04  Lp=6.46e-07  Lic=1.29e-09  L2=3.55e-09  lp=9.59 | W=1.329(*2.00)  thetaP=0.601(*0.25)  <rel.err>=58% [797s]
    [Seve#2] Adam  1600/2000  L=2.24e-04  Ld=2.18e-04  Lp=6.07e-07  Lic=1.22e-09  L2=3.54e-09  lp=9.96 | W=1.333(*2.00)  thetaP=0.599(*0.25)  <rel.err>=57% [910s]
    [Seve#2] Adam  1800/2000  L=2.19e-04  Ld=2.13e-04  Lp=5.85e-07  Lic=1.19e-09  L2=3.54e-09  lp=10.30 | W=1.337(*2.00)  thetaP=0.598(*0.25)  <rel.err>=57% [1024s]
    [Seve#2] Adam  2000/2000  L=2.18e-04  Ld=2.12e-04  Lp=5.70e-07  Lic=1.18e-09  L2=3.54e-09  lp=10.61 | W=1.341(*2.00)  thetaP=0.597(*0.25)  <rel.err>=56% [1131s]
    [Seve#2] L-BFGS (150) ...
    [Seve#2] LBFGS   50/150  L=8.54e-05 | W=1.427(*2.00)  thetaP=0.582(*0.25)  <rel.err>=72% [1472s]
    [Seve#2] LBFGS  100/150  L=4.97e-05 | W=1.397(*2.00)  thetaP=0.570(*0.25)  <rel.err>=48% [1817s]
    [Seve#2] LBFGS  150/150  L=2.74e-05 | W=1.380(*2.00)  thetaP=0.568(*0.25)  <rel.err>=35% [2167s]
    [Seve#2] param-refine (600, frozen, integral) ...
    [Seve#2] refine   50/600  Lp+L2=6.51e-08  L2=3.83e-09  <f_NN>=0.918  under10%=5/34 | W=1.380(*2.00)  thetaP=0.568(*0.25)  <rel.err>=35% [2171s]
    [Seve#2] refine  100/600  Lp+L2=6.51e-08  L2=3.83e-09  <f_NN>=0.918  under10%=5/34 | W=1.380(*2.00)  thetaP=0.568(*0.25)  <rel.err>=35% [2175s]
    [Seve#2] refine  150/600  Lp+L2=6.51e-08  L2=3.83e-09  <f_NN>=0.918  under10%=5/34 | W=1.380(*2.00)  thetaP=0.568(*0.25)  <rel.err>=35% [2178s]
    [Seve#2] refine  200/600  Lp+L2=6.51e-08  L2=3.83e-09  <f_NN>=0.918  under10%=5/34 | W=1.380(*2.00)  thetaP=0.568(*0.25)  <rel.err>=35% [2182s]
    [Seve#2] refine  250/600  Lp+L2=6.51e-08  L2=3.83e-09  <f_NN>=0.918  under10%=5/34 | W=1.380(*2.00)  thetaP=0.568(*0.25)  <rel.err>=35% [2186s]
    [Seve#2] refine  300/600  Lp+L2=6.51e-08  L2=3.83e-09  <f_NN>=0.918  under10%=5/34 | W=1.380(*2.00)  thetaP=0.568(*0.25)  <rel.err>=35% [2189s]
    [Seve#2] refine  350/600  Lp+L2=6.51e-08  L2=3.83e-09  <f_NN>=0.918  under10%=5/34 | W=1.380(*2.00)  thetaP=0.568(*0.25)  <rel.err>=35% [2193s]
    [Seve#2] refine  400/600  Lp+L2=6.51e-08  L2=3.83e-09  <f_NN>=0.918  under10%=5/34 | W=1.380(*2.00)  thetaP=0.568(*0.25)  <rel.err>=35% [2196s]
    [Seve#2] refine  450/600  Lp+L2=6.51e-08  L2=3.83e-09  <f_NN>=0.918  under10%=5/34 | W=1.380(*2.00)  thetaP=0.568(*0.25)  <rel.err>=35% [2199s]
    [Seve#2] refine  500/600  Lp+L2=6.51e-08  L2=3.83e-09  <f_NN>=0.918  under10%=5/34 | W=1.380(*2.00)  thetaP=0.568(*0.25)  <rel.err>=35% [2203s]
    [Seve#2] refine  550/600  Lp+L2=6.51e-08  L2=3.83e-09  <f_NN>=0.918  under10%=5/34 | W=1.380(*2.00)  thetaP=0.568(*0.25)  <rel.err>=35% [2206s]
    [Seve#2] refine  600/600  Lp+L2=6.51e-08  L2=3.83e-09  <f_NN>=0.918  under10%=5/34 | W=1.380(*2.00)  thetaP=0.568(*0.25)  <rel.err>=35% [2209s]
  [Seve#2] done  under10%=5/34  phys=6.12e-08  W=1.380 thetaP=0.568  (2209s)
  >> Severe APC Loss start 2: under10%=5/34 phys=6.12e-08  (best so far under10%=6/34 phys=3.72e-08)
  [Severe APC Loss] learned term ra_h5 over x in [0.136, 0.947]: RMSE=0.2418 (NRMSE=17.3%)  gate_lo=0.76  [anchor weak here]
