=== regime=Advanced Adenoma  variant=ra_h5_nc  hybrid_term=ra_h5  n_unknown=34  knobs={'rel_weight': True, 'colloc_mode': 'fixed', 'residual_mode': 'integral', 'activation': 'gelu', 'n_starts': 3} ===
  [Adva#0] arch 4x256 act=gelu net 207,879x10cond  rel_w=True colloc=fixed res=integral
  [Adva#0] hybrid term=ra_h5 (2x5 tanh, constraint=none, wd=1e-08) 46 weights | recovering 34 mechanistic params
    [Adva#0] Adam     1/2000  L=8.80e+00  Ld=5.63e-01  Lp=3.43e-04  Lic=4.12e-01  L2=2.15e-09  lp=9.25 | W=1.194(*1.50)  thetaP=0.599(*0.50)  <rel.err>=48% [1s]
    [Adva#0] Adam   200/2000  L=6.71e-03  Ld=6.22e-03  Lp=1.19e-05  Lic=1.93e-05  L2=3.63e-09  lp=8.84 | W=1.038(*1.50)  thetaP=0.684(*0.50)  <rel.err>=58% [114s]
    [Adva#0] Adam   400/2000  L=1.28e-03  Ld=1.09e-03  Lp=1.58e-06  Lic=8.81e-06  L2=3.31e-09  lp=9.03 | W=1.031(*1.50)  thetaP=0.680(*0.50)  <rel.err>=53% [227s]
    [Adva#0] Adam   600/2000  L=6.42e-04  Ld=5.50e-04  Lp=7.99e-07  Lic=4.16e-06  L2=3.41e-09  lp=10.25 | W=1.031(*1.50)  thetaP=0.675(*0.50)  <rel.err>=49% [340s]
    [Adva#0] Adam   800/2000  L=3.87e-04  Ld=3.80e-04  Lp=5.37e-07  Lic=2.40e-09  L2=3.49e-09  lp=11.42 | W=1.033(*1.50)  thetaP=0.672(*0.50)  <rel.err>=47% [454s]
    [Adva#0] Adam  1000/2000  L=3.05e-04  Ld=3.00e-04  Lp=4.14e-07  Lic=1.87e-09  L2=3.55e-09  lp=12.33 | W=1.036(*1.50)  thetaP=0.670(*0.50)  <rel.err>=46% [567s]
    [Adva#0] Adam  1200/2000  L=2.61e-04  Ld=2.57e-04  Lp=3.50e-07  Lic=1.58e-09  L2=3.60e-09  lp=13.03 | W=1.039(*1.50)  thetaP=0.669(*0.50)  <rel.err>=45% [680s]
    [Adva#0] Adam  1400/2000  L=2.37e-04  Ld=2.33e-04  Lp=3.13e-07  Lic=1.42e-09  L2=3.63e-09  lp=13.58 | W=1.042(*1.50)  thetaP=0.669(*0.50)  <rel.err>=45% [794s]
    [Adva#0] Adam  1600/2000  L=2.24e-04  Ld=2.20e-04  Lp=2.91e-07  Lic=1.33e-09  L2=3.66e-09  lp=14.06 | W=1.044(*1.50)  thetaP=0.668(*0.50)  <rel.err>=43% [907s]
    [Adva#0] Adam  1800/2000  L=2.19e-04  Ld=2.15e-04  Lp=2.78e-07  Lic=1.30e-09  L2=3.69e-09  lp=14.53 | W=1.046(*1.50)  thetaP=0.667(*0.50)  <rel.err>=42% [1020s]
    [Adva#0] Adam  2000/2000  L=2.18e-04  Ld=2.14e-04  Lp=2.70e-07  Lic=1.29e-09  L2=3.71e-09  lp=14.98 | W=1.049(*1.50)  thetaP=0.667(*0.50)  <rel.err>=42% [1133s]
    [Adva#0] L-BFGS (150) ...
    [Adva#0] LBFGS   50/150  L=7.82e-05 | W=1.086(*1.50)  thetaP=0.652(*0.50)  <rel.err>=44% [1475s]
    [Adva#0] LBFGS  100/150  L=3.45e-05 | W=1.049(*1.50)  thetaP=0.652(*0.50)  <rel.err>=28% [1820s]
    [Adva#0] LBFGS  150/150  L=2.03e-05 | W=0.973(*1.50)  thetaP=0.652(*0.50)  <rel.err>=26% [2161s]
    [Adva#0] param-refine (600, frozen, integral) ...
    [Adva#0] refine   50/600  Lp+L2=3.23e-08  L2=4.28e-09  <f_NN>=1.040  under10%=10/34 | W=0.973(*1.50)  thetaP=0.652(*0.50)  <rel.err>=26% [2164s]
    [Adva#0] refine  100/600  Lp+L2=3.23e-08  L2=4.28e-09  <f_NN>=1.040  under10%=10/34 | W=0.973(*1.50)  thetaP=0.652(*0.50)  <rel.err>=26% [2168s]
    [Adva#0] refine  150/600  Lp+L2=3.23e-08  L2=4.28e-09  <f_NN>=1.040  under10%=10/34 | W=0.973(*1.50)  thetaP=0.652(*0.50)  <rel.err>=26% [2172s]
    [Adva#0] refine  200/600  Lp+L2=3.23e-08  L2=4.28e-09  <f_NN>=1.040  under10%=10/34 | W=0.973(*1.50)  thetaP=0.652(*0.50)  <rel.err>=26% [2176s]
    [Adva#0] refine  250/600  Lp+L2=3.23e-08  L2=4.28e-09  <f_NN>=1.040  under10%=10/34 | W=0.973(*1.50)  thetaP=0.652(*0.50)  <rel.err>=26% [2180s]
    [Adva#0] refine  300/600  Lp+L2=3.23e-08  L2=4.28e-09  <f_NN>=1.040  under10%=10/34 | W=0.973(*1.50)  thetaP=0.652(*0.50)  <rel.err>=26% [2184s]
    [Adva#0] refine  350/600  Lp+L2=3.23e-08  L2=4.28e-09  <f_NN>=1.040  under10%=10/34 | W=0.973(*1.50)  thetaP=0.652(*0.50)  <rel.err>=26% [2188s]
    [Adva#0] refine  400/600  Lp+L2=3.23e-08  L2=4.28e-09  <f_NN>=1.040  under10%=10/34 | W=0.973(*1.50)  thetaP=0.652(*0.50)  <rel.err>=26% [2192s]
    [Adva#0] refine  450/600  Lp+L2=3.23e-08  L2=4.28e-09  <f_NN>=1.040  under10%=10/34 | W=0.973(*1.50)  thetaP=0.652(*0.50)  <rel.err>=26% [2196s]
    [Adva#0] refine  500/600  Lp+L2=3.23e-08  L2=4.28e-09  <f_NN>=1.040  under10%=10/34 | W=0.973(*1.50)  thetaP=0.652(*0.50)  <rel.err>=26% [2200s]
    [Adva#0] refine  550/600  Lp+L2=3.23e-08  L2=4.28e-09  <f_NN>=1.040  under10%=10/34 | W=0.973(*1.50)  thetaP=0.652(*0.50)  <rel.err>=26% [2205s]
    [Adva#0] refine  600/600  Lp+L2=3.23e-08  L2=4.28e-09  <f_NN>=1.040  under10%=10/34 | W=0.973(*1.50)  thetaP=0.652(*0.50)  <rel.err>=26% [2209s]
  [Adva#0] done  under10%=10/34  phys=2.80e-08  W=0.973 thetaP=0.652  (2209s)
  >> Advanced Adenoma start 0: under10%=10/34 phys=2.80e-08  (best so far under10%=10/34 phys=2.80e-08)
  [Adva#1] arch 4x256 act=gelu net 207,879x10cond  rel_w=True colloc=fixed res=integral
  [Adva#1] hybrid term=ra_h5 (2x5 tanh, constraint=none, wd=1e-08) 46 weights | recovering 34 mechanistic params
    [Adva#1] Adam     1/2000  L=8.80e+00  Ld=5.59e-01  Lp=2.91e-04  Lic=4.12e-01  L2=2.27e-09  lp=10.30 | W=1.608(*1.50)  thetaP=0.405(*0.50)  <rel.err>=52% [1s]
    [Adva#1] Adam   200/2000  L=6.92e-03  Ld=6.76e-03  Lp=1.16e-05  Lic=2.21e-06  L2=4.34e-09  lp=9.96 | W=1.416(*1.50)  thetaP=0.509(*0.50)  <rel.err>=61% [113s]
    [Adva#1] Adam   400/2000  L=1.36e-03  Ld=1.22e-03  Lp=1.44e-06  Lic=6.02e-06  L2=3.86e-09  lp=10.18 | W=1.394(*1.50)  thetaP=0.510(*0.50)  <rel.err>=56% [226s]
    [Adva#1] Adam   600/2000  L=5.91e-04  Ld=5.82e-04  Lp=6.86e-07  Lic=7.52e-09  L2=3.82e-09  lp=11.63 | W=1.389(*1.50)  thetaP=0.507(*0.50)  <rel.err>=52% [340s]
    [Adva#1] Adam   800/2000  L=3.94e-04  Ld=3.87e-04  Lp=5.04e-07  Lic=4.62e-09  L2=3.80e-09  lp=13.14 | W=1.386(*1.50)  thetaP=0.505(*0.50)  <rel.err>=49% [453s]
    [Adva#1] Adam  1000/2000  L=3.06e-04  Ld=3.00e-04  Lp=4.17e-07  Lic=2.37e-09  L2=3.82e-09  lp=14.36 | W=1.384(*1.50)  thetaP=0.503(*0.50)  <rel.err>=48% [566s]
    [Adva#1] Adam  1200/2000  L=2.58e-04  Ld=2.52e-04  Lp=3.67e-07  Lic=1.86e-09  L2=3.87e-09  lp=15.30 | W=1.383(*1.50)  thetaP=0.502(*0.50)  <rel.err>=47% [680s]
    [Adva#1] Adam  1400/2000  L=2.31e-04  Ld=2.26e-04  Lp=3.37e-07  Lic=1.59e-09  L2=3.93e-09  lp=16.04 | W=1.382(*1.50)  thetaP=0.501(*0.50)  <rel.err>=47% [793s]
    [Adva#1] Adam  1600/2000  L=2.17e-04  Ld=2.12e-04  Lp=3.19e-07  Lic=1.46e-09  L2=3.98e-09  lp=16.64 | W=1.382(*1.50)  thetaP=0.500(*0.50)  <rel.err>=46% [906s]
    [Adva#1] Adam  1800/2000  L=2.11e-04  Ld=2.06e-04  Lp=3.08e-07  Lic=1.40e-09  L2=4.02e-09  lp=17.18 | W=1.381(*1.50)  thetaP=0.500(*0.50)  <rel.err>=45% [1019s]
    [Adva#1] Adam  2000/2000  L=2.10e-04  Ld=2.05e-04  Lp=3.01e-07  Lic=1.39e-09  L2=4.05e-09  lp=17.68 | W=1.381(*1.50)  thetaP=0.499(*0.50)  <rel.err>=45% [1128s]
    [Adva#1] L-BFGS (150) ...
    [Adva#1] LBFGS   50/150  L=9.13e-05 | W=1.378(*1.50)  thetaP=0.488(*0.50)  <rel.err>=46% [1467s]
    [Adva#1] LBFGS  100/150  L=4.09e-05 | W=1.320(*1.50)  thetaP=0.490(*0.50)  <rel.err>=28% [1809s]
    [Adva#1] LBFGS  150/150  L=2.46e-05 | W=1.171(*1.50)  thetaP=0.493(*0.50)  <rel.err>=27% [2152s]
    [Adva#1] param-refine (600, frozen, integral) ...
    [Adva#1] refine   50/600  Lp+L2=3.40e-08  L2=4.73e-09  <f_NN>=0.860  under10%=12/34 | W=1.171(*1.50)  thetaP=0.493(*0.50)  <rel.err>=27% [2156s]
    [Adva#1] refine  100/600  Lp+L2=3.40e-08  L2=4.73e-09  <f_NN>=0.860  under10%=12/34 | W=1.171(*1.50)  thetaP=0.493(*0.50)  <rel.err>=27% [2160s]
    [Adva#1] refine  150/600  Lp+L2=3.40e-08  L2=4.73e-09  <f_NN>=0.860  under10%=12/34 | W=1.171(*1.50)  thetaP=0.493(*0.50)  <rel.err>=27% [2164s]
    [Adva#1] refine  200/600  Lp+L2=3.40e-08  L2=4.73e-09  <f_NN>=0.860  under10%=12/34 | W=1.171(*1.50)  thetaP=0.493(*0.50)  <rel.err>=27% [2168s]
    [Adva#1] refine  250/600  Lp+L2=3.40e-08  L2=4.73e-09  <f_NN>=0.860  under10%=12/34 | W=1.171(*1.50)  thetaP=0.493(*0.50)  <rel.err>=27% [2172s]
    [Adva#1] refine  300/600  Lp+L2=3.40e-08  L2=4.73e-09  <f_NN>=0.860  under10%=12/34 | W=1.171(*1.50)  thetaP=0.493(*0.50)  <rel.err>=27% [2176s]
    [Adva#1] refine  350/600  Lp+L2=3.40e-08  L2=4.73e-09  <f_NN>=0.860  under10%=12/34 | W=1.171(*1.50)  thetaP=0.493(*0.50)  <rel.err>=27% [2179s]
    [Adva#1] refine  400/600  Lp+L2=3.40e-08  L2=4.73e-09  <f_NN>=0.860  under10%=12/34 | W=1.171(*1.50)  thetaP=0.493(*0.50)  <rel.err>=27% [2183s]
    [Adva#1] refine  450/600  Lp+L2=3.40e-08  L2=4.73e-09  <f_NN>=0.860  under10%=12/34 | W=1.171(*1.50)  thetaP=0.493(*0.50)  <rel.err>=27% [2187s]
    [Adva#1] refine  500/600  Lp+L2=3.40e-08  L2=4.73e-09  <f_NN>=0.860  under10%=12/34 | W=1.171(*1.50)  thetaP=0.493(*0.50)  <rel.err>=27% [2191s]
    [Adva#1] refine  550/600  Lp+L2=3.40e-08  L2=4.73e-09  <f_NN>=0.860  under10%=12/34 | W=1.171(*1.50)  thetaP=0.493(*0.50)  <rel.err>=27% [2196s]
    [Adva#1] refine  600/600  Lp+L2=3.40e-08  L2=4.73e-09  <f_NN>=0.860  under10%=12/34 | W=1.171(*1.50)  thetaP=0.493(*0.50)  <rel.err>=27% [2200s]
  [Adva#1] done  under10%=12/34  phys=2.93e-08  W=1.171 thetaP=0.493  (2200s)
  >> Advanced Adenoma start 1: under10%=12/34 phys=2.93e-08  (best so far under10%=10/34 phys=2.80e-08)
  [Adva#2] arch 4x256 act=gelu net 207,879x10cond  rel_w=True colloc=fixed res=integral
  [Adva#2] hybrid term=ra_h5 (2x5 tanh, constraint=none, wd=1e-08) 46 weights | recovering 34 mechanistic params
    [Adva#2] Adam     1/2000  L=8.81e+00  Ld=5.60e-01  Lp=5.14e-04  Lic=4.12e-01  L2=3.50e-09  lp=7.34 | W=1.283(*1.50)  thetaP=0.547(*0.50)  <rel.err>=51% [1s]
    [Adva#2] Adam   200/2000  L=7.57e-03  Ld=7.37e-03  Lp=2.32e-05  Lic=1.92e-06  L2=4.60e-09  lp=6.91 | W=1.170(*1.50)  thetaP=0.625(*0.50)  <rel.err>=62% [113s]
    [Adva#2] Adam   400/2000  L=1.29e-03  Ld=1.25e-03  Lp=2.76e-06  Lic=9.29e-07  L2=4.47e-09  lp=6.75 | W=1.158(*1.50)  thetaP=0.619(*0.50)  <rel.err>=58% [227s]
    [Adva#2] Adam   600/2000  L=5.51e-04  Ld=5.40e-04  Lp=1.32e-06  Lic=8.91e-08  L2=4.47e-09  lp=7.36 | W=1.160(*1.50)  thetaP=0.614(*0.50)  <rel.err>=55% [340s]
    [Adva#2] Adam   800/2000  L=3.67e-04  Ld=3.59e-04  Lp=9.32e-07  Lic=3.75e-09  L2=4.49e-09  lp=7.99 | W=1.162(*1.50)  thetaP=0.611(*0.50)  <rel.err>=53% [454s]
    [Adva#2] Adam  1000/2000  L=2.87e-04  Ld=2.81e-04  Lp=7.60e-07  Lic=1.69e-09  L2=4.52e-09  lp=8.53 | W=1.166(*1.50)  thetaP=0.610(*0.50)  <rel.err>=52% [567s]
    [Adva#2] Adam  1200/2000  L=2.45e-04  Ld=2.39e-04  Lp=6.63e-07  Lic=1.43e-09  L2=4.56e-09  lp=8.98 | W=1.169(*1.50)  thetaP=0.608(*0.50)  <rel.err>=50% [680s]
    [Adva#2] Adam  1400/2000  L=2.21e-04  Ld=2.15e-04  Lp=6.04e-07  Lic=1.28e-09  L2=4.59e-09  lp=9.38 | W=1.172(*1.50)  thetaP=0.607(*0.50)  <rel.err>=49% [794s]
    [Adva#2] Adam  1600/2000  L=2.08e-04  Ld=2.03e-04  Lp=5.69e-07  Lic=1.21e-09  L2=4.62e-09  lp=9.75 | W=1.175(*1.50)  thetaP=0.606(*0.50)  <rel.err>=48% [907s]
    [Adva#2] Adam  1800/2000  L=2.03e-04  Ld=1.98e-04  Lp=5.48e-07  Lic=1.18e-09  L2=4.64e-09  lp=10.09 | W=1.178(*1.50)  thetaP=0.605(*0.50)  <rel.err>=47% [1020s]
    [Adva#2] Adam  2000/2000  L=2.03e-04  Ld=1.97e-04  Lp=5.35e-07  Lic=1.17e-09  L2=4.66e-09  lp=10.42 | W=1.180(*1.50)  thetaP=0.605(*0.50)  <rel.err>=46% [1128s]
    [Adva#2] L-BFGS (150) ...
    [Adva#2] LBFGS   50/150  L=7.30e-05 | W=1.235(*1.50)  thetaP=0.592(*0.50)  <rel.err>=59% [1468s]
    [Adva#2] LBFGS  100/150  L=3.62e-05 | W=1.204(*1.50)  thetaP=0.588(*0.50)  <rel.err>=33% [1812s]
    [Adva#2] LBFGS  150/150  L=1.97e-05 | W=1.152(*1.50)  thetaP=0.587(*0.50)  <rel.err>=25% [2159s]
    [Adva#2] param-refine (600, frozen, integral) ...
    [Adva#2] refine   50/600  Lp+L2=4.56e-08  L2=5.17e-09  <f_NN>=0.783  under10%=13/34 | W=1.152(*1.50)  thetaP=0.587(*0.50)  <rel.err>=25% [2163s]
    [Adva#2] refine  100/600  Lp+L2=4.56e-08  L2=5.17e-09  <f_NN>=0.783  under10%=13/34 | W=1.152(*1.50)  thetaP=0.587(*0.50)  <rel.err>=25% [2167s]
    [Adva#2] refine  150/600  Lp+L2=4.56e-08  L2=5.17e-09  <f_NN>=0.783  under10%=13/34 | W=1.152(*1.50)  thetaP=0.587(*0.50)  <rel.err>=25% [2171s]
    [Adva#2] refine  200/600  Lp+L2=4.56e-08  L2=5.17e-09  <f_NN>=0.783  under10%=13/34 | W=1.152(*1.50)  thetaP=0.587(*0.50)  <rel.err>=25% [2174s]
    [Adva#2] refine  250/600  Lp+L2=4.56e-08  L2=5.17e-09  <f_NN>=0.783  under10%=13/34 | W=1.152(*1.50)  thetaP=0.587(*0.50)  <rel.err>=25% [2178s]
    [Adva#2] refine  300/600  Lp+L2=4.56e-08  L2=5.17e-09  <f_NN>=0.783  under10%=13/34 | W=1.152(*1.50)  thetaP=0.587(*0.50)  <rel.err>=25% [2182s]
    [Adva#2] refine  350/600  Lp+L2=4.56e-08  L2=5.17e-09  <f_NN>=0.783  under10%=13/34 | W=1.152(*1.50)  thetaP=0.587(*0.50)  <rel.err>=25% [2185s]
    [Adva#2] refine  400/600  Lp+L2=4.56e-08  L2=5.17e-09  <f_NN>=0.783  under10%=13/34 | W=1.152(*1.50)  thetaP=0.587(*0.50)  <rel.err>=25% [2188s]
    [Adva#2] refine  450/600  Lp+L2=4.56e-08  L2=5.17e-09  <f_NN>=0.783  under10%=13/34 | W=1.152(*1.50)  thetaP=0.587(*0.50)  <rel.err>=25% [2190s]
    [Adva#2] refine  500/600  Lp+L2=4.56e-08  L2=5.17e-09  <f_NN>=0.783  under10%=13/34 | W=1.152(*1.50)  thetaP=0.587(*0.50)  <rel.err>=25% [2193s]
    [Adva#2] refine  550/600  Lp+L2=4.56e-08  L2=5.17e-09  <f_NN>=0.783  under10%=13/34 | W=1.152(*1.50)  thetaP=0.587(*0.50)  <rel.err>=25% [2195s]
    [Adva#2] refine  600/600  Lp+L2=4.56e-08  L2=5.17e-09  <f_NN>=0.783  under10%=13/34 | W=1.152(*1.50)  thetaP=0.587(*0.50)  <rel.err>=25% [2198s]
  [Adva#2] done  under10%=13/34  phys=4.04e-08  W=1.152 thetaP=0.587  (2198s)
  >> Advanced Adenoma start 2: under10%=13/34 phys=4.04e-08  (best so far under10%=10/34 phys=2.80e-08)
  [Advanced Adenoma] learned term ra_h5 over x in [0.137, 0.970]: RMSE=0.3399 (NRMSE=24.1%)  gate_lo=1.00  [anchor weak here]
