=== regime=Early Adenoma  variant=ra_h5_nc  hybrid_term=ra_h5  n_unknown=34  knobs={'rel_weight': True, 'colloc_mode': 'fixed', 'residual_mode': 'integral', 'activation': 'gelu', 'n_starts': 3} ===
  [Earl#0] arch 4x256 act=gelu net 207,879x10cond  rel_w=True colloc=fixed res=integral
  [Earl#0] hybrid term=ra_h5 (2x5 tanh, constraint=none, wd=1e-08) 46 weights | recovering 34 mechanistic params
    [Earl#0] Adam     1/2000  L=8.55e+00  Ld=5.42e-01  Lp=3.36e-04  Lic=4.00e-01  L2=2.15e-09  lp=9.47 | W=1.194(*1.00)  thetaP=0.599(*0.75)  <rel.err>=48% [1s]
    [Earl#0] Adam   200/2000  L=6.08e-03  Ld=5.98e-03  Lp=1.09e-05  Lic=3.69e-07  L2=3.56e-09  lp=9.18 | W=0.973(*1.00)  thetaP=0.686(*0.75)  <rel.err>=53% [114s]
    [Earl#0] Adam   400/2000  L=9.01e-04  Ld=8.82e-04  Lp=1.31e-06  Lic=3.45e-07  L2=3.27e-09  lp=9.50 | W=0.965(*1.00)  thetaP=0.680(*0.75)  <rel.err>=47% [227s]
    [Earl#0] Adam   600/2000  L=4.75e-04  Ld=4.66e-04  Lp=7.08e-07  Lic=5.94e-08  L2=3.40e-09  lp=10.84 | W=0.965(*1.00)  thetaP=0.679(*0.75)  <rel.err>=44% [341s]
    [Earl#0] Adam   800/2000  L=3.36e-04  Ld=3.30e-04  Lp=4.97e-07  Lic=2.86e-09  L2=3.51e-09  lp=11.94 | W=0.966(*1.00)  thetaP=0.679(*0.75)  <rel.err>=42% [454s]
    [Earl#0] Adam  1000/2000  L=2.66e-04  Ld=2.61e-04  Lp=3.85e-07  Lic=2.26e-09  L2=3.60e-09  lp=12.90 | W=0.968(*1.00)  thetaP=0.680(*0.75)  <rel.err>=40% [568s]
    [Earl#0] Adam  1200/2000  L=2.27e-04  Ld=2.22e-04  Lp=3.22e-07  Lic=1.93e-09  L2=3.67e-09  lp=13.80 | W=0.970(*1.00)  thetaP=0.679(*0.75)  <rel.err>=38% [681s]
    [Earl#0] Adam  1400/2000  L=2.05e-04  Ld=2.01e-04  Lp=2.86e-07  Lic=1.75e-09  L2=3.72e-09  lp=14.67 | W=0.972(*1.00)  thetaP=0.679(*0.75)  <rel.err>=38% [794s]
    [Earl#0] Adam  1600/2000  L=1.94e-04  Ld=1.90e-04  Lp=2.65e-07  Lic=1.66e-09  L2=3.76e-09  lp=15.54 | W=0.973(*1.00)  thetaP=0.679(*0.75)  <rel.err>=37% [908s]
    [Earl#0] Adam  1800/2000  L=1.90e-04  Ld=1.85e-04  Lp=2.54e-07  Lic=1.62e-09  L2=3.78e-09  lp=16.41 | W=0.974(*1.00)  thetaP=0.679(*0.75)  <rel.err>=36% [1021s]
    [Earl#0] Adam  2000/2000  L=1.89e-04  Ld=1.85e-04  Lp=2.47e-07  Lic=1.61e-09  L2=3.80e-09  lp=17.31 | W=0.974(*1.00)  thetaP=0.678(*0.75)  <rel.err>=36% [1134s]
    [Earl#0] L-BFGS (150) ...
    [Earl#0] LBFGS   50/150  L=7.55e-05 | W=0.926(*1.00)  thetaP=0.670(*0.75)  <rel.err>=39% [1471s]
    [Earl#0] LBFGS  100/150  L=3.70e-05 | W=0.857(*1.00)  thetaP=0.678(*0.75)  <rel.err>=20% [1808s]
    [Earl#0] LBFGS  150/150  L=2.27e-05 | W=0.826(*1.00)  thetaP=0.690(*0.75)  <rel.err>=15% [2147s]
    [Earl#0] param-refine (600, frozen, integral) ...
    [Earl#0] refine   50/600  Lp+L2=3.13e-08  L2=4.35e-09  <f_NN>=1.252  under10%=18/34 | W=0.826(*1.00)  thetaP=0.690(*0.75)  <rel.err>=15% [2151s]
    [Earl#0] refine  100/600  Lp+L2=3.13e-08  L2=4.35e-09  <f_NN>=1.252  under10%=18/34 | W=0.826(*1.00)  thetaP=0.690(*0.75)  <rel.err>=15% [2154s]
    [Earl#0] refine  150/600  Lp+L2=3.13e-08  L2=4.35e-09  <f_NN>=1.252  under10%=18/34 | W=0.826(*1.00)  thetaP=0.690(*0.75)  <rel.err>=15% [2157s]
    [Earl#0] refine  200/600  Lp+L2=3.13e-08  L2=4.35e-09  <f_NN>=1.252  under10%=18/34 | W=0.826(*1.00)  thetaP=0.690(*0.75)  <rel.err>=15% [2161s]
    [Earl#0] refine  250/600  Lp+L2=3.13e-08  L2=4.35e-09  <f_NN>=1.252  under10%=18/34 | W=0.826(*1.00)  thetaP=0.690(*0.75)  <rel.err>=15% [2164s]
    [Earl#0] refine  300/600  Lp+L2=3.13e-08  L2=4.35e-09  <f_NN>=1.252  under10%=18/34 | W=0.826(*1.00)  thetaP=0.690(*0.75)  <rel.err>=15% [2168s]
    [Earl#0] refine  350/600  Lp+L2=3.13e-08  L2=4.35e-09  <f_NN>=1.252  under10%=18/34 | W=0.826(*1.00)  thetaP=0.690(*0.75)  <rel.err>=15% [2172s]
    [Earl#0] refine  400/600  Lp+L2=3.13e-08  L2=4.35e-09  <f_NN>=1.252  under10%=18/34 | W=0.826(*1.00)  thetaP=0.690(*0.75)  <rel.err>=15% [2176s]
    [Earl#0] refine  450/600  Lp+L2=3.13e-08  L2=4.35e-09  <f_NN>=1.252  under10%=18/34 | W=0.826(*1.00)  thetaP=0.690(*0.75)  <rel.err>=15% [2180s]
    [Earl#0] refine  500/600  Lp+L2=3.13e-08  L2=4.35e-09  <f_NN>=1.252  under10%=18/34 | W=0.826(*1.00)  thetaP=0.690(*0.75)  <rel.err>=15% [2184s]
    [Earl#0] refine  550/600  Lp+L2=3.13e-08  L2=4.35e-09  <f_NN>=1.252  under10%=18/34 | W=0.826(*1.00)  thetaP=0.690(*0.75)  <rel.err>=15% [2188s]
    [Earl#0] refine  600/600  Lp+L2=3.13e-08  L2=4.35e-09  <f_NN>=1.252  under10%=18/34 | W=0.826(*1.00)  thetaP=0.690(*0.75)  <rel.err>=15% [2192s]
  [Earl#0] done  under10%=18/34  phys=2.69e-08  W=0.826 thetaP=0.690  (2192s)
  >> Early Adenoma start 0: under10%=18/34 phys=2.69e-08  (best so far under10%=18/34 phys=2.69e-08)
  [Earl#1] arch 4x256 act=gelu net 207,879x10cond  rel_w=True colloc=fixed res=integral
  [Earl#1] hybrid term=ra_h5 (2x5 tanh, constraint=none, wd=1e-08) 46 weights | recovering 34 mechanistic params
    [Earl#1] Adam     1/2000  L=8.55e+00  Ld=5.38e-01  Lp=3.15e-04  Lic=4.00e-01  L2=2.27e-09  lp=10.20 | W=1.608(*1.00)  thetaP=0.405(*0.75)  <rel.err>=54% [1s]
    [Earl#1] Adam   200/2000  L=7.36e-03  Ld=7.17e-03  Lp=1.29e-05  Lic=2.93e-06  L2=4.23e-09  lp=10.15 | W=1.297(*1.00)  thetaP=0.517(*0.75)  <rel.err>=61% [110s]
    [Earl#1] Adam   400/2000  L=1.07e-03  Ld=1.06e-03  Lp=1.24e-06  Lic=4.73e-08  L2=3.88e-09  lp=10.45 | W=1.271(*1.00)  thetaP=0.521(*0.75)  <rel.err>=57% [223s]
    [Earl#1] Adam   600/2000  L=5.46e-04  Ld=5.39e-04  Lp=5.74e-07  Lic=1.40e-08  L2=3.83e-09  lp=11.64 | W=1.261(*1.00)  thetaP=0.520(*0.75)  <rel.err>=54% [337s]
    [Earl#1] Adam   800/2000  L=3.70e-04  Ld=3.65e-04  Lp=4.25e-07  Lic=4.68e-09  L2=3.84e-09  lp=12.51 | W=1.251(*1.00)  thetaP=0.520(*0.75)  <rel.err>=52% [450s]
    [Earl#1] Adam  1000/2000  L=2.88e-04  Ld=2.83e-04  Lp=3.54e-07  Lic=3.37e-09  L2=3.90e-09  lp=13.12 | W=1.241(*1.00)  thetaP=0.521(*0.75)  <rel.err>=51% [563s]
    [Earl#1] Adam  1200/2000  L=2.45e-04  Ld=2.40e-04  Lp=3.12e-07  Lic=2.73e-09  L2=3.96e-09  lp=13.61 | W=1.232(*1.00)  thetaP=0.521(*0.75)  <rel.err>=49% [677s]
    [Earl#1] Adam  1400/2000  L=2.20e-04  Ld=2.16e-04  Lp=2.85e-07  Lic=2.38e-09  L2=4.02e-09  lp=14.05 | W=1.224(*1.00)  thetaP=0.521(*0.75)  <rel.err>=48% [790s]
    [Earl#1] Adam  1600/2000  L=2.08e-04  Ld=2.04e-04  Lp=2.69e-07  Lic=2.21e-09  L2=4.06e-09  lp=14.48 | W=1.217(*1.00)  thetaP=0.521(*0.75)  <rel.err>=47% [904s]
    [Earl#1] Adam  1800/2000  L=2.03e-04  Ld=1.99e-04  Lp=2.59e-07  Lic=2.14e-09  L2=4.09e-09  lp=14.93 | W=1.210(*1.00)  thetaP=0.521(*0.75)  <rel.err>=46% [1017s]
    [Earl#1] Adam  2000/2000  L=2.02e-04  Ld=1.98e-04  Lp=2.52e-07  Lic=2.13e-09  L2=4.12e-09  lp=15.43 | W=1.204(*1.00)  thetaP=0.521(*0.75)  <rel.err>=45% [1130s]
    [Earl#1] L-BFGS (150) ...
    [Earl#1] LBFGS   50/150  L=7.52e-05 | W=1.052(*1.00)  thetaP=0.516(*0.75)  <rel.err>=45% [1477s]
    [Earl#1] LBFGS  100/150  L=3.85e-05 | W=0.875(*1.00)  thetaP=0.523(*0.75)  <rel.err>=24% [1817s]
    [Earl#1] LBFGS  150/150  L=2.53e-05 | W=0.797(*1.00)  thetaP=0.540(*0.75)  <rel.err>=19% [2159s]
    [Earl#1] param-refine (600, frozen, integral) ...
    [Earl#1] refine   50/600  Lp+L2=3.90e-08  L2=4.46e-09  <f_NN>=1.002  under10%=14/34 | W=0.797(*1.00)  thetaP=0.540(*0.75)  <rel.err>=19% [2162s]
    [Earl#1] refine  100/600  Lp+L2=3.90e-08  L2=4.46e-09  <f_NN>=1.002  under10%=14/34 | W=0.797(*1.00)  thetaP=0.540(*0.75)  <rel.err>=19% [2166s]
    [Earl#1] refine  150/600  Lp+L2=3.90e-08  L2=4.46e-09  <f_NN>=1.002  under10%=14/34 | W=0.797(*1.00)  thetaP=0.540(*0.75)  <rel.err>=19% [2169s]
    [Earl#1] refine  200/600  Lp+L2=3.90e-08  L2=4.46e-09  <f_NN>=1.002  under10%=14/34 | W=0.797(*1.00)  thetaP=0.540(*0.75)  <rel.err>=19% [2173s]
    [Earl#1] refine  250/600  Lp+L2=3.90e-08  L2=4.46e-09  <f_NN>=1.002  under10%=14/34 | W=0.797(*1.00)  thetaP=0.540(*0.75)  <rel.err>=19% [2177s]
    [Earl#1] refine  300/600  Lp+L2=3.90e-08  L2=4.46e-09  <f_NN>=1.002  under10%=14/34 | W=0.797(*1.00)  thetaP=0.540(*0.75)  <rel.err>=19% [2181s]
    [Earl#1] refine  350/600  Lp+L2=3.90e-08  L2=4.46e-09  <f_NN>=1.002  under10%=14/34 | W=0.797(*1.00)  thetaP=0.540(*0.75)  <rel.err>=19% [2185s]
    [Earl#1] refine  400/600  Lp+L2=3.90e-08  L2=4.46e-09  <f_NN>=1.002  under10%=14/34 | W=0.797(*1.00)  thetaP=0.540(*0.75)  <rel.err>=19% [2189s]
    [Earl#1] refine  450/600  Lp+L2=3.90e-08  L2=4.46e-09  <f_NN>=1.002  under10%=14/34 | W=0.797(*1.00)  thetaP=0.540(*0.75)  <rel.err>=19% [2192s]
    [Earl#1] refine  500/600  Lp+L2=3.90e-08  L2=4.46e-09  <f_NN>=1.002  under10%=14/34 | W=0.797(*1.00)  thetaP=0.540(*0.75)  <rel.err>=19% [2196s]
    [Earl#1] refine  550/600  Lp+L2=3.90e-08  L2=4.46e-09  <f_NN>=1.002  under10%=14/34 | W=0.797(*1.00)  thetaP=0.540(*0.75)  <rel.err>=19% [2200s]
    [Earl#1] refine  600/600  Lp+L2=3.90e-08  L2=4.46e-09  <f_NN>=1.002  under10%=14/34 | W=0.797(*1.00)  thetaP=0.540(*0.75)  <rel.err>=19% [2204s]
  [Earl#1] done  under10%=14/34  phys=3.45e-08  W=0.797 thetaP=0.540  (2205s)
  >> Early Adenoma start 1: under10%=14/34 phys=3.45e-08  (best so far under10%=18/34 phys=2.69e-08)
  [Earl#2] arch 4x256 act=gelu net 207,879x10cond  rel_w=True colloc=fixed res=integral
  [Earl#2] hybrid term=ra_h5 (2x5 tanh, constraint=none, wd=1e-08) 46 weights | recovering 34 mechanistic params
    [Earl#2] Adam     1/2000  L=8.55e+00  Ld=5.39e-01  Lp=4.87e-04  Lic=4.01e-01  L2=3.50e-09  lp=7.53 | W=1.283(*1.00)  thetaP=0.547(*0.75)  <rel.err>=52% [1s]
    [Earl#2] Adam   200/2000  L=8.31e-03  Ld=7.93e-03  Lp=2.27e-05  Lic=1.08e-05  L2=4.56e-09  lp=7.32 | W=1.070(*1.00)  thetaP=0.627(*0.75)  <rel.err>=60% [112s]
    [Earl#2] Adam   400/2000  L=1.03e-03  Ld=9.96e-04  Lp=2.10e-06  Lic=7.21e-07  L2=4.49e-09  lp=7.42 | W=1.062(*1.00)  thetaP=0.621(*0.75)  <rel.err>=55% [225s]
    [Earl#2] Adam   600/2000  L=4.93e-04  Ld=4.83e-04  Lp=1.07e-06  Lic=5.41e-08  L2=4.54e-09  lp=8.32 | W=1.061(*1.00)  thetaP=0.620(*0.75)  <rel.err>=51% [339s]
    [Earl#2] Adam   800/2000  L=3.33e-04  Ld=3.26e-04  Lp=7.60e-07  Lic=2.81e-09  L2=4.57e-09  lp=9.06 | W=1.061(*1.00)  thetaP=0.620(*0.75)  <rel.err>=49% [452s]
    [Earl#2] Adam  1000/2000  L=2.58e-04  Ld=2.52e-04  Lp=6.13e-07  Lic=2.13e-09  L2=4.61e-09  lp=9.67 | W=1.061(*1.00)  thetaP=0.619(*0.75)  <rel.err>=47% [565s]
    [Earl#2] Adam  1200/2000  L=2.17e-04  Ld=2.11e-04  Lp=5.29e-07  Lic=1.76e-09  L2=4.64e-09  lp=10.20 | W=1.061(*1.00)  thetaP=0.619(*0.75)  <rel.err>=46% [679s]
    [Earl#2] Adam  1400/2000  L=1.94e-04  Ld=1.88e-04  Lp=4.79e-07  Lic=1.56e-09  L2=4.67e-09  lp=10.67 | W=1.060(*1.00)  thetaP=0.618(*0.75)  <rel.err>=45% [792s]
    [Earl#2] Adam  1600/2000  L=1.82e-04  Ld=1.76e-04  Lp=4.49e-07  Lic=1.45e-09  L2=4.69e-09  lp=11.12 | W=1.060(*1.00)  thetaP=0.617(*0.75)  <rel.err>=44% [906s]
    [Earl#2] Adam  1800/2000  L=1.77e-04  Ld=1.72e-04  Lp=4.33e-07  Lic=1.41e-09  L2=4.71e-09  lp=11.54 | W=1.059(*1.00)  thetaP=0.617(*0.75)  <rel.err>=43% [1019s]
    [Earl#2] Adam  2000/2000  L=1.76e-04  Ld=1.71e-04  Lp=4.23e-07  Lic=1.40e-09  L2=4.72e-09  lp=11.96 | W=1.058(*1.00)  thetaP=0.616(*0.75)  <rel.err>=42% [1132s]
    [Earl#2] L-BFGS (150) ...
    [Earl#2] LBFGS   50/150  L=7.02e-05 | W=0.974(*1.00)  thetaP=0.611(*0.75)  <rel.err>=59% [1473s]
    [Earl#2] LBFGS  100/150  L=3.88e-05 | W=0.891(*1.00)  thetaP=0.616(*0.75)  <rel.err>=32% [1812s]
    [Earl#2] LBFGS  150/150  L=2.31e-05 | W=0.844(*1.00)  thetaP=0.625(*0.75)  <rel.err>=20% [2152s]
    [Earl#2] param-refine (600, frozen, integral) ...
    [Earl#2] refine   50/600  Lp+L2=4.68e-08  L2=5.10e-09  <f_NN>=0.839  under10%=15/34 | W=0.844(*1.00)  thetaP=0.625(*0.75)  <rel.err>=20% [2155s]
    [Earl#2] refine  100/600  Lp+L2=4.68e-08  L2=5.10e-09  <f_NN>=0.839  under10%=15/34 | W=0.844(*1.00)  thetaP=0.625(*0.75)  <rel.err>=20% [2159s]
    [Earl#2] refine  150/600  Lp+L2=4.68e-08  L2=5.10e-09  <f_NN>=0.839  under10%=15/34 | W=0.844(*1.00)  thetaP=0.625(*0.75)  <rel.err>=20% [2163s]
    [Earl#2] refine  200/600  Lp+L2=4.68e-08  L2=5.10e-09  <f_NN>=0.839  under10%=15/34 | W=0.844(*1.00)  thetaP=0.625(*0.75)  <rel.err>=20% [2166s]
    [Earl#2] refine  250/600  Lp+L2=4.68e-08  L2=5.10e-09  <f_NN>=0.839  under10%=15/34 | W=0.844(*1.00)  thetaP=0.625(*0.75)  <rel.err>=20% [2170s]
    [Earl#2] refine  300/600  Lp+L2=4.68e-08  L2=5.10e-09  <f_NN>=0.839  under10%=15/34 | W=0.844(*1.00)  thetaP=0.625(*0.75)  <rel.err>=20% [2174s]
    [Earl#2] refine  350/600  Lp+L2=4.68e-08  L2=5.10e-09  <f_NN>=0.839  under10%=15/34 | W=0.844(*1.00)  thetaP=0.625(*0.75)  <rel.err>=20% [2178s]
    [Earl#2] refine  400/600  Lp+L2=4.68e-08  L2=5.10e-09  <f_NN>=0.839  under10%=15/34 | W=0.844(*1.00)  thetaP=0.625(*0.75)  <rel.err>=20% [2182s]
    [Earl#2] refine  450/600  Lp+L2=4.68e-08  L2=5.10e-09  <f_NN>=0.839  under10%=15/34 | W=0.844(*1.00)  thetaP=0.625(*0.75)  <rel.err>=20% [2186s]
    [Earl#2] refine  500/600  Lp+L2=4.68e-08  L2=5.10e-09  <f_NN>=0.839  under10%=15/34 | W=0.844(*1.00)  thetaP=0.625(*0.75)  <rel.err>=20% [2190s]
    [Earl#2] refine  550/600  Lp+L2=4.68e-08  L2=5.10e-09  <f_NN>=0.839  under10%=15/34 | W=0.844(*1.00)  thetaP=0.625(*0.75)  <rel.err>=20% [2193s]
    [Earl#2] refine  600/600  Lp+L2=4.68e-08  L2=5.10e-09  <f_NN>=0.839  under10%=15/34 | W=0.844(*1.00)  thetaP=0.625(*0.75)  <rel.err>=20% [2197s]
  [Earl#2] done  under10%=15/34  phys=4.17e-08  W=0.844 thetaP=0.625  (2197s)
  >> Early Adenoma start 2: under10%=15/34 phys=4.17e-08  (best so far under10%=18/34 phys=2.69e-08)
  [Early Adenoma] learned term ra_h5 over x in [0.138, 1.036]: RMSE=0.1567 (NRMSE=10.9%)  gate_lo=1.00  [anchor weak here]
