=== regime=Advanced Adenoma  variant=bm_myc  hybrid_term=bm_myc  n_unknown=34  knobs={'rel_weight': True, 'colloc_mode': 'fixed', 'residual_mode': 'integral', 'activation': 'gelu', 'n_starts': 3} ===
  [Adva#0] arch 4x256 act=gelu net 207,879x12cond  rel_w=True colloc=fixed res=integral
  [Adva#0] hybrid term=bm_myc param=gated (2x5 tanh, constraint=anchored, wd=1e-08) 46 trainable weights frozen=False | recovering 34 mechanistic params
    [Adva#0] Adam     1/2000  L=9.31e+00  Ld=5.51e-01  Lp=2.95e-04  Lic=4.38e-01  L2=2.15e-09  lp=10.51 | W=1.194(*1.50)  thetaP=0.599(*0.50)  <rel.err>=48% [2s]
    [Adva#0] Adam   200/2000  L=9.00e-03  Ld=8.46e-03  Lp=1.17e-05  Lic=2.11e-05  L2=3.68e-09  lp=10.73 | W=0.766(*1.50)  thetaP=0.678(*0.50)  <rel.err>=60% [203s]
    [Adva#0] Adam   400/2000  L=1.30e-03  Ld=1.20e-03  Lp=1.78e-06  Lic=3.86e-06  L2=3.98e-09  lp=11.40 | W=0.827(*1.50)  thetaP=0.661(*0.50)  <rel.err>=58% [347s]
    [Adva#0] Adam   600/2000  L=6.48e-04  Ld=6.36e-04  Lp=9.59e-07  Lic=1.03e-08  L2=4.50e-09  lp=12.24 | W=0.862(*1.50)  thetaP=0.656(*0.50)  <rel.err>=56% [496s]
    [Adva#0] Adam   800/2000  L=4.57e-04  Ld=4.48e-04  Lp=6.81e-07  Lic=3.93e-09  L2=4.93e-09  lp=12.95 | W=0.881(*1.50)  thetaP=0.656(*0.50)  <rel.err>=55% [659s]
    [Adva#0] Adam  1000/2000  L=3.61e-04  Ld=3.54e-04  Lp=5.47e-07  Lic=2.91e-09  L2=5.21e-09  lp=13.45 | W=0.895(*1.50)  thetaP=0.656(*0.50)  <rel.err>=54% [853s]
    [Adva#0] Adam  1200/2000  L=3.07e-04  Ld=3.00e-04  Lp=4.73e-07  Lic=2.34e-09  L2=5.39e-09  lp=13.79 | W=0.907(*1.50)  thetaP=0.656(*0.50)  <rel.err>=54% [1043s]
    [Adva#0] Adam  1400/2000  L=2.76e-04  Ld=2.70e-04  Lp=4.30e-07  Lic=2.01e-09  L2=5.51e-09  lp=14.04 | W=0.918(*1.50)  thetaP=0.656(*0.50)  <rel.err>=53% [1220s]
    [Adva#0] Adam  1600/2000  L=2.60e-04  Ld=2.54e-04  Lp=4.03e-07  Lic=1.84e-09  L2=5.60e-09  lp=14.25 | W=0.928(*1.50)  thetaP=0.656(*0.50)  <rel.err>=52% [1388s]
    [Adva#0] Adam  1800/2000  L=2.54e-04  Ld=2.48e-04  Lp=3.88e-07  Lic=1.78e-09  L2=5.68e-09  lp=14.46 | W=0.937(*1.50)  thetaP=0.655(*0.50)  <rel.err>=52% [1560s]
    [Adva#0] Adam  2000/2000  L=2.53e-04  Ld=2.47e-04  Lp=3.78e-07  Lic=1.77e-09  L2=5.75e-09  lp=14.70 | W=0.947(*1.50)  thetaP=0.655(*0.50)  <rel.err>=51% [1724s]
    [Adva#0] L-BFGS (150) ...
    [Adva#0] LBFGS   50/150  L=9.52e-05 | W=1.243(*1.50)  thetaP=0.640(*0.50)  <rel.err>=48% [2391s]
    [Adva#0] LBFGS  100/150  L=4.24e-05 | W=1.348(*1.50)  thetaP=0.635(*0.50)  <rel.err>=29% [3085s]
    [Adva#0] LBFGS  150/150  L=2.49e-05 | W=1.329(*1.50)  thetaP=0.633(*0.50)  <rel.err>=26% [3706s]
    [Adva#0] param-refine (600, frozen, integral) ...
    [Adva#0] refine   50/600  Lp+L2=4.17e-08  L2=6.41e-09  <f_NN>=1.137  under10%=13/34 | W=1.329(*1.50)  thetaP=0.633(*0.50)  <rel.err>=26% [3712s]
    [Adva#0] refine  100/600  Lp+L2=4.17e-08  L2=6.41e-09  <f_NN>=1.137  under10%=13/34 | W=1.329(*1.50)  thetaP=0.633(*0.50)  <rel.err>=26% [3718s]
    [Adva#0] refine  150/600  Lp+L2=4.17e-08  L2=6.41e-09  <f_NN>=1.137  under10%=13/34 | W=1.329(*1.50)  thetaP=0.633(*0.50)  <rel.err>=26% [3724s]
    [Adva#0] refine  200/600  Lp+L2=4.17e-08  L2=6.41e-09  <f_NN>=1.137  under10%=13/34 | W=1.329(*1.50)  thetaP=0.633(*0.50)  <rel.err>=26% [3730s]
    [Adva#0] refine  250/600  Lp+L2=4.17e-08  L2=6.41e-09  <f_NN>=1.137  under10%=13/34 | W=1.329(*1.50)  thetaP=0.633(*0.50)  <rel.err>=26% [3737s]
    [Adva#0] refine  300/600  Lp+L2=4.17e-08  L2=6.41e-09  <f_NN>=1.137  under10%=13/34 | W=1.329(*1.50)  thetaP=0.633(*0.50)  <rel.err>=26% [3743s]
    [Adva#0] refine  350/600  Lp+L2=4.17e-08  L2=6.41e-09  <f_NN>=1.137  under10%=13/34 | W=1.329(*1.50)  thetaP=0.633(*0.50)  <rel.err>=26% [3749s]
    [Adva#0] refine  400/600  Lp+L2=4.17e-08  L2=6.41e-09  <f_NN>=1.137  under10%=13/34 | W=1.329(*1.50)  thetaP=0.633(*0.50)  <rel.err>=26% [3755s]
    [Adva#0] refine  450/600  Lp+L2=4.17e-08  L2=6.41e-09  <f_NN>=1.137  under10%=13/34 | W=1.329(*1.50)  thetaP=0.633(*0.50)  <rel.err>=26% [3761s]
    [Adva#0] refine  500/600  Lp+L2=4.17e-08  L2=6.41e-09  <f_NN>=1.137  under10%=13/34 | W=1.329(*1.50)  thetaP=0.633(*0.50)  <rel.err>=26% [3767s]
    [Adva#0] refine  550/600  Lp+L2=4.17e-08  L2=6.41e-09  <f_NN>=1.137  under10%=13/34 | W=1.329(*1.50)  thetaP=0.633(*0.50)  <rel.err>=26% [3773s]
    [Adva#0] refine  600/600  Lp+L2=4.17e-08  L2=6.41e-09  <f_NN>=1.137  under10%=13/34 | W=1.329(*1.50)  thetaP=0.633(*0.50)  <rel.err>=26% [3778s]
  [Adva#0] done  under10%=13/34  phys=3.53e-08  W=1.329 thetaP=0.633  (3778s)
  >> Advanced Adenoma start 0: under10%=13/34 phys=3.53e-08  (best so far under10%=13/34 phys=3.53e-08)
  [Adva#1] arch 4x256 act=gelu net 207,879x12cond  rel_w=True colloc=fixed res=integral
  [Adva#1] hybrid term=bm_myc param=gated (2x5 tanh, constraint=anchored, wd=1e-08) 46 trainable weights frozen=False | recovering 34 mechanistic params
    [Adva#1] Adam     1/2000  L=9.31e+00  Ld=5.46e-01  Lp=2.46e-04  Lic=4.38e-01  L2=2.31e-09  lp=11.61 | W=1.608(*1.50)  thetaP=0.405(*0.50)  <rel.err>=52% [1s]
    [Adva#1] Adam   200/2000  L=8.41e-03  Ld=8.25e-03  Lp=9.91e-06  Lic=2.13e-06  L2=3.87e-09  lp=11.85 | W=1.025(*1.50)  thetaP=0.507(*0.50)  <rel.err>=62% [142s]
    [Adva#1] Adam   400/2000  L=1.30e-03  Ld=1.23e-03  Lp=1.61e-06  Lic=2.44e-06  L2=4.11e-09  lp=12.50 | W=1.067(*1.50)  thetaP=0.500(*0.50)  <rel.err>=59% [286s]
    [Adva#1] Adam   600/2000  L=6.01e-04  Ld=5.89e-04  Lp=8.86e-07  Lic=1.44e-08  L2=4.47e-09  lp=13.20 | W=1.088(*1.50)  thetaP=0.496(*0.50)  <rel.err>=58% [446s]
    [Adva#1] Adam   800/2000  L=4.09e-04  Ld=4.00e-04  Lp=6.77e-07  Lic=3.87e-09  L2=4.83e-09  lp=13.63 | W=1.096(*1.50)  thetaP=0.494(*0.50)  <rel.err>=57% [585s]
    [Adva#1] Adam  1000/2000  L=3.24e-04  Ld=3.16e-04  Lp=5.74e-07  Lic=2.76e-09  L2=5.14e-09  lp=13.87 | W=1.100(*1.50)  thetaP=0.494(*0.50)  <rel.err>=57% [724s]
    [Adva#1] Adam  1200/2000  L=2.78e-04  Ld=2.71e-04  Lp=5.15e-07  Lic=2.26e-09  L2=5.38e-09  lp=14.02 | W=1.103(*1.50)  thetaP=0.494(*0.50)  <rel.err>=56% [864s]
    [Adva#1] Adam  1400/2000  L=2.52e-04  Ld=2.45e-04  Lp=4.80e-07  Lic=2.00e-09  L2=5.57e-09  lp=14.12 | W=1.106(*1.50)  thetaP=0.494(*0.50)  <rel.err>=56% [1033s]
    [Adva#1] Adam  1600/2000  L=2.39e-04  Ld=2.32e-04  Lp=4.58e-07  Lic=1.86e-09  L2=5.71e-09  lp=14.22 | W=1.107(*1.50)  thetaP=0.495(*0.50)  <rel.err>=56% [1214s]
    [Adva#1] Adam  1800/2000  L=2.33e-04  Ld=2.27e-04  Lp=4.45e-07  Lic=1.81e-09  L2=5.83e-09  lp=14.34 | W=1.109(*1.50)  thetaP=0.495(*0.50)  <rel.err>=56% [1399s]
    [Adva#1] Adam  2000/2000  L=2.32e-04  Ld=2.26e-04  Lp=4.36e-07  Lic=1.80e-09  L2=5.92e-09  lp=14.48 | W=1.111(*1.50)  thetaP=0.495(*0.50)  <rel.err>=55% [1583s]
    [Adva#1] L-BFGS (150) ...
    [Adva#1] LBFGS   50/150  L=1.21e-04 | W=1.221(*1.50)  thetaP=0.485(*0.50)  <rel.err>=57% [2242s]
    [Adva#1] LBFGS  100/150  L=5.85e-05 | W=1.311(*1.50)  thetaP=0.487(*0.50)  <rel.err>=34% [2885s]
    [Adva#1] LBFGS  150/150  L=3.48e-05 | W=1.301(*1.50)  thetaP=0.490(*0.50)  <rel.err>=29% [3453s]
    [Adva#1] param-refine (600, frozen, integral) ...
    [Adva#1] refine   50/600  Lp+L2=5.48e-08  L2=6.23e-09  <f_NN>=1.151  under10%=16/34 | W=1.301(*1.50)  thetaP=0.490(*0.50)  <rel.err>=29% [3458s]
    [Adva#1] refine  100/600  Lp+L2=5.48e-08  L2=6.23e-09  <f_NN>=1.151  under10%=16/34 | W=1.301(*1.50)  thetaP=0.490(*0.50)  <rel.err>=29% [3463s]
    [Adva#1] refine  150/600  Lp+L2=5.48e-08  L2=6.23e-09  <f_NN>=1.151  under10%=16/34 | W=1.301(*1.50)  thetaP=0.490(*0.50)  <rel.err>=29% [3468s]
    [Adva#1] refine  200/600  Lp+L2=5.48e-08  L2=6.23e-09  <f_NN>=1.151  under10%=16/34 | W=1.301(*1.50)  thetaP=0.490(*0.50)  <rel.err>=29% [3473s]
    [Adva#1] refine  250/600  Lp+L2=5.48e-08  L2=6.23e-09  <f_NN>=1.151  under10%=16/34 | W=1.301(*1.50)  thetaP=0.490(*0.50)  <rel.err>=29% [3480s]
    [Adva#1] refine  300/600  Lp+L2=5.48e-08  L2=6.23e-09  <f_NN>=1.151  under10%=16/34 | W=1.301(*1.50)  thetaP=0.490(*0.50)  <rel.err>=29% [3486s]
    [Adva#1] refine  350/600  Lp+L2=5.48e-08  L2=6.23e-09  <f_NN>=1.151  under10%=16/34 | W=1.301(*1.50)  thetaP=0.490(*0.50)  <rel.err>=29% [3492s]
    [Adva#1] refine  400/600  Lp+L2=5.48e-08  L2=6.23e-09  <f_NN>=1.151  under10%=16/34 | W=1.301(*1.50)  thetaP=0.490(*0.50)  <rel.err>=29% [3498s]
    [Adva#1] refine  450/600  Lp+L2=5.48e-08  L2=6.23e-09  <f_NN>=1.151  under10%=16/34 | W=1.301(*1.50)  thetaP=0.490(*0.50)  <rel.err>=29% [3504s]
    [Adva#1] refine  500/600  Lp+L2=5.48e-08  L2=6.23e-09  <f_NN>=1.151  under10%=16/34 | W=1.301(*1.50)  thetaP=0.490(*0.50)  <rel.err>=29% [3511s]
    [Adva#1] refine  550/600  Lp+L2=5.48e-08  L2=6.23e-09  <f_NN>=1.151  under10%=16/34 | W=1.301(*1.50)  thetaP=0.490(*0.50)  <rel.err>=29% [3517s]
    [Adva#1] refine  600/600  Lp+L2=5.48e-08  L2=6.23e-09  <f_NN>=1.151  under10%=16/34 | W=1.301(*1.50)  thetaP=0.490(*0.50)  <rel.err>=29% [3524s]
  [Adva#1] done  under10%=16/34  phys=4.86e-08  W=1.301 thetaP=0.490  (3524s)
  >> Advanced Adenoma start 1: under10%=16/34 phys=4.86e-08  (best so far under10%=13/34 phys=3.53e-08)
  [Adva#2] arch 4x256 act=gelu net 207,879x12cond  rel_w=True colloc=fixed res=integral
  [Adva#2] hybrid term=bm_myc param=gated (2x5 tanh, constraint=anchored, wd=1e-08) 46 trainable weights frozen=False | recovering 34 mechanistic params
    [Adva#2] Adam     1/2000  L=9.31e+00  Ld=5.49e-01  Lp=4.48e-04  Lic=4.38e-01  L2=2.18e-09  lp=8.13 | W=1.283(*1.50)  thetaP=0.548(*0.50)  <rel.err>=51% [1s]
    [Adva#2] Adam   200/2000  L=1.04e-02  Ld=1.02e-02  Lp=2.15e-05  Lic=2.65e-06  L2=3.72e-09  lp=8.24 | W=0.824(*1.50)  thetaP=0.615(*0.50)  <rel.err>=64% [182s]
    [Adva#2] Adam   400/2000  L=1.37e-03  Ld=1.35e-03  Lp=2.81e-06  Lic=1.80e-07  L2=4.14e-09  lp=8.61 | W=0.889(*1.50)  thetaP=0.595(*0.50)  <rel.err>=63% [330s]
    [Adva#2] Adam   600/2000  L=6.06e-04  Ld=5.92e-04  Lp=1.39e-06  Lic=2.49e-08  L2=4.56e-09  lp=9.37 | W=0.924(*1.50)  thetaP=0.592(*0.50)  <rel.err>=62% [494s]
    [Adva#2] Adam   800/2000  L=3.97e-04  Ld=3.88e-04  Lp=9.83e-07  Lic=3.45e-09  L2=5.00e-09  lp=9.89 | W=0.942(*1.50)  thetaP=0.592(*0.50)  <rel.err>=61% [652s]
    [Adva#2] Adam  1000/2000  L=3.04e-04  Ld=2.96e-04  Lp=8.01e-07  Lic=2.25e-09  L2=5.36e-09  lp=10.22 | W=0.954(*1.50)  thetaP=0.592(*0.50)  <rel.err>=60% [799s]
    [Adva#2] Adam  1200/2000  L=2.54e-04  Ld=2.47e-04  Lp=7.00e-07  Lic=1.69e-09  L2=5.62e-09  lp=10.41 | W=0.964(*1.50)  thetaP=0.591(*0.50)  <rel.err>=58% [966s]
    [Adva#2] Adam  1400/2000  L=2.27e-04  Ld=2.20e-04  Lp=6.39e-07  Lic=1.42e-09  L2=5.83e-09  lp=10.55 | W=0.972(*1.50)  thetaP=0.590(*0.50)  <rel.err>=58% [1139s]
    [Adva#2] Adam  1600/2000  L=2.13e-04  Ld=2.06e-04  Lp=6.03e-07  Lic=1.29e-09  L2=5.99e-09  lp=10.66 | W=0.980(*1.50)  thetaP=0.590(*0.50)  <rel.err>=57% [1290s]
    [Adva#2] Adam  1800/2000  L=2.07e-04  Ld=2.01e-04  Lp=5.82e-07  Lic=1.24e-09  L2=6.12e-09  lp=10.79 | W=0.988(*1.50)  thetaP=0.589(*0.50)  <rel.err>=57% [1445s]
    [Adva#2] Adam  2000/2000  L=2.06e-04  Ld=2.00e-04  Lp=5.69e-07  Lic=1.23e-09  L2=6.25e-09  lp=10.93 | W=0.996(*1.50)  thetaP=0.588(*0.50)  <rel.err>=57% [1626s]
    [Adva#2] L-BFGS (150) ...
    [Adva#2] LBFGS   50/150  L=9.35e-05 | W=1.226(*1.50)  thetaP=0.578(*0.50)  <rel.err>=71% [2259s]
    [Adva#2] LBFGS  100/150  L=5.09e-05 | W=1.319(*1.50)  thetaP=0.576(*0.50)  <rel.err>=43% [3135s]
    [Adva#2] LBFGS  150/150  L=3.17e-05 | W=1.332(*1.50)  thetaP=0.576(*0.50)  <rel.err>=30% [4020s]
    [Adva#2] param-refine (600, frozen, integral) ...
    [Adva#2] refine   50/600  Lp+L2=7.47e-08  L2=6.78e-09  <f_NN>=1.128  under10%=13/34 | W=1.332(*1.50)  thetaP=0.576(*0.50)  <rel.err>=30% [4030s]
    [Adva#2] refine  100/600  Lp+L2=7.47e-08  L2=6.78e-09  <f_NN>=1.128  under10%=13/34 | W=1.332(*1.50)  thetaP=0.576(*0.50)  <rel.err>=30% [4040s]
    [Adva#2] refine  150/600  Lp+L2=7.47e-08  L2=6.78e-09  <f_NN>=1.128  under10%=13/34 | W=1.332(*1.50)  thetaP=0.576(*0.50)  <rel.err>=30% [4048s]
    [Adva#2] refine  200/600  Lp+L2=7.47e-08  L2=6.78e-09  <f_NN>=1.128  under10%=13/34 | W=1.332(*1.50)  thetaP=0.576(*0.50)  <rel.err>=30% [4057s]
    [Adva#2] refine  250/600  Lp+L2=7.47e-08  L2=6.78e-09  <f_NN>=1.128  under10%=13/34 | W=1.332(*1.50)  thetaP=0.576(*0.50)  <rel.err>=30% [4065s]
    [Adva#2] refine  300/600  Lp+L2=7.47e-08  L2=6.78e-09  <f_NN>=1.128  under10%=13/34 | W=1.332(*1.50)  thetaP=0.576(*0.50)  <rel.err>=30% [4071s]
    [Adva#2] refine  350/600  Lp+L2=7.47e-08  L2=6.78e-09  <f_NN>=1.128  under10%=13/34 | W=1.332(*1.50)  thetaP=0.576(*0.50)  <rel.err>=30% [4076s]
    [Adva#2] refine  400/600  Lp+L2=7.47e-08  L2=6.78e-09  <f_NN>=1.128  under10%=13/34 | W=1.332(*1.50)  thetaP=0.576(*0.50)  <rel.err>=30% [4082s]
    [Adva#2] refine  450/600  Lp+L2=7.47e-08  L2=6.78e-09  <f_NN>=1.128  under10%=13/34 | W=1.332(*1.50)  thetaP=0.576(*0.50)  <rel.err>=30% [4087s]
    [Adva#2] refine  500/600  Lp+L2=7.47e-08  L2=6.78e-09  <f_NN>=1.128  under10%=13/34 | W=1.332(*1.50)  thetaP=0.576(*0.50)  <rel.err>=30% [4092s]
    [Adva#2] refine  550/600  Lp+L2=7.47e-08  L2=6.78e-09  <f_NN>=1.128  under10%=13/34 | W=1.332(*1.50)  thetaP=0.576(*0.50)  <rel.err>=30% [4096s]
    [Adva#2] refine  600/600  Lp+L2=7.47e-08  L2=6.78e-09  <f_NN>=1.128  under10%=13/34 | W=1.332(*1.50)  thetaP=0.576(*0.50)  <rel.err>=30% [4100s]
  [Adva#2] done  under10%=13/34  phys=6.79e-08  W=1.332 thetaP=0.576  (4100s)
  >> Advanced Adenoma start 2: under10%=13/34 phys=6.79e-08  (best so far under10%=13/34 phys=3.53e-08)
  [Advanced Adenoma] learned term bm_myc over x in [0.033, 2.463]: RMSE=0.0305 (NRMSE=2.9%)  gate_lo=0.13  [anchor BINDS]
