=== regime=Severe APC Loss  variant=bm_myc  hybrid_term=bm_myc  n_unknown=34  knobs={'rel_weight': True, 'colloc_mode': 'fixed', 'residual_mode': 'integral', 'activation': 'gelu', 'n_starts': 3} ===
  [Seve#0] arch 4x256 act=gelu net 207,879x12cond  rel_w=True colloc=fixed res=integral
  [Seve#0] hybrid term=bm_myc param=gated (2x5 tanh, constraint=anchored, wd=1e-08) 46 trainable weights frozen=False | recovering 34 mechanistic params
    [Seve#0] Adam     1/2000  L=9.35e+00  Ld=5.58e-01  Lp=2.97e-04  Lic=4.40e-01  L2=2.15e-09  lp=10.17 | W=1.194(*2.00)  thetaP=0.599(*0.25)  <rel.err>=52% [2s]
    [Seve#0] Adam   200/2000  L=8.36e-03  Ld=8.20e-03  Lp=1.21e-05  Lic=1.52e-06  L2=3.64e-09  lp=10.25 | W=0.833(*2.00)  thetaP=0.684(*0.25)  <rel.err>=68% [203s]
    [Seve#0] Adam   400/2000  L=1.47e-03  Ld=1.28e-03  Lp=2.01e-06  Lic=8.43e-06  L2=3.84e-09  lp=10.62 | W=0.969(*2.00)  thetaP=0.665(*0.25)  <rel.err>=67% [347s]
    [Seve#0] Adam   600/2000  L=6.83e-04  Ld=6.59e-04  Lp=1.05e-06  Lic=5.81e-07  L2=4.31e-09  lp=11.61 | W=1.043(*2.00)  thetaP=0.651(*0.25)  <rel.err>=65% [496s]
    [Seve#0] Adam   800/2000  L=4.50e-04  Ld=4.41e-04  Lp=7.26e-07  Lic=3.52e-09  L2=4.78e-09  lp=12.55 | W=1.082(*2.00)  thetaP=0.641(*0.25)  <rel.err>=63% [659s]
    [Seve#0] Adam  1000/2000  L=3.51e-04  Ld=3.43e-04  Lp=5.79e-07  Lic=2.45e-09  L2=5.15e-09  lp=13.27 | W=1.112(*2.00)  thetaP=0.636(*0.25)  <rel.err>=62% [854s]
    [Seve#0] Adam  1200/2000  L=2.97e-04  Ld=2.90e-04  Lp=4.99e-07  Lic=1.92e-09  L2=5.41e-09  lp=13.77 | W=1.138(*2.00)  thetaP=0.633(*0.25)  <rel.err>=61% [1043s]
    [Seve#0] Adam  1400/2000  L=2.65e-04  Ld=2.59e-04  Lp=4.52e-07  Lic=1.62e-09  L2=5.58e-09  lp=14.10 | W=1.160(*2.00)  thetaP=0.631(*0.25)  <rel.err>=60% [1220s]
    [Seve#0] Adam  1600/2000  L=2.49e-04  Ld=2.43e-04  Lp=4.22e-07  Lic=1.47e-09  L2=5.72e-09  lp=14.35 | W=1.181(*2.00)  thetaP=0.631(*0.25)  <rel.err>=59% [1388s]
    [Seve#0] Adam  1800/2000  L=2.42e-04  Ld=2.36e-04  Lp=4.05e-07  Lic=1.41e-09  L2=5.83e-09  lp=14.56 | W=1.199(*2.00)  thetaP=0.630(*0.25)  <rel.err>=58% [1560s]
    [Seve#0] Adam  2000/2000  L=2.41e-04  Ld=2.35e-04  Lp=3.93e-07  Lic=1.40e-09  L2=5.94e-09  lp=14.77 | W=1.217(*2.00)  thetaP=0.630(*0.25)  <rel.err>=58% [1725s]
    [Seve#0] L-BFGS (150) ...
    [Seve#0] LBFGS   50/150  L=1.01e-04 | W=1.617(*2.00)  thetaP=0.616(*0.25)  <rel.err>=49% [2394s]
    [Seve#0] LBFGS  100/150  L=4.55e-05 | W=1.846(*2.00)  thetaP=0.605(*0.25)  <rel.err>=32% [3084s]
    [Seve#0] LBFGS  150/150  L=2.63e-05 | W=1.875(*2.00)  thetaP=0.599(*0.25)  <rel.err>=30% [3703s]
    [Seve#0] param-refine (600, frozen, integral) ...
    [Seve#0] refine   50/600  Lp+L2=4.55e-08  L2=6.75e-09  <f_NN>=1.188  under10%=13/34 | W=1.875(*2.00)  thetaP=0.599(*0.25)  <rel.err>=30% [3709s]
    [Seve#0] refine  100/600  Lp+L2=4.55e-08  L2=6.75e-09  <f_NN>=1.188  under10%=13/34 | W=1.875(*2.00)  thetaP=0.599(*0.25)  <rel.err>=30% [3716s]
    [Seve#0] refine  150/600  Lp+L2=4.55e-08  L2=6.75e-09  <f_NN>=1.188  under10%=13/34 | W=1.875(*2.00)  thetaP=0.599(*0.25)  <rel.err>=30% [3722s]
    [Seve#0] refine  200/600  Lp+L2=4.55e-08  L2=6.75e-09  <f_NN>=1.188  under10%=13/34 | W=1.875(*2.00)  thetaP=0.599(*0.25)  <rel.err>=30% [3728s]
    [Seve#0] refine  250/600  Lp+L2=4.55e-08  L2=6.75e-09  <f_NN>=1.188  under10%=13/34 | W=1.875(*2.00)  thetaP=0.599(*0.25)  <rel.err>=30% [3735s]
    [Seve#0] refine  300/600  Lp+L2=4.55e-08  L2=6.75e-09  <f_NN>=1.188  under10%=13/34 | W=1.875(*2.00)  thetaP=0.599(*0.25)  <rel.err>=30% [3741s]
    [Seve#0] refine  350/600  Lp+L2=4.55e-08  L2=6.75e-09  <f_NN>=1.188  under10%=13/34 | W=1.875(*2.00)  thetaP=0.599(*0.25)  <rel.err>=30% [3747s]
    [Seve#0] refine  400/600  Lp+L2=4.55e-08  L2=6.75e-09  <f_NN>=1.188  under10%=13/34 | W=1.875(*2.00)  thetaP=0.599(*0.25)  <rel.err>=30% [3754s]
    [Seve#0] refine  450/600  Lp+L2=4.55e-08  L2=6.75e-09  <f_NN>=1.188  under10%=13/34 | W=1.875(*2.00)  thetaP=0.599(*0.25)  <rel.err>=30% [3760s]
    [Seve#0] refine  500/600  Lp+L2=4.55e-08  L2=6.75e-09  <f_NN>=1.188  under10%=13/34 | W=1.875(*2.00)  thetaP=0.599(*0.25)  <rel.err>=30% [3766s]
    [Seve#0] refine  550/600  Lp+L2=4.55e-08  L2=6.75e-09  <f_NN>=1.188  under10%=13/34 | W=1.875(*2.00)  thetaP=0.599(*0.25)  <rel.err>=30% [3772s]
    [Seve#0] refine  600/600  Lp+L2=4.55e-08  L2=6.75e-09  <f_NN>=1.188  under10%=13/34 | W=1.875(*2.00)  thetaP=0.599(*0.25)  <rel.err>=30% [3777s]
  [Seve#0] done  under10%=13/34  phys=3.87e-08  W=1.875 thetaP=0.599  (3778s)
  >> Severe APC Loss start 0: under10%=13/34 phys=3.87e-08  (best so far under10%=13/34 phys=3.87e-08)
  [Seve#1] arch 4x256 act=gelu net 207,879x12cond  rel_w=True colloc=fixed res=integral
  [Seve#1] hybrid term=bm_myc param=gated (2x5 tanh, constraint=anchored, wd=1e-08) 46 trainable weights frozen=False | recovering 34 mechanistic params
    [Seve#1] Adam     1/2000  L=9.35e+00  Ld=5.53e-01  Lp=2.38e-04  Lic=4.39e-01  L2=2.31e-09  lp=11.44 | W=1.608(*2.00)  thetaP=0.405(*0.25)  <rel.err>=53% [1s]
    [Seve#1] Adam   200/2000  L=8.44e-03  Ld=8.25e-03  Lp=1.01e-05  Lic=3.76e-06  L2=3.77e-09  lp=11.58 | W=1.080(*2.00)  thetaP=0.504(*0.25)  <rel.err>=68% [142s]
    [Seve#1] Adam   400/2000  L=1.41e-03  Ld=1.34e-03  Lp=1.73e-06  Lic=2.19e-06  L2=3.96e-09  lp=12.18 | W=1.176(*2.00)  thetaP=0.496(*0.25)  <rel.err>=68% [286s]
    [Seve#1] Adam   600/2000  L=1.24e-03  Ld=6.38e-04  Lp=9.56e-07  Lic=2.96e-05  L2=4.25e-09  lp=13.04 | W=1.222(*2.00)  thetaP=0.490(*0.25)  <rel.err>=67% [446s]
    [Seve#1] Adam   800/2000  L=4.36e-04  Ld=4.26e-04  Lp=7.23e-07  Lic=5.48e-09  L2=4.57e-09  lp=13.72 | W=1.245(*2.00)  thetaP=0.486(*0.25)  <rel.err>=66% [585s]
    [Seve#1] Adam  1000/2000  L=3.40e-04  Ld=3.32e-04  Lp=6.08e-07  Lic=2.79e-09  L2=4.87e-09  lp=14.19 | W=1.260(*2.00)  thetaP=0.483(*0.25)  <rel.err>=65% [724s]
    [Seve#1] Adam  1200/2000  L=2.90e-04  Ld=2.82e-04  Lp=5.42e-07  Lic=2.27e-09  L2=5.14e-09  lp=14.51 | W=1.272(*2.00)  thetaP=0.482(*0.25)  <rel.err>=63% [864s]
    [Seve#1] Adam  1400/2000  L=2.63e-04  Ld=2.56e-04  Lp=5.01e-07  Lic=2.00e-09  L2=5.36e-09  lp=14.75 | W=1.282(*2.00)  thetaP=0.481(*0.25)  <rel.err>=62% [1033s]
    [Seve#1] Adam  1600/2000  L=2.49e-04  Ld=2.42e-04  Lp=4.76e-07  Lic=1.86e-09  L2=5.55e-09  lp=14.93 | W=1.291(*2.00)  thetaP=0.481(*0.25)  <rel.err>=62% [1214s]
    [Seve#1] Adam  1800/2000  L=2.43e-04  Ld=2.36e-04  Lp=4.61e-07  Lic=1.81e-09  L2=5.72e-09  lp=15.09 | W=1.298(*2.00)  thetaP=0.481(*0.25)  <rel.err>=62% [1399s]
    [Seve#1] Adam  2000/2000  L=2.42e-04  Ld=2.35e-04  Lp=4.50e-07  Lic=1.80e-09  L2=5.87e-09  lp=15.25 | W=1.306(*2.00)  thetaP=0.481(*0.25)  <rel.err>=61% [1583s]
    [Seve#1] L-BFGS (150) ...
    [Seve#1] LBFGS   50/150  L=1.36e-04 | W=1.604(*2.00)  thetaP=0.469(*0.25)  <rel.err>=60% [2242s]
    [Seve#1] LBFGS  100/150  L=6.56e-05 | W=1.778(*2.00)  thetaP=0.464(*0.25)  <rel.err>=38% [2893s]
    [Seve#1] LBFGS  150/150  L=4.08e-05 | W=1.810(*2.00)  thetaP=0.460(*0.25)  <rel.err>=33% [3462s]
    [Seve#1] param-refine (600, frozen, integral) ...
    [Seve#1] refine   50/600  Lp+L2=6.16e-08  L2=6.36e-09  <f_NN>=1.205  under10%=14/34 | W=1.810(*2.00)  thetaP=0.460(*0.25)  <rel.err>=33% [3467s]
    [Seve#1] refine  100/600  Lp+L2=6.16e-08  L2=6.36e-09  <f_NN>=1.205  under10%=14/34 | W=1.810(*2.00)  thetaP=0.460(*0.25)  <rel.err>=33% [3472s]
    [Seve#1] refine  150/600  Lp+L2=6.16e-08  L2=6.36e-09  <f_NN>=1.205  under10%=14/34 | W=1.810(*2.00)  thetaP=0.460(*0.25)  <rel.err>=33% [3478s]
    [Seve#1] refine  200/600  Lp+L2=6.16e-08  L2=6.36e-09  <f_NN>=1.205  under10%=14/34 | W=1.810(*2.00)  thetaP=0.460(*0.25)  <rel.err>=33% [3484s]
    [Seve#1] refine  250/600  Lp+L2=6.16e-08  L2=6.36e-09  <f_NN>=1.205  under10%=14/34 | W=1.810(*2.00)  thetaP=0.460(*0.25)  <rel.err>=33% [3490s]
    [Seve#1] refine  300/600  Lp+L2=6.16e-08  L2=6.36e-09  <f_NN>=1.205  under10%=14/34 | W=1.810(*2.00)  thetaP=0.460(*0.25)  <rel.err>=33% [3496s]
    [Seve#1] refine  350/600  Lp+L2=6.16e-08  L2=6.36e-09  <f_NN>=1.205  under10%=14/34 | W=1.810(*2.00)  thetaP=0.460(*0.25)  <rel.err>=33% [3503s]
    [Seve#1] refine  400/600  Lp+L2=6.16e-08  L2=6.36e-09  <f_NN>=1.205  under10%=14/34 | W=1.810(*2.00)  thetaP=0.460(*0.25)  <rel.err>=33% [3509s]
    [Seve#1] refine  450/600  Lp+L2=6.16e-08  L2=6.36e-09  <f_NN>=1.205  under10%=14/34 | W=1.810(*2.00)  thetaP=0.460(*0.25)  <rel.err>=33% [3515s]
    [Seve#1] refine  500/600  Lp+L2=6.16e-08  L2=6.36e-09  <f_NN>=1.205  under10%=14/34 | W=1.810(*2.00)  thetaP=0.460(*0.25)  <rel.err>=33% [3522s]
    [Seve#1] refine  550/600  Lp+L2=6.16e-08  L2=6.36e-09  <f_NN>=1.205  under10%=14/34 | W=1.810(*2.00)  thetaP=0.460(*0.25)  <rel.err>=33% [3528s]
    [Seve#1] refine  600/600  Lp+L2=6.16e-08  L2=6.36e-09  <f_NN>=1.205  under10%=14/34 | W=1.810(*2.00)  thetaP=0.460(*0.25)  <rel.err>=33% [3534s]
  [Seve#1] done  under10%=14/34  phys=5.52e-08  W=1.810 thetaP=0.460  (3535s)
  >> Severe APC Loss start 1: under10%=14/34 phys=5.52e-08  (best so far under10%=13/34 phys=3.87e-08)
  [Seve#2] arch 4x256 act=gelu net 207,879x12cond  rel_w=True colloc=fixed res=integral
  [Seve#2] hybrid term=bm_myc param=gated (2x5 tanh, constraint=anchored, wd=1e-08) 46 trainable weights frozen=False | recovering 34 mechanistic params
    [Seve#2] Adam     1/2000  L=9.35e+00  Ld=5.56e-01  Lp=4.55e-04  Lic=4.40e-01  L2=2.18e-09  lp=8.01 | W=1.283(*2.00)  thetaP=0.548(*0.25)  <rel.err>=55% [1s]
    [Seve#2] Adam   200/2000  L=1.00e-02  Ld=9.81e-03  Lp=2.13e-05  Lic=2.35e-06  L2=3.66e-09  lp=8.06 | W=0.903(*2.00)  thetaP=0.616(*0.25)  <rel.err>=70% [183s]
    [Seve#2] Adam   400/2000  L=1.73e-03  Ld=1.38e-03  Lp=2.92e-06  Lic=1.64e-05  L2=4.01e-09  lp=8.43 | W=1.048(*2.00)  thetaP=0.593(*0.25)  <rel.err>=72% [331s]
    [Seve#2] Adam   600/2000  L=7.24e-04  Ld=6.16e-04  Lp=1.45e-06  Lic=4.73e-06  L2=4.38e-09  lp=9.33 | W=1.132(*2.00)  thetaP=0.583(*0.25)  <rel.err>=72% [493s]
    [Seve#2] Adam   800/2000  L=4.12e-04  Ld=4.02e-04  Lp=1.04e-06  Lic=3.45e-09  L2=4.79e-09  lp=10.03 | W=1.174(*2.00)  thetaP=0.580(*0.25)  <rel.err>=71% [651s]
    [Seve#2] Adam  1000/2000  L=3.16e-04  Ld=3.07e-04  Lp=8.56e-07  Lic=2.18e-09  L2=5.16e-09  lp=10.46 | W=1.202(*2.00)  thetaP=0.579(*0.25)  <rel.err>=69% [801s]
    [Seve#2] Adam  1200/2000  L=2.65e-04  Ld=2.57e-04  Lp=7.55e-07  Lic=1.65e-09  L2=5.45e-09  lp=10.72 | W=1.223(*2.00)  thetaP=0.578(*0.25)  <rel.err>=67% [967s]
    [Seve#2] Adam  1400/2000  L=2.38e-04  Ld=2.30e-04  Lp=6.92e-07  Lic=1.38e-09  L2=5.68e-09  lp=10.88 | W=1.242(*2.00)  thetaP=0.578(*0.25)  <rel.err>=66% [1140s]
    [Seve#2] Adam  1600/2000  L=2.24e-04  Ld=2.16e-04  Lp=6.53e-07  Lic=1.26e-09  L2=5.88e-09  lp=11.00 | W=1.258(*2.00)  thetaP=0.577(*0.25)  <rel.err>=65% [1291s]
    [Seve#2] Adam  1800/2000  L=2.18e-04  Ld=2.11e-04  Lp=6.30e-07  Lic=1.21e-09  L2=6.06e-09  lp=11.12 | W=1.273(*2.00)  thetaP=0.576(*0.25)  <rel.err>=64% [1446s]
    [Seve#2] Adam  2000/2000  L=2.17e-04  Ld=2.10e-04  Lp=6.14e-07  Lic=1.21e-09  L2=6.23e-09  lp=11.25 | W=1.288(*2.00)  thetaP=0.576(*0.25)  <rel.err>=63% [1625s]
    [Seve#2] L-BFGS (150) ...
    [Seve#2] LBFGS   50/150  L=1.07e-04 | W=1.573(*2.00)  thetaP=0.565(*0.25)  <rel.err>=78% [2246s]
    [Seve#2] LBFGS  100/150  L=6.03e-05 | W=1.755(*2.00)  thetaP=0.555(*0.25)  <rel.err>=48% [3112s]
    [Seve#2] LBFGS  150/150  L=3.82e-05 | W=1.806(*2.00)  thetaP=0.550(*0.25)  <rel.err>=35% [3990s]
    [Seve#2] param-refine (600, frozen, integral) ...
    [Seve#2] refine   50/600  Lp+L2=9.04e-08  L2=7.00e-09  <f_NN>=1.181  under10%=13/34 | W=1.806(*2.00)  thetaP=0.550(*0.25)  <rel.err>=35% [3997s]
    [Seve#2] refine  100/600  Lp+L2=9.04e-08  L2=7.00e-09  <f_NN>=1.181  under10%=13/34 | W=1.806(*2.00)  thetaP=0.550(*0.25)  <rel.err>=35% [4004s]
    [Seve#2] refine  150/600  Lp+L2=9.04e-08  L2=7.00e-09  <f_NN>=1.181  under10%=13/34 | W=1.806(*2.00)  thetaP=0.550(*0.25)  <rel.err>=35% [4014s]
    [Seve#2] refine  200/600  Lp+L2=9.04e-08  L2=7.00e-09  <f_NN>=1.181  under10%=13/34 | W=1.806(*2.00)  thetaP=0.550(*0.25)  <rel.err>=35% [4024s]
    [Seve#2] refine  250/600  Lp+L2=9.04e-08  L2=7.00e-09  <f_NN>=1.181  under10%=13/34 | W=1.806(*2.00)  thetaP=0.550(*0.25)  <rel.err>=35% [4033s]
    [Seve#2] refine  300/600  Lp+L2=9.04e-08  L2=7.00e-09  <f_NN>=1.181  under10%=13/34 | W=1.806(*2.00)  thetaP=0.550(*0.25)  <rel.err>=35% [4042s]
    [Seve#2] refine  350/600  Lp+L2=9.04e-08  L2=7.00e-09  <f_NN>=1.181  under10%=13/34 | W=1.806(*2.00)  thetaP=0.550(*0.25)  <rel.err>=35% [4050s]
    [Seve#2] refine  400/600  Lp+L2=9.04e-08  L2=7.00e-09  <f_NN>=1.181  under10%=13/34 | W=1.806(*2.00)  thetaP=0.550(*0.25)  <rel.err>=35% [4058s]
    [Seve#2] refine  450/600  Lp+L2=9.04e-08  L2=7.00e-09  <f_NN>=1.181  under10%=13/34 | W=1.806(*2.00)  thetaP=0.550(*0.25)  <rel.err>=35% [4063s]
    [Seve#2] refine  500/600  Lp+L2=9.04e-08  L2=7.00e-09  <f_NN>=1.181  under10%=13/34 | W=1.806(*2.00)  thetaP=0.550(*0.25)  <rel.err>=35% [4068s]
    [Seve#2] refine  550/600  Lp+L2=9.04e-08  L2=7.00e-09  <f_NN>=1.181  under10%=13/34 | W=1.806(*2.00)  thetaP=0.550(*0.25)  <rel.err>=35% [4073s]
    [Seve#2] refine  600/600  Lp+L2=9.04e-08  L2=7.00e-09  <f_NN>=1.181  under10%=13/34 | W=1.806(*2.00)  thetaP=0.550(*0.25)  <rel.err>=35% [4078s]
  [Seve#2] done  under10%=13/34  phys=8.34e-08  W=1.806 thetaP=0.550  (4078s)
  >> Severe APC Loss start 2: under10%=13/34 phys=8.34e-08  (best so far under10%=13/34 phys=3.87e-08)
  [Severe APC Loss] learned term bm_myc over x in [0.038, 3.009]: RMSE=0.0299 (NRMSE=2.7%)  gate_lo=0.12  [anchor BINDS]
