=== regime=Early Adenoma  variant=control  hybrid_term=None  n_unknown=36  knobs={'rel_weight': True, 'colloc_mode': 'fixed', 'residual_mode': 'integral', 'activation': 'gelu', 'n_starts': 3} ===
  [Earl#0] arch 4x256 act=gelu net 207,879x10cond  rel_w=True colloc=fixed res=integral
  [Earl#0] hybrid term=None (2x5 tanh, constraint=anchored, wd=1e-06) 0 weights | recovering 36 mechanistic params
    [Earl#0] Adam     1/2000  L=8.55e+00  Ld=5.42e-01  Lp=3.17e-04  Lic=4.00e-01  L2=0.00e+00  lp=10.10 | W=1.194(*1.00)  thetaP=0.599(*0.75)  <rel.err>=48% [1s]
    [Earl#0] Adam   200/2000  L=6.08e-03  Ld=5.97e-03  Lp=1.09e-05  Lic=3.72e-07  L2=0.00e+00  lp=9.75 | W=0.973(*1.00)  thetaP=0.686(*0.75)  <rel.err>=53% [110s]
    [Earl#0] Adam   400/2000  L=9.03e-04  Ld=8.81e-04  Lp=1.36e-06  Lic=3.79e-07  L2=0.00e+00  lp=10.14 | W=0.965(*1.00)  thetaP=0.680(*0.75)  <rel.err>=48% [219s]
    [Earl#0] Adam   600/2000  L=4.79e-04  Ld=4.65e-04  Lp=7.43e-07  Lic=2.45e-07  L2=0.00e+00  lp=11.42 | W=0.965(*1.00)  thetaP=0.679(*0.75)  <rel.err>=45% [329s]
    [Earl#0] Adam   800/2000  L=3.36e-04  Ld=3.29e-04  Lp=5.16e-07  Lic=2.87e-09  L2=0.00e+00  lp=12.43 | W=0.966(*1.00)  thetaP=0.679(*0.75)  <rel.err>=43% [438s]
    [Earl#0] Adam  1000/2000  L=2.66e-04  Ld=2.60e-04  Lp=3.96e-07  Lic=2.26e-09  L2=0.00e+00  lp=13.34 | W=0.968(*1.00)  thetaP=0.679(*0.75)  <rel.err>=41% [547s]
    [Earl#0] Adam  1200/2000  L=2.27e-04  Ld=2.22e-04  Lp=3.29e-07  Lic=1.94e-09  L2=0.00e+00  lp=14.21 | W=0.970(*1.00)  thetaP=0.679(*0.75)  <rel.err>=40% [656s]
    [Earl#0] Adam  1400/2000  L=2.05e-04  Ld=2.01e-04  Lp=2.90e-07  Lic=1.75e-09  L2=0.00e+00  lp=15.07 | W=0.972(*1.00)  thetaP=0.679(*0.75)  <rel.err>=39% [766s]
    [Earl#0] Adam  1600/2000  L=1.94e-04  Ld=1.90e-04  Lp=2.68e-07  Lic=1.66e-09  L2=0.00e+00  lp=15.95 | W=0.973(*1.00)  thetaP=0.679(*0.75)  <rel.err>=39% [875s]
    [Earl#0] Adam  1800/2000  L=1.90e-04  Ld=1.85e-04  Lp=2.56e-07  Lic=1.62e-09  L2=0.00e+00  lp=16.84 | W=0.974(*1.00)  thetaP=0.679(*0.75)  <rel.err>=38% [984s]
    [Earl#0] Adam  2000/2000  L=1.89e-04  Ld=1.85e-04  Lp=2.49e-07  Lic=1.62e-09  L2=0.00e+00  lp=17.78 | W=0.974(*1.00)  thetaP=0.678(*0.75)  <rel.err>=38% [1093s]
    [Earl#0] L-BFGS (150) ...
    [Earl#0] LBFGS   50/150  L=7.40e-05 | W=0.923(*1.00)  thetaP=0.671(*0.75)  <rel.err>=41% [1415s]
    [Earl#0] LBFGS  100/150  L=3.47e-05 | W=0.861(*1.00)  thetaP=0.678(*0.75)  <rel.err>=23% [1734s]
    [Earl#0] LBFGS  150/150  L=2.15e-05 | W=0.839(*1.00)  thetaP=0.688(*0.75)  <rel.err>=19% [2050s]
    [Earl#0] param-refine (600, frozen, integral) ...
    [Earl#0] refine   50/600  Lp=2.43e-08  L2=0.00e+00  <f_NN>=-  under10%=17/36 | W=0.839(*1.00)  thetaP=0.688(*0.75)  <rel.err>=19% [2053s]
    [Earl#0] refine  100/600  Lp=2.43e-08  L2=0.00e+00  <f_NN>=-  under10%=17/36 | W=0.839(*1.00)  thetaP=0.688(*0.75)  <rel.err>=19% [2057s]
    [Earl#0] refine  150/600  Lp=2.43e-08  L2=0.00e+00  <f_NN>=-  under10%=17/36 | W=0.839(*1.00)  thetaP=0.688(*0.75)  <rel.err>=19% [2059s]
    [Earl#0] refine  200/600  Lp=2.43e-08  L2=0.00e+00  <f_NN>=-  under10%=17/36 | W=0.839(*1.00)  thetaP=0.688(*0.75)  <rel.err>=19% [2062s]
    [Earl#0] refine  250/600  Lp=2.43e-08  L2=0.00e+00  <f_NN>=-  under10%=17/36 | W=0.839(*1.00)  thetaP=0.688(*0.75)  <rel.err>=19% [2065s]
    [Earl#0] refine  300/600  Lp=2.43e-08  L2=0.00e+00  <f_NN>=-  under10%=17/36 | W=0.839(*1.00)  thetaP=0.688(*0.75)  <rel.err>=19% [2068s]
    [Earl#0] refine  350/600  Lp=2.43e-08  L2=0.00e+00  <f_NN>=-  under10%=17/36 | W=0.839(*1.00)  thetaP=0.688(*0.75)  <rel.err>=19% [2071s]
    [Earl#0] refine  400/600  Lp=2.43e-08  L2=0.00e+00  <f_NN>=-  under10%=17/36 | W=0.839(*1.00)  thetaP=0.688(*0.75)  <rel.err>=19% [2074s]
    [Earl#0] refine  450/600  Lp=2.43e-08  L2=0.00e+00  <f_NN>=-  under10%=17/36 | W=0.839(*1.00)  thetaP=0.688(*0.75)  <rel.err>=19% [2077s]
    [Earl#0] refine  500/600  Lp=2.43e-08  L2=0.00e+00  <f_NN>=-  under10%=17/36 | W=0.839(*1.00)  thetaP=0.688(*0.75)  <rel.err>=19% [2080s]
    [Earl#0] refine  550/600  Lp=2.43e-08  L2=0.00e+00  <f_NN>=-  under10%=17/36 | W=0.839(*1.00)  thetaP=0.688(*0.75)  <rel.err>=19% [2083s]
    [Earl#0] refine  600/600  Lp=2.43e-08  L2=0.00e+00  <f_NN>=-  under10%=17/36 | W=0.839(*1.00)  thetaP=0.688(*0.75)  <rel.err>=19% [2087s]
  [Earl#0] done  under10%=17/36  phys=2.43e-08  W=0.839 thetaP=0.688  (2087s)
  >> Early Adenoma start 0: under10%=17/36 phys=2.43e-08  (best so far under10%=17/36 phys=2.43e-08)
  [Earl#1] arch 4x256 act=gelu net 207,879x10cond  rel_w=True colloc=fixed res=integral
  [Earl#1] hybrid term=None (2x5 tanh, constraint=anchored, wd=1e-06) 0 weights | recovering 36 mechanistic params
    [Earl#1] Adam     1/2000  L=8.55e+00  Ld=5.38e-01  Lp=3.30e-04  Lic=4.00e-01  L2=0.00e+00  lp=10.13 | W=1.608(*1.00)  thetaP=0.405(*0.75)  <rel.err>=54% [1s]
    [Earl#1] Adam   200/2000  L=7.33e-03  Ld=7.15e-03  Lp=1.32e-05  Lic=2.07e-06  L2=0.00e+00  lp=10.33 | W=1.297(*1.00)  thetaP=0.517(*0.75)  <rel.err>=61% [108s]
    [Earl#1] Adam   400/2000  L=1.23e-03  Ld=1.05e-03  Lp=1.42e-06  Lic=8.00e-06  L2=0.00e+00  lp=11.56 | W=1.270(*1.00)  thetaP=0.521(*0.75)  <rel.err>=55% [217s]
    [Earl#1] Adam   600/2000  L=5.49e-04  Ld=5.37e-04  Lp=6.85e-07  Lic=1.51e-07  L2=0.00e+00  lp=12.68 | W=1.259(*1.00)  thetaP=0.520(*0.75)  <rel.err>=52% [327s]
    [Earl#1] Adam   800/2000  L=3.70e-04  Ld=3.64e-04  Lp=4.85e-07  Lic=4.67e-09  L2=0.00e+00  lp=13.45 | W=1.249(*1.00)  thetaP=0.520(*0.75)  <rel.err>=51% [436s]
    [Earl#1] Adam  1000/2000  L=2.88e-04  Ld=2.82e-04  Lp=3.91e-07  Lic=3.37e-09  L2=0.00e+00  lp=14.00 | W=1.238(*1.00)  thetaP=0.521(*0.75)  <rel.err>=51% [545s]
    [Earl#1] Adam  1200/2000  L=2.44e-04  Ld=2.39e-04  Lp=3.38e-07  Lic=2.72e-09  L2=0.00e+00  lp=14.45 | W=1.229(*1.00)  thetaP=0.521(*0.75)  <rel.err>=50% [654s]
    [Earl#1] Adam  1400/2000  L=2.20e-04  Ld=2.16e-04  Lp=3.06e-07  Lic=2.38e-09  L2=0.00e+00  lp=14.84 | W=1.221(*1.00)  thetaP=0.521(*0.75)  <rel.err>=49% [764s]
    [Earl#1] Adam  1600/2000  L=2.08e-04  Ld=2.03e-04  Lp=2.87e-07  Lic=2.21e-09  L2=0.00e+00  lp=15.23 | W=1.213(*1.00)  thetaP=0.521(*0.75)  <rel.err>=48% [873s]
    [Earl#1] Adam  1800/2000  L=2.03e-04  Ld=1.98e-04  Lp=2.76e-07  Lic=2.14e-09  L2=0.00e+00  lp=15.64 | W=1.207(*1.00)  thetaP=0.521(*0.75)  <rel.err>=47% [982s]
    [Earl#1] Adam  2000/2000  L=2.02e-04  Ld=1.98e-04  Lp=2.69e-07  Lic=2.13e-09  L2=0.00e+00  lp=16.09 | W=1.200(*1.00)  thetaP=0.521(*0.75)  <rel.err>=47% [1091s]
    [Earl#1] L-BFGS (150) ...
    [Earl#1] LBFGS   50/150  L=7.56e-05 | W=1.044(*1.00)  thetaP=0.516(*0.75)  <rel.err>=49% [1409s]
    [Earl#1] LBFGS  100/150  L=3.64e-05 | W=0.872(*1.00)  thetaP=0.524(*0.75)  <rel.err>=28% [1729s]
    [Earl#1] LBFGS  150/150  L=2.32e-05 | W=0.826(*1.00)  thetaP=0.541(*0.75)  <rel.err>=21% [2048s]
    [Earl#1] param-refine (600, frozen, integral) ...
    [Earl#1] refine   50/600  Lp=2.81e-08  L2=0.00e+00  <f_NN>=-  under10%=17/36 | W=0.826(*1.00)  thetaP=0.541(*0.75)  <rel.err>=21% [2051s]
    [Earl#1] refine  100/600  Lp=2.81e-08  L2=0.00e+00  <f_NN>=-  under10%=17/36 | W=0.826(*1.00)  thetaP=0.541(*0.75)  <rel.err>=21% [2053s]
    [Earl#1] refine  150/600  Lp=2.81e-08  L2=0.00e+00  <f_NN>=-  under10%=17/36 | W=0.826(*1.00)  thetaP=0.541(*0.75)  <rel.err>=21% [2056s]
    [Earl#1] refine  200/600  Lp=2.81e-08  L2=0.00e+00  <f_NN>=-  under10%=17/36 | W=0.826(*1.00)  thetaP=0.541(*0.75)  <rel.err>=21% [2059s]
    [Earl#1] refine  250/600  Lp=2.81e-08  L2=0.00e+00  <f_NN>=-  under10%=17/36 | W=0.826(*1.00)  thetaP=0.541(*0.75)  <rel.err>=21% [2062s]
    [Earl#1] refine  300/600  Lp=2.81e-08  L2=0.00e+00  <f_NN>=-  under10%=17/36 | W=0.826(*1.00)  thetaP=0.541(*0.75)  <rel.err>=21% [2065s]
    [Earl#1] refine  350/600  Lp=2.81e-08  L2=0.00e+00  <f_NN>=-  under10%=17/36 | W=0.826(*1.00)  thetaP=0.541(*0.75)  <rel.err>=21% [2068s]
    [Earl#1] refine  400/600  Lp=2.81e-08  L2=0.00e+00  <f_NN>=-  under10%=17/36 | W=0.826(*1.00)  thetaP=0.541(*0.75)  <rel.err>=21% [2071s]
    [Earl#1] refine  450/600  Lp=2.81e-08  L2=0.00e+00  <f_NN>=-  under10%=17/36 | W=0.826(*1.00)  thetaP=0.541(*0.75)  <rel.err>=21% [2074s]
    [Earl#1] refine  500/600  Lp=2.81e-08  L2=0.00e+00  <f_NN>=-  under10%=17/36 | W=0.826(*1.00)  thetaP=0.541(*0.75)  <rel.err>=21% [2077s]
    [Earl#1] refine  550/600  Lp=2.81e-08  L2=0.00e+00  <f_NN>=-  under10%=17/36 | W=0.826(*1.00)  thetaP=0.541(*0.75)  <rel.err>=21% [2080s]
    [Earl#1] refine  600/600  Lp=2.81e-08  L2=0.00e+00  <f_NN>=-  under10%=17/36 | W=0.826(*1.00)  thetaP=0.541(*0.75)  <rel.err>=21% [2083s]
  [Earl#1] done  under10%=17/36  phys=2.81e-08  W=0.826 thetaP=0.541  (2083s)
  >> Early Adenoma start 1: under10%=17/36 phys=2.81e-08  (best so far under10%=17/36 phys=2.43e-08)
  [Earl#2] arch 4x256 act=gelu net 207,879x10cond  rel_w=True colloc=fixed res=integral
  [Earl#2] hybrid term=None (2x5 tanh, constraint=anchored, wd=1e-06) 0 weights | recovering 36 mechanistic params
    [Earl#2] Adam     1/2000  L=8.55e+00  Ld=5.39e-01  Lp=2.59e-04  Lic=4.01e-01  L2=0.00e+00  lp=13.41 | W=1.283(*1.00)  thetaP=0.548(*0.75)  <rel.err>=51% [1s]
    [Earl#2] Adam   200/2000  L=8.24e-03  Ld=7.95e-03  Lp=1.26e-05  Lic=6.27e-06  L2=0.00e+00  lp=13.21 | W=1.071(*1.00)  thetaP=0.627(*0.75)  <rel.err>=61% [107s]
    [Earl#2] Adam   400/2000  L=1.03e-03  Ld=9.95e-04  Lp=1.30e-06  Lic=8.51e-07  L2=0.00e+00  lp=13.71 | W=1.063(*1.00)  thetaP=0.621(*0.75)  <rel.err>=56% [216s]
    [Earl#2] Adam   600/2000  L=5.00e-04  Ld=4.82e-04  Lp=6.68e-07  Lic=3.69e-07  L2=0.00e+00  lp=14.84 | W=1.062(*1.00)  thetaP=0.620(*0.75)  <rel.err>=53% [326s]
    [Earl#2] Adam   800/2000  L=3.33e-04  Ld=3.26e-04  Lp=4.73e-07  Lic=3.68e-09  L2=0.00e+00  lp=15.67 | W=1.061(*1.00)  thetaP=0.620(*0.75)  <rel.err>=51% [435s]
    [Earl#2] Adam  1000/2000  L=2.58e-04  Ld=2.52e-04  Lp=3.81e-07  Lic=2.12e-09  L2=0.00e+00  lp=16.37 | W=1.061(*1.00)  thetaP=0.619(*0.75)  <rel.err>=49% [544s]
    [Earl#2] Adam  1200/2000  L=2.16e-04  Ld=2.11e-04  Lp=3.28e-07  Lic=1.75e-09  L2=0.00e+00  lp=17.01 | W=1.061(*1.00)  thetaP=0.619(*0.75)  <rel.err>=48% [653s]
    [Earl#2] Adam  1400/2000  L=1.93e-04  Ld=1.88e-04  Lp=2.95e-07  Lic=1.54e-09  L2=0.00e+00  lp=17.61 | W=1.061(*1.00)  thetaP=0.618(*0.75)  <rel.err>=48% [763s]
    [Earl#2] Adam  1600/2000  L=1.81e-04  Ld=1.76e-04  Lp=2.76e-07  Lic=1.44e-09  L2=0.00e+00  lp=18.21 | W=1.060(*1.00)  thetaP=0.618(*0.75)  <rel.err>=46% [872s]
    [Earl#2] Adam  1800/2000  L=1.76e-04  Ld=1.71e-04  Lp=2.65e-07  Lic=1.39e-09  L2=0.00e+00  lp=18.83 | W=1.059(*1.00)  thetaP=0.617(*0.75)  <rel.err>=45% [981s]
    [Earl#2] Adam  2000/2000  L=1.76e-04  Ld=1.70e-04  Lp=2.58e-07  Lic=1.39e-09  L2=0.00e+00  lp=19.47 | W=1.059(*1.00)  thetaP=0.616(*0.75)  <rel.err>=44% [1090s]
    [Earl#2] L-BFGS (150) ...
    [Earl#2] LBFGS   50/150  L=7.72e-05 | W=0.941(*1.00)  thetaP=0.611(*0.75)  <rel.err>=44% [1413s]
    [Earl#2] LBFGS  100/150  L=3.70e-05 | W=0.848(*1.00)  thetaP=0.620(*0.75)  <rel.err>=25% [1731s]
    [Earl#2] LBFGS  150/150  L=2.22e-05 | W=0.827(*1.00)  thetaP=0.638(*0.75)  <rel.err>=19% [2049s]
    [Earl#2] param-refine (600, frozen, integral) ...
    [Earl#2] refine   50/600  Lp=2.31e-08  L2=0.00e+00  <f_NN>=-  under10%=15/36 | W=0.827(*1.00)  thetaP=0.638(*0.75)  <rel.err>=19% [2052s]
    [Earl#2] refine  100/600  Lp=2.31e-08  L2=0.00e+00  <f_NN>=-  under10%=15/36 | W=0.827(*1.00)  thetaP=0.638(*0.75)  <rel.err>=19% [2055s]
    [Earl#2] refine  150/600  Lp=2.31e-08  L2=0.00e+00  <f_NN>=-  under10%=15/36 | W=0.827(*1.00)  thetaP=0.638(*0.75)  <rel.err>=19% [2058s]
    [Earl#2] refine  200/600  Lp=2.31e-08  L2=0.00e+00  <f_NN>=-  under10%=15/36 | W=0.827(*1.00)  thetaP=0.638(*0.75)  <rel.err>=19% [2060s]
    [Earl#2] refine  250/600  Lp=2.31e-08  L2=0.00e+00  <f_NN>=-  under10%=15/36 | W=0.827(*1.00)  thetaP=0.638(*0.75)  <rel.err>=19% [2063s]
    [Earl#2] refine  300/600  Lp=2.31e-08  L2=0.00e+00  <f_NN>=-  under10%=15/36 | W=0.827(*1.00)  thetaP=0.638(*0.75)  <rel.err>=19% [2066s]
    [Earl#2] refine  350/600  Lp=2.31e-08  L2=0.00e+00  <f_NN>=-  under10%=15/36 | W=0.827(*1.00)  thetaP=0.638(*0.75)  <rel.err>=19% [2069s]
    [Earl#2] refine  400/600  Lp=2.31e-08  L2=0.00e+00  <f_NN>=-  under10%=15/36 | W=0.827(*1.00)  thetaP=0.638(*0.75)  <rel.err>=19% [2072s]
    [Earl#2] refine  450/600  Lp=2.31e-08  L2=0.00e+00  <f_NN>=-  under10%=15/36 | W=0.827(*1.00)  thetaP=0.638(*0.75)  <rel.err>=19% [2075s]
    [Earl#2] refine  500/600  Lp=2.31e-08  L2=0.00e+00  <f_NN>=-  under10%=15/36 | W=0.827(*1.00)  thetaP=0.638(*0.75)  <rel.err>=19% [2077s]
    [Earl#2] refine  550/600  Lp=2.31e-08  L2=0.00e+00  <f_NN>=-  under10%=15/36 | W=0.827(*1.00)  thetaP=0.638(*0.75)  <rel.err>=19% [2080s]
    [Earl#2] refine  600/600  Lp=2.31e-08  L2=0.00e+00  <f_NN>=-  under10%=15/36 | W=0.827(*1.00)  thetaP=0.638(*0.75)  <rel.err>=19% [2083s]
  [Earl#2] done  under10%=15/36  phys=2.31e-08  W=0.827 thetaP=0.638  (2083s)
  >> Early Adenoma start 2: under10%=15/36 phys=2.31e-08  (best so far under10%=15/36 phys=2.31e-08)
