=== regime=Severe APC Loss  variant=control  hybrid_term=None  n_unknown=36  knobs={'rel_weight': True, 'colloc_mode': 'fixed', 'residual_mode': 'integral', 'activation': 'gelu', 'n_starts': 3} ===
  [Seve#0] arch 4x256 act=gelu net 207,879x10cond  rel_w=True colloc=fixed res=integral
  [Seve#0] hybrid term=None (2x5 tanh, constraint=anchored, wd=1e-06) 0 weights | recovering 36 mechanistic params
    [Seve#0] Adam     1/2000  L=8.86e+00  Ld=5.73e-01  Lp=3.27e-04  Lic=4.14e-01  L2=0.00e+00  lp=9.51 | W=1.194(*2.00)  thetaP=0.599(*0.25)  <rel.err>=52% [1s]
    [Seve#0] Adam   200/2000  L=6.22e-03  Ld=6.08e-03  Lp=1.17e-05  Lic=1.61e-06  L2=0.00e+00  lp=9.01 | W=1.145(*2.00)  thetaP=0.690(*0.25)  <rel.err>=67% [110s]
    [Seve#0] Adam   400/2000  L=1.44e-03  Ld=1.22e-03  Lp=1.74e-06  Lic=1.00e-05  L2=0.00e+00  lp=9.31 | W=1.141(*2.00)  thetaP=0.687(*0.25)  <rel.err>=63% [219s]
    [Seve#0] Adam   600/2000  L=6.63e-04  Ld=5.98e-04  Lp=9.28e-07  Lic=2.80e-06  L2=0.00e+00  lp=10.02 | W=1.143(*2.00)  thetaP=0.680(*0.25)  <rel.err>=59% [328s]
    [Seve#0] Adam   800/2000  L=4.02e-04  Ld=3.95e-04  Lp=6.24e-07  Lic=2.26e-09  L2=0.00e+00  lp=10.52 | W=1.146(*2.00)  thetaP=0.673(*0.25)  <rel.err>=54% [438s]
    [Seve#0] Adam  1000/2000  L=3.15e-04  Ld=3.09e-04  Lp=4.72e-07  Lic=1.73e-09  L2=0.00e+00  lp=11.00 | W=1.149(*2.00)  thetaP=0.666(*0.25)  <rel.err>=53% [547s]
    [Seve#0] Adam  1200/2000  L=2.68e-04  Ld=2.64e-04  Lp=3.85e-07  Lic=1.44e-09  L2=0.00e+00  lp=11.49 | W=1.153(*2.00)  thetaP=0.661(*0.25)  <rel.err>=53% [656s]
    [Seve#0] Adam  1400/2000  L=2.43e-04  Ld=2.39e-04  Lp=3.34e-07  Lic=1.28e-09  L2=0.00e+00  lp=12.00 | W=1.157(*2.00)  thetaP=0.656(*0.25)  <rel.err>=52% [765s]
    [Seve#0] Adam  1600/2000  L=2.29e-04  Ld=2.26e-04  Lp=3.04e-07  Lic=1.20e-09  L2=0.00e+00  lp=12.52 | W=1.161(*2.00)  thetaP=0.653(*0.25)  <rel.err>=52% [874s]
    [Seve#0] Adam  1800/2000  L=2.24e-04  Ld=2.20e-04  Lp=2.88e-07  Lic=1.16e-09  L2=0.00e+00  lp=13.02 | W=1.164(*2.00)  thetaP=0.650(*0.25)  <rel.err>=52% [983s]
    [Seve#0] Adam  2000/2000  L=2.23e-04  Ld=2.19e-04  Lp=2.78e-07  Lic=1.16e-09  L2=0.00e+00  lp=13.51 | W=1.167(*2.00)  thetaP=0.648(*0.25)  <rel.err>=52% [1092s]
    [Seve#0] L-BFGS (150) ...
    [Seve#0] LBFGS   50/150  L=7.78e-05 | W=1.241(*2.00)  thetaP=0.630(*0.25)  <rel.err>=53% [1409s]
    [Seve#0] LBFGS  100/150  L=3.65e-05 | W=1.207(*2.00)  thetaP=0.624(*0.25)  <rel.err>=41% [1733s]
    [Seve#0] LBFGS  150/150  L=2.23e-05 | W=1.156(*2.00)  thetaP=0.621(*0.25)  <rel.err>=36% [2054s]
    [Seve#0] param-refine (600, frozen, integral) ...
    [Seve#0] refine   50/600  Lp=3.55e-08  L2=0.00e+00  <f_NN>=-  under10%=7/36 | W=1.156(*2.00)  thetaP=0.621(*0.25)  <rel.err>=36% [2057s]
    [Seve#0] refine  100/600  Lp=3.55e-08  L2=0.00e+00  <f_NN>=-  under10%=7/36 | W=1.156(*2.00)  thetaP=0.621(*0.25)  <rel.err>=36% [2060s]
    [Seve#0] refine  150/600  Lp=3.55e-08  L2=0.00e+00  <f_NN>=-  under10%=7/36 | W=1.156(*2.00)  thetaP=0.621(*0.25)  <rel.err>=36% [2064s]
    [Seve#0] refine  200/600  Lp=3.55e-08  L2=0.00e+00  <f_NN>=-  under10%=7/36 | W=1.156(*2.00)  thetaP=0.621(*0.25)  <rel.err>=36% [2067s]
    [Seve#0] refine  250/600  Lp=3.55e-08  L2=0.00e+00  <f_NN>=-  under10%=7/36 | W=1.156(*2.00)  thetaP=0.621(*0.25)  <rel.err>=36% [2070s]
    [Seve#0] refine  300/600  Lp=3.55e-08  L2=0.00e+00  <f_NN>=-  under10%=7/36 | W=1.156(*2.00)  thetaP=0.621(*0.25)  <rel.err>=36% [2072s]
    [Seve#0] refine  350/600  Lp=3.55e-08  L2=0.00e+00  <f_NN>=-  under10%=7/36 | W=1.156(*2.00)  thetaP=0.621(*0.25)  <rel.err>=36% [2075s]
    [Seve#0] refine  400/600  Lp=3.55e-08  L2=0.00e+00  <f_NN>=-  under10%=7/36 | W=1.156(*2.00)  thetaP=0.621(*0.25)  <rel.err>=36% [2078s]
    [Seve#0] refine  450/600  Lp=3.55e-08  L2=0.00e+00  <f_NN>=-  under10%=7/36 | W=1.156(*2.00)  thetaP=0.621(*0.25)  <rel.err>=36% [2080s]
    [Seve#0] refine  500/600  Lp=3.55e-08  L2=0.00e+00  <f_NN>=-  under10%=7/36 | W=1.156(*2.00)  thetaP=0.621(*0.25)  <rel.err>=36% [2083s]
    [Seve#0] refine  550/600  Lp=3.55e-08  L2=0.00e+00  <f_NN>=-  under10%=7/36 | W=1.156(*2.00)  thetaP=0.621(*0.25)  <rel.err>=36% [2086s]
    [Seve#0] refine  600/600  Lp=3.55e-08  L2=0.00e+00  <f_NN>=-  under10%=7/36 | W=1.156(*2.00)  thetaP=0.621(*0.25)  <rel.err>=36% [2089s]
  [Seve#0] done  under10%=7/36  phys=3.55e-08  W=1.156 thetaP=0.621  (2090s)
  >> Severe APC Loss start 0: under10%=7/36 phys=3.55e-08  (best so far under10%=7/36 phys=3.55e-08)
  [Seve#1] arch 4x256 act=gelu net 207,879x10cond  rel_w=True colloc=fixed res=integral
  [Seve#1] hybrid term=None (2x5 tanh, constraint=anchored, wd=1e-06) 0 weights | recovering 36 mechanistic params
    [Seve#1] Adam     1/2000  L=8.85e+00  Ld=5.68e-01  Lp=3.04e-04  Lic=4.14e-01  L2=0.00e+00  lp=10.03 | W=1.608(*2.00)  thetaP=0.405(*0.25)  <rel.err>=53% [1s]
    [Seve#1] Adam   200/2000  L=6.96e-03  Ld=6.77e-03  Lp=1.04e-05  Lic=4.11e-06  L2=0.00e+00  lp=9.98 | W=1.580(*2.00)  thetaP=0.507(*0.25)  <rel.err>=67% [109s]
    [Seve#1] Adam   400/2000  L=1.41e-03  Ld=1.35e-03  Lp=1.70e-06  Lic=2.08e-06  L2=0.00e+00  lp=11.34 | W=1.558(*2.00)  thetaP=0.508(*0.25)  <rel.err>=64% [218s]
    [Seve#1] Adam   600/2000  L=8.68e-04  Ld=6.33e-04  Lp=9.27e-07  Lic=1.12e-05  L2=0.00e+00  lp=12.45 | W=1.554(*2.00)  thetaP=0.504(*0.25)  <rel.err>=60% [327s]
    [Seve#1] Adam   800/2000  L=4.22e-04  Ld=4.11e-04  Lp=6.65e-07  Lic=8.60e-08  L2=0.00e+00  lp=13.25 | W=1.554(*2.00)  thetaP=0.501(*0.25)  <rel.err>=56% [436s]
    [Seve#1] Adam  1000/2000  L=3.19e-04  Ld=3.11e-04  Lp=5.28e-07  Lic=2.29e-09  L2=0.00e+00  lp=13.94 | W=1.554(*2.00)  thetaP=0.497(*0.25)  <rel.err>=54% [545s]
    [Seve#1] Adam  1200/2000  L=2.66e-04  Ld=2.60e-04  Lp=4.45e-07  Lic=1.76e-09  L2=0.00e+00  lp=14.54 | W=1.554(*2.00)  thetaP=0.494(*0.25)  <rel.err>=52% [655s]
    [Seve#1] Adam  1400/2000  L=2.37e-04  Ld=2.31e-04  Lp=3.95e-07  Lic=1.49e-09  L2=0.00e+00  lp=15.05 | W=1.555(*2.00)  thetaP=0.492(*0.25)  <rel.err>=52% [764s]
    [Seve#1] Adam  1600/2000  L=2.23e-04  Ld=2.17e-04  Lp=3.67e-07  Lic=1.35e-09  L2=0.00e+00  lp=15.48 | W=1.556(*2.00)  thetaP=0.491(*0.25)  <rel.err>=51% [873s]
    [Seve#1] Adam  1800/2000  L=2.17e-04  Ld=2.11e-04  Lp=3.51e-07  Lic=1.30e-09  L2=0.00e+00  lp=15.84 | W=1.558(*2.00)  thetaP=0.489(*0.25)  <rel.err>=51% [982s]
    [Seve#1] Adam  2000/2000  L=2.16e-04  Ld=2.10e-04  Lp=3.41e-07  Lic=1.29e-09  L2=0.00e+00  lp=16.16 | W=1.559(*2.00)  thetaP=0.488(*0.25)  <rel.err>=51% [1090s]
    [Seve#1] L-BFGS (150) ...
    [Seve#1] LBFGS   50/150  L=9.11e-05 | W=1.616(*2.00)  thetaP=0.472(*0.25)  <rel.err>=53% [1407s]
    [Seve#1] LBFGS  100/150  L=4.63e-05 | W=1.589(*2.00)  thetaP=0.470(*0.25)  <rel.err>=38% [1724s]
    [Seve#1] LBFGS  150/150  L=2.95e-05 | W=1.518(*2.00)  thetaP=0.471(*0.25)  <rel.err>=32% [2050s]
    [Seve#1] param-refine (600, frozen, integral) ...
    [Seve#1] refine   50/600  Lp=3.93e-08  L2=0.00e+00  <f_NN>=-  under10%=8/36 | W=1.518(*2.00)  thetaP=0.471(*0.25)  <rel.err>=32% [2053s]
    [Seve#1] refine  100/600  Lp=3.93e-08  L2=0.00e+00  <f_NN>=-  under10%=8/36 | W=1.518(*2.00)  thetaP=0.471(*0.25)  <rel.err>=32% [2056s]
    [Seve#1] refine  150/600  Lp=3.93e-08  L2=0.00e+00  <f_NN>=-  under10%=8/36 | W=1.518(*2.00)  thetaP=0.471(*0.25)  <rel.err>=32% [2058s]
    [Seve#1] refine  200/600  Lp=3.93e-08  L2=0.00e+00  <f_NN>=-  under10%=8/36 | W=1.518(*2.00)  thetaP=0.471(*0.25)  <rel.err>=32% [2061s]
    [Seve#1] refine  250/600  Lp=3.93e-08  L2=0.00e+00  <f_NN>=-  under10%=8/36 | W=1.518(*2.00)  thetaP=0.471(*0.25)  <rel.err>=32% [2064s]
    [Seve#1] refine  300/600  Lp=3.93e-08  L2=0.00e+00  <f_NN>=-  under10%=8/36 | W=1.518(*2.00)  thetaP=0.471(*0.25)  <rel.err>=32% [2067s]
    [Seve#1] refine  350/600  Lp=3.93e-08  L2=0.00e+00  <f_NN>=-  under10%=8/36 | W=1.518(*2.00)  thetaP=0.471(*0.25)  <rel.err>=32% [2070s]
    [Seve#1] refine  400/600  Lp=3.93e-08  L2=0.00e+00  <f_NN>=-  under10%=8/36 | W=1.518(*2.00)  thetaP=0.471(*0.25)  <rel.err>=32% [2073s]
    [Seve#1] refine  450/600  Lp=3.93e-08  L2=0.00e+00  <f_NN>=-  under10%=8/36 | W=1.518(*2.00)  thetaP=0.471(*0.25)  <rel.err>=32% [2076s]
    [Seve#1] refine  500/600  Lp=3.93e-08  L2=0.00e+00  <f_NN>=-  under10%=8/36 | W=1.518(*2.00)  thetaP=0.471(*0.25)  <rel.err>=32% [2079s]
    [Seve#1] refine  550/600  Lp=3.93e-08  L2=0.00e+00  <f_NN>=-  under10%=8/36 | W=1.518(*2.00)  thetaP=0.471(*0.25)  <rel.err>=32% [2082s]
    [Seve#1] refine  600/600  Lp=3.93e-08  L2=0.00e+00  <f_NN>=-  under10%=8/36 | W=1.518(*2.00)  thetaP=0.471(*0.25)  <rel.err>=32% [2085s]
  [Seve#1] done  under10%=8/36  phys=3.93e-08  W=1.518 thetaP=0.471  (2085s)
  >> Severe APC Loss start 1: under10%=8/36 phys=3.93e-08  (best so far under10%=7/36 phys=3.55e-08)
  [Seve#2] arch 4x256 act=gelu net 207,879x10cond  rel_w=True colloc=fixed res=integral
  [Seve#2] hybrid term=None (2x5 tanh, constraint=anchored, wd=1e-06) 0 weights | recovering 36 mechanistic params
    [Seve#2] Adam     1/2000  L=8.86e+00  Ld=5.69e-01  Lp=2.50e-04  Lic=4.14e-01  L2=0.00e+00  lp=13.34 | W=1.283(*2.00)  thetaP=0.548(*0.25)  <rel.err>=54% [1s]
    [Seve#2] Adam   200/2000  L=7.06e-03  Ld=6.88e-03  Lp=1.15e-05  Lic=1.95e-06  L2=0.00e+00  lp=12.62 | W=1.322(*2.00)  thetaP=0.629(*0.25)  <rel.err>=71% [109s]
    [Seve#2] Adam   400/2000  L=1.46e-03  Ld=1.28e-03  Lp=1.65e-06  Lic=7.78e-06  L2=0.00e+00  lp=12.57 | W=1.311(*2.00)  thetaP=0.623(*0.25)  <rel.err>=69% [218s]
    [Seve#2] Adam   600/2000  L=5.84e-04  Ld=5.72e-04  Lp=8.46e-07  Lic=4.99e-08  L2=0.00e+00  lp=13.43 | W=1.312(*2.00)  thetaP=0.616(*0.25)  <rel.err>=67% [328s]
    [Seve#2] Adam   800/2000  L=3.89e-04  Ld=3.80e-04  Lp=6.09e-07  Lic=2.16e-09  L2=0.00e+00  lp=14.27 | W=1.316(*2.00)  thetaP=0.610(*0.25)  <rel.err>=64% [437s]
    [Seve#2] Adam  1000/2000  L=3.06e-04  Ld=2.99e-04  Lp=4.98e-07  Lic=1.69e-09  L2=0.00e+00  lp=15.04 | W=1.320(*2.00)  thetaP=0.606(*0.25)  <rel.err>=61% [546s]
    [Seve#2] Adam  1200/2000  L=2.62e-04  Ld=2.55e-04  Lp=4.29e-07  Lic=1.43e-09  L2=0.00e+00  lp=15.75 | W=1.325(*2.00)  thetaP=0.603(*0.25)  <rel.err>=59% [655s]
    [Seve#2] Adam  1400/2000  L=2.37e-04  Ld=2.30e-04  Lp=3.85e-07  Lic=1.28e-09  L2=0.00e+00  lp=16.39 | W=1.329(*2.00)  thetaP=0.601(*0.25)  <rel.err>=58% [764s]
    [Seve#2] Adam  1600/2000  L=2.24e-04  Ld=2.18e-04  Lp=3.59e-07  Lic=1.21e-09  L2=0.00e+00  lp=16.96 | W=1.333(*2.00)  thetaP=0.600(*0.25)  <rel.err>=58% [873s]
    [Seve#2] Adam  1800/2000  L=2.18e-04  Ld=2.12e-04  Lp=3.44e-07  Lic=1.18e-09  L2=0.00e+00  lp=17.48 | W=1.337(*2.00)  thetaP=0.598(*0.25)  <rel.err>=57% [982s]
    [Seve#2] Adam  2000/2000  L=2.18e-04  Ld=2.12e-04  Lp=3.35e-07  Lic=1.17e-09  L2=0.00e+00  lp=17.96 | W=1.341(*2.00)  thetaP=0.597(*0.25)  <rel.err>=57% [1090s]
    [Seve#2] L-BFGS (150) ...
    [Seve#2] LBFGS   50/150  L=9.73e-05 | W=1.430(*2.00)  thetaP=0.577(*0.25)  <rel.err>=59% [1408s]
    [Seve#2] LBFGS  100/150  L=4.84e-05 | W=1.378(*2.00)  thetaP=0.572(*0.25)  <rel.err>=41% [1731s]
    [Seve#2] LBFGS  150/150  L=2.70e-05 | W=1.347(*2.00)  thetaP=0.570(*0.25)  <rel.err>=34% [2061s]
    [Seve#2] param-refine (600, frozen, integral) ...
    [Seve#2] refine   50/600  Lp=3.43e-08  L2=0.00e+00  <f_NN>=-  under10%=8/36 | W=1.347(*2.00)  thetaP=0.570(*0.25)  <rel.err>=34% [2064s]
    [Seve#2] refine  100/600  Lp=3.43e-08  L2=0.00e+00  <f_NN>=-  under10%=8/36 | W=1.347(*2.00)  thetaP=0.570(*0.25)  <rel.err>=34% [2066s]
    [Seve#2] refine  150/600  Lp=3.43e-08  L2=0.00e+00  <f_NN>=-  under10%=8/36 | W=1.347(*2.00)  thetaP=0.570(*0.25)  <rel.err>=34% [2069s]
    [Seve#2] refine  200/600  Lp=3.43e-08  L2=0.00e+00  <f_NN>=-  under10%=8/36 | W=1.347(*2.00)  thetaP=0.570(*0.25)  <rel.err>=34% [2072s]
    [Seve#2] refine  250/600  Lp=3.43e-08  L2=0.00e+00  <f_NN>=-  under10%=8/36 | W=1.347(*2.00)  thetaP=0.570(*0.25)  <rel.err>=34% [2075s]
    [Seve#2] refine  300/600  Lp=3.43e-08  L2=0.00e+00  <f_NN>=-  under10%=8/36 | W=1.347(*2.00)  thetaP=0.570(*0.25)  <rel.err>=34% [2078s]
    [Seve#2] refine  350/600  Lp=3.43e-08  L2=0.00e+00  <f_NN>=-  under10%=8/36 | W=1.347(*2.00)  thetaP=0.570(*0.25)  <rel.err>=34% [2081s]
    [Seve#2] refine  400/600  Lp=3.43e-08  L2=0.00e+00  <f_NN>=-  under10%=8/36 | W=1.347(*2.00)  thetaP=0.570(*0.25)  <rel.err>=34% [2085s]
    [Seve#2] refine  450/600  Lp=3.43e-08  L2=0.00e+00  <f_NN>=-  under10%=8/36 | W=1.347(*2.00)  thetaP=0.570(*0.25)  <rel.err>=34% [2088s]
    [Seve#2] refine  500/600  Lp=3.43e-08  L2=0.00e+00  <f_NN>=-  under10%=8/36 | W=1.347(*2.00)  thetaP=0.570(*0.25)  <rel.err>=34% [2091s]
    [Seve#2] refine  550/600  Lp=3.43e-08  L2=0.00e+00  <f_NN>=-  under10%=8/36 | W=1.347(*2.00)  thetaP=0.570(*0.25)  <rel.err>=34% [2094s]
    [Seve#2] refine  600/600  Lp=3.43e-08  L2=0.00e+00  <f_NN>=-  under10%=8/36 | W=1.347(*2.00)  thetaP=0.570(*0.25)  <rel.err>=34% [2097s]
  [Seve#2] done  under10%=8/36  phys=3.43e-08  W=1.347 thetaP=0.570  (2097s)
  >> Severe APC Loss start 2: under10%=8/36 phys=3.43e-08  (best so far under10%=8/36 phys=3.43e-08)
