============================================================
Inverse PINN (better) — recover 36 parameters
  3 experimental conditions: ['ctrl', 'noATRA', 'earlyATRA']
Device : cuda
GPU    : NVIDIA RTX PRO 6000 Blackwell Server Edition
VRAM   : 102.0 GB
Threads: 48
============================================================

[1/3] Reference trajectories (scipy Radau, per condition) ...
  Normal               ctrl       t=[0, 150]  shape=(5000, 7)
  Normal               noATRA     t=[0, 150]  shape=(5000, 7)
  Normal               earlyATRA  t=[0, 150]  shape=(5000, 7)
  Early adenoma        ctrl       t=[0, 150]  shape=(5000, 7)
  Early adenoma        noATRA     t=[0, 150]  shape=(5000, 7)
  Early adenoma        earlyATRA  t=[0, 150]  shape=(5000, 7)
  Cancer-like          ctrl       t=[0, 150]  shape=(5000, 7)
  Cancer-like          noATRA     t=[0, 150]  shape=(5000, 7)
  Cancer-like          earlyATRA  t=[0, 150]  shape=(5000, 7)
  Strong APC-mutant    ctrl       t=[0, 150]  shape=(5000, 7)
  Strong APC-mutant    noATRA     t=[0, 150]  shape=(5000, 7)
  Strong APC-mutant    earlyATRA  t=[0, 150]  shape=(5000, 7)

[2/3] Inverse training (shared params over conditions) ...

── Normal ──
  arch 4×256  net params 207,879 × 3 cond  unknowns 36
  conditions ['ctrl', 'noATRA', 'earlyATRA']
  init guess W=1.2 thetaP=0.6 (+50% on the rest)  |  true W=0.8 thetaP=1.0
    Adam     1/3000  L=8.32e+00  Ld=8.23e-01  Lp=7.03e-01  Lic=3.39e-01  λp=1.01  | W=1.194(*0.80)  thetaP=0.599(*1.00)  <rel.err>=50%  [1s]
    Adam   100/3000  L=1.16e-01  Ld=7.54e-02  Lp=4.02e-02  Lic=1.74e-05  λp=1.01  | W=0.974(*0.80)  thetaP=0.676(*1.00)  <rel.err>=55%  [37s]
    Adam   200/3000  L=4.57e-03  Ld=1.96e-03  Lp=2.60e-03  Lic=1.07e-07  λp=1.01  | W=0.982(*0.80)  thetaP=0.689(*1.00)  <rel.err>=55%  [73s]
    Adam   300/3000  L=2.60e-03  Ld=8.38e-04  Lp=1.51e-03  Lic=1.24e-05  λp=1.01  | W=0.984(*0.80)  thetaP=0.698(*1.00)  <rel.err>=55%  [109s]
    Adam   400/3000  L=1.57e-03  Ld=4.79e-04  Lp=1.07e-03  Lic=5.78e-07  λp=1.01  | W=0.985(*0.80)  thetaP=0.703(*1.00)  <rel.err>=54%  [145s]
    Adam   500/3000  L=1.16e-03  Ld=3.48e-04  Lp=7.97e-04  Lic=2.71e-07  λp=1.01  | W=0.986(*0.80)  thetaP=0.706(*1.00)  <rel.err>=54%  [181s]
    Adam   600/3000  L=9.28e-04  Ld=2.86e-04  Lp=6.32e-04  Lic=4.22e-08  λp=1.01  | W=0.986(*0.80)  thetaP=0.708(*1.00)  <rel.err>=53%  [218s]
    Adam   700/3000  L=7.83e-04  Ld=2.49e-04  Lp=5.26e-04  Lic=1.97e-08  λp=1.01  | W=0.986(*0.80)  thetaP=0.709(*1.00)  <rel.err>=53%  [254s]
    Adam   800/3000  L=6.89e-04  Ld=2.20e-04  Lp=4.58e-04  Lic=3.68e-08  λp=1.02  | W=0.986(*0.80)  thetaP=0.710(*1.00)  <rel.err>=52%  [290s]
    Adam   900/3000  L=6.14e-04  Ld=2.01e-04  Lp=4.03e-04  Lic=4.39e-08  λp=1.02  | W=0.986(*0.80)  thetaP=0.710(*1.00)  <rel.err>=52%  [326s]
    Adam  1000/3000  L=8.29e-04  Ld=1.84e-04  Lp=3.80e-04  Lic=1.26e-05  λp=1.03  | W=0.986(*0.80)  thetaP=0.711(*1.00)  <rel.err>=52%  [362s]
    Adam  1100/3000  L=5.66e-04  Ld=1.72e-04  Lp=3.34e-04  Lic=2.49e-06  λp=1.03  | W=0.986(*0.80)  thetaP=0.711(*1.00)  <rel.err>=52%  [399s]
    Adam  1200/3000  L=4.81e-04  Ld=1.61e-04  Lp=3.08e-04  Lic=8.94e-09  λp=1.04  | W=0.985(*0.80)  thetaP=0.711(*1.00)  <rel.err>=51%  [435s]
    Adam  1300/3000  L=4.73e-04  Ld=1.53e-04  Lp=3.08e-04  Lic=9.97e-09  λp=1.04  | W=0.985(*0.80)  thetaP=0.712(*1.00)  <rel.err>=51%  [471s]
    Adam  1400/3000  L=4.32e-04  Ld=1.46e-04  Lp=2.75e-04  Lic=7.65e-09  λp=1.04  | W=0.985(*0.80)  thetaP=0.712(*1.00)  <rel.err>=51%  [507s]
    Adam  1500/3000  L=4.23e-04  Ld=1.40e-04  Lp=2.72e-04  Lic=5.88e-09  λp=1.04  | W=0.985(*0.80)  thetaP=0.712(*1.00)  <rel.err>=51%  [543s]
    Adam  1600/3000  L=4.09e-04  Ld=1.35e-04  Lp=2.62e-04  Lic=6.21e-09  λp=1.05  | W=0.984(*0.80)  thetaP=0.712(*1.00)  <rel.err>=50%  [579s]
    Adam  1700/3000  L=3.86e-04  Ld=1.30e-04  Lp=2.44e-04  Lic=5.68e-09  λp=1.05  | W=0.984(*0.80)  thetaP=0.712(*1.00)  <rel.err>=50%  [616s]
    Adam  1800/3000  L=3.66e-04  Ld=1.27e-04  Lp=2.29e-04  Lic=5.58e-09  λp=1.05  | W=0.984(*0.80)  thetaP=0.713(*1.00)  <rel.err>=50%  [652s]
    Adam  1900/3000  L=3.56e-04  Ld=1.23e-04  Lp=2.23e-04  Lic=4.86e-09  λp=1.05  | W=0.984(*0.80)  thetaP=0.713(*1.00)  <rel.err>=49%  [688s]
    Adam  2000/3000  L=3.38e-04  Ld=1.20e-04  Lp=2.07e-04  Lic=4.23e-09  λp=1.05  | W=0.984(*0.80)  thetaP=0.713(*1.00)  <rel.err>=49%  [724s]
    Adam  2100/3000  L=3.44e-04  Ld=1.18e-04  Lp=2.16e-04  Lic=4.68e-09  λp=1.05  | W=0.983(*0.80)  thetaP=0.713(*1.00)  <rel.err>=49%  [760s]
    Adam  2200/3000  L=3.42e-04  Ld=1.15e-04  Lp=2.17e-04  Lic=4.88e-09  λp=1.05  | W=0.983(*0.80)  thetaP=0.713(*1.00)  <rel.err>=49%  [797s]
    Adam  2300/3000  L=3.13e-04  Ld=1.13e-04  Lp=1.91e-04  Lic=4.18e-09  λp=1.05  | W=0.983(*0.80)  thetaP=0.713(*1.00)  <rel.err>=49%  [833s]
    Adam  2400/3000  L=3.16e-04  Ld=1.12e-04  Lp=1.95e-04  Lic=4.00e-09  λp=1.05  | W=0.983(*0.80)  thetaP=0.713(*1.00)  <rel.err>=48%  [869s]
    Adam  2500/3000  L=3.07e-04  Ld=1.10e-04  Lp=1.87e-04  Lic=4.24e-09  λp=1.05  | W=0.983(*0.80)  thetaP=0.713(*1.00)  <rel.err>=48%  [905s]
    Adam  2600/3000  L=3.12e-04  Ld=1.09e-04  Lp=1.94e-04  Lic=4.08e-09  λp=1.05  | W=0.982(*0.80)  thetaP=0.713(*1.00)  <rel.err>=48%  [941s]
    Adam  2700/3000  L=2.89e-04  Ld=1.08e-04  Lp=1.73e-04  Lic=4.02e-09  λp=1.05  | W=0.982(*0.80)  thetaP=0.713(*1.00)  <rel.err>=48%  [977s]
    Adam  2800/3000  L=2.91e-04  Ld=1.08e-04  Lp=1.76e-04  Lic=4.00e-09  λp=1.05  | W=0.982(*0.80)  thetaP=0.714(*1.00)  <rel.err>=48%  [1014s]
    Adam  2900/3000  L=2.99e-04  Ld=1.07e-04  Lp=1.83e-04  Lic=3.87e-09  λp=1.05  | W=0.982(*0.80)  thetaP=0.714(*1.00)  <rel.err>=48%  [1050s]
    Adam  3000/3000  L=3.02e-04  Ld=1.07e-04  Lp=1.85e-04  Lic=3.79e-09  λp=1.05  | W=0.981(*0.80)  thetaP=0.714(*1.00)  <rel.err>=47%  [1086s]
    L-BFGS (500 steps) ...
    LBFGS   50/500  L=2.74e-04  | W=0.980(*0.80)  thetaP=0.714(*1.00)  <rel.err>=47%  [1125s]
    LBFGS  100/500  L=2.49e-04  | W=0.977(*0.80)  thetaP=0.717(*1.00)  <rel.err>=47%  [1173s]
    LBFGS  150/500  L=2.37e-04  | W=0.976(*0.80)  thetaP=0.719(*1.00)  <rel.err>=47%  [1223s]
    LBFGS  200/500  L=2.30e-04  | W=0.975(*0.80)  thetaP=0.720(*1.00)  <rel.err>=47%  [1270s]
    LBFGS  250/500  L=2.21e-04  | W=0.974(*0.80)  thetaP=0.722(*1.00)  <rel.err>=47%  [1323s]
    LBFGS  300/500  L=2.06e-04  | W=0.972(*0.80)  thetaP=0.724(*1.00)  <rel.err>=47%  [1372s]
    LBFGS  350/500  L=2.03e-04  | W=0.970(*0.80)  thetaP=0.727(*1.00)  <rel.err>=46%  [1425s]
    LBFGS  400/500  L=1.93e-04  | W=0.970(*0.80)  thetaP=0.728(*1.00)  <rel.err>=46%  [1470s]
    LBFGS  450/500  L=1.50e-04  | W=0.969(*0.80)  thetaP=0.731(*1.00)  <rel.err>=46%  [1519s]
    LBFGS  500/500  L=1.55e-04  | W=0.969(*0.80)  thetaP=0.732(*1.00)  <rel.err>=46%  [1568s]
  recovered W=0.969 thetaP=0.732  (1568s)

── Early adenoma ──
  arch 4×256  net params 207,879 × 3 cond  unknowns 36
  conditions ['ctrl', 'noATRA', 'earlyATRA']
  init guess W=1.2 thetaP=0.6 (+50% on the rest)  |  true W=1.0 thetaP=0.75
    Adam     1/3000  L=8.64e+00  Ld=1.12e+00  Lp=7.03e-01  Lic=3.39e-01  λp=1.03  | W=1.194(*1.00)  thetaP=0.599(*0.75)  <rel.err>=48%  [0s]
    Adam   100/3000  L=5.01e-02  Ld=3.22e-02  Lp=1.65e-02  Lic=4.51e-05  λp=1.03  | W=1.003(*1.00)  thetaP=0.671(*0.75)  <rel.err>=53%  [36s]
    Adam   200/3000  L=4.82e-03  Ld=1.75e-03  Lp=2.00e-03  Lic=4.99e-05  λp=1.04  | W=1.007(*1.00)  thetaP=0.673(*0.75)  <rel.err>=53%  [72s]
    Adam   300/3000  L=2.18e-03  Ld=7.73e-04  Lp=1.35e-03  Lic=3.86e-07  λp=1.04  | W=1.008(*1.00)  thetaP=0.673(*0.75)  <rel.err>=52%  [109s]
    Adam   400/3000  L=2.69e-03  Ld=4.45e-04  Lp=1.09e-03  Lic=5.55e-05  λp=1.04  | W=1.008(*1.00)  thetaP=0.673(*0.75)  <rel.err>=50%  [145s]
    Adam   500/3000  L=1.18e-03  Ld=3.09e-04  Lp=8.40e-04  Lic=1.04e-07  λp=1.04  | W=1.008(*1.00)  thetaP=0.673(*0.75)  <rel.err>=49%  [181s]
    Adam   600/3000  L=9.75e-04  Ld=2.39e-04  Lp=7.04e-04  Lic=2.50e-08  λp=1.05  | W=1.008(*1.00)  thetaP=0.672(*0.75)  <rel.err>=48%  [217s]
    Adam   700/3000  L=8.98e-04  Ld=2.14e-04  Lp=5.94e-04  Lic=3.17e-06  λp=1.05  | W=1.008(*1.00)  thetaP=0.672(*0.75)  <rel.err>=47%  [253s]
    Adam   800/3000  L=7.28e-04  Ld=1.84e-04  Lp=5.05e-04  Lic=6.78e-07  λp=1.05  | W=1.008(*1.00)  thetaP=0.672(*0.75)  <rel.err>=46%  [289s]
    Adam   900/3000  L=6.39e-04  Ld=1.60e-04  Lp=4.56e-04  Lic=7.36e-09  λp=1.05  | W=1.008(*1.00)  thetaP=0.671(*0.75)  <rel.err>=45%  [326s]
    Adam  1000/3000  L=5.79e-04  Ld=1.45e-04  Lp=4.13e-04  Lic=7.03e-09  λp=1.05  | W=1.009(*1.00)  thetaP=0.671(*0.75)  <rel.err>=45%  [362s]
    Adam  1100/3000  L=5.17e-04  Ld=1.34e-04  Lp=3.65e-04  Lic=1.57e-08  λp=1.05  | W=1.009(*1.00)  thetaP=0.671(*0.75)  <rel.err>=44%  [398s]
    Adam  1200/3000  L=4.70e-04  Ld=1.25e-04  Lp=3.26e-04  Lic=1.88e-08  λp=1.06  | W=1.009(*1.00)  thetaP=0.670(*0.75)  <rel.err>=44%  [434s]
    Adam  1300/3000  L=4.62e-04  Ld=1.18e-04  Lp=3.24e-04  Lic=6.60e-09  λp=1.06  | W=1.009(*1.00)  thetaP=0.670(*0.75)  <rel.err>=43%  [470s]
    Adam  1400/3000  L=4.04e-04  Ld=1.13e-04  Lp=2.75e-04  Lic=3.88e-09  λp=1.06  | W=1.010(*1.00)  thetaP=0.670(*0.75)  <rel.err>=43%  [507s]
    Adam  1500/3000  L=3.99e-04  Ld=1.08e-04  Lp=2.75e-04  Lic=3.96e-09  λp=1.06  | W=1.010(*1.00)  thetaP=0.670(*0.75)  <rel.err>=43%  [543s]
    Adam  1600/3000  L=3.75e-04  Ld=1.05e-04  Lp=2.54e-04  Lic=3.26e-09  λp=1.06  | W=1.011(*1.00)  thetaP=0.669(*0.75)  <rel.err>=42%  [579s]
    Adam  1700/3000  L=3.54e-04  Ld=1.02e-04  Lp=2.37e-04  Lic=3.24e-09  λp=1.06  | W=1.011(*1.00)  thetaP=0.669(*0.75)  <rel.err>=42%  [615s]
    Adam  1800/3000  L=3.31e-04  Ld=9.96e-05  Lp=2.18e-04  Lic=3.03e-09  λp=1.06  | W=1.011(*1.00)  thetaP=0.669(*0.75)  <rel.err>=42%  [651s]
    Adam  1900/3000  L=3.25e-04  Ld=9.74e-05  Lp=2.14e-04  Lic=2.77e-09  λp=1.06  | W=1.012(*1.00)  thetaP=0.669(*0.75)  <rel.err>=41%  [688s]
    Adam  2000/3000  L=3.05e-04  Ld=9.54e-05  Lp=1.97e-04  Lic=2.56e-09  λp=1.07  | W=1.012(*1.00)  thetaP=0.668(*0.75)  <rel.err>=41%  [724s]
    Adam  2100/3000  L=3.09e-04  Ld=9.40e-05  Lp=2.01e-04  Lic=2.79e-09  λp=1.07  | W=1.012(*1.00)  thetaP=0.668(*0.75)  <rel.err>=41%  [760s]
    Adam  2200/3000  L=3.09e-04  Ld=9.27e-05  Lp=2.04e-04  Lic=3.08e-09  λp=1.06  | W=1.012(*1.00)  thetaP=0.668(*0.75)  <rel.err>=41%  [796s]
    Adam  2300/3000  L=2.79e-04  Ld=9.13e-05  Lp=1.77e-04  Lic=2.68e-09  λp=1.06  | W=1.013(*1.00)  thetaP=0.668(*0.75)  <rel.err>=40%  [832s]
    Adam  2400/3000  L=2.80e-04  Ld=9.03e-05  Lp=1.79e-04  Lic=2.35e-09  λp=1.06  | W=1.013(*1.00)  thetaP=0.667(*0.75)  <rel.err>=40%  [869s]
    Adam  2500/3000  L=2.70e-04  Ld=8.97e-05  Lp=1.71e-04  Lic=2.35e-09  λp=1.06  | W=1.013(*1.00)  thetaP=0.667(*0.75)  <rel.err>=40%  [905s]
    Adam  2600/3000  L=2.76e-04  Ld=8.90e-05  Lp=1.77e-04  Lic=2.46e-09  λp=1.05  | W=1.013(*1.00)  thetaP=0.667(*0.75)  <rel.err>=40%  [941s]
    Adam  2700/3000  L=2.52e-04  Ld=8.84e-05  Lp=1.56e-04  Lic=2.43e-09  λp=1.05  | W=1.013(*1.00)  thetaP=0.667(*0.75)  <rel.err>=40%  [977s]
    Adam  2800/3000  L=2.53e-04  Ld=8.80e-05  Lp=1.58e-04  Lic=2.48e-09  λp=1.04  | W=1.013(*1.00)  thetaP=0.666(*0.75)  <rel.err>=39%  [1013s]
    Adam  2900/3000  L=2.61e-04  Ld=8.76e-05  Lp=1.66e-04  Lic=2.36e-09  λp=1.04  | W=1.013(*1.00)  thetaP=0.666(*0.75)  <rel.err>=39%  [1049s]
    Adam  3000/3000  L=2.63e-04  Ld=8.74e-05  Lp=1.67e-04  Lic=2.28e-09  λp=1.05  | W=1.014(*1.00)  thetaP=0.666(*0.75)  <rel.err>=39%  [1086s]
    L-BFGS (500 steps) ...
    LBFGS   50/500  L=2.48e-04  | W=1.014(*1.00)  thetaP=0.666(*0.75)  <rel.err>=39%  [1132s]
    LBFGS  100/500  L=2.17e-04  | W=1.016(*1.00)  thetaP=0.665(*0.75)  <rel.err>=39%  [1181s]
    LBFGS  150/500  L=2.31e-04  | W=1.019(*1.00)  thetaP=0.664(*0.75)  <rel.err>=38%  [1232s]
    LBFGS  200/500  L=2.18e-04  | W=1.021(*1.00)  thetaP=0.664(*0.75)  <rel.err>=38%  [1281s]
    LBFGS  250/500  L=2.17e-04  | W=1.023(*1.00)  thetaP=0.665(*0.75)  <rel.err>=38%  [1331s]
    LBFGS  300/500  L=2.01e-04  | W=1.027(*1.00)  thetaP=0.665(*0.75)  <rel.err>=37%  [1382s]
    LBFGS  350/500  L=2.02e-04  | W=1.029(*1.00)  thetaP=0.665(*0.75)  <rel.err>=37%  [1427s]
    LBFGS  400/500  L=1.60e-04  | W=1.030(*1.00)  thetaP=0.664(*0.75)  <rel.err>=37%  [1470s]
    LBFGS  450/500  L=1.70e-04  | W=1.032(*1.00)  thetaP=0.664(*0.75)  <rel.err>=37%  [1527s]
    LBFGS  500/500  L=1.67e-04  | W=1.032(*1.00)  thetaP=0.663(*0.75)  <rel.err>=37%  [1572s]
  recovered W=1.032 thetaP=0.663  (1572s)

── Cancer-like ──
  arch 4×256  net params 207,879 × 3 cond  unknowns 36
  conditions ['ctrl', 'noATRA', 'earlyATRA']
  init guess W=1.2 thetaP=0.6 (+50% on the rest)  |  true W=1.5 thetaP=0.5
    Adam     1/3000  L=8.99e+00  Ld=1.48e+00  Lp=7.03e-01  Lic=3.39e-01  λp=1.04  | W=1.194(*1.50)  thetaP=0.599(*0.50)  <rel.err>=48%  [0s]
    Adam   100/3000  L=3.88e-02  Ld=1.87e-02  Lp=1.24e-02  Lic=3.60e-04  λp=1.04  | W=1.052(*1.50)  thetaP=0.668(*0.50)  <rel.err>=55%  [36s]
    Adam   200/3000  L=6.52e-03  Ld=2.42e-03  Lp=2.19e-03  Lic=9.32e-05  λp=1.02  | W=1.059(*1.50)  thetaP=0.668(*0.50)  <rel.err>=55%  [73s]
    Adam   300/3000  L=4.11e-03  Ld=1.14e-03  Lp=1.61e-03  Lic=6.60e-05  λp=1.02  | W=1.059(*1.50)  thetaP=0.667(*0.50)  <rel.err>=54%  [109s]
    Adam   400/3000  L=2.10e-03  Ld=6.82e-04  Lp=1.38e-03  Lic=3.05e-08  λp=1.02  | W=1.059(*1.50)  thetaP=0.666(*0.50)  <rel.err>=53%  [146s]
    Adam   500/3000  L=1.02e-02  Ld=5.33e-04  Lp=1.11e-03  Lic=4.28e-04  λp=1.02  | W=1.059(*1.50)  thetaP=0.665(*0.50)  <rel.err>=51%  [183s]
    Adam   600/3000  L=1.35e-03  Ld=3.99e-04  Lp=9.17e-04  Lic=2.24e-08  λp=1.03  | W=1.059(*1.50)  thetaP=0.663(*0.50)  <rel.err>=50%  [219s]
    Adam   700/3000  L=1.15e-03  Ld=3.24e-04  Lp=7.96e-04  Lic=2.10e-08  λp=1.03  | W=1.059(*1.50)  thetaP=0.662(*0.50)  <rel.err>=49%  [256s]
    Adam   800/3000  L=9.96e-04  Ld=2.85e-04  Lp=6.80e-04  Lic=3.13e-07  λp=1.04  | W=1.059(*1.50)  thetaP=0.661(*0.50)  <rel.err>=48%  [292s]
    Adam   900/3000  L=8.90e-04  Ld=2.52e-04  Lp=6.14e-04  Lic=1.45e-08  λp=1.04  | W=1.059(*1.50)  thetaP=0.660(*0.50)  <rel.err>=46%  [329s]
    Adam  1000/3000  L=8.14e-04  Ld=2.18e-04  Lp=5.73e-04  Lic=1.46e-08  λp=1.04  | W=1.059(*1.50)  thetaP=0.659(*0.50)  <rel.err>=45%  [365s]
    Adam  1100/3000  L=7.22e-04  Ld=1.96e-04  Lp=5.06e-04  Lic=1.67e-08  λp=1.04  | W=1.059(*1.50)  thetaP=0.658(*0.50)  <rel.err>=44%  [401s]
    Adam  1200/3000  L=6.35e-04  Ld=1.77e-04  Lp=4.41e-04  Lic=1.01e-08  λp=1.04  | W=1.059(*1.50)  thetaP=0.657(*0.50)  <rel.err>=44%  [438s]
    Adam  1300/3000  L=6.27e-04  Ld=1.64e-04  Lp=4.45e-04  Lic=8.51e-09  λp=1.04  | W=1.060(*1.50)  thetaP=0.656(*0.50)  <rel.err>=43%  [474s]
    Adam  1400/3000  L=5.35e-04  Ld=1.53e-04  Lp=3.69e-04  Lic=1.00e-08  λp=1.03  | W=1.060(*1.50)  thetaP=0.655(*0.50)  <rel.err>=42%  [511s]
    Adam  1500/3000  L=5.22e-04  Ld=1.43e-04  Lp=3.65e-04  Lic=7.43e-09  λp=1.03  | W=1.060(*1.50)  thetaP=0.655(*0.50)  <rel.err>=42%  [548s]
    Adam  1600/3000  L=4.86e-04  Ld=1.35e-04  Lp=3.36e-04  Lic=5.88e-09  λp=1.04  | W=1.060(*1.50)  thetaP=0.654(*0.50)  <rel.err>=42%  [584s]
    Adam  1700/3000  L=4.47e-04  Ld=1.30e-04  Lp=3.03e-04  Lic=4.73e-09  λp=1.04  | W=1.060(*1.50)  thetaP=0.653(*0.50)  <rel.err>=41%  [620s]
    Adam  1800/3000  L=4.08e-04  Ld=1.25e-04  Lp=2.73e-04  Lic=7.43e-09  λp=1.03  | W=1.060(*1.50)  thetaP=0.653(*0.50)  <rel.err>=41%  [657s]
    Adam  1900/3000  L=3.95e-04  Ld=1.20e-04  Lp=2.66e-04  Lic=4.12e-09  λp=1.03  | W=1.060(*1.50)  thetaP=0.652(*0.50)  <rel.err>=41%  [693s]
    Adam  2000/3000  L=3.70e-04  Ld=1.16e-04  Lp=2.46e-04  Lic=2.44e-09  λp=1.03  | W=1.061(*1.50)  thetaP=0.652(*0.50)  <rel.err>=41%  [730s]
    Adam  2100/3000  L=3.67e-04  Ld=1.13e-04  Lp=2.46e-04  Lic=3.55e-09  λp=1.03  | W=1.061(*1.50)  thetaP=0.651(*0.50)  <rel.err>=41%  [766s]
    Adam  2200/3000  L=3.63e-04  Ld=1.10e-04  Lp=2.48e-04  Lic=4.18e-09  λp=1.02  | W=1.061(*1.50)  thetaP=0.651(*0.50)  <rel.err>=41%  [803s]
    Adam  2300/3000  L=3.24e-04  Ld=1.07e-04  Lp=2.13e-04  Lic=3.74e-09  λp=1.02  | W=1.061(*1.50)  thetaP=0.650(*0.50)  <rel.err>=41%  [839s]
    Adam  2400/3000  L=3.27e-04  Ld=1.05e-04  Lp=2.18e-04  Lic=2.76e-09  λp=1.02  | W=1.061(*1.50)  thetaP=0.650(*0.50)  <rel.err>=41%  [876s]
    Adam  2500/3000  L=3.14e-04  Ld=1.04e-04  Lp=2.06e-04  Lic=2.57e-09  λp=1.02  | W=1.061(*1.50)  thetaP=0.650(*0.50)  <rel.err>=41%  [912s]
    Adam  2600/3000  L=3.20e-04  Ld=1.03e-04  Lp=2.15e-04  Lic=2.90e-09  λp=1.01  | W=1.060(*1.50)  thetaP=0.649(*0.50)  <rel.err>=41%  [948s]
    Adam  2700/3000  L=2.89e-04  Ld=1.02e-04  Lp=1.85e-04  Lic=2.77e-09  λp=1.01  | W=1.060(*1.50)  thetaP=0.649(*0.50)  <rel.err>=41%  [985s]
    Adam  2800/3000  L=2.91e-04  Ld=1.01e-04  Lp=1.91e-04  Lic=2.87e-09  λp=1.00  | W=1.060(*1.50)  thetaP=0.649(*0.50)  <rel.err>=41%  [1021s]
    Adam  2900/3000  L=3.02e-04  Ld=1.01e-04  Lp=2.02e-04  Lic=2.68e-09  λp=1.00  | W=1.060(*1.50)  thetaP=0.649(*0.50)  <rel.err>=41%  [1057s]
    Adam  3000/3000  L=3.04e-04  Ld=1.00e-04  Lp=2.02e-04  Lic=2.66e-09  λp=1.00  | W=1.060(*1.50)  thetaP=0.648(*0.50)  <rel.err>=41%  [1093s]
    L-BFGS (500 steps) ...
    LBFGS   50/500  L=3.06e-04  | W=1.059(*1.50)  thetaP=0.648(*0.50)  <rel.err>=41%  [1123s]
    LBFGS  100/500  L=2.81e-04  | W=1.058(*1.50)  thetaP=0.648(*0.50)  <rel.err>=41%  [1176s]
    LBFGS  150/500  L=2.68e-04  | W=1.058(*1.50)  thetaP=0.646(*0.50)  <rel.err>=40%  [1233s]
    LBFGS  200/500  L=2.56e-04  | W=1.055(*1.50)  thetaP=0.644(*0.50)  <rel.err>=40%  [1292s]
    LBFGS  250/500  L=2.39e-04  | W=1.053(*1.50)  thetaP=0.643(*0.50)  <rel.err>=40%  [1343s]
    LBFGS  300/500  L=2.65e-04  | W=1.051(*1.50)  thetaP=0.642(*0.50)  <rel.err>=40%  [1399s]
    LBFGS  350/500  L=2.19e-04  | W=1.049(*1.50)  thetaP=0.642(*0.50)  <rel.err>=40%  [1447s]
    LBFGS  400/500  L=2.48e-04  | W=1.049(*1.50)  thetaP=0.641(*0.50)  <rel.err>=39%  [1499s]
    LBFGS  450/500  L=2.32e-04  | W=1.049(*1.50)  thetaP=0.641(*0.50)  <rel.err>=39%  [1556s]
    LBFGS  500/500  L=1.86e-04  | W=1.048(*1.50)  thetaP=0.641(*0.50)  <rel.err>=39%  [1611s]
  recovered W=1.048 thetaP=0.641  (1611s)

── Strong APC-mutant ──
  arch 4×256  net params 207,879 × 3 cond  unknowns 36
  conditions ['ctrl', 'noATRA', 'earlyATRA']
  init guess W=1.2 thetaP=0.6 (+50% on the rest)  |  true W=2.0 thetaP=0.25
    Adam     1/3000  L=9.32e+00  Ld=1.80e+00  Lp=7.03e-01  Lic=3.39e-01  λp=1.04  | W=1.194(*2.00)  thetaP=0.599(*0.25)  <rel.err>=52%  [0s]
    Adam   100/3000  L=4.03e-02  Ld=1.91e-02  Lp=1.24e-02  Lic=4.18e-04  λp=1.04  | W=1.110(*2.00)  thetaP=0.666(*0.25)  <rel.err>=61%  [36s]
    Adam   200/3000  L=5.89e-03  Ld=3.04e-03  Lp=2.53e-03  Lic=1.00e-05  λp=1.05  | W=1.132(*2.00)  thetaP=0.666(*0.25)  <rel.err>=62%  [73s]
    Adam   300/3000  L=3.32e-03  Ld=1.47e-03  Lp=1.77e-03  Lic=3.61e-07  λp=1.05  | W=1.132(*2.00)  thetaP=0.665(*0.25)  <rel.err>=61%  [109s]
    Adam   400/3000  L=2.70e-03  Ld=9.86e-04  Lp=1.52e-03  Lic=6.03e-06  λp=1.04  | W=1.132(*2.00)  thetaP=0.664(*0.25)  <rel.err>=60%  [146s]
    Adam   500/3000  L=3.34e-03  Ld=6.89e-04  Lp=1.23e-03  Lic=6.84e-05  λp=1.04  | W=1.132(*2.00)  thetaP=0.663(*0.25)  <rel.err>=58%  [182s]
    Adam   600/3000  L=1.66e-03  Ld=5.23e-04  Lp=1.09e-03  Lic=2.11e-08  λp=1.05  | W=1.132(*2.00)  thetaP=0.662(*0.25)  <rel.err>=57%  [219s]
    Adam   700/3000  L=1.44e-03  Ld=4.42e-04  Lp=9.49e-04  Lic=1.10e-07  λp=1.05  | W=1.132(*2.00)  thetaP=0.660(*0.25)  <rel.err>=56%  [255s]
    Adam   800/3000  L=4.13e-03  Ld=4.13e-04  Lp=8.28e-04  Lic=1.44e-04  λp=1.01  | W=1.131(*2.00)  thetaP=0.659(*0.25)  <rel.err>=55%  [292s]
    Adam   900/3000  L=1.11e-03  Ld=3.37e-04  Lp=7.70e-04  Lic=1.91e-08  λp=1.01  | W=1.131(*2.00)  thetaP=0.658(*0.25)  <rel.err>=54%  [328s]
    Adam  1000/3000  L=1.05e-03  Ld=2.99e-04  Lp=7.39e-04  Lic=1.99e-07  λp=1.01  | W=1.131(*2.00)  thetaP=0.656(*0.25)  <rel.err>=53%  [365s]
    Adam  1100/3000  L=9.44e-04  Ld=2.74e-04  Lp=6.63e-04  Lic=1.40e-08  λp=1.01  | W=1.131(*2.00)  thetaP=0.655(*0.25)  <rel.err>=52%  [401s]
    Adam  1200/3000  L=8.34e-04  Ld=2.47e-04  Lp=5.78e-04  Lic=1.61e-08  λp=1.01  | W=1.131(*2.00)  thetaP=0.654(*0.25)  <rel.err>=52%  [438s]
    Adam  1300/3000  L=8.34e-04  Ld=2.30e-04  Lp=5.95e-04  Lic=1.74e-08  λp=1.01  | W=1.131(*2.00)  thetaP=0.653(*0.25)  <rel.err>=51%  [474s]
    Adam  1400/3000  L=7.12e-04  Ld=2.14e-04  Lp=4.91e-04  Lic=2.70e-08  λp=1.01  | W=1.131(*2.00)  thetaP=0.651(*0.25)  <rel.err>=50%  [510s]
    Adam  1500/3000  L=6.96e-04  Ld=2.00e-04  Lp=4.90e-04  Lic=1.31e-08  λp=1.01  | W=1.131(*2.00)  thetaP=0.650(*0.25)  <rel.err>=50%  [547s]
    Adam  1600/3000  L=6.49e-04  Ld=1.88e-04  Lp=4.50e-04  Lic=8.20e-09  λp=1.02  | W=1.131(*2.00)  thetaP=0.649(*0.25)  <rel.err>=49%  [583s]
    Adam  1700/3000  L=5.95e-04  Ld=1.80e-04  Lp=4.05e-04  Lic=5.94e-09  λp=1.02  | W=1.131(*2.00)  thetaP=0.648(*0.25)  <rel.err>=49%  [620s]
    Adam  1800/3000  L=5.40e-04  Ld=1.72e-04  Lp=3.61e-04  Lic=1.23e-08  λp=1.02  | W=1.131(*2.00)  thetaP=0.647(*0.25)  <rel.err>=49%  [656s]
    Adam  1900/3000  L=5.20e-04  Ld=1.64e-04  Lp=3.49e-04  Lic=6.41e-09  λp=1.02  | W=1.131(*2.00)  thetaP=0.647(*0.25)  <rel.err>=49%  [693s]
    Adam  2000/3000  L=4.98e-04  Ld=1.57e-04  Lp=3.33e-04  Lic=3.30e-09  λp=1.02  | W=1.131(*2.00)  thetaP=0.646(*0.25)  <rel.err>=48%  [729s]
    Adam  2100/3000  L=4.86e-04  Ld=1.52e-04  Lp=3.26e-04  Lic=5.49e-09  λp=1.02  | W=1.131(*2.00)  thetaP=0.645(*0.25)  <rel.err>=48%  [766s]
    Adam  2200/3000  L=4.85e-04  Ld=1.48e-04  Lp=3.33e-04  Lic=5.75e-09  λp=1.01  | W=1.130(*2.00)  thetaP=0.644(*0.25)  <rel.err>=48%  [802s]
    Adam  2300/3000  L=4.33e-04  Ld=1.43e-04  Lp=2.86e-04  Lic=5.78e-09  λp=1.01  | W=1.130(*2.00)  thetaP=0.644(*0.25)  <rel.err>=48%  [839s]
    Adam  2400/3000  L=4.38e-04  Ld=1.40e-04  Lp=2.93e-04  Lic=3.56e-09  λp=1.02  | W=1.130(*2.00)  thetaP=0.643(*0.25)  <rel.err>=48%  [875s]
    Adam  2500/3000  L=4.21e-04  Ld=1.38e-04  Lp=2.78e-04  Lic=3.63e-09  λp=1.02  | W=1.130(*2.00)  thetaP=0.642(*0.25)  <rel.err>=48%  [912s]
    Adam  2600/3000  L=4.30e-04  Ld=1.36e-04  Lp=2.90e-04  Lic=4.26e-09  λp=1.02  | W=1.130(*2.00)  thetaP=0.642(*0.25)  <rel.err>=48%  [948s]
    Adam  2700/3000  L=3.85e-04  Ld=1.34e-04  Lp=2.47e-04  Lic=3.76e-09  λp=1.02  | W=1.130(*2.00)  thetaP=0.641(*0.25)  <rel.err>=48%  [984s]
    Adam  2800/3000  L=3.92e-04  Ld=1.33e-04  Lp=2.58e-04  Lic=4.13e-09  λp=1.00  | W=1.130(*2.00)  thetaP=0.641(*0.25)  <rel.err>=48%  [1020s]
    Adam  2900/3000  L=4.06e-04  Ld=1.32e-04  Lp=2.73e-04  Lic=3.91e-09  λp=1.00  | W=1.129(*2.00)  thetaP=0.640(*0.25)  <rel.err>=48%  [1056s]
    Adam  3000/3000  L=4.13e-04  Ld=1.32e-04  Lp=2.74e-04  Lic=3.94e-09  λp=1.03  | W=1.129(*2.00)  thetaP=0.640(*0.25)  <rel.err>=48%  [1093s]
    L-BFGS (500 steps) ...
    LBFGS   50/500  L=4.03e-04  | W=1.129(*2.00)  thetaP=0.640(*0.25)  <rel.err>=48%  [1108s]
    LBFGS  100/500  L=4.25e-04  | W=1.128(*2.00)  thetaP=0.639(*0.25)  <rel.err>=48%  [1144s]
    LBFGS  150/500  L=3.84e-04  | W=1.124(*2.00)  thetaP=0.637(*0.25)  <rel.err>=48%  [1194s]
    LBFGS  200/500  L=4.05e-04  | W=1.122(*2.00)  thetaP=0.635(*0.25)  <rel.err>=48%  [1242s]
    LBFGS  250/500  L=3.81e-04  | W=1.118(*2.00)  thetaP=0.632(*0.25)  <rel.err>=48%  [1288s]
    LBFGS  300/500  L=3.51e-04  | W=1.114(*2.00)  thetaP=0.629(*0.25)  <rel.err>=48%  [1336s]
    LBFGS  350/500  L=3.18e-04  | W=1.110(*2.00)  thetaP=0.627(*0.25)  <rel.err>=47%  [1386s]
    LBFGS  400/500  L=2.90e-04  | W=1.109(*2.00)  thetaP=0.626(*0.25)  <rel.err>=47%  [1429s]
    LBFGS  450/500  L=3.03e-04  | W=1.108(*2.00)  thetaP=0.626(*0.25)  <rel.err>=47%  [1476s]
    LBFGS  500/500  L=2.39e-04  | W=1.104(*2.00)  thetaP=0.624(*0.25)  <rel.err>=47%  [1524s]
  recovered W=1.104 thetaP=0.624  (1524s)

[3/3] Plotting + diagnostics ...

======================================================================
Recovered parameters (inverse PINN) — rel. error %, by regime
(sorted best -> worst; worst = least-identifiable)
======================================================================
param         Normal  Early ad  Cancer-l  Strong A     mean
-----------------------------------------------------------
lambdaC         0.5%      0.1%      0.4%      0.3%     0.3%
kappaBC         0.5%      1.3%      1.3%     12.0%     3.8%
etaBC           4.7%      4.6%      4.3%      6.0%     4.9%
etaR            3.0%      4.0%      8.3%     12.5%     7.0%
etaM            6.7%      3.7%      8.0%     13.4%     8.0%
etaBM           0.8%     11.4%     12.0%     10.4%     8.6%
etaM13         11.4%     24.2%      1.4%      7.3%    11.1%
lambdaP        14.1%      0.9%     13.8%     15.5%    11.1%
etaRC          11.9%     14.3%     15.7%     17.8%    14.9%
kappaBM        23.8%      7.5%     12.4%     16.7%    15.1%
kappa13         8.4%      7.3%     24.8%     27.2%    16.9%
etaB13         19.6%     22.9%     15.6%     10.8%    17.2%
kappaM         16.1%     16.1%     20.9%     20.3%    18.3%
kappaM13       18.4%     35.0%     18.4%      2.6%    18.6%
eps13          28.8%     25.6%     16.6%     13.5%    21.1%
W              21.2%      3.2%     30.2%     44.8%    24.8%
deltaP1        18.6%     15.3%     27.9%     40.3%    25.5%
lambda5        42.0%     31.8%     25.0%     17.4%    29.1%
aC             35.2%     33.1%     27.3%     25.3%    30.2%
rho13          52.7%      0.9%     36.3%     53.2%    35.8%
kappaB13       71.7%     45.2%     12.4%     17.3%    36.7%
eta13           7.8%      4.2%     55.1%    113.9%    45.2%
epsC           90.2%     40.4%     24.3%     28.1%    45.8%
epsM           63.1%     49.6%     43.7%     48.9%    51.3%
thetaP         26.8%     11.6%     28.2%    149.7%    54.1%
rhoB           51.7%      2.6%     55.0%    109.1%    54.6%
a13            49.7%     63.4%     58.4%     63.8%    58.8%
kappaR         56.6%     60.7%     61.3%     59.6%    59.6%
kappaRC        53.9%     59.2%     68.7%     71.6%    63.3%
rho5           39.9%     79.0%     77.2%     62.6%    64.7%
aM             78.6%     84.9%     67.9%     63.1%    73.6%
kappa5         57.2%     72.0%     84.6%     97.5%    77.9%
epsP          158.6%     73.1%     78.4%     83.4%    98.4%
a5            137.0%    127.1%    122.9%    125.2%   128.1%
eps5          137.7%    129.0%    132.5%    131.3%   132.6%
epsR          222.1%    157.6%    121.6%    112.0%   153.3%
-----------------------------------------------------------
3/36 parameters recovered within 5% (mean over regimes)

======================================================================
Practical identifiability — relative RHS sensitivity per parameter
(aggregated over time, 7 equations, and all conditions; higher = easier)
(sorted most -> least identifiable)
======================================================================
param        rel.sensitivity
----------------------------
etaBM                22.2670
etaBC                18.5558
W                    15.7522
lambdaC              12.7647
etaB13                9.4016
etaR                  8.9786
eta13                 7.9314
thetaP                7.9049
kappaBM               7.5912
etaRC                 7.0420
etaM                  6.7242
kappaBC               6.3260
etaM13                5.7798
kappaR                5.3565
kappaRC               4.4812
lambdaP               4.0053
lambda5               4.0037
aM                    3.6917
kappaB13              3.2052
a13                   2.2150
kappa13               2.1565
kappaM                1.9671
rho13                 1.9157
deltaP1               1.7029
kappaM13              1.6281
a5                    1.5382
rho5                  1.2988
rhoB                  1.2769
kappa5                1.2450
aC                    1.2306
epsC                  0.2080
epsR                  0.1655
epsP                  0.1302
eps13                 0.1150
eps5                  0.1061
epsM                  0.1025
