============================================================
Forward PINN - 7-ODE Reduced WNT-RA-HOX Model
Device : cuda
GPU    : NVIDIA RTX PRO 6000 Blackwell Server Edition
VRAM   : 102.0 GB
Threads: 48
============================================================

[1/3] Reference solutions (scipy Radau) ...
  Normal                t=[0, 150]  shape=(5000, 7)
  Early adenoma         t=[0, 150]  shape=(5000, 7)
  Cancer-like           t=[0, 150]  shape=(5000, 7)
  Strong APC-mutant     t=[0, 150]  shape=(5000, 7)

[2/3] Training PINNs ...

── Normal ──
  arch 4×256  params 207,879
    Adam     1/1000  L=9.28e-01  Ld=8.29e-01  Lp=1.16e+00  lr=1.0e-03  [1s]
    Adam   250/1000  L=1.73e-03  Ld=1.85e-03  Lp=1.43e-03  lr=8.5e-04  [261s]
    Adam   500/1000  L=2.57e-04  Ld=2.36e-04  Lp=3.05e-04  lr=5.0e-04  [521s]
    Adam   750/1000  L=2.07e-04  Ld=1.88e-04  Lp=2.52e-04  lr=1.5e-04  [781s]
    Adam  1000/1000  L=2.00e-04  Ld=1.81e-04  Lp=2.44e-04  lr=1.0e-06  [1041s]
    L-BFGS (500 steps, 10000 colloc) ...
    LBFGS  100/500  L=1.28e-04  [1286s]
