============================================================
Inverse PINN - recover 36 params for the 7-ODE WNT-RA-HOX model
Device : cuda
GPU    : NVIDIA RTX PRO 6000 Blackwell Server Edition
VRAM   : 102.0 GB
Threads: 48
============================================================

[1/3] Reference / ground-truth trajectories (scipy Radau) ...
  Normal                t=[0, 150]  shape=(5000, 7)
  Early adenoma         t=[0, 150]  shape=(5000, 7)
  Cancer-like           t=[0, 150]  shape=(5000, 7)
  Strong APC-mutant     t=[0, 150]  shape=(5000, 7)

[2/3] Inverse training (joint state net + unknown params) ...

── Normal ──
  arch 4×256  net params 207,879  unknowns ['W', 'thetaP', 'eta13', 'kappa13', 'lambdaP', 'lambda5', 'kappa5', 'epsP', 'rho5', 'rhoB', 'rho13', 'deltaP1', 'eps5', 'a5', 'etaR', 'kappaR', 'etaM', 'kappaM', 'eps13', 'a13', 'etaB13', 'kappaB13', 'etaM13', 'kappaM13', 'epsM', 'aM', 'etaBM', 'kappaBM', 'epsR', 'lambdaC', 'epsC', 'aC', 'etaRC', 'kappaRC', 'etaBC', 'kappaBC']
  init guess {'W': 1.2, 'thetaP': 0.6, 'eta13': 1.125, 'kappa13': 0.8250000000000002, 'lambdaP': 2.4000000000000004, 'lambda5': 1.9500000000000002, 'kappa5': 0.75, 'epsP': 1.5000000000000002, 'rho5': 1.6500000000000001, 'rhoB': 1.6500000000000001, 'rho13': 1.9500000000000002, 'deltaP1': 5.25, 'eps5': 1.7999999999999998, 'a5': 0.22499999999999998, 'etaR': 3.75, 'kappaR': 0.6000000000000001, 'etaM': 3.75, 'kappaM': 0.75, 'eps13': 1.5000000000000002, 'a13': 0.2700000000000001, 'etaB13': 1.425, 'kappaB13': 0.75, 'etaM13': 0.8250000000000002, 'kappaM13': 0.75, 'epsM': 0.8999999999999999, 'aM': 0.2700000000000001, 'etaBM': 2.0250000000000004, 'kappaBM': 0.75, 'epsR': 0.6000000000000001, 'lambdaC': 1.275, 'epsC': 1.2000000000000002, 'aC': 0.11999999999999998, 'etaRC': 2.25, 'kappaRC': 0.75, 'etaBC': 2.25, 'kappaBC': 0.75}  |  true {'W': 0.8, 'thetaP': 1.0, 'eta13': 0.75, 'kappa13': 0.55, 'lambdaP': 1.6, 'lambda5': 1.3, 'kappa5': 0.5, 'epsP': 1.0, 'rho5': 1.1, 'rhoB': 1.1, 'rho13': 1.3, 'deltaP1': 3.5, 'eps5': 1.2, 'a5': 0.15, 'etaR': 2.5, 'kappaR': 0.4, 'etaM': 2.5, 'kappaM': 0.5, 'eps13': 1.0, 'a13': 0.18, 'etaB13': 0.95, 'kappaB13': 0.5, 'etaM13': 0.55, 'kappaM13': 0.5, 'epsM': 0.6, 'aM': 0.18, 'etaBM': 1.35, 'kappaBM': 0.5, 'epsR': 0.4, 'lambdaC': 0.85, 'epsC': 0.8, 'aC': 0.08, 'etaRC': 1.5, 'kappaRC': 0.5, 'etaBC': 1.5, 'kappaBC': 0.5}
    Adam     1/2000  L=8.33e+00  Ld=8.38e-01  Lp=6.99e-01  Lic=3.40e-01  | W=1.197(*0.80)  thetaP=0.601(*1.00)  <|rel err|>=50% over 36p  [1s]
    Adam   100/2000  L=1.37e-01  Ld=1.01e-01  Lp=3.58e-02  Lic=3.87e-05  | W=1.023(*0.80)  thetaP=0.700(*1.00)  <|rel err|>=52% over 36p  [22s]
    Adam   200/2000  L=1.20e-02  Ld=4.88e-03  Lp=5.58e-03  Lic=7.82e-05  | W=1.030(*0.80)  thetaP=0.719(*1.00)  <|rel err|>=51% over 36p  [43s]
    Adam   300/2000  L=6.05e-03  Ld=2.61e-03  Lp=3.36e-03  Lic=4.02e-06  | W=1.032(*0.80)  thetaP=0.735(*1.00)  <|rel err|>=50% over 36p  [64s]
    Adam   400/2000  L=3.76e-03  Ld=1.50e-03  Lp=2.26e-03  Lic=4.52e-08  | W=1.034(*0.80)  thetaP=0.749(*1.00)  <|rel err|>=50% over 36p  [85s]
    Adam   500/2000  L=2.47e-03  Ld=8.62e-04  Lp=1.55e-03  Lic=2.68e-06  | W=1.036(*0.80)  thetaP=0.760(*1.00)  <|rel err|>=50% over 36p  [106s]
    Adam   600/2000  L=1.61e-03  Ld=5.07e-04  Lp=1.11e-03  Lic=2.08e-08  | W=1.037(*0.80)  thetaP=0.767(*1.00)  <|rel err|>=49% over 36p  [127s]
    Adam   700/2000  L=1.26e-03  Ld=3.34e-04  Lp=9.23e-04  Lic=1.60e-08  | W=1.039(*0.80)  thetaP=0.773(*1.00)  <|rel err|>=49% over 36p  [148s]
    Adam   800/2000  L=1.01e-03  Ld=2.50e-04  Lp=7.62e-04  Lic=2.89e-08  | W=1.039(*0.80)  thetaP=0.777(*1.00)  <|rel err|>=49% over 36p  [169s]
    Adam   900/2000  L=8.61e-04  Ld=2.09e-04  Lp=6.52e-04  Lic=1.03e-08  | W=1.040(*0.80)  thetaP=0.779(*1.00)  <|rel err|>=49% over 36p  [190s]
    Adam  1000/2000  L=7.79e-04  Ld=1.86e-04  Lp=5.92e-04  Lic=1.19e-08  | W=1.040(*0.80)  thetaP=0.780(*1.00)  <|rel err|>=49% over 36p  [211s]
    Adam  1100/2000  L=7.13e-04  Ld=1.74e-04  Lp=5.39e-04  Lic=1.42e-08  | W=1.040(*0.80)  thetaP=0.781(*1.00)  <|rel err|>=49% over 36p  [233s]
    Adam  1200/2000  L=6.65e-04  Ld=1.66e-04  Lp=4.99e-04  Lic=1.61e-08  | W=1.040(*0.80)  thetaP=0.782(*1.00)  <|rel err|>=49% over 36p  [254s]
    Adam  1300/2000  L=6.54e-04  Ld=1.60e-04  Lp=4.93e-04  Lic=1.32e-08  | W=1.040(*0.80)  thetaP=0.782(*1.00)  <|rel err|>=49% over 36p  [275s]
    Adam  1400/2000  L=6.27e-04  Ld=1.57e-04  Lp=4.70e-04  Lic=1.30e-08  | W=1.040(*0.80)  thetaP=0.782(*1.00)  <|rel err|>=49% over 36p  [296s]
    Adam  1500/2000  L=6.01e-04  Ld=1.54e-04  Lp=4.47e-04  Lic=1.26e-08  | W=1.040(*0.80)  thetaP=0.782(*1.00)  <|rel err|>=49% over 36p  [317s]
    Adam  1600/2000  L=6.12e-04  Ld=1.52e-04  Lp=4.60e-04  Lic=1.33e-08  | W=1.040(*0.80)  thetaP=0.782(*1.00)  <|rel err|>=49% over 36p  [338s]
    Adam  1700/2000  L=6.00e-04  Ld=1.51e-04  Lp=4.49e-04  Lic=1.17e-08  | W=1.040(*0.80)  thetaP=0.782(*1.00)  <|rel err|>=49% over 36p  [359s]
    Adam  1800/2000  L=6.07e-04  Ld=1.51e-04  Lp=4.56e-04  Lic=1.24e-08  | W=1.040(*0.80)  thetaP=0.782(*1.00)  <|rel err|>=49% over 36p  [380s]
    Adam  1900/2000  L=5.73e-04  Ld=1.51e-04  Lp=4.22e-04  Lic=1.21e-08  | W=1.040(*0.80)  thetaP=0.782(*1.00)  <|rel err|>=49% over 36p  [401s]
    Adam  2000/2000  L=5.81e-04  Ld=1.51e-04  Lp=4.31e-04  Lic=1.23e-08  | W=1.040(*0.80)  thetaP=0.782(*1.00)  <|rel err|>=49% over 36p  [422s]
    L-BFGS (400 steps, 4000 colloc) ...
/home/29/aidahxr/PINN-Research/PINN-inverse-solve/training.py:159: UserWarning: Converting a tensor with requires_grad=True to a scalar may lead to unexpected behavior.
Consider using tensor.detach() first. (Triggered internally at /pytorch/torch/csrc/autograd/generated/python_variable_methods.cpp:838.)
  f"L={float(loss):.2e}  | {est}  [{dt:.0f}s]")
    LBFGS   50/400  L=5.70e-04  | W=1.040(*0.80)  thetaP=0.783(*1.00)  <|rel err|>=49% over 36p  [441s]
    LBFGS  100/400  L=5.09e-04  | W=1.039(*0.80)  thetaP=0.785(*1.00)  <|rel err|>=49% over 36p  [463s]
    LBFGS  150/400  L=5.35e-04  | W=1.044(*0.80)  thetaP=0.790(*1.00)  <|rel err|>=49% over 36p  [485s]
    LBFGS  200/400  L=4.09e-04  | W=1.044(*0.80)  thetaP=0.792(*1.00)  <|rel err|>=50% over 36p  [509s]
    LBFGS  250/400  L=4.46e-04  | W=1.042(*0.80)  thetaP=0.792(*1.00)  <|rel err|>=50% over 36p  [532s]
    LBFGS  300/400  L=4.73e-04  | W=1.041(*0.80)  thetaP=0.792(*1.00)  <|rel err|>=50% over 36p  [555s]
    LBFGS  350/400  L=4.07e-04  | W=1.040(*0.80)  thetaP=0.792(*1.00)  <|rel err|>=50% over 36p  [577s]
    LBFGS  400/400  L=3.99e-04  | W=1.040(*0.80)  thetaP=0.793(*1.00)  <|rel err|>=50% over 36p  [600s]
  recovered {'W': 1.039728510462971, 'thetaP': 0.7927029496860585, 'eta13': 0.771536696864027, 'kappa13': 0.6784574151090725, 'lambdaP': 2.4323418145346722, 'lambda5': 1.6013964143942392, 'kappa5': 0.9270186925213559, 'epsP': 2.008605716087259, 'rho5': 2.303092756046871, 'rhoB': 0.6830404022374326, 'rho13': 0.7429089162171902, 'deltaP1': 4.389006410038025, 'eps5': 2.2914316208749774, 'a5': 0.3438933168384487, 'etaR': 3.2467225770957895, 'kappaR': 0.5659205449260308, 'etaM': 3.6187773065489965, 'kappaM': 0.5844930647414568, 'eps13': 1.8212107213187199, 'a13': 0.24836228294238044, 'etaB13': 0.9486041284512263, 'kappaB13': 0.9262775380748394, 'etaM13': 0.7643621365126982, 'kappaM13': 0.42216335921536274, 'epsM': 1.119336012818634, 'aM': 0.3095628595283929, 'etaBM': 1.3516492496000982, 'kappaBM': 0.6123354113784616, 'epsR': 0.8621794561439389, 'lambdaC': 0.8609595872037417, 'epsC': 1.6799286420077468, 'aC': 0.0896414155144747, 'etaRC': 2.127418652396962, 'kappaRC': 0.8632402281941413, 'etaBC': 2.0815203703729077, 'kappaBC': 0.7263572681075848}  |  true {'W': 0.8, 'thetaP': 1.0, 'eta13': 0.75, 'kappa13': 0.55, 'lambdaP': 1.6, 'lambda5': 1.3, 'kappa5': 0.5, 'epsP': 1.0, 'rho5': 1.1, 'rhoB': 1.1, 'rho13': 1.3, 'deltaP1': 3.5, 'eps5': 1.2, 'a5': 0.15, 'etaR': 2.5, 'kappaR': 0.4, 'etaM': 2.5, 'kappaM': 0.5, 'eps13': 1.0, 'a13': 0.18, 'etaB13': 0.95, 'kappaB13': 0.5, 'etaM13': 0.55, 'kappaM13': 0.5, 'epsM': 0.6, 'aM': 0.18, 'etaBM': 1.35, 'kappaBM': 0.5, 'epsR': 0.4, 'lambdaC': 0.85, 'epsC': 0.8, 'aC': 0.08, 'etaRC': 1.5, 'kappaRC': 0.5, 'etaBC': 1.5, 'kappaBC': 0.5}  (600s)

── Early adenoma ──
  arch 4×256  net params 207,879  unknowns ['W', 'thetaP', 'eta13', 'kappa13', 'lambdaP', 'lambda5', 'kappa5', 'epsP', 'rho5', 'rhoB', 'rho13', 'deltaP1', 'eps5', 'a5', 'etaR', 'kappaR', 'etaM', 'kappaM', 'eps13', 'a13', 'etaB13', 'kappaB13', 'etaM13', 'kappaM13', 'epsM', 'aM', 'etaBM', 'kappaBM', 'epsR', 'lambdaC', 'epsC', 'aC', 'etaRC', 'kappaRC', 'etaBC', 'kappaBC']
  init guess {'W': 1.2, 'thetaP': 0.6, 'eta13': 1.125, 'kappa13': 0.8250000000000002, 'lambdaP': 2.4000000000000004, 'lambda5': 1.9500000000000002, 'kappa5': 0.75, 'epsP': 1.5000000000000002, 'rho5': 1.6500000000000001, 'rhoB': 1.6500000000000001, 'rho13': 1.9500000000000002, 'deltaP1': 5.25, 'eps5': 1.7999999999999998, 'a5': 0.22499999999999998, 'etaR': 3.75, 'kappaR': 0.6000000000000001, 'etaM': 3.75, 'kappaM': 0.75, 'eps13': 1.5000000000000002, 'a13': 0.2700000000000001, 'etaB13': 1.425, 'kappaB13': 0.75, 'etaM13': 0.8250000000000002, 'kappaM13': 0.75, 'epsM': 0.8999999999999999, 'aM': 0.2700000000000001, 'etaBM': 2.0250000000000004, 'kappaBM': 0.75, 'epsR': 0.6000000000000001, 'lambdaC': 1.275, 'epsC': 1.2000000000000002, 'aC': 0.11999999999999998, 'etaRC': 2.25, 'kappaRC': 0.75, 'etaBC': 2.25, 'kappaBC': 0.75}  |  true {'W': 1.0, 'thetaP': 0.75, 'eta13': 0.75, 'kappa13': 0.55, 'lambdaP': 1.6, 'lambda5': 1.3, 'kappa5': 0.5, 'epsP': 1.0, 'rho5': 1.1, 'rhoB': 1.1, 'rho13': 1.3, 'deltaP1': 3.5, 'eps5': 1.2, 'a5': 0.15, 'etaR': 2.5, 'kappaR': 0.4, 'etaM': 2.5, 'kappaM': 0.5, 'eps13': 1.0, 'a13': 0.18, 'etaB13': 0.95, 'kappaB13': 0.5, 'etaM13': 0.55, 'kappaM13': 0.5, 'epsM': 0.6, 'aM': 0.18, 'etaBM': 1.35, 'kappaBM': 0.5, 'epsR': 0.4, 'lambdaC': 0.85, 'epsC': 0.8, 'aC': 0.08, 'etaRC': 1.5, 'kappaRC': 0.5, 'etaBC': 1.5, 'kappaBC': 0.5}
    Adam     1/2000  L=8.65e+00  Ld=1.15e+00  Lp=6.99e-01  Lic=3.40e-01  | W=1.197(*1.00)  thetaP=0.601(*0.75)  <|rel err|>=48% over 36p  [0s]
    Adam   100/2000  L=7.33e-02  Ld=3.77e-02  Lp=3.34e-02  Lic=1.09e-04  | W=1.034(*1.00)  thetaP=0.694(*0.75)  <|rel err|>=51% over 36p  [21s]
    Adam   200/2000  L=6.57e-03  Ld=2.90e-03  Lp=3.67e-03  Lic=3.68e-07  | W=1.047(*1.00)  thetaP=0.700(*0.75)  <|rel err|>=50% over 36p  [42s]
    Adam   300/2000  L=3.52e-03  Ld=1.27e-03  Lp=2.25e-03  Lic=1.97e-07  | W=1.052(*1.00)  thetaP=0.704(*0.75)  <|rel err|>=49% over 36p  [63s]
    Adam   400/2000  L=2.48e-03  Ld=7.34e-04  Lp=1.64e-03  Lic=5.36e-06  | W=1.054(*1.00)  thetaP=0.707(*0.75)  <|rel err|>=48% over 36p  [84s]
    Adam   500/2000  L=1.75e-03  Ld=4.68e-04  Lp=1.28e-03  Lic=1.96e-08  | W=1.055(*1.00)  thetaP=0.710(*0.75)  <|rel err|>=47% over 36p  [105s]
    Adam   600/2000  L=1.33e-03  Ld=3.41e-04  Lp=9.93e-04  Lic=1.95e-08  | W=1.055(*1.00)  thetaP=0.713(*0.75)  <|rel err|>=46% over 36p  [127s]
    Adam   700/2000  L=1.18e-03  Ld=2.79e-04  Lp=8.99e-04  Lic=1.31e-08  | W=1.055(*1.00)  thetaP=0.715(*0.75)  <|rel err|>=45% over 36p  [148s]
    Adam   800/2000  L=1.01e-03  Ld=2.47e-04  Lp=7.61e-04  Lic=1.81e-08  | W=1.054(*1.00)  thetaP=0.717(*0.75)  <|rel err|>=45% over 36p  [169s]
    Adam   900/2000  L=8.78e-04  Ld=2.27e-04  Lp=6.51e-04  Lic=7.15e-09  | W=1.054(*1.00)  thetaP=0.718(*0.75)  <|rel err|>=44% over 36p  [190s]
    Adam  1000/2000  L=8.07e-04  Ld=2.13e-04  Lp=5.94e-04  Lic=8.64e-09  | W=1.054(*1.00)  thetaP=0.719(*0.75)  <|rel err|>=44% over 36p  [211s]
    Adam  1100/2000  L=7.38e-04  Ld=2.02e-04  Lp=5.35e-04  Lic=9.71e-09  | W=1.054(*1.00)  thetaP=0.720(*0.75)  <|rel err|>=43% over 36p  [232s]
    Adam  1200/2000  L=6.81e-04  Ld=1.94e-04  Lp=4.87e-04  Lic=9.73e-09  | W=1.054(*1.00)  thetaP=0.721(*0.75)  <|rel err|>=43% over 36p  [253s]
    Adam  1300/2000  L=6.66e-04  Ld=1.88e-04  Lp=4.78e-04  Lic=8.03e-09  | W=1.054(*1.00)  thetaP=0.721(*0.75)  <|rel err|>=43% over 36p  [274s]
    Adam  1400/2000  L=6.36e-04  Ld=1.84e-04  Lp=4.53e-04  Lic=9.25e-09  | W=1.054(*1.00)  thetaP=0.722(*0.75)  <|rel err|>=43% over 36p  [295s]
    Adam  1500/2000  L=6.11e-04  Ld=1.80e-04  Lp=4.31e-04  Lic=7.87e-09  | W=1.054(*1.00)  thetaP=0.722(*0.75)  <|rel err|>=43% over 36p  [316s]
    Adam  1600/2000  L=6.18e-04  Ld=1.78e-04  Lp=4.40e-04  Lic=8.52e-09  | W=1.054(*1.00)  thetaP=0.722(*0.75)  <|rel err|>=42% over 36p  [338s]
    Adam  1700/2000  L=6.03e-04  Ld=1.76e-04  Lp=4.26e-04  Lic=8.40e-09  | W=1.054(*1.00)  thetaP=0.722(*0.75)  <|rel err|>=42% over 36p  [359s]
    Adam  1800/2000  L=6.09e-04  Ld=1.76e-04  Lp=4.33e-04  Lic=8.69e-09  | W=1.054(*1.00)  thetaP=0.722(*0.75)  <|rel err|>=42% over 36p  [380s]
    Adam  1900/2000  L=5.79e-04  Ld=1.75e-04  Lp=4.04e-04  Lic=8.25e-09  | W=1.054(*1.00)  thetaP=0.722(*0.75)  <|rel err|>=42% over 36p  [401s]
    Adam  2000/2000  L=5.84e-04  Ld=1.75e-04  Lp=4.09e-04  Lic=8.48e-09  | W=1.054(*1.00)  thetaP=0.722(*0.75)  <|rel err|>=42% over 36p  [422s]
    L-BFGS (400 steps, 4000 colloc) ...
    LBFGS   50/400  L=5.49e-04  | W=1.053(*1.00)  thetaP=0.723(*0.75)  <|rel err|>=42% over 36p  [444s]
    LBFGS  100/400  L=5.31e-04  | W=1.051(*1.00)  thetaP=0.726(*0.75)  <|rel err|>=42% over 36p  [466s]
    LBFGS  150/400  L=4.96e-04  | W=1.055(*1.00)  thetaP=0.730(*0.75)  <|rel err|>=42% over 36p  [493s]
    LBFGS  200/400  L=4.40e-04  | W=1.056(*1.00)  thetaP=0.732(*0.75)  <|rel err|>=42% over 36p  [517s]
    LBFGS  250/400  L=3.70e-04  | W=1.055(*1.00)  thetaP=0.733(*0.75)  <|rel err|>=42% over 36p  [539s]
    LBFGS  300/400  L=3.30e-04  | W=1.054(*1.00)  thetaP=0.732(*0.75)  <|rel err|>=42% over 36p  [563s]
    LBFGS  350/400  L=3.82e-04  | W=1.054(*1.00)  thetaP=0.733(*0.75)  <|rel err|>=42% over 36p  [583s]
    LBFGS  400/400  L=3.63e-04  | W=1.052(*1.00)  thetaP=0.732(*0.75)  <|rel err|>=41% over 36p  [606s]
  recovered {'W': 1.0515695630111628, 'thetaP': 0.731696686410394, 'eta13': 0.8575035373056411, 'kappa13': 0.7335773587037978, 'lambdaP': 2.250148920669543, 'lambda5': 1.471790741341752, 'kappa5': 0.9700920767766151, 'epsP': 1.8908863766856707, 'rho5': 2.0479203230201968, 'rhoB': 1.1448399755282577, 'rho13': 1.420641057273893, 'deltaP1': 4.698249124294408, 'eps5': 2.2237115261448683, 'a5': 0.32875596019976655, 'etaR': 3.346175830621969, 'kappaR': 0.5921469566007769, 'etaM': 3.5860056050540567, 'kappaM': 0.6139841987312061, 'eps13': 1.7360055556626792, 'a13': 0.23905383002005132, 'etaB13': 0.8320061407365635, 'kappaB13': 0.5704110903183623, 'etaM13': 0.6358142333237888, 'kappaM13': 0.4917981994331748, 'epsM': 1.1723027400458763, 'aM': 0.2685251557872804, 'etaBM': 1.3408299457275512, 'kappaBM': 0.594238620397052, 'epsR': 0.8378518540130574, 'lambdaC': 0.8550095514105176, 'epsC': 1.5758348929086294, 'aC': 0.08486492298912848, 'etaRC': 2.1669157174883815, 'kappaRC': 0.8476571586288674, 'etaBC': 1.853781924250835, 'kappaBC': 0.7500099671426393}  |  true {'W': 1.0, 'thetaP': 0.75, 'eta13': 0.75, 'kappa13': 0.55, 'lambdaP': 1.6, 'lambda5': 1.3, 'kappa5': 0.5, 'epsP': 1.0, 'rho5': 1.1, 'rhoB': 1.1, 'rho13': 1.3, 'deltaP1': 3.5, 'eps5': 1.2, 'a5': 0.15, 'etaR': 2.5, 'kappaR': 0.4, 'etaM': 2.5, 'kappaM': 0.5, 'eps13': 1.0, 'a13': 0.18, 'etaB13': 0.95, 'kappaB13': 0.5, 'etaM13': 0.55, 'kappaM13': 0.5, 'epsM': 0.6, 'aM': 0.18, 'etaBM': 1.35, 'kappaBM': 0.5, 'epsR': 0.4, 'lambdaC': 0.85, 'epsC': 0.8, 'aC': 0.08, 'etaRC': 1.5, 'kappaRC': 0.5, 'etaBC': 1.5, 'kappaBC': 0.5}  (606s)

── Cancer-like ──
  arch 4×256  net params 207,879  unknowns ['W', 'thetaP', 'eta13', 'kappa13', 'lambdaP', 'lambda5', 'kappa5', 'epsP', 'rho5', 'rhoB', 'rho13', 'deltaP1', 'eps5', 'a5', 'etaR', 'kappaR', 'etaM', 'kappaM', 'eps13', 'a13', 'etaB13', 'kappaB13', 'etaM13', 'kappaM13', 'epsM', 'aM', 'etaBM', 'kappaBM', 'epsR', 'lambdaC', 'epsC', 'aC', 'etaRC', 'kappaRC', 'etaBC', 'kappaBC']
  init guess {'W': 1.2, 'thetaP': 0.6, 'eta13': 1.125, 'kappa13': 0.8250000000000002, 'lambdaP': 2.4000000000000004, 'lambda5': 1.9500000000000002, 'kappa5': 0.75, 'epsP': 1.5000000000000002, 'rho5': 1.6500000000000001, 'rhoB': 1.6500000000000001, 'rho13': 1.9500000000000002, 'deltaP1': 5.25, 'eps5': 1.7999999999999998, 'a5': 0.22499999999999998, 'etaR': 3.75, 'kappaR': 0.6000000000000001, 'etaM': 3.75, 'kappaM': 0.75, 'eps13': 1.5000000000000002, 'a13': 0.2700000000000001, 'etaB13': 1.425, 'kappaB13': 0.75, 'etaM13': 0.8250000000000002, 'kappaM13': 0.75, 'epsM': 0.8999999999999999, 'aM': 0.2700000000000001, 'etaBM': 2.0250000000000004, 'kappaBM': 0.75, 'epsR': 0.6000000000000001, 'lambdaC': 1.275, 'epsC': 1.2000000000000002, 'aC': 0.11999999999999998, 'etaRC': 2.25, 'kappaRC': 0.75, 'etaBC': 2.25, 'kappaBC': 0.75}  |  true {'W': 1.5, 'thetaP': 0.5, 'eta13': 0.75, 'kappa13': 0.55, 'lambdaP': 1.6, 'lambda5': 1.3, 'kappa5': 0.5, 'epsP': 1.0, 'rho5': 1.1, 'rhoB': 1.1, 'rho13': 1.3, 'deltaP1': 3.5, 'eps5': 1.2, 'a5': 0.15, 'etaR': 2.5, 'kappaR': 0.4, 'etaM': 2.5, 'kappaM': 0.5, 'eps13': 1.0, 'a13': 0.18, 'etaB13': 0.95, 'kappaB13': 0.5, 'etaM13': 0.55, 'kappaM13': 0.5, 'epsM': 0.6, 'aM': 0.18, 'etaBM': 1.35, 'kappaBM': 0.5, 'epsR': 0.4, 'lambdaC': 0.85, 'epsC': 0.8, 'aC': 0.08, 'etaRC': 1.5, 'kappaRC': 0.5, 'etaBC': 1.5, 'kappaBC': 0.5}
    Adam     1/2000  L=9.01e+00  Ld=1.51e+00  Lp=6.99e-01  Lic=3.40e-01  | W=1.197(*1.50)  thetaP=0.601(*0.50)  <|rel err|>=48% over 36p  [0s]
    Adam   100/2000  L=6.79e-02  Ld=3.30e-02  Lp=3.40e-02  Lic=4.42e-05  | W=1.051(*1.50)  thetaP=0.691(*0.50)  <|rel err|>=52% over 36p  [21s]
    Adam   200/2000  L=9.10e-03  Ld=4.30e-03  Lp=4.14e-03  Lic=3.28e-05  | W=1.089(*1.50)  thetaP=0.694(*0.50)  <|rel err|>=53% over 36p  [42s]
    Adam   300/2000  L=4.49e-03  Ld=1.66e-03  Lp=2.13e-03  Lic=3.50e-05  | W=1.109(*1.50)  thetaP=0.695(*0.50)  <|rel err|>=52% over 36p  [63s]
    Adam   400/2000  L=2.33e-03  Ld=8.32e-04  Lp=1.50e-03  Lic=4.09e-08  | W=1.116(*1.50)  thetaP=0.696(*0.50)  <|rel err|>=51% over 36p  [84s]
    Adam   500/2000  L=1.76e-03  Ld=5.31e-04  Lp=1.18e-03  Lic=2.45e-06  | W=1.119(*1.50)  thetaP=0.697(*0.50)  <|rel err|>=50% over 36p  [105s]
    Adam   600/2000  L=1.30e-03  Ld=3.79e-04  Lp=9.25e-04  Lic=2.09e-08  | W=1.119(*1.50)  thetaP=0.698(*0.50)  <|rel err|>=49% over 36p  [127s]
    Adam   700/2000  L=1.19e-03  Ld=3.07e-04  Lp=8.77e-04  Lic=1.63e-08  | W=1.118(*1.50)  thetaP=0.699(*0.50)  <|rel err|>=48% over 36p  [148s]
    Adam   800/2000  L=1.02e-03  Ld=2.71e-04  Lp=7.52e-04  Lic=2.05e-08  | W=1.118(*1.50)  thetaP=0.700(*0.50)  <|rel err|>=48% over 36p  [169s]
    Adam   900/2000  L=9.06e-04  Ld=2.50e-04  Lp=6.57e-04  Lic=8.55e-09  | W=1.117(*1.50)  thetaP=0.701(*0.50)  <|rel err|>=47% over 36p  [190s]
    Adam  1000/2000  L=8.38e-04  Ld=2.36e-04  Lp=6.02e-04  Lic=1.15e-08  | W=1.116(*1.50)  thetaP=0.701(*0.50)  <|rel err|>=47% over 36p  [211s]
    Adam  1100/2000  L=7.76e-04  Ld=2.26e-04  Lp=5.50e-04  Lic=1.05e-08  | W=1.116(*1.50)  thetaP=0.702(*0.50)  <|rel err|>=46% over 36p  [232s]
    Adam  1200/2000  L=7.25e-04  Ld=2.19e-04  Lp=5.07e-04  Lic=1.21e-08  | W=1.115(*1.50)  thetaP=0.702(*0.50)  <|rel err|>=46% over 36p  [253s]
    Adam  1300/2000  L=7.16e-04  Ld=2.13e-04  Lp=5.04e-04  Lic=9.19e-09  | W=1.115(*1.50)  thetaP=0.702(*0.50)  <|rel err|>=46% over 36p  [274s]
    Adam  1400/2000  L=6.87e-04  Ld=2.08e-04  Lp=4.78e-04  Lic=8.86e-09  | W=1.115(*1.50)  thetaP=0.702(*0.50)  <|rel err|>=46% over 36p  [295s]
    Adam  1500/2000  L=6.58e-04  Ld=2.05e-04  Lp=4.53e-04  Lic=9.22e-09  | W=1.114(*1.50)  thetaP=0.703(*0.50)  <|rel err|>=45% over 36p  [316s]
    Adam  1600/2000  L=6.73e-04  Ld=2.03e-04  Lp=4.70e-04  Lic=9.50e-09  | W=1.114(*1.50)  thetaP=0.703(*0.50)  <|rel err|>=45% over 36p  [337s]
    Adam  1700/2000  L=6.59e-04  Ld=2.01e-04  Lp=4.57e-04  Lic=9.50e-09  | W=1.114(*1.50)  thetaP=0.703(*0.50)  <|rel err|>=45% over 36p  [359s]
    Adam  1800/2000  L=6.67e-04  Ld=2.01e-04  Lp=4.66e-04  Lic=9.73e-09  | W=1.114(*1.50)  thetaP=0.703(*0.50)  <|rel err|>=45% over 36p  [380s]
    Adam  1900/2000  L=6.27e-04  Ld=2.00e-04  Lp=4.27e-04  Lic=9.04e-09  | W=1.114(*1.50)  thetaP=0.703(*0.50)  <|rel err|>=45% over 36p  [401s]
    Adam  2000/2000  L=6.37e-04  Ld=2.00e-04  Lp=4.37e-04  Lic=9.46e-09  | W=1.114(*1.50)  thetaP=0.703(*0.50)  <|rel err|>=45% over 36p  [422s]
    L-BFGS (400 steps, 4000 colloc) ...
    LBFGS   50/400  L=6.66e-04  | W=1.113(*1.50)  thetaP=0.703(*0.50)  <|rel err|>=45% over 36p  [440s]
    LBFGS  100/400  L=6.00e-04  | W=1.110(*1.50)  thetaP=0.703(*0.50)  <|rel err|>=45% over 36p  [461s]
    LBFGS  150/400  L=6.50e-04  | W=1.109(*1.50)  thetaP=0.701(*0.50)  <|rel err|>=45% over 36p  [484s]
    LBFGS  200/400  L=5.21e-04  | W=1.107(*1.50)  thetaP=0.698(*0.50)  <|rel err|>=45% over 36p  [512s]
    LBFGS  250/400  L=5.00e-04  | W=1.101(*1.50)  thetaP=0.695(*0.50)  <|rel err|>=45% over 36p  [535s]
    LBFGS  300/400  L=4.72e-04  | W=1.098(*1.50)  thetaP=0.692(*0.50)  <|rel err|>=45% over 36p  [558s]
    LBFGS  350/400  L=4.95e-04  | W=1.096(*1.50)  thetaP=0.689(*0.50)  <|rel err|>=45% over 36p  [578s]
    LBFGS  400/400  L=3.79e-04  | W=1.094(*1.50)  thetaP=0.686(*0.50)  <|rel err|>=45% over 36p  [601s]
  recovered {'W': 1.094134637472682, 'thetaP': 0.6856788091443088, 'eta13': 1.3158735131963801, 'kappa13': 0.5988458412965182, 'lambdaP': 2.0506182328491565, 'lambda5': 1.4906567105131852, 'kappa5': 0.9195344078202516, 'epsP': 1.923826034165302, 'rho5': 1.905090888906177, 'rhoB': 1.4977421226456087, 'rho13': 1.7668463741585232, 'deltaP1': 4.826588743065526, 'eps5': 2.1715485416787588, 'a5': 0.2966490794637892, 'etaR': 3.45627947799543, 'kappaR': 0.6040122197972997, 'etaM': 3.5324705244274623, 'kappaM': 0.6364892533824923, 'eps13': 1.6712227155079602, 'a13': 0.23439702482293986, 'etaB13': 0.9504690045671722, 'kappaB13': 0.5087858676128951, 'etaM13': 0.5599583251340632, 'kappaM13': 0.732237149154792, 'epsM': 1.1741980438644009, 'aM': 0.23433109079869943, 'etaBM': 1.4287774738593142, 'kappaBM': 0.7245531926964457, 'epsR': 0.815483268563184, 'lambdaC': 0.8642648569234008, 'epsC': 1.5273237261143433, 'aC': 0.08173459081596648, 'etaRC': 2.1029056627878453, 'kappaRC': 0.8774784639828913, 'etaBC': 1.7662347226472948, 'kappaBC': 0.8181346697825976}  |  true {'W': 1.5, 'thetaP': 0.5, 'eta13': 0.75, 'kappa13': 0.55, 'lambdaP': 1.6, 'lambda5': 1.3, 'kappa5': 0.5, 'epsP': 1.0, 'rho5': 1.1, 'rhoB': 1.1, 'rho13': 1.3, 'deltaP1': 3.5, 'eps5': 1.2, 'a5': 0.15, 'etaR': 2.5, 'kappaR': 0.4, 'etaM': 2.5, 'kappaM': 0.5, 'eps13': 1.0, 'a13': 0.18, 'etaB13': 0.95, 'kappaB13': 0.5, 'etaM13': 0.55, 'kappaM13': 0.5, 'epsM': 0.6, 'aM': 0.18, 'etaBM': 1.35, 'kappaBM': 0.5, 'epsR': 0.4, 'lambdaC': 0.85, 'epsC': 0.8, 'aC': 0.08, 'etaRC': 1.5, 'kappaRC': 0.5, 'etaBC': 1.5, 'kappaBC': 0.5}  (601s)

── Strong APC-mutant ──
  arch 4×256  net params 207,879  unknowns ['W', 'thetaP', 'eta13', 'kappa13', 'lambdaP', 'lambda5', 'kappa5', 'epsP', 'rho5', 'rhoB', 'rho13', 'deltaP1', 'eps5', 'a5', 'etaR', 'kappaR', 'etaM', 'kappaM', 'eps13', 'a13', 'etaB13', 'kappaB13', 'etaM13', 'kappaM13', 'epsM', 'aM', 'etaBM', 'kappaBM', 'epsR', 'lambdaC', 'epsC', 'aC', 'etaRC', 'kappaRC', 'etaBC', 'kappaBC']
  init guess {'W': 1.2, 'thetaP': 0.6, 'eta13': 1.125, 'kappa13': 0.8250000000000002, 'lambdaP': 2.4000000000000004, 'lambda5': 1.9500000000000002, 'kappa5': 0.75, 'epsP': 1.5000000000000002, 'rho5': 1.6500000000000001, 'rhoB': 1.6500000000000001, 'rho13': 1.9500000000000002, 'deltaP1': 5.25, 'eps5': 1.7999999999999998, 'a5': 0.22499999999999998, 'etaR': 3.75, 'kappaR': 0.6000000000000001, 'etaM': 3.75, 'kappaM': 0.75, 'eps13': 1.5000000000000002, 'a13': 0.2700000000000001, 'etaB13': 1.425, 'kappaB13': 0.75, 'etaM13': 0.8250000000000002, 'kappaM13': 0.75, 'epsM': 0.8999999999999999, 'aM': 0.2700000000000001, 'etaBM': 2.0250000000000004, 'kappaBM': 0.75, 'epsR': 0.6000000000000001, 'lambdaC': 1.275, 'epsC': 1.2000000000000002, 'aC': 0.11999999999999998, 'etaRC': 2.25, 'kappaRC': 0.75, 'etaBC': 2.25, 'kappaBC': 0.75}  |  true {'W': 2.0, 'thetaP': 0.25, 'eta13': 0.75, 'kappa13': 0.55, 'lambdaP': 1.6, 'lambda5': 1.3, 'kappa5': 0.5, 'epsP': 1.0, 'rho5': 1.1, 'rhoB': 1.1, 'rho13': 1.3, 'deltaP1': 3.5, 'eps5': 1.2, 'a5': 0.15, 'etaR': 2.5, 'kappaR': 0.4, 'etaM': 2.5, 'kappaM': 0.5, 'eps13': 1.0, 'a13': 0.18, 'etaB13': 0.95, 'kappaB13': 0.5, 'etaM13': 0.55, 'kappaM13': 0.5, 'epsM': 0.6, 'aM': 0.18, 'etaBM': 1.35, 'kappaBM': 0.5, 'epsR': 0.4, 'lambdaC': 0.85, 'epsC': 0.8, 'aC': 0.08, 'etaRC': 1.5, 'kappaRC': 0.5, 'etaBC': 1.5, 'kappaBC': 0.5}
    Adam     1/2000  L=9.33e+00  Ld=1.84e+00  Lp=6.99e-01  Lic=3.40e-01  | W=1.197(*2.00)  thetaP=0.601(*0.25)  <|rel err|>=52% over 36p  [0s]
    Adam   100/2000  L=7.29e-02  Ld=3.69e-02  Lp=3.50e-02  Lic=5.30e-05  | W=1.069(*2.00)  thetaP=0.689(*0.25)  <|rel err|>=57% over 36p  [21s]
    Adam   200/2000  L=1.49e-02  Ld=6.64e-03  Lp=6.57e-03  Lic=8.51e-05  | W=1.127(*2.00)  thetaP=0.695(*0.25)  <|rel err|>=58% over 36p  [42s]
    Adam   300/2000  L=5.98e-03  Ld=2.96e-03  Lp=3.01e-03  Lic=7.25e-07  | W=1.169(*2.00)  thetaP=0.696(*0.25)  <|rel err|>=58% over 36p  [63s]
    Adam   400/2000  L=3.18e-03  Ld=1.37e-03  Lp=1.81e-03  Lic=6.65e-08  | W=1.193(*2.00)  thetaP=0.696(*0.25)  <|rel err|>=57% over 36p  [84s]
    Adam   500/2000  L=2.11e-03  Ld=7.14e-04  Lp=1.31e-03  Lic=4.58e-06  | W=1.206(*2.00)  thetaP=0.696(*0.25)  <|rel err|>=57% over 36p  [105s]
    Adam   600/2000  L=1.46e-03  Ld=4.65e-04  Lp=9.94e-04  Lic=3.77e-08  | W=1.211(*2.00)  thetaP=0.696(*0.25)  <|rel err|>=56% over 36p  [127s]
    Adam   700/2000  L=1.29e-03  Ld=3.45e-04  Lp=9.42e-04  Lic=2.76e-08  | W=1.213(*2.00)  thetaP=0.697(*0.25)  <|rel err|>=56% over 36p  [148s]
    Adam   800/2000  L=1.09e-03  Ld=2.88e-04  Lp=7.98e-04  Lic=3.76e-08  | W=1.214(*2.00)  thetaP=0.697(*0.25)  <|rel err|>=55% over 36p  [169s]
    Adam   900/2000  L=9.63e-04  Ld=2.59e-04  Lp=7.04e-04  Lic=1.95e-08  | W=1.214(*2.00)  thetaP=0.698(*0.25)  <|rel err|>=55% over 36p  [190s]
    Adam  1000/2000  L=8.81e-04  Ld=2.42e-04  Lp=6.38e-04  Lic=1.46e-08  | W=1.213(*2.00)  thetaP=0.698(*0.25)  <|rel err|>=54% over 36p  [211s]
    Adam  1100/2000  L=8.11e-04  Ld=2.32e-04  Lp=5.79e-04  Lic=1.50e-08  | W=1.213(*2.00)  thetaP=0.698(*0.25)  <|rel err|>=54% over 36p  [232s]
    Adam  1200/2000  L=7.72e-04  Ld=2.25e-04  Lp=5.46e-04  Lic=1.49e-08  | W=1.212(*2.00)  thetaP=0.699(*0.25)  <|rel err|>=54% over 36p  [253s]
    Adam  1300/2000  L=7.60e-04  Ld=2.20e-04  Lp=5.41e-04  Lic=1.22e-08  | W=1.212(*2.00)  thetaP=0.699(*0.25)  <|rel err|>=53% over 36p  [274s]
    Adam  1400/2000  L=7.32e-04  Ld=2.15e-04  Lp=5.16e-04  Lic=1.01e-08  | W=1.212(*2.00)  thetaP=0.699(*0.25)  <|rel err|>=53% over 36p  [295s]
    Adam  1500/2000  L=7.00e-04  Ld=2.13e-04  Lp=4.87e-04  Lic=1.26e-08  | W=1.211(*2.00)  thetaP=0.699(*0.25)  <|rel err|>=53% over 36p  [316s]
    Adam  1600/2000  L=7.21e-04  Ld=2.10e-04  Lp=5.11e-04  Lic=1.13e-08  | W=1.211(*2.00)  thetaP=0.699(*0.25)  <|rel err|>=53% over 36p  [337s]
    Adam  1700/2000  L=7.08e-04  Ld=2.09e-04  Lp=4.99e-04  Lic=1.23e-08  | W=1.211(*2.00)  thetaP=0.699(*0.25)  <|rel err|>=53% over 36p  [359s]
    Adam  1800/2000  L=7.16e-04  Ld=2.08e-04  Lp=5.07e-04  Lic=1.25e-08  | W=1.211(*2.00)  thetaP=0.699(*0.25)  <|rel err|>=53% over 36p  [380s]
    Adam  1900/2000  L=6.65e-04  Ld=2.08e-04  Lp=4.57e-04  Lic=1.13e-08  | W=1.211(*2.00)  thetaP=0.699(*0.25)  <|rel err|>=53% over 36p  [401s]
    Adam  2000/2000  L=6.82e-04  Ld=2.08e-04  Lp=4.74e-04  Lic=1.21e-08  | W=1.211(*2.00)  thetaP=0.699(*0.25)  <|rel err|>=53% over 36p  [423s]
    L-BFGS (400 steps, 4000 colloc) ...
    LBFGS   50/400  L=6.73e-04  | W=1.209(*2.00)  thetaP=0.699(*0.25)  <|rel err|>=53% over 36p  [439s]
    LBFGS  100/400  L=6.66e-04  | W=1.207(*2.00)  thetaP=0.699(*0.25)  <|rel err|>=53% over 36p  [459s]
    LBFGS  150/400  L=5.89e-04  | W=1.208(*2.00)  thetaP=0.699(*0.25)  <|rel err|>=53% over 36p  [481s]
    LBFGS  200/400  L=5.85e-04  | W=1.213(*2.00)  thetaP=0.696(*0.25)  <|rel err|>=53% over 36p  [504s]
    LBFGS  250/400  L=5.21e-04  | W=1.215(*2.00)  thetaP=0.691(*0.25)  <|rel err|>=53% over 36p  [527s]
    LBFGS  300/400  L=5.34e-04  | W=1.212(*2.00)  thetaP=0.689(*0.25)  <|rel err|>=53% over 36p  [551s]
    LBFGS  350/400  L=5.13e-04  | W=1.209(*2.00)  thetaP=0.686(*0.25)  <|rel err|>=53% over 36p  [573s]
    LBFGS  400/400  L=4.95e-04  | W=1.202(*2.00)  thetaP=0.683(*0.25)  <|rel err|>=53% over 36p  [598s]
  recovered {'W': 1.2024850370954554, 'thetaP': 0.6827880420682105, 'eta13': 1.7119585791653757, 'kappa13': 0.5111768149116158, 'lambdaP': 2.0987370678701134, 'lambda5': 1.4024070971784994, 'kappa5': 0.9271627648412559, 'epsP': 1.9924355038926318, 'rho5': 1.8384820569638958, 'rhoB': 1.7490513881970644, 'rho13': 1.8997912234893215, 'deltaP1': 4.841769788786277, 'eps5': 2.1425850455187545, 'a5': 0.27377548451187617, 'etaR': 3.530781386710816, 'kappaR': 0.6070994816128048, 'etaM': 3.4956381544687574, 'kappaM': 0.6506464516563549, 'eps13': 1.653707369309938, 'a13': 0.23364034972874612, 'etaB13': 1.0060657507413664, 'kappaB13': 0.5939481253982438, 'etaM13': 0.5538666766373129, 'kappaM13': 0.8429077954841908, 'epsM': 1.1618300381807398, 'aM': 0.21619623453310116, 'etaBM': 1.4552405378854265, 'kappaBM': 0.8525327173669535, 'epsR': 0.7990793888726305, 'lambdaC': 0.8599709764407379, 'epsC': 1.5111308233000267, 'aC': 0.08058569131147934, 'etaRC': 2.04368861256701, 'kappaRC': 0.9038748898546255, 'etaBC': 1.7430974354970716, 'kappaBC': 0.8970599160417435}  |  true {'W': 2.0, 'thetaP': 0.25, 'eta13': 0.75, 'kappa13': 0.55, 'lambdaP': 1.6, 'lambda5': 1.3, 'kappa5': 0.5, 'epsP': 1.0, 'rho5': 1.1, 'rhoB': 1.1, 'rho13': 1.3, 'deltaP1': 3.5, 'eps5': 1.2, 'a5': 0.15, 'etaR': 2.5, 'kappaR': 0.4, 'etaM': 2.5, 'kappaM': 0.5, 'eps13': 1.0, 'a13': 0.18, 'etaB13': 0.95, 'kappaB13': 0.5, 'etaM13': 0.55, 'kappaM13': 0.5, 'epsM': 0.6, 'aM': 0.18, 'etaBM': 1.35, 'kappaBM': 0.5, 'epsR': 0.4, 'lambdaC': 0.85, 'epsC': 0.8, 'aC': 0.08, 'etaRC': 1.5, 'kappaRC': 0.5, 'etaBC': 1.5, 'kappaBC': 0.5}  (598s)

[3/3] Plotting ...

==============================================================================
Recovered parameters (inverse PINN) — 36 unknowns, rel. error % per regime
==============================================================================
param             Normal       Early Cancer-like      Strong      mean
lambdaC            1.29%       0.59%       1.68%       1.17%     1.18%
etaBM              0.12%       0.68%       5.84%       7.80%     3.61%
etaB13             0.15%      12.42%       0.05%       5.90%     4.63%
aC                12.05%       6.08%       2.17%       0.73%     5.26%
etaM13            38.97%      15.60%       1.81%       0.70%    14.27%
lambda5           23.18%      13.21%      14.67%       7.88%    14.74%
kappa13           23.36%      33.38%       8.88%       7.06%    18.17%
etaBC             38.77%      23.59%      17.75%      16.21%    24.08%
kappaM            16.90%      22.80%      27.30%      30.13%    24.28%
W                 29.97%       5.16%      27.06%      39.88%    25.51%
kappaB13          85.26%      14.08%       1.76%      18.79%    29.97%
a13               37.98%      32.81%      30.22%      29.80%    32.70%
kappaM13          15.57%       1.64%      46.45%      68.58%    33.06%
rho13             42.85%       9.28%      35.91%      46.14%    33.55%
deltaP1           25.40%      34.24%      37.90%      38.34%    33.97%
rhoB              37.91%       4.08%      36.16%      59.00%    34.29%
etaR              29.87%      33.85%      38.25%      41.23%    35.80%
lambdaP           52.02%      40.63%      28.16%      31.17%    38.00%
kappaBM           22.47%      18.85%      44.91%      70.51%    39.18%
etaRC             41.83%      44.46%      40.19%      36.25%    40.68%
etaM              44.75%      43.44%      41.30%      39.83%    42.33%
aM                71.98%      49.18%      30.18%      20.11%    42.86%
kappaR            41.48%      48.04%      51.00%      51.77%    48.07%
eta13              2.87%      14.33%      75.45%     128.26%    55.23%
thetaP            20.73%       2.44%      37.14%     173.12%    58.36%
kappaBC           45.27%      50.00%      63.63%      79.41%    59.58%
eps13             82.12%      73.60%      67.12%      65.37%    72.05%
kappaRC           72.65%      69.53%      75.50%      80.77%    74.61%
eps5              90.95%      85.31%      80.96%      78.55%    83.94%
rho5             109.37%      86.17%      73.19%      67.13%    83.97%
kappa5            85.40%      94.02%      83.91%      85.43%    87.19%
epsM              86.56%      95.38%      95.70%      93.64%    92.82%
epsP             100.86%      89.09%      92.38%      99.24%    95.39%
epsC             109.99%      96.98%      90.92%      88.89%    96.69%
epsR             115.54%     109.46%     103.87%      99.77%   107.16%
a5               129.26%     119.17%      97.77%      82.52%   107.18%
------------------------------------------------------------------------------
overall mean relative error: 47.07%
