============================================================
Forward PINN - 7-ODE Reduced WNT-RA-HOX Model
Device : cuda
GPU    : NVIDIA RTX PRO 6000 Blackwell Server Edition
VRAM   : 102.0 GB
Threads: 48
============================================================

[1/3] Reference solutions (scipy Radau) ...
  Normal                t=[0, 150]  shape=(5000, 7)
  Early adenoma         t=[0, 150]  shape=(5000, 7)
  Cancer-like           t=[0, 150]  shape=(5000, 7)
  Strong APC-mutant     t=[0, 150]  shape=(5000, 7)

[2/3] Training PINNs ...

── Normal ──
  arch 4×256  params 207,879
    Adam     1/1000  L=9.28e-01  Ld=8.29e-01  Lp=1.16e+00  lr=1.0e-03  [1s]
    Adam   250/1000  L=1.73e-03  Ld=1.85e-03  Lp=1.43e-03  lr=8.5e-04  [120s]
    Adam   500/1000  L=2.57e-04  Ld=2.36e-04  Lp=3.05e-04  lr=5.0e-04  [238s]
    Adam   750/1000  L=2.07e-04  Ld=1.88e-04  Lp=2.52e-04  lr=1.5e-04  [357s]
    Adam  1000/1000  L=2.00e-04  Ld=1.81e-04  Lp=2.44e-04  lr=1.0e-06  [476s]
    L-BFGS (500 steps, 10000 colloc) ...
    LBFGS  100/500  L=1.28e-04  [589s]
    LBFGS  200/500  L=8.55e-05  [702s]
    LBFGS  300/500  L=6.35e-05  [816s]
    LBFGS  400/500  L=5.91e-05  [928s]
    LBFGS  500/500  L=3.76e-05  [1032s]
  done  (1032s total)

── Early adenoma ──
  arch 4×256  params 207,879
    Adam     1/1000  L=1.16e+00  Ld=1.14e+00  Lp=1.21e+00  lr=1.0e-03  [0s]
    Adam   250/1000  L=1.82e-03  Ld=2.01e-03  Lp=1.36e-03  lr=8.5e-04  [119s]
    Adam   500/1000  L=7.87e-04  Ld=7.81e-04  Lp=8.02e-04  lr=5.0e-04  [237s]
    Adam   750/1000  L=3.18e-04  Ld=2.76e-04  Lp=4.15e-04  lr=1.5e-04  [356s]
    Adam  1000/1000  L=2.84e-04  Ld=2.43e-04  Lp=3.80e-04  lr=1.0e-06  [475s]
    L-BFGS (500 steps, 10000 colloc) ...
    LBFGS  100/500  L=1.24e-04  [593s]
    LBFGS  200/500  L=9.63e-05  [697s]
    LBFGS  300/500  L=7.32e-05  [813s]
    LBFGS  400/500  L=6.30e-05  [926s]
    LBFGS  500/500  L=4.53e-05  [1023s]
  done  (1023s total)

── Cancer-like ──
  arch 4×256  params 207,879
    Adam     1/1000  L=1.47e+00  Ld=1.50e+00  Lp=1.39e+00  lr=1.0e-03  [0s]
    Adam   250/1000  L=2.15e-03  Ld=2.32e-03  Lp=1.76e-03  lr=8.5e-04  [119s]
    Adam   500/1000  L=1.29e-03  Ld=1.45e-03  Lp=9.31e-04  lr=5.0e-04  [237s]
    Adam   750/1000  L=7.24e-04  Ld=7.09e-04  Lp=7.61e-04  lr=1.5e-04  [356s]
    Adam  1000/1000  L=6.37e-04  Ld=6.05e-04  Lp=7.11e-04  lr=1.0e-06  [474s]
    L-BFGS (500 steps, 10000 colloc) ...
    LBFGS  100/500  L=2.46e-04  [588s]
    LBFGS  200/500  L=1.80e-04  [698s]
    LBFGS  300/500  L=1.59e-04  [806s]
    LBFGS  400/500  L=1.29e-04  [912s]
    LBFGS  500/500  L=9.95e-05  [1005s]
  done  (1005s total)

── Strong APC-mutant ──
  arch 4×256  params 207,879
    Adam     1/1000  L=1.77e+00  Ld=1.83e+00  Lp=1.64e+00  lr=1.0e-03  [0s]
    Adam   250/1000  L=2.59e-03  Ld=2.67e-03  Lp=2.41e-03  lr=8.5e-04  [119s]
    Adam   500/1000  L=1.44e-03  Ld=1.62e-03  Lp=1.01e-03  lr=5.0e-04  [237s]
    Adam   750/1000  L=9.08e-04  Ld=9.53e-04  Lp=8.04e-04  lr=1.5e-04  [356s]
    Adam  1000/1000  L=8.15e-04  Ld=8.35e-04  Lp=7.70e-04  lr=1.0e-06  [475s]
    L-BFGS (500 steps, 10000 colloc) ...
    LBFGS  100/500  L=4.30e-04  [586s]
    LBFGS  200/500  L=3.52e-04  [686s]
    LBFGS  300/500  L=2.76e-04  [783s]
    LBFGS  400/500  L=2.50e-04  [890s]
    LBFGS  500/500  L=1.71e-04  [987s]
  done  (987s total)

[3/3] Plotting ...
Traceback (most recent call last):
  File "/usr/lib/python3/dist-packages/matplotlib/_mathtext.py", line 1983, in parse
    result = self._expression.parseString(s)
             ^^^^^^^^^^^^^^^^^^^^^^^^^^^^^^^
  File "/usr/lib/python3/dist-packages/pyparsing/util.py", line 256, in _inner
    return fn(self, *args, **kwargs)
           ^^^^^^^^^^^^^^^^^^^^^^^^^
  File "/usr/lib/python3/dist-packages/pyparsing/core.py", line 1197, in parse_string
    raise exc.with_traceback(None)
pyparsing.exceptions.ParseFatalException: Expected token, found '\'  (at char 0), (line:1, col:1)

The above exception was the direct cause of the following exception:

Traceback (most recent call last):
  File "/home/27/nkim8/PINN-Research/PINN-smaller/forward_pinn_train/main.py", line 55, in <module>
    solutions, refs, histories = main()
                                 ^^^^^^
  File "/home/27/nkim8/PINN-Research/PINN-smaller/forward_pinn_train/main.py", line 47, in main
    plot_all(solutions, refs)
  File "/home/27/nkim8/PINN-Research/PINN-smaller/forward_pinn_train/plotting.py", line 30, in plot_all
    fig.tight_layout(); fig.savefig(f"pinn7_{key}.png", dpi=150)
    ^^^^^^^^^^^^^^^^^^
  File "/usr/lib/python3/dist-packages/matplotlib/figure.py", line 3450, in tight_layout
    engine.execute(self)
  File "/usr/lib/python3/dist-packages/matplotlib/layout_engine.py", line 175, in execute
    kwargs = get_tight_layout_figure(
             ^^^^^^^^^^^^^^^^^^^^^^^^
  File "/usr/lib/python3/dist-packages/matplotlib/_tight_layout.py", line 308, in get_tight_layout_figure
    kwargs = _auto_adjust_subplotpars(fig, renderer,
             ^^^^^^^^^^^^^^^^^^^^^^^^^^^^^^^^^^^^^^^
  File "/usr/lib/python3/dist-packages/matplotlib/_tight_layout.py", line 82, in _auto_adjust_subplotpars
    bb += [martist._get_tightbbox_for_layout_only(ax, renderer)]
           ^^^^^^^^^^^^^^^^^^^^^^^^^^^^^^^^^^^^^^^^^^^^^^^^^^^^
  File "/usr/lib/python3/dist-packages/matplotlib/artist.py", line 1378, in _get_tightbbox_for_layout_only
    return obj.get_tightbbox(*args, **{**kwargs, "for_layout_only": True})
           ^^^^^^^^^^^^^^^^^^^^^^^^^^^^^^^^^^^^^^^^^^^^^^^^^^^^^^^^^^^^^^^
  File "/usr/lib/python3/dist-packages/matplotlib/axes/_base.py", line 4421, in get_tightbbox
    ba = martist._get_tightbbox_for_layout_only(axis, renderer)
         ^^^^^^^^^^^^^^^^^^^^^^^^^^^^^^^^^^^^^^^^^^^^^^^^^^^^^^
  File "/usr/lib/python3/dist-packages/matplotlib/artist.py", line 1378, in _get_tightbbox_for_layout_only
    return obj.get_tightbbox(*args, **{**kwargs, "for_layout_only": True})
           ^^^^^^^^^^^^^^^^^^^^^^^^^^^^^^^^^^^^^^^^^^^^^^^^^^^^^^^^^^^^^^^
  File "/usr/lib/python3/dist-packages/matplotlib/axis.py", line 1269, in get_tightbbox
    bb = self.label.get_window_extent(renderer)
         ^^^^^^^^^^^^^^^^^^^^^^^^^^^^^^^^^^^^^^
  File "/usr/lib/python3/dist-packages/matplotlib/text.py", line 915, in get_window_extent
    bbox, info, descent = self._get_layout(self._renderer)
                          ^^^^^^^^^^^^^^^^^^^^^^^^^^^^^^^^
  File "/usr/lib/python3/dist-packages/matplotlib/text.py", line 321, in _get_layout
    w, h, d = _get_text_metrics_with_cache(
              ^^^^^^^^^^^^^^^^^^^^^^^^^^^^^
  File "/usr/lib/python3/dist-packages/matplotlib/text.py", line 97, in _get_text_metrics_with_cache
    return _get_text_metrics_with_cache_impl(
           ^^^^^^^^^^^^^^^^^^^^^^^^^^^^^^^^^^
  File "/usr/lib/python3/dist-packages/matplotlib/text.py", line 105, in _get_text_metrics_with_cache_impl
    return renderer_ref().get_text_width_height_descent(text, fontprop, ismath)
           ^^^^^^^^^^^^^^^^^^^^^^^^^^^^^^^^^^^^^^^^^^^^^^^^^^^^^^^^^^^^^^^^^^^^
  File "/usr/lib/python3/dist-packages/matplotlib/backends/backend_agg.py", line 235, in get_text_width_height_descent
    self.mathtext_parser.parse(s, self.dpi, prop)
  File "/usr/lib/python3/dist-packages/matplotlib/mathtext.py", line 226, in parse
    return self._parse_cached(s, dpi, prop)
           ^^^^^^^^^^^^^^^^^^^^^^^^^^^^^^^^
  File "/usr/lib/python3/dist-packages/matplotlib/mathtext.py", line 247, in _parse_cached
    box = self._parser.parse(s, fontset, fontsize, dpi)
          ^^^^^^^^^^^^^^^^^^^^^^^^^^^^^^^^^^^^^^^^^^^^^
  File "/usr/lib/python3/dist-packages/matplotlib/_mathtext.py", line 1985, in parse
    raise ValueError("\n".join(["",
ValueError: 
\h_5
^
Expected token, found '\'  (at char 0), (line:1, col:1)
