================================================================
Direct ODE-fit recovery — 36 params, 6 conditions: ['ctrl', 'noATRA', 'earlyATRA', 'lateATRA', 'lowATRA', 'strongCirc']
================================================================
  Normal              18/36 under 10%  (W=2.4%  thetaP=16.7%)  252s
  Early adenoma       17/36 under 10%  (W=3.1%  thetaP=5.7%)  274s
  Cancer-like         13/36 under 10%  (W=23.7%  thetaP=58.4%)  317s
  Strong APC-mutant   13/36 under 10%  (W=28.4%  thetaP=187.0%)  317s

================================================================
Per-parameter recovery error (%), sorted best -> worst
param        mean |   Normal  Early ad  Cancer-l  Strong A
----------------------------------------------------------------
lambdaC       0.0 |      0.0       0.0       0.0       0.0  OK
etaRC         0.2 |      0.0       0.3       0.2       0.2  OK
kappaRC       1.1 |      2.2       1.5       0.7       0.1  OK
epsM          1.6 |      1.9       1.2       3.1       0.4  OK
epsC          2.0 |      2.5       0.9       4.5       0.1  OK
kappaBM       2.3 |      1.3       1.0       4.4       2.6  OK
etaBM         2.5 |      0.5       1.3       5.7       2.4  OK
eps13         4.7 |      2.2       0.8       2.4      13.5  OK
epsR          5.5 |     11.3       2.9       7.9       0.1  OK
etaBC         5.8 |      0.2       2.0      14.6       6.2  OK
kappaBC       5.9 |      3.9       1.9      11.9       5.7  OK
kappaR        5.9 |      8.1       8.1       5.5       2.1  OK
kappaB13      9.6 |     12.0       8.7       3.4      14.4  OK
etaB13       10.1 |      4.8       9.5       9.6      16.3  ~
kappa13      12.9 |      7.5      28.7      14.3       1.0  ~
rho5         13.7 |     21.2      19.0       5.2       9.3  ~
W            14.4 |      2.4       3.1      23.7      28.4  ~
aM           20.0 |      6.4       9.9      44.5      19.4  X
epsP         35.1 |     24.1      17.6      57.6      41.2  X
eta13        35.7 |      9.9      29.8      41.7      61.4  X
lambda5      39.0 |     47.9      25.1      50.2      32.6  X
etaM13       40.4 |     21.3      22.5      35.5      82.2  X
kappaM       42.2 |     42.8      48.5      43.5      34.0  X
rhoB         43.6 |     65.9      53.7      44.8      10.0  X
a13          46.8 |     31.4      22.7      55.6      77.5  X
deltaP1      51.5 |     68.4      63.0      26.1      48.5  X
lambdaP      54.0 |      0.5      69.1      58.9      87.6  X
thetaP       66.9 |     16.7       5.7      58.4     187.0  X
kappaM13     71.5 |     34.4      32.6      20.2     198.8  X
rho13        73.8 |      9.1      12.4     153.4     120.1  X
kappa5       90.8 |     80.8      64.3     131.9      86.3  X
aC          116.6 |     26.5      36.5     283.8     119.7  X
etaR        136.5 |    113.6     236.3     122.8      73.6  X
eps5        150.6 |    119.3     263.6     141.6      77.8  X
etaM        171.1 |    137.5     298.6     154.2      93.9  X
a5          172.4 |    151.8     301.8     153.4      82.6  X
----------------------------------------------------------------
13/36 parameters under 10% (mean over regimes)
odefit_summary.csv written
