/home/29/aidahxr/.local/lib/python3.12/site-packages/matplotlib/projections/__init__.py:63: UserWarning: Unable to import Axes3D. This may be due to multiple versions of Matplotlib being installed (e.g. as a system package and as a pip package). As a result, the 3D projection is not available.
  warnings.warn("Unable to import Axes3D. This may be due to multiple versions of "
============================================================
Forward PINN - 7-ODE Reduced WNT-RA-HOX Model
Device : cuda
GPU    : NVIDIA RTX PRO 6000 Blackwell Server Edition
VRAM   : 102.0 GB
Threads: 48
============================================================

[1/3] Reference solutions (scipy Radau) ...
  Normal                t=[0, 150]  shape=(5000, 7)
  Early Adenoma         t=[0, 150]  shape=(5000, 7)
  Advanced Adenoma      t=[0, 150]  shape=(5000, 7)
  Severe APC Loss       t=[0, 150]  shape=(5000, 7)

[2/3] Training PINNs ...

── Normal ──
  arch 4×256  params 207,879
    Adam     1/1000  L=9.79e-01  Ld=8.32e-01  Lp=1.32e+00  lr=1.0e-03  [8s]
    Adam   250/1000  L=1.77e-03  Ld=1.87e-03  Lp=1.53e-03  lr=8.5e-04  [1900s]
    Adam   500/1000  L=2.78e-04  Ld=2.46e-04  Lp=3.54e-04  lr=5.0e-04  [3616s]
    Adam   750/1000  L=2.16e-04  Ld=1.91e-04  Lp=2.75e-04  lr=1.5e-04  [4707s]
    Adam  1000/1000  L=2.09e-04  Ld=1.83e-04  Lp=2.68e-04  lr=1.0e-06  [5743s]
    L-BFGS (500 steps, 10000 colloc) ...
    LBFGS  100/500  L=1.39e-04  [7265s]
    LBFGS  200/500  L=1.05e-04  [8681s]
    LBFGS  300/500  L=6.88e-05  [10000s]
    LBFGS  400/500  L=5.57e-05  [11673s]
    LBFGS  500/500  L=3.66e-05  [13008s]
  done  (13008s total)

── Early Adenoma ──
  arch 4×256  params 207,879
    Adam     1/1000  L=1.22e+00  Ld=1.15e+00  Lp=1.37e+00  lr=1.0e-03  [3s]
    Adam   250/1000  L=1.83e-03  Ld=2.02e-03  Lp=1.39e-03  lr=8.5e-04  [792s]
    Adam   500/1000  L=6.10e-04  Ld=5.41e-04  Lp=7.71e-04  lr=5.0e-04  [1583s]
    Adam   750/1000  L=2.78e-04  Ld=2.22e-04  Lp=4.10e-04  lr=1.5e-04  [2324s]
    Adam  1000/1000  L=2.57e-04  Ld=2.01e-04  Lp=3.86e-04  lr=1.0e-06  [3024s]
    L-BFGS (500 steps, 10000 colloc) ...
    LBFGS  100/500  L=1.44e-04  [3964s]
    LBFGS  200/500  L=1.07e-04  [4851s]
    LBFGS  300/500  L=9.29e-05  [5777s]
    LBFGS  400/500  L=7.56e-05  [6684s]
    LBFGS  500/500  L=6.52e-05  [7871s]
  done  (7872s total)

── Advanced Adenoma ──
  arch 4×256  params 207,879
    Adam     1/1000  L=1.52e+00  Ld=1.51e+00  Lp=1.55e+00  lr=1.0e-03  [3s]
    Adam   250/1000  L=2.11e-03  Ld=2.29e-03  Lp=1.68e-03  lr=8.5e-04  [774s]
    Adam   500/1000  L=1.12e-03  Ld=1.17e-03  Lp=1.00e-03  lr=5.0e-04  [1544s]
    Adam   750/1000  L=5.47e-04  Ld=4.69e-04  Lp=7.27e-04  lr=1.5e-04  [2315s]
    Adam  1000/1000  L=4.94e-04  Ld=4.13e-04  Lp=6.85e-04  lr=1.0e-06  [3036s]
    L-BFGS (500 steps, 10000 colloc) ...
    LBFGS  100/500  L=2.29e-04  [3916s]
    LBFGS  200/500  L=1.76e-04  [4561s]
    LBFGS  300/500  L=1.43e-04  [5230s]
    LBFGS  400/500  L=1.16e-04  [5906s]
    LBFGS  500/500  L=1.28e-04  [6684s]
  done  (6684s total)

── Severe APC Loss ──
  arch 4×256  params 207,879
    Adam     1/1000  L=1.83e+00  Ld=1.84e+00  Lp=1.80e+00  lr=1.0e-03  [2s]
    Adam   250/1000  L=2.52e-03  Ld=2.64e-03  Lp=2.26e-03  lr=8.5e-04  [593s]
    Adam   500/1000  L=1.26e-03  Ld=1.36e-03  Lp=1.03e-03  lr=5.0e-04  [1187s]
    Adam   750/1000  L=7.35e-04  Ld=6.92e-04  Lp=8.38e-04  lr=1.5e-04  [1746s]
    Adam  1000/1000  L=6.78e-04  Ld=6.26e-04  Lp=8.00e-04  lr=1.0e-06  [2431s]
    L-BFGS (500 steps, 10000 colloc) ...
    LBFGS  100/500  L=3.26e-04  [3411s]
    LBFGS  200/500  L=2.78e-04  [4370s]
    LBFGS  300/500  L=2.31e-04  [5402s]
    LBFGS  400/500  L=2.09e-04  [6422s]
    LBFGS  500/500  L=1.76e-04  [7328s]
  done  (7328s total)

[3/3] Plotting ...

======================================================================
Final values & stemness
======================================================================

Normal
  $\beta$-catenin  0.7094
  APC              0.4041
  HOXA5            0.3423
  HOXA13           1.2683
  MYC              1.0829
  RA               0.1758
  CYP26A1          1.4755
  Stemness         0.8538
  Min S (ATRA)    0.3369
  Mean S (ATRA)   0.3632

Early Adenoma
  $\beta$-catenin  1.0666
  APC              0.1815
  HOXA5            0.3172
  HOXA13           1.4365
  MYC              1.2870
  RA               0.1602
  CYP26A1          1.6845
  Stemness         1.6700
  Min S (ATRA)    0.9151
  Mean S (ATRA)   0.9487

Advanced Adenoma
  $\beta$-catenin  1.6039
  APC              0.1032
  HOXA5            0.2961
  HOXA13           1.5298
  MYC              1.4092
  RA               0.1519
  CYP26A1          1.7963
  Stemness         2.8376
  Min S (ATRA)    1.7703
  Mean S (ATRA)   1.8168

Severe APC Loss
  $\beta$-catenin  2.1166
  APC              0.0686
  HOXA5            0.2899
  HOXA13           1.5623
  MYC              1.4543
  RA               0.1512
  CYP26A1          1.8433
  Stemness         3.9346
  Min S (ATRA)    2.6200
  Mean S (ATRA)   2.6878
