============================================================
Inverse PINN - recover (W, thetaP) for the 7-ODE WNT-RA-HOX model
Device : cuda
GPU    : NVIDIA RTX PRO 6000 Blackwell Server Edition
VRAM   : 102.0 GB
Threads: 48
============================================================

[1/3] Reference / ground-truth trajectories (scipy Radau) ...
  Normal                t=[0, 150]  shape=(5000, 7)
  Early adenoma         t=[0, 150]  shape=(5000, 7)
  Cancer-like           t=[0, 150]  shape=(5000, 7)
  Strong APC-mutant     t=[0, 150]  shape=(5000, 7)

[2/3] Inverse training (joint state net + unknown params) ...

── Normal ──
  arch 4×256  net params 207,879  unknowns ['W', 'thetaP']
  init guess {'W': 1.2, 'thetaP': 0.6}  |  true {'W': 0.8, 'thetaP': 1.0}
    Adam     1/2000  L=8.92e+00  Ld=8.38e-01  Lp=1.29e+00  Lic=3.40e-01  | W=1.197(*0.80)  thetaP=0.601(*1.00)  [1s]
    Adam   100/2000  L=1.40e-01  Ld=7.93e-02  Lp=6.01e-02  Lic=5.02e-05  | W=0.954(*0.80)  thetaP=0.681(*1.00)  [46s]
    Adam   200/2000  L=1.60e-02  Ld=5.66e-03  Lp=1.03e-02  Lic=6.54e-07  | W=0.874(*0.80)  thetaP=0.709(*1.00)  [92s]
    Adam   300/2000  L=1.09e-02  Ld=4.59e-03  Lp=6.32e-03  Lic=1.99e-07  | W=0.817(*0.80)  thetaP=0.731(*1.00)  [138s]
    Adam   400/2000  L=8.36e-03  Ld=3.94e-03  Lp=4.37e-03  Lic=2.66e-06  | W=0.773(*0.80)  thetaP=0.751(*1.00)  [184s]
    Adam   500/2000  L=6.66e-03  Ld=3.44e-03  Lp=3.21e-03  Lic=7.35e-08  | W=0.740(*0.80)  thetaP=0.769(*1.00)  [223s]
    Adam   600/2000  L=6.07e-03  Ld=3.12e-03  Lp=2.46e-03  Lic=2.44e-05  | W=0.717(*0.80)  thetaP=0.785(*1.00)  [260s]
    Adam   700/2000  L=4.94e-03  Ld=2.82e-03  Lp=2.12e-03  Lic=5.46e-08  | W=0.701(*0.80)  thetaP=0.798(*1.00)  [296s]
    Adam   800/2000  L=4.41e-03  Ld=2.59e-03  Lp=1.82e-03  Lic=4.69e-08  | W=0.691(*0.80)  thetaP=0.809(*1.00)  [333s]
    Adam   900/2000  L=4.03e-03  Ld=2.41e-03  Lp=1.62e-03  Lic=1.55e-08  | W=0.685(*0.80)  thetaP=0.819(*1.00)  [369s]
    Adam  1000/2000  L=3.71e-03  Ld=2.25e-03  Lp=1.46e-03  Lic=1.99e-08  | W=0.682(*0.80)  thetaP=0.827(*1.00)  [405s]
    Adam  1100/2000  L=3.46e-03  Ld=2.12e-03  Lp=1.35e-03  Lic=1.97e-08  | W=0.680(*0.80)  thetaP=0.834(*1.00)  [441s]
    Adam  1200/2000  L=3.31e-03  Ld=2.01e-03  Lp=1.30e-03  Lic=1.43e-08  | W=0.680(*0.80)  thetaP=0.840(*1.00)  [476s]
    Adam  1300/2000  L=3.17e-03  Ld=1.92e-03  Lp=1.25e-03  Lic=1.42e-08  | W=0.680(*0.80)  thetaP=0.844(*1.00)  [512s]
    Adam  1400/2000  L=3.07e-03  Ld=1.86e-03  Lp=1.21e-03  Lic=1.90e-08  | W=0.680(*0.80)  thetaP=0.848(*1.00)  [548s]
    Adam  1500/2000  L=2.97e-03  Ld=1.81e-03  Lp=1.16e-03  Lic=1.42e-08  | W=0.681(*0.80)  thetaP=0.850(*1.00)  [584s]
    Adam  1600/2000  L=2.95e-03  Ld=1.77e-03  Lp=1.18e-03  Lic=1.64e-08  | W=0.681(*0.80)  thetaP=0.852(*1.00)  [620s]
    Adam  1700/2000  L=2.91e-03  Ld=1.75e-03  Lp=1.16e-03  Lic=1.49e-08  | W=0.681(*0.80)  thetaP=0.853(*1.00)  [656s]
    Adam  1800/2000  L=2.90e-03  Ld=1.74e-03  Lp=1.16e-03  Lic=1.65e-08  | W=0.681(*0.80)  thetaP=0.854(*1.00)  [692s]
    Adam  1900/2000  L=2.84e-03  Ld=1.73e-03  Lp=1.11e-03  Lic=1.42e-08  | W=0.681(*0.80)  thetaP=0.854(*1.00)  [727s]
    Adam  2000/2000  L=2.86e-03  Ld=1.73e-03  Lp=1.13e-03  Lic=1.50e-08  | W=0.681(*0.80)  thetaP=0.854(*1.00)  [763s]
    L-BFGS (400 steps, 4000 colloc) ...
/home/29/aidahxr/PINN-Research/PINN-inverse-solve/training.py:150: UserWarning: Converting a tensor with requires_grad=True to a scalar may lead to unexpected behavior.
Consider using tensor.detach() first. (Triggered internally at /pytorch/torch/csrc/autograd/generated/python_variable_methods.cpp:838.)
  f"L={float(loss):.2e}  | {est}  [{dt:.0f}s]")
    LBFGS   50/400  L=1.04e-03  | W=0.776(*0.80)  thetaP=0.959(*1.00)  [838s]
    LBFGS  100/400  L=5.73e-04  | W=0.802(*0.80)  thetaP=0.979(*1.00)  [918s]
    LBFGS  150/400  L=4.89e-04  | W=0.788(*0.80)  thetaP=0.981(*1.00)  [988s]
    LBFGS  200/400  L=4.77e-04  | W=0.796(*0.80)  thetaP=0.989(*1.00)  [1053s]
    LBFGS  250/400  L=4.15e-04  | W=0.790(*0.80)  thetaP=0.992(*1.00)  [1114s]
    LBFGS  300/400  L=3.75e-04  | W=0.790(*0.80)  thetaP=0.993(*1.00)  [1181s]
    LBFGS  350/400  L=3.18e-04  | W=0.790(*0.80)  thetaP=0.993(*1.00)  [1239s]
    LBFGS  400/400  L=3.34e-04  | W=0.791(*0.80)  thetaP=0.994(*1.00)  [1296s]
  recovered {'W': 0.7907718805762121, 'thetaP': 0.9937150044785962}  |  true {'W': 0.8, 'thetaP': 1.0}  (1296s)

── Early adenoma ──
  arch 4×256  net params 207,879  unknowns ['W', 'thetaP']
  init guess {'W': 1.2, 'thetaP': 0.6}  |  true {'W': 1.0, 'thetaP': 0.75}
    Adam     1/2000  L=9.24e+00  Ld=1.15e+00  Lp=1.29e+00  Lic=3.40e-01  | W=1.197(*1.00)  thetaP=0.601(*0.75)  [0s]
    Adam   100/2000  L=7.62e-02  Ld=2.75e-02  Lp=4.78e-02  Lic=4.37e-05  | W=0.965(*1.00)  thetaP=0.678(*0.75)  [36s]
    Adam   200/2000  L=4.48e-03  Ld=7.65e-04  Lp=3.69e-03  Lic=1.25e-06  | W=0.950(*1.00)  thetaP=0.687(*0.75)  [71s]
    Adam   300/2000  L=2.39e-03  Ld=3.49e-04  Lp=2.01e-03  Lic=1.47e-06  | W=0.951(*1.00)  thetaP=0.691(*0.75)  [106s]
    Adam   400/2000  L=1.76e-03  Ld=2.56e-04  Lp=1.49e-03  Lic=7.76e-07  | W=0.954(*1.00)  thetaP=0.694(*0.75)  [144s]
    Adam   500/2000  L=1.32e-03  Ld=2.12e-04  Lp=1.11e-03  Lic=7.03e-08  | W=0.958(*1.00)  thetaP=0.697(*0.75)  [190s]
    Adam   600/2000  L=2.84e-03  Ld=1.90e-04  Lp=8.65e-04  Lic=8.94e-05  | W=0.962(*1.00)  thetaP=0.699(*0.75)  [236s]
    Adam   700/2000  L=1.01e-03  Ld=1.73e-04  Lp=8.37e-04  Lic=7.00e-08  | W=0.966(*1.00)  thetaP=0.701(*0.75)  [282s]
    Adam   800/2000  L=8.54e-04  Ld=1.60e-04  Lp=6.94e-04  Lic=4.39e-08  | W=0.969(*1.00)  thetaP=0.702(*0.75)  [328s]
    Adam   900/2000  L=7.75e-04  Ld=1.50e-04  Lp=6.24e-04  Lic=3.14e-08  | W=0.971(*1.00)  thetaP=0.704(*0.75)  [374s]
    Adam  1000/2000  L=6.89e-04  Ld=1.43e-04  Lp=5.46e-04  Lic=1.72e-08  | W=0.974(*1.00)  thetaP=0.705(*0.75)  [420s]
    Adam  1100/2000  L=6.08e-04  Ld=1.38e-04  Lp=4.69e-04  Lic=2.00e-08  | W=0.975(*1.00)  thetaP=0.707(*0.75)  [466s]
    Adam  1200/2000  L=6.12e-04  Ld=1.34e-04  Lp=4.77e-04  Lic=2.18e-08  | W=0.977(*1.00)  thetaP=0.708(*0.75)  [511s]
    Adam  1300/2000  L=5.89e-04  Ld=1.31e-04  Lp=4.57e-04  Lic=1.28e-08  | W=0.978(*1.00)  thetaP=0.708(*0.75)  [557s]
    Adam  1400/2000  L=5.78e-04  Ld=1.29e-04  Lp=4.48e-04  Lic=1.66e-08  | W=0.978(*1.00)  thetaP=0.709(*0.75)  [603s]
    Adam  1500/2000  L=5.44e-04  Ld=1.28e-04  Lp=4.16e-04  Lic=1.42e-08  | W=0.979(*1.00)  thetaP=0.710(*0.75)  [649s]
    Adam  1600/2000  L=5.71e-04  Ld=1.27e-04  Lp=4.44e-04  Lic=1.50e-08  | W=0.979(*1.00)  thetaP=0.710(*0.75)  [695s]
    Adam  1700/2000  L=5.64e-04  Ld=1.26e-04  Lp=4.37e-04  Lic=1.50e-08  | W=0.980(*1.00)  thetaP=0.710(*0.75)  [741s]
    Adam  1800/2000  L=5.61e-04  Ld=1.26e-04  Lp=4.34e-04  Lic=1.59e-08  | W=0.980(*1.00)  thetaP=0.710(*0.75)  [787s]
    Adam  1900/2000  L=5.08e-04  Ld=1.26e-04  Lp=3.82e-04  Lic=1.41e-08  | W=0.980(*1.00)  thetaP=0.710(*0.75)  [833s]
    Adam  2000/2000  L=5.30e-04  Ld=1.26e-04  Lp=4.04e-04  Lic=1.48e-08  | W=0.980(*1.00)  thetaP=0.710(*0.75)  [879s]
    L-BFGS (400 steps, 4000 colloc) ...
    LBFGS   50/400  L=5.35e-04  | W=0.980(*1.00)  thetaP=0.711(*0.75)  [931s]
    LBFGS  100/400  L=5.93e-04  | W=0.983(*1.00)  thetaP=0.712(*0.75)  [1012s]
    LBFGS  150/400  L=5.61e-04  | W=0.985(*1.00)  thetaP=0.713(*0.75)  [1089s]
    LBFGS  200/400  L=5.10e-04  | W=0.990(*1.00)  thetaP=0.717(*0.75)  [1148s]
    LBFGS  250/400  L=5.67e-04  | W=0.991(*1.00)  thetaP=0.722(*0.75)  [1214s]
    LBFGS  300/400  L=4.67e-04  | W=0.996(*1.00)  thetaP=0.735(*0.75)  [1281s]
    LBFGS  350/400  L=3.77e-04  | W=0.995(*1.00)  thetaP=0.739(*0.75)  [1343s]
    LBFGS  400/400  L=3.98e-04  | W=0.996(*1.00)  thetaP=0.742(*0.75)  [1408s]
  recovered {'W': 0.9960890231734527, 'thetaP': 0.7415977352444367}  |  true {'W': 1.0, 'thetaP': 0.75}  (1408s)

── Cancer-like ──
  arch 4×256  net params 207,879  unknowns ['W', 'thetaP']
  init guess {'W': 1.2, 'thetaP': 0.6}  |  true {'W': 1.5, 'thetaP': 0.5}
    Adam     1/2000  L=9.60e+00  Ld=1.51e+00  Lp=1.29e+00  Lic=3.40e-01  | W=1.197(*1.50)  thetaP=0.601(*0.50)  [0s]
    Adam   100/2000  L=7.95e-02  Ld=2.72e-02  Lp=5.14e-02  Lic=4.46e-05  | W=0.983(*1.50)  thetaP=0.677(*0.50)  [36s]
    Adam   200/2000  L=1.46e-02  Ld=4.64e-03  Lp=9.97e-03  Lic=9.32e-07  | W=1.058(*1.50)  thetaP=0.679(*0.50)  [72s]
    Adam   300/2000  L=9.29e-03  Ld=2.79e-03  Lp=6.29e-03  Lic=1.03e-05  | W=1.153(*1.50)  thetaP=0.676(*0.50)  [108s]
    Adam   400/2000  L=5.79e-03  Ld=1.64e-03  Lp=4.14e-03  Lic=1.15e-07  | W=1.246(*1.50)  thetaP=0.673(*0.50)  [144s]
    Adam   500/2000  L=3.59e-03  Ld=9.50e-04  Lp=2.64e-03  Lic=8.78e-08  | W=1.327(*1.50)  thetaP=0.669(*0.50)  [180s]
    Adam   600/2000  L=2.34e-03  Ld=5.68e-04  Lp=1.76e-03  Lic=4.78e-07  | W=1.391(*1.50)  thetaP=0.666(*0.50)  [216s]
    Adam   700/2000  L=1.72e-03  Ld=3.64e-04  Lp=1.36e-03  Lic=6.25e-08  | W=1.438(*1.50)  thetaP=0.664(*0.50)  [252s]
    Adam   800/2000  L=1.27e-03  Ld=2.65e-04  Lp=9.99e-04  Lic=5.11e-08  | W=1.473(*1.50)  thetaP=0.662(*0.50)  [287s]
    Adam   900/2000  L=1.05e-03  Ld=2.20e-04  Lp=8.28e-04  Lic=3.04e-08  | W=1.496(*1.50)  thetaP=0.661(*0.50)  [323s]
    Adam  1000/2000  L=8.77e-04  Ld=1.99e-04  Lp=6.77e-04  Lic=1.89e-08  | W=1.513(*1.50)  thetaP=0.660(*0.50)  [358s]
    Adam  1100/2000  L=7.42e-04  Ld=1.90e-04  Lp=5.51e-04  Lic=1.95e-08  | W=1.523(*1.50)  thetaP=0.659(*0.50)  [394s]
    Adam  1200/2000  L=7.52e-04  Ld=1.86e-04  Lp=5.65e-04  Lic=2.55e-08  | W=1.530(*1.50)  thetaP=0.658(*0.50)  [429s]
    Adam  1300/2000  L=7.08e-04  Ld=1.83e-04  Lp=5.24e-04  Lic=1.41e-08  | W=1.535(*1.50)  thetaP=0.658(*0.50)  [466s]
    Adam  1400/2000  L=6.97e-04  Ld=1.82e-04  Lp=5.15e-04  Lic=1.31e-08  | W=1.538(*1.50)  thetaP=0.657(*0.50)  [502s]
    Adam  1500/2000  L=6.60e-04  Ld=1.81e-04  Lp=4.78e-04  Lic=1.80e-08  | W=1.541(*1.50)  thetaP=0.657(*0.50)  [538s]
    Adam  1600/2000  L=6.94e-04  Ld=1.81e-04  Lp=5.13e-04  Lic=1.52e-08  | W=1.542(*1.50)  thetaP=0.657(*0.50)  [574s]
    Adam  1700/2000  L=6.89e-04  Ld=1.81e-04  Lp=5.08e-04  Lic=1.70e-08  | W=1.543(*1.50)  thetaP=0.657(*0.50)  [609s]
    Adam  1800/2000  L=6.76e-04  Ld=1.81e-04  Lp=4.95e-04  Lic=1.73e-08  | W=1.543(*1.50)  thetaP=0.657(*0.50)  [645s]
    Adam  1900/2000  L=6.13e-04  Ld=1.80e-04  Lp=4.32e-04  Lic=1.49e-08  | W=1.543(*1.50)  thetaP=0.657(*0.50)  [681s]
    Adam  2000/2000  L=6.47e-04  Ld=1.80e-04  Lp=4.66e-04  Lic=1.61e-08  | W=1.543(*1.50)  thetaP=0.657(*0.50)  [717s]
    L-BFGS (400 steps, 4000 colloc) ...
    LBFGS   50/400  L=5.31e-04  | W=1.543(*1.50)  thetaP=0.657(*0.50)  [747s]
    LBFGS  100/400  L=7.25e-04  | W=1.547(*1.50)  thetaP=0.656(*0.50)  [800s]
    LBFGS  150/400  L=7.56e-04  | W=1.560(*1.50)  thetaP=0.654(*0.50)  [864s]
    LBFGS  200/400  L=7.23e-04  | W=1.563(*1.50)  thetaP=0.653(*0.50)  [918s]
    LBFGS  250/400  L=7.29e-04  | W=1.557(*1.50)  thetaP=0.650(*0.50)  [1018s]
    LBFGS  300/400  L=5.81e-04  | W=1.547(*1.50)  thetaP=0.638(*0.50)  [1112s]
    LBFGS  350/400  L=3.72e-04  | W=1.546(*1.50)  thetaP=0.622(*0.50)  [1203s]
    LBFGS  400/400  L=5.92e-04  | W=1.543(*1.50)  thetaP=0.618(*0.50)  [1266s]
  recovered {'W': 1.543021166597988, 'thetaP': 0.6176330223411183}  |  true {'W': 1.5, 'thetaP': 0.5}  (1266s)

── Strong APC-mutant ──
  arch 4×256  net params 207,879  unknowns ['W', 'thetaP']
  init guess {'W': 1.2, 'thetaP': 0.6}  |  true {'W': 2.0, 'thetaP': 0.25}
    Adam     1/2000  L=9.92e+00  Ld=1.84e+00  Lp=1.29e+00  Lic=3.40e-01  | W=1.197(*2.00)  thetaP=0.601(*0.25)  [0s]
    Adam   100/2000  L=1.12e-01  Ld=3.09e-02  Lp=8.00e-02  Lic=7.89e-05  | W=1.001(*2.00)  thetaP=0.676(*0.25)  [46s]
    Adam   200/2000  L=3.80e-02  Ld=1.10e-02  Lp=2.70e-02  Lic=1.30e-06  | W=1.151(*2.00)  thetaP=0.684(*0.25)  [92s]
    Adam   300/2000  L=2.44e-02  Ld=7.01e-03  Lp=1.74e-02  Lic=1.94e-06  | W=1.327(*2.00)  thetaP=0.686(*0.25)  [138s]
    Adam   400/2000  L=1.56e-02  Ld=4.33e-03  Lp=1.12e-02  Lic=9.35e-07  | W=1.498(*2.00)  thetaP=0.685(*0.25)  [184s]
    Adam   500/2000  L=9.47e-03  Ld=2.52e-03  Lp=6.95e-03  Lic=7.80e-08  | W=1.648(*2.00)  thetaP=0.682(*0.25)  [230s]
    Adam   600/2000  L=5.71e-03  Ld=1.43e-03  Lp=4.28e-03  Lic=6.36e-08  | W=1.771(*2.00)  thetaP=0.678(*0.25)  [275s]
    Adam   700/2000  L=3.69e-03  Ld=8.40e-04  Lp=2.85e-03  Lic=6.14e-08  | W=1.866(*2.00)  thetaP=0.674(*0.25)  [321s]
    Adam   800/2000  L=2.45e-03  Ld=5.43e-04  Lp=1.90e-03  Lic=1.38e-07  | W=1.936(*2.00)  thetaP=0.670(*0.25)  [367s]
    Adam   900/2000  L=1.82e-03  Ld=4.05e-04  Lp=1.41e-03  Lic=8.19e-08  | W=1.986(*2.00)  thetaP=0.667(*0.25)  [413s]
    Adam  1000/2000  L=1.41e-03  Ld=3.44e-04  Lp=1.06e-03  Lic=4.55e-08  | W=2.022(*2.00)  thetaP=0.664(*0.25)  [459s]
    Adam  1100/2000  L=1.14e-03  Ld=3.19e-04  Lp=8.22e-04  Lic=1.88e-08  | W=2.046(*2.00)  thetaP=0.662(*0.25)  [505s]
    Adam  1200/2000  L=1.11e-03  Ld=3.09e-04  Lp=7.98e-04  Lic=2.23e-08  | W=2.063(*2.00)  thetaP=0.660(*0.25)  [547s]
    Adam  1300/2000  L=1.01e-03  Ld=3.06e-04  Lp=7.06e-04  Lic=1.44e-08  | W=2.074(*2.00)  thetaP=0.659(*0.25)  [585s]
    Adam  1400/2000  L=9.82e-04  Ld=3.05e-04  Lp=6.77e-04  Lic=1.08e-08  | W=2.082(*2.00)  thetaP=0.658(*0.25)  [622s]
    Adam  1500/2000  L=9.32e-04  Ld=3.05e-04  Lp=6.27e-04  Lic=2.38e-08  | W=2.087(*2.00)  thetaP=0.657(*0.25)  [657s]
    Adam  1600/2000  L=9.74e-04  Ld=3.06e-04  Lp=6.68e-04  Lic=1.80e-08  | W=2.090(*2.00)  thetaP=0.657(*0.25)  [692s]
    Adam  1700/2000  L=9.58e-04  Ld=3.06e-04  Lp=6.51e-04  Lic=1.94e-08  | W=2.092(*2.00)  thetaP=0.657(*0.25)  [728s]
    Adam  1800/2000  L=9.38e-04  Ld=3.06e-04  Lp=6.31e-04  Lic=1.98e-08  | W=2.093(*2.00)  thetaP=0.656(*0.25)  [764s]
    Adam  1900/2000  L=8.59e-04  Ld=3.06e-04  Lp=5.53e-04  Lic=1.65e-08  | W=2.094(*2.00)  thetaP=0.656(*0.25)  [800s]
    Adam  2000/2000  L=9.11e-04  Ld=3.06e-04  Lp=6.05e-04  Lic=1.83e-08  | W=2.094(*2.00)  thetaP=0.656(*0.25)  [836s]
    L-BFGS (400 steps, 4000 colloc) ...
    LBFGS   50/400  L=8.96e-04  | W=2.107(*2.00)  thetaP=0.655(*0.25)  [879s]
    LBFGS  100/400  L=8.33e-04  | W=2.122(*2.00)  thetaP=0.654(*0.25)  [937s]
    LBFGS  150/400  L=8.91e-04  | W=2.126(*2.00)  thetaP=0.653(*0.25)  [996s]
    LBFGS  200/400  L=9.22e-04  | W=2.131(*2.00)  thetaP=0.652(*0.25)  [1045s]
    LBFGS  250/400  L=8.55e-04  | W=2.131(*2.00)  thetaP=0.648(*0.25)  [1108s]
    LBFGS  300/400  L=8.77e-04  | W=2.121(*2.00)  thetaP=0.629(*0.25)  [1174s]
    LBFGS  350/400  L=7.21e-04  | W=2.111(*2.00)  thetaP=0.618(*0.25)  [1234s]
    LBFGS  400/400  L=7.58e-04  | W=2.102(*2.00)  thetaP=0.605(*0.25)  [1298s]
  recovered {'W': 2.102494283327994, 'thetaP': 0.6049292764816422}  |  true {'W': 2.0, 'thetaP': 0.25}  (1298s)

[3/3] Plotting ...

======================================================================
Recovered parameters (inverse PINN)
======================================================================
regime                    W true       W rec    err% thetaP true  thetaP rec    err%
Normal                    0.8000      0.7908   1.15%      1.0000      0.9937   0.63%
Early adenoma             1.0000      0.9961   0.39%      0.7500      0.7416   1.12%
Cancer-like               1.5000      1.5430   2.87%      0.5000      0.6176  23.53%
Strong APC-mutant         2.0000      2.1025   5.12%      0.2500      0.6049 141.97%
