============================================================
Forward PINN - 7-ODE Reduced WNT-RA-HOX Model
Device : cuda
GPU    : NVIDIA RTX PRO 6000 Blackwell Server Edition
VRAM   : 102.0 GB
Threads: 48
============================================================

[1/3] Reference solutions (scipy Radau) ...
  Normal                t=[0, 3000]  shape=(5000, 7)
  Early adenoma         t=[0, 3000]  shape=(5000, 7)
  Cancer-like           t=[0, 3000]  shape=(5000, 7)
  Strong APC-mutant     t=[0, 3000]  shape=(5000, 7)

[2/3] Training PINNs ...

── Normal ──
  arch 4×256  params 199,687
    Adam     1/5000  L=7.11e-01  Ld=8.31e-01  Lp=4.30e-01  lr=1.0e-03  [5s]
    Adam   250/5000  L=8.51e-03  Ld=1.94e-03  Lp=2.38e-02  lr=9.9e-04  [475s]
    Adam   500/5000  L=8.60e-03  Ld=1.90e-03  Lp=2.42e-02  lr=9.8e-04  [938s]
    Adam   750/5000  L=8.40e-03  Ld=1.88e-03  Lp=2.36e-02  lr=9.5e-04  [1402s]
    Adam  1000/5000  L=7.83e-03  Ld=1.78e-03  Lp=2.20e-02  lr=9.0e-04  [1865s]
    Adam  1250/5000  L=7.14e-03  Ld=1.64e-03  Lp=2.00e-02  lr=8.5e-04  [2329s]
    Adam  1500/5000  L=7.05e-03  Ld=1.58e-03  Lp=1.98e-02  lr=7.9e-04  [2792s]
    Adam  1750/5000  L=6.70e-03  Ld=1.47e-03  Lp=1.89e-02  lr=7.3e-04  [3256s]
    Adam  2000/5000  L=6.56e-03  Ld=1.44e-03  Lp=1.85e-02  lr=6.5e-04  [3720s]
    Adam  2250/5000  L=6.47e-03  Ld=1.43e-03  Lp=1.82e-02  lr=5.8e-04  [4183s]
    Adam  2500/5000  L=6.52e-03  Ld=1.42e-03  Lp=1.84e-02  lr=5.0e-04  [4647s]
    Adam  2750/5000  L=6.51e-03  Ld=1.42e-03  Lp=1.84e-02  lr=4.2e-04  [5110s]
    Adam  3000/5000  L=6.45e-03  Ld=1.41e-03  Lp=1.82e-02  lr=3.5e-04  [5574s]
    Adam  3250/5000  L=6.61e-03  Ld=1.41e-03  Lp=1.87e-02  lr=2.7e-04  [6037s]
    Adam  3500/5000  L=6.46e-03  Ld=1.41e-03  Lp=1.82e-02  lr=2.1e-04  [6501s]
    Adam  3750/5000  L=6.55e-03  Ld=1.41e-03  Lp=1.85e-02  lr=1.5e-04  [6964s]
    Adam  4000/5000  L=6.56e-03  Ld=1.41e-03  Lp=1.86e-02  lr=9.6e-05  [7428s]
    Adam  4250/5000  L=6.38e-03  Ld=1.41e-03  Lp=1.80e-02  lr=5.5e-05  [7891s]
    Adam  4500/5000  L=6.40e-03  Ld=1.41e-03  Lp=1.81e-02  lr=2.5e-05  [8355s]
    Adam  4750/5000  L=6.38e-03  Ld=1.41e-03  Lp=1.80e-02  lr=7.1e-06  [8819s]
    Adam  5000/5000  L=6.48e-03  Ld=1.41e-03  Lp=1.83e-02  lr=1.0e-06  [9282s]
    L-BFGS (500 steps, 40000 colloc) ...
    LBFGS  100/500  L=6.48e-03  [9360s]
    LBFGS  200/500  L=6.49e-03  [9397s]
    LBFGS  300/500  L=6.31e-03  [9433s]
    LBFGS  400/500  L=6.41e-03  [9470s]
    LBFGS  500/500  L=6.54e-03  [9507s]
  done  (9507s total)

── Early adenoma ──
  arch 4×256  params 199,687
    Adam     1/5000  L=9.32e-01  Ld=1.12e+00  Lp=4.82e-01  lr=1.0e-03  [2s]
    Adam   250/5000  L=8.37e-03  Ld=1.71e-03  Lp=2.39e-02  lr=9.9e-04  [464s]
    Adam   500/5000  L=8.42e-03  Ld=1.68e-03  Lp=2.42e-02  lr=9.8e-04  [927s]
    Adam   750/5000  L=7.99e-03  Ld=1.62e-03  Lp=2.28e-02  lr=9.5e-04  [1391s]
    Adam  1000/5000  L=7.52e-03  Ld=1.55e-03  Lp=2.14e-02  lr=9.0e-04  [1854s]
    Adam  1250/5000  L=6.97e-03  Ld=1.49e-03  Lp=1.98e-02  lr=8.5e-04  [2318s]
    Adam  1500/5000  L=6.93e-03  Ld=1.45e-03  Lp=1.97e-02  lr=7.9e-04  [2781s]
    Adam  1750/5000  L=6.68e-03  Ld=1.38e-03  Lp=1.91e-02  lr=7.3e-04  [3245s]
    Adam  2000/5000  L=6.56e-03  Ld=1.37e-03  Lp=1.87e-02  lr=6.5e-04  [3708s]
    Adam  2250/5000  L=6.44e-03  Ld=1.35e-03  Lp=1.83e-02  lr=5.8e-04  [4172s]
    Adam  2500/5000  L=6.49e-03  Ld=1.35e-03  Lp=1.85e-02  lr=5.0e-04  [4635s]
    Adam  2750/5000  L=6.48e-03  Ld=1.35e-03  Lp=1.85e-02  lr=4.2e-04  [5099s]
    Adam  3000/5000  L=6.42e-03  Ld=1.35e-03  Lp=1.83e-02  lr=3.5e-04  [5563s]
    Adam  3250/5000  L=6.58e-03  Ld=1.35e-03  Lp=1.88e-02  lr=2.7e-04  [6026s]
    Adam  3500/5000  L=6.43e-03  Ld=1.34e-03  Lp=1.83e-02  lr=2.1e-04  [6490s]
    Adam  3750/5000  L=6.51e-03  Ld=1.34e-03  Lp=1.86e-02  lr=1.5e-04  [6953s]
    Adam  4000/5000  L=6.52e-03  Ld=1.34e-03  Lp=1.86e-02  lr=9.6e-05  [7417s]
    Adam  4250/5000  L=6.33e-03  Ld=1.34e-03  Lp=1.80e-02  lr=5.5e-05  [7880s]
    Adam  4500/5000  L=6.35e-03  Ld=1.34e-03  Lp=1.81e-02  lr=2.5e-05  [8344s]
    Adam  4750/5000  L=6.33e-03  Ld=1.34e-03  Lp=1.80e-02  lr=7.1e-06  [8807s]
    Adam  5000/5000  L=6.43e-03  Ld=1.34e-03  Lp=1.83e-02  lr=1.0e-06  [9271s]
    L-BFGS (500 steps, 40000 colloc) ...
    LBFGS  100/500  L=6.50e-03  [9334s]
    LBFGS  200/500  L=6.34e-03  [9370s]
    LBFGS  300/500  L=6.03e-03  [9407s]
    LBFGS  400/500  L=6.49e-03  [9443s]
    LBFGS  500/500  L=6.08e-03  [9480s]
  done  (9480s total)

── Cancer-like ──
  arch 4×256  params 199,687
    Adam     1/5000  L=1.23e+00  Ld=1.47e+00  Lp=6.60e-01  lr=1.0e-03  [2s]
    Adam   250/5000  L=8.45e-03  Ld=1.83e-03  Lp=2.39e-02  lr=9.9e-04  [464s]
    Adam   500/5000  L=8.53e-03  Ld=1.80e-03  Lp=2.42e-02  lr=9.8e-04  [927s]
    Adam   750/5000  L=8.35e-03  Ld=1.78e-03  Lp=2.37e-02  lr=9.5e-04  [1391s]
    Adam  1000/5000  L=8.20e-03  Ld=1.76e-03  Lp=2.32e-02  lr=9.0e-04  [1854s]
    Adam  1250/5000  L=7.46e-03  Ld=1.66e-03  Lp=2.10e-02  lr=8.5e-04  [2318s]
    Adam  1500/5000  L=7.05e-03  Ld=1.57e-03  Lp=1.98e-02  lr=7.9e-04  [2781s]
    Adam  1750/5000  L=6.76e-03  Ld=1.51e-03  Lp=1.90e-02  lr=7.3e-04  [3245s]
    Adam  2000/5000  L=6.63e-03  Ld=1.49e-03  Lp=1.86e-02  lr=6.5e-04  [3708s]
    Adam  2250/5000  L=6.52e-03  Ld=1.48e-03  Lp=1.83e-02  lr=5.8e-04  [4172s]
    Adam  2500/5000  L=6.57e-03  Ld=1.48e-03  Lp=1.84e-02  lr=5.0e-04  [4636s]
    Adam  2750/5000  L=6.57e-03  Ld=1.48e-03  Lp=1.85e-02  lr=4.2e-04  [5099s]
    Adam  3000/5000  L=6.51e-03  Ld=1.48e-03  Lp=1.83e-02  lr=3.5e-04  [5563s]
    Adam  3250/5000  L=6.68e-03  Ld=1.47e-03  Lp=1.88e-02  lr=2.7e-04  [6026s]
    Adam  3500/5000  L=6.53e-03  Ld=1.47e-03  Lp=1.83e-02  lr=2.1e-04  [6490s]
    Adam  3750/5000  L=6.62e-03  Ld=1.47e-03  Lp=1.86e-02  lr=1.5e-04  [6953s]
    Adam  4000/5000  L=6.63e-03  Ld=1.48e-03  Lp=1.87e-02  lr=9.6e-05  [7417s]
    Adam  4250/5000  L=6.45e-03  Ld=1.47e-03  Lp=1.81e-02  lr=5.5e-05  [7880s]
    Adam  4500/5000  L=6.48e-03  Ld=1.47e-03  Lp=1.82e-02  lr=2.5e-05  [8344s]
    Adam  4750/5000  L=6.46e-03  Ld=1.47e-03  Lp=1.81e-02  lr=7.1e-06  [8807s]
    Adam  5000/5000  L=6.56e-03  Ld=1.47e-03  Lp=1.84e-02  lr=1.0e-06  [9271s]
    L-BFGS (500 steps, 40000 colloc) ...
    LBFGS  100/500  L=6.62e-03  [9327s]
    LBFGS  200/500  L=6.42e-03  [9364s]
    LBFGS  300/500  L=6.36e-03  [9400s]
    LBFGS  400/500  L=6.50e-03  [9437s]
    LBFGS  500/500  L=6.90e-03  [9473s]
  done  (9473s total)

── Strong APC-mutant ──
  arch 4×256  params 199,687
    Adam     1/5000  L=1.54e+00  Ld=1.81e+00  Lp=9.10e-01  lr=1.0e-03  [2s]
    Adam   250/5000  L=8.57e-03  Ld=1.98e-03  Lp=2.39e-02  lr=9.9e-04  [464s]
    Adam   500/5000  L=8.67e-03  Ld=1.96e-03  Lp=2.43e-02  lr=9.8e-04  [927s]
    Adam   750/5000  L=8.51e-03  Ld=1.95e-03  Lp=2.38e-02  lr=9.5e-04  [1391s]
    Adam  1000/5000  L=8.49e-03  Ld=1.94e-03  Lp=2.38e-02  lr=9.0e-04  [1854s]
    Adam  1250/5000  L=8.37e-03  Ld=1.94e-03  Lp=2.34e-02  lr=8.5e-04  [2318s]
    Adam  1500/5000  L=8.60e-03  Ld=1.94e-03  Lp=2.41e-02  lr=7.9e-04  [2781s]
    Adam  1750/5000  L=8.45e-03  Ld=1.92e-03  Lp=2.37e-02  lr=7.3e-04  [3245s]
    Adam  2000/5000  L=7.94e-03  Ld=1.85e-03  Lp=2.22e-02  lr=6.5e-04  [3708s]
    Adam  2250/5000  L=7.36e-03  Ld=1.78e-03  Lp=2.04e-02  lr=5.8e-04  [4172s]
    Adam  2500/5000  L=6.80e-03  Ld=1.66e-03  Lp=1.88e-02  lr=5.0e-04  [4636s]
    Adam  2750/5000  L=6.72e-03  Ld=1.63e-03  Lp=1.86e-02  lr=4.2e-04  [5099s]
    Adam  3000/5000  L=6.64e-03  Ld=1.62e-03  Lp=1.83e-02  lr=3.5e-04  [5563s]
    Adam  3250/5000  L=6.80e-03  Ld=1.62e-03  Lp=1.89e-02  lr=2.7e-04  [6026s]
    Adam  3500/5000  L=6.64e-03  Ld=1.62e-03  Lp=1.84e-02  lr=2.1e-04  [6490s]
    Adam  3750/5000  L=6.73e-03  Ld=1.61e-03  Lp=1.87e-02  lr=1.5e-04  [6953s]
    Adam  4000/5000  L=6.74e-03  Ld=1.61e-03  Lp=1.87e-02  lr=9.6e-05  [7417s]
    Adam  4250/5000  L=6.56e-03  Ld=1.61e-03  Lp=1.81e-02  lr=5.5e-05  [7880s]
    Adam  4500/5000  L=6.59e-03  Ld=1.61e-03  Lp=1.82e-02  lr=2.5e-05  [8344s]
    Adam  4750/5000  L=6.56e-03  Ld=1.61e-03  Lp=1.81e-02  lr=7.1e-06  [8808s]
    Adam  5000/5000  L=6.67e-03  Ld=1.61e-03  Lp=1.85e-02  lr=1.0e-06  [9271s]
    L-BFGS (500 steps, 40000 colloc) ...
    LBFGS  100/500  L=6.34e-03  [9332s]
    LBFGS  200/500  L=6.79e-03  [9369s]
    LBFGS  300/500  L=6.60e-03  [9405s]
    LBFGS  400/500  L=6.49e-03  [9442s]
    LBFGS  500/500  L=6.57e-03  [9478s]
  done  (9478s total)

[3/3] Plotting ...

======================================================================
Final values & stemness
======================================================================

Normal
  $\beta$-catenin  0.7179
  APC              0.3975
  HOXA5            0.3352
  HOXA13           1.2725
  MYC              1.0884
  RA               0.1753
  CYP26A1          1.4757
  Stemness         0.8744
  Min S (ATRA)    0.5504
  Mean S (ATRA)   0.5926

Early adenoma
  $\beta$-catenin  1.0766
  APC              0.1761
  HOXA5            0.3096
  HOXA13           1.4387
  MYC              1.2895
  RA               0.1611
  CYP26A1          1.6769
  Stemness         1.7046
  Min S (ATRA)    1.2378
  Mean S (ATRA)   1.2980

Cancer-like
  $\beta$-catenin  1.6093
  APC              0.1007
  HOXA5            0.2960
  HOXA13           1.5344
  MYC              1.4103
  RA               0.1521
  CYP26A1          1.7998
  Stemness         2.8593
  Min S (ATRA)    2.2547
  Mean S (ATRA)   2.3351

Strong APC-mutant
  $\beta$-catenin  2.1277
  APC              0.0680
  HOXA5            0.2936
  HOXA13           1.5718
  MYC              1.4589
  RA               0.1530
  CYP26A1          1.8510
  Stemness         3.9608
  Min S (ATRA)    3.2433
  Mean S (ATRA)   3.3389
