device: cuda
trainer using stub physics: False (should be False)

Computing reference solutions...
const reference: (800, 27) finite: True
/home/29/aidahxr/.local/lib/python3.12/site-packages/scipy/integrate/_ivp/common.py:356: RuntimeWarning: overflow encountered in multiply
  new_factor = NUM_JAC_FACTOR_INCREASE * factor[ind]
/home/29/aidahxr/.local/lib/python3.12/site-packages/scipy/integrate/_ivp/common.py:378: RuntimeWarning: overflow encountered in multiply
  factor[max_diff < NUM_JAC_DIFF_SMALL * scale] *= NUM_JAC_FACTOR_INCREASE
dyn   reference: (5000, 27) finite: True

Cross-checking physics residuals...
[const] max|res|=7.54e-01  median|res|=1.73e-08
   worst eqs: [(17, '7.2e-01'), (0, '3.1e-01'), (3, '2.6e-01'), (1, '1.1e-01'), (9, '1.8e-04')]

Training const model...
  [const] win   1/3  t<=     500  loss=9.537e-01
  [const] win   2/3  t<=    1000  loss=9.959e-01
  [const] win   3/3  t<=    1500  loss=6.536e-01
const window losses: ['9.54e-01', '9.96e-01', '6.54e-01']

Training dyn model...
  [dyn] win   1/60  t<=     500  loss=8.400e-01
  [dyn] win   2/60  t<=    1000  loss=7.352e-01
  [dyn] win   3/60  t<=    1500  loss=7.090e-01
  [dyn] win   4/60  t<=    2000  loss=5.280e-01
  [dyn] win   5/60  t<=    2500  loss=6.749e-01
  [dyn] win   6/60  t<=    3000  loss=6.478e-01
  [dyn] win   7/60  t<=    3500  loss=6.834e-01
  [dyn] win   8/60  t<=    4000  loss=8.032e-01
  [dyn] win   9/60  t<=    4500  loss=8.069e-01
  [dyn] win  10/60  t<=    5000  loss=7.027e-01
  [dyn] win  11/60  t<=    5500  loss=6.518e-01
  [dyn] win  12/60  t<=    6000  loss=7.652e-01
  [dyn] win  13/60  t<=    6500  loss=6.005e-01
  [dyn] win  14/60  t<=    7000  loss=6.171e-01
  [dyn] win  15/60  t<=    7500  loss=5.697e-01
  [dyn] win  16/60  t<=    8000  loss=7.854e-01
  [dyn] win  17/60  t<=    8500  loss=7.082e-01
  [dyn] win  18/60  t<=    9000  loss=6.004e-01
  [dyn] win  19/60  t<=    9500  loss=1.414e+00
  [dyn] win  20/60  t<=   10000  loss=9.036e-01
  [dyn] win  21/60  t<=   10500  loss=5.344e-01
  [dyn] win  22/60  t<=   11000  loss=4.793e-01
  [dyn] win  23/60  t<=   11500  loss=8.076e-01
  [dyn] win  24/60  t<=   12000  loss=7.632e-01
  [dyn] win  25/60  t<=   12500  loss=9.186e-01
  [dyn] win  26/60  t<=   13000  loss=6.779e-01
  [dyn] win  27/60  t<=   13500  loss=4.786e-01
  [dyn] win  28/60  t<=   14000  loss=5.207e-01
  [dyn] win  29/60  t<=   14500  loss=4.964e-01
  [dyn] win  30/60  t<=   15000  loss=4.669e-01
  [dyn] win  31/60  t<=   15500  loss=1.113e+00
  [dyn] win  32/60  t<=   16000  loss=1.160e+00
  [dyn] win  33/60  t<=   16500  loss=7.939e-01
  [dyn] win  34/60  t<=   17000  loss=7.729e-01
  [dyn] win  35/60  t<=   17500  loss=7.962e-01
  [dyn] win  36/60  t<=   18000  loss=5.203e-01
  [dyn] win  37/60  t<=   18500  loss=6.142e-01
  [dyn] win  38/60  t<=   19000  loss=5.043e-01
  [dyn] win  39/60  t<=   19500  loss=4.972e-01
  [dyn] win  40/60  t<=   20000  loss=8.003e-01
  [dyn] win  41/60  t<=   20500  loss=5.879e-01
  [dyn] win  42/60  t<=   21000  loss=9.408e-01
  [dyn] win  43/60  t<=   21500  loss=5.901e-01
  [dyn] win  44/60  t<=   22000  loss=5.953e-01
  [dyn] win  45/60  t<=   22500  loss=8.375e-01
  [dyn] win  46/60  t<=   23000  loss=1.239e+00
  [dyn] win  47/60  t<=   23500  loss=3.879e-01
  [dyn] win  48/60  t<=   24000  loss=5.974e-01
  [dyn] win  49/60  t<=   24500  loss=5.270e-01
  [dyn] win  50/60  t<=   25000  loss=1.534e+00
  [dyn] win  51/60  t<=   25500  loss=5.274e-01
  [dyn] win  52/60  t<=   26000  loss=8.584e-01
  [dyn] win  53/60  t<=   26500  loss=1.006e+00
  [dyn] win  54/60  t<=   27000  loss=4.856e-01
  [dyn] win  55/60  t<=   27500  loss=8.095e-01
  [dyn] win  56/60  t<=   28000  loss=6.832e-01
  [dyn] win  57/60  t<=   28500  loss=7.983e-01
  [dyn] win  58/60  t<=   29000  loss=1.123e+00
  [dyn] win  59/60  t<=   29500  loss=7.624e-01
  [dyn] win  60/60  t<=   30000  loss=1.112e+00
dyn window losses: ['8.40e-01', '7.35e-01', '7.09e-01', '5.28e-01', '6.75e-01', '6.48e-01', '6.83e-01', '8.03e-01', '8.07e-01', '7.03e-01', '6.52e-01', '7.65e-01', '6.01e-01', '6.17e-01', '5.70e-01', '7.85e-01', '7.08e-01', '6.00e-01', '1.41e+00', '9.04e-01', '5.34e-01', '4.79e-01', '8.08e-01', '7.63e-01', '9.19e-01', '6.78e-01', '4.79e-01', '5.21e-01', '4.96e-01', '4.67e-01', '1.11e+00', '1.16e+00', '7.94e-01', '7.73e-01', '7.96e-01', '5.20e-01', '6.14e-01', '5.04e-01', '4.97e-01', '8.00e-01', '5.88e-01', '9.41e-01', '5.90e-01', '5.95e-01', '8.38e-01', '1.24e+00', '3.88e-01', '5.97e-01', '5.27e-01', '1.53e+00', '5.27e-01', '8.58e-01', '1.01e+00', '4.86e-01', '8.10e-01', '6.83e-01', '7.98e-01', '1.12e+00', '7.62e-01', '1.11e+00']

Results saved to pinn_results.npz
Plotting...
  saved hox_comparison.png
  saved wnt_comparison.png
  saved hox_components.png
  saved wnt_dynamics.png

Done.
