================================================================
Direct ODE-fit recovery (excite) — 36 params, 10 conditions, 4 starts
conditions: ['ctrl', 'noATRA', 'earlyATRA', 'lateATRA', 'lowATRA', 'strongCirc', 'wntPulse', 'wntInhib', 'mycPulse', 'wntRAcombo']
================================================================
  Normal              24/36 under 10%  (W=1.5%  thetaP=0.9%)  cost=2.24e+00  2124s
  Early adenoma       23/36 under 10%  (W=7.9%  thetaP=23.3%)  cost=1.87e+00  2557s
  Strong APC-mutant   14/36 under 10%  (W=30.7%  thetaP=264.3%)  cost=1.70e+00  3907s
  Cancer-like         21/36 under 10%  (W=0.0%  thetaP=58.0%)  cost=1.66e+00  4414s

================================================================
Per-parameter recovery error (%), sorted best -> worst
param        mean |   Normal  Early ad  Cancer-l  Strong A
----------------------------------------------------------------
lambdaC       0.1 |      0.0       0.1       0.1       0.1  OK
etaRC         0.2 |      0.1       0.2       0.2       0.2  OK
rho5          0.7 |      0.6       1.6       0.5       0.2  OK
kappaRC       1.3 |      1.5       2.5       0.7       0.7  OK
epsC          1.4 |      2.5       1.0       0.8       1.4  OK
eps13         1.7 |      2.5       2.7       0.8       0.8  OK
epsR          1.8 |      3.2       2.2       1.5       0.2  OK
epsM          2.7 |      8.3       1.2       0.5       0.8  OK
kappaBM       2.7 |      2.5       1.3       0.8       6.2  OK
kappaR        2.9 |      8.5       2.7       0.2       0.2  OK
kappaBC       3.1 |      0.8       0.7       2.0       8.8  OK
etaBM         3.6 |      1.7       1.6       1.5       9.8  OK
etaBC         4.2 |      0.8       0.4       2.9      13.0  OK
kappaB13      4.3 |      3.6       6.7       2.1       4.7  OK
etaB13        5.8 |      2.2       8.6       3.3       9.2  OK
W            10.0 |      1.5       7.9       0.0      30.7  ~
kappaM13     12.9 |      6.3      12.8       5.8      26.6  ~
lambdaP      17.2 |     25.1       3.6       6.1      34.0  ~
etaM13       20.5 |      4.8      34.3      12.2      30.9  X
eta13        21.8 |      6.0       6.0       0.5      74.9  X
epsP         25.7 |      1.7       2.6      30.8      67.7  X
lambda5      26.9 |     76.8       8.9       4.1      17.7  X
kappa13      27.3 |     50.7      25.7       9.3      23.6  X
aM           28.3 |     16.0      12.5      11.2      73.6  X
a13          30.8 |      1.3      56.1      19.1      46.8  X
kappaM       35.2 |     38.0      42.6      29.1      31.3  X
rhoB         37.5 |      2.2       2.0      23.0     122.8  X
kappa5       57.1 |    144.3      18.7      10.5      54.9  X
rho13        63.2 |      1.2       0.4      45.4     205.8  X
aC           82.3 |     22.1       9.9      53.9     243.3  X
thetaP       86.6 |      0.9      23.3      58.0     264.3  X
deltaP1     104.8 |     59.4     222.8      56.7      80.2  X
etaR        133.0 |     97.8     208.1      93.5     132.6  X
eps5        133.1 |    109.1     209.1      87.1     127.0  X
a5          154.2 |    151.7     237.1      94.4     133.5  X
etaM        175.6 |    123.9     273.4     125.6     179.6  X
----------------------------------------------------------------
15/36 parameters under 10% (mean over regimes)
odefit_summary.csv written
