============================================================
Inverse PINN - recover 36 parameters for the 7-ODE WNT-RA-HOX model
Device : cuda
GPU    : NVIDIA RTX PRO 6000 Blackwell Server Edition
VRAM   : 102.0 GB
Threads: 48
============================================================

[1/3] Reference / ground-truth trajectories (scipy Radau) ...
  Normal                t=[0, 150]  shape=(5000, 7)
  Early adenoma         t=[0, 150]  shape=(5000, 7)
  Cancer-like           t=[0, 150]  shape=(5000, 7)
  Strong APC-mutant     t=[0, 150]  shape=(5000, 7)

[2/3] Inverse training (joint state net + unknown params) ...

── Normal ──
  arch 4×256  net params 207,879  unknowns ['W', 'thetaP', 'eta13', 'kappa13', 'lambdaP', 'lambda5', 'kappa5', 'epsP', 'rho5', 'rhoB', 'rho13', 'deltaP1', 'eps5', 'a5', 'etaR', 'kappaR', 'etaM', 'kappaM', 'eps13', 'a13', 'etaB13', 'kappaB13', 'etaM13', 'kappaM13', 'epsM', 'aM', 'etaBM', 'kappaBM', 'epsR', 'lambdaC', 'epsC', 'aC', 'etaRC', 'kappaRC', 'etaBC', 'kappaBC']
  init guess {'W': 1.2, 'thetaP': 0.6, 'eta13': 1.125, 'kappa13': 0.8250000000000002, 'lambdaP': 2.4000000000000004, 'lambda5': 1.9500000000000002, 'kappa5': 0.75, 'epsP': 1.5000000000000002, 'rho5': 1.6500000000000001, 'rhoB': 1.6500000000000001, 'rho13': 1.9500000000000002, 'deltaP1': 5.25, 'eps5': 1.7999999999999998, 'a5': 0.22499999999999998, 'etaR': 3.75, 'kappaR': 0.6000000000000001, 'etaM': 3.75, 'kappaM': 0.75, 'eps13': 1.5000000000000002, 'a13': 0.2700000000000001, 'etaB13': 1.425, 'kappaB13': 0.75, 'etaM13': 0.8250000000000002, 'kappaM13': 0.75, 'epsM': 0.8999999999999999, 'aM': 0.2700000000000001, 'etaBM': 2.0250000000000004, 'kappaBM': 0.75, 'epsR': 0.6000000000000001, 'lambdaC': 1.275, 'epsC': 1.2000000000000002, 'aC': 0.11999999999999998, 'etaRC': 2.25, 'kappaRC': 0.75, 'etaBC': 2.25, 'kappaBC': 0.75}  |  true {'W': 0.8, 'thetaP': 1.0, 'eta13': 0.75, 'kappa13': 0.55, 'lambdaP': 1.6, 'lambda5': 1.3, 'kappa5': 0.5, 'epsP': 1.0, 'rho5': 1.1, 'rhoB': 1.1, 'rho13': 1.3, 'deltaP1': 3.5, 'eps5': 1.2, 'a5': 0.15, 'etaR': 2.5, 'kappaR': 0.4, 'etaM': 2.5, 'kappaM': 0.5, 'eps13': 1.0, 'a13': 0.18, 'etaB13': 0.95, 'kappaB13': 0.5, 'etaM13': 0.55, 'kappaM13': 0.5, 'epsM': 0.6, 'aM': 0.18, 'etaBM': 1.35, 'kappaBM': 0.5, 'epsR': 0.4, 'lambdaC': 0.85, 'epsC': 0.8, 'aC': 0.08, 'etaRC': 1.5, 'kappaRC': 0.5, 'etaBC': 1.5, 'kappaBC': 0.5}
    Adam     1/2000  L=8.33e+00  Ld=8.38e-01  Lp=6.99e-01  Lic=3.40e-01  | W=1.197(*0.80)  thetaP=0.601(*1.00)  <rel.err>=50%  [1s]
    Adam   100/2000  L=1.37e-01  Ld=1.01e-01  Lp=3.58e-02  Lic=3.87e-05  | W=1.023(*0.80)  thetaP=0.700(*1.00)  <rel.err>=52%  [22s]
    Adam   200/2000  L=1.20e-02  Ld=4.88e-03  Lp=5.58e-03  Lic=7.82e-05  | W=1.030(*0.80)  thetaP=0.719(*1.00)  <rel.err>=51%  [43s]
    Adam   300/2000  L=6.05e-03  Ld=2.61e-03  Lp=3.36e-03  Lic=4.02e-06  | W=1.032(*0.80)  thetaP=0.735(*1.00)  <rel.err>=50%  [64s]
    Adam   400/2000  L=3.76e-03  Ld=1.50e-03  Lp=2.26e-03  Lic=4.52e-08  | W=1.034(*0.80)  thetaP=0.749(*1.00)  <rel.err>=50%  [85s]
    Adam   500/2000  L=2.47e-03  Ld=8.62e-04  Lp=1.55e-03  Lic=2.68e-06  | W=1.036(*0.80)  thetaP=0.760(*1.00)  <rel.err>=50%  [106s]
    Adam   600/2000  L=1.61e-03  Ld=5.07e-04  Lp=1.11e-03  Lic=2.08e-08  | W=1.037(*0.80)  thetaP=0.767(*1.00)  <rel.err>=49%  [127s]
    Adam   700/2000  L=1.26e-03  Ld=3.34e-04  Lp=9.23e-04  Lic=1.60e-08  | W=1.039(*0.80)  thetaP=0.773(*1.00)  <rel.err>=49%  [148s]
    Adam   800/2000  L=1.01e-03  Ld=2.50e-04  Lp=7.62e-04  Lic=2.89e-08  | W=1.039(*0.80)  thetaP=0.777(*1.00)  <rel.err>=49%  [169s]
    Adam   900/2000  L=8.61e-04  Ld=2.09e-04  Lp=6.52e-04  Lic=1.03e-08  | W=1.040(*0.80)  thetaP=0.779(*1.00)  <rel.err>=49%  [191s]
    Adam  1000/2000  L=7.79e-04  Ld=1.86e-04  Lp=5.92e-04  Lic=1.19e-08  | W=1.040(*0.80)  thetaP=0.780(*1.00)  <rel.err>=49%  [212s]
    Adam  1100/2000  L=7.13e-04  Ld=1.74e-04  Lp=5.39e-04  Lic=1.42e-08  | W=1.040(*0.80)  thetaP=0.781(*1.00)  <rel.err>=49%  [233s]
    Adam  1200/2000  L=6.65e-04  Ld=1.66e-04  Lp=4.99e-04  Lic=1.61e-08  | W=1.040(*0.80)  thetaP=0.782(*1.00)  <rel.err>=49%  [259s]
    Adam  1300/2000  L=6.54e-04  Ld=1.60e-04  Lp=4.93e-04  Lic=1.32e-08  | W=1.040(*0.80)  thetaP=0.782(*1.00)  <rel.err>=49%  [280s]
    Adam  1400/2000  L=6.27e-04  Ld=1.57e-04  Lp=4.70e-04  Lic=1.30e-08  | W=1.040(*0.80)  thetaP=0.782(*1.00)  <rel.err>=49%  [301s]
    Adam  1500/2000  L=6.01e-04  Ld=1.54e-04  Lp=4.47e-04  Lic=1.26e-08  | W=1.040(*0.80)  thetaP=0.782(*1.00)  <rel.err>=49%  [322s]
    Adam  1600/2000  L=6.12e-04  Ld=1.52e-04  Lp=4.60e-04  Lic=1.33e-08  | W=1.040(*0.80)  thetaP=0.782(*1.00)  <rel.err>=49%  [343s]
    Adam  1700/2000  L=6.00e-04  Ld=1.51e-04  Lp=4.49e-04  Lic=1.17e-08  | W=1.040(*0.80)  thetaP=0.782(*1.00)  <rel.err>=49%  [364s]
    Adam  1800/2000  L=6.07e-04  Ld=1.51e-04  Lp=4.56e-04  Lic=1.24e-08  | W=1.040(*0.80)  thetaP=0.782(*1.00)  <rel.err>=49%  [385s]
    Adam  1900/2000  L=5.73e-04  Ld=1.51e-04  Lp=4.22e-04  Lic=1.21e-08  | W=1.040(*0.80)  thetaP=0.782(*1.00)  <rel.err>=49%  [406s]
    Adam  2000/2000  L=5.81e-04  Ld=1.51e-04  Lp=4.31e-04  Lic=1.23e-08  | W=1.040(*0.80)  thetaP=0.782(*1.00)  <rel.err>=49%  [427s]
    L-BFGS (400 steps, 4000 colloc) ...
    LBFGS   50/400  L=5.70e-04  | W=1.040(*0.80)  thetaP=0.783(*1.00)  eta13=0.806(*0.75)  kappa13=0.710(*0.55)  lambdaP=2.458(*1.60)  lambda5=1.664(*1.30)  kappa5=0.876(*0.50)  epsP=1.954(*1.00)  rho5=2.413(*1.10)  rhoB=0.718(*1.10)  rho13=0.780(*1.30)  deltaP1=4.406(*3.50)  eps5=2.271(*1.20)  a5=0.304(*0.15)  etaR=3.346(*2.50)  kappaR=0.611(*0.40)  etaM=3.610(*2.50)  kappaM=0.622(*0.50)  eps13=1.838(*1.00)  a13=0.248(*0.18)  etaB13=0.948(*0.95)  kappaB13=0.926(*0.50)  etaM13=0.768(*0.55)  kappaM13=0.425(*0.50)  epsM=1.125(*0.60)  aM=0.292(*0.18)  etaBM=1.438(*1.35)  kappaBM=0.639(*0.50)  epsR=0.743(*0.40)  lambdaC=0.835(*0.85)  epsC=1.665(*0.80)  aC=0.090(*0.08)  etaRC=2.077(*1.50)  kappaRC=0.886(*0.50)  etaBC=2.125(*1.50)  kappaBC=0.728(*0.50)  [446s]
    LBFGS  100/400  L=5.09e-04  | W=1.039(*0.80)  thetaP=0.785(*1.00)  eta13=0.802(*0.75)  kappa13=0.707(*0.55)  lambdaP=2.457(*1.60)  lambda5=1.658(*1.30)  kappa5=0.880(*0.50)  epsP=1.959(*1.00)  rho5=2.407(*1.10)  rhoB=0.713(*1.10)  rho13=0.772(*1.30)  deltaP1=4.401(*3.50)  eps5=2.273(*1.20)  a5=0.309(*0.15)  etaR=3.341(*2.50)  kappaR=0.604(*0.40)  etaM=3.608(*2.50)  kappaM=0.620(*0.50)  eps13=1.836(*1.00)  a13=0.248(*0.18)  etaB13=0.947(*0.95)  kappaB13=0.927(*0.50)  etaM13=0.767(*0.55)  kappaM13=0.425(*0.50)  epsM=1.124(*0.60)  aM=0.294(*0.18)  etaBM=1.429(*1.35)  kappaBM=0.637(*0.50)  epsR=0.757(*0.40)  lambdaC=0.839(*0.85)  epsC=1.667(*0.80)  aC=0.090(*0.08)  etaRC=2.084(*1.50)  kappaRC=0.883(*0.50)  etaBC=2.121(*1.50)  kappaBC=0.727(*0.50)  [468s]
    LBFGS  150/400  L=5.35e-04  | W=1.044(*0.80)  thetaP=0.790(*1.00)  eta13=0.797(*0.75)  kappa13=0.699(*0.55)  lambdaP=2.448(*1.60)  lambda5=1.643(*1.30)  kappa5=0.892(*0.50)  epsP=1.970(*1.00)  rho5=2.393(*1.10)  rhoB=0.703(*1.10)  rho13=0.758(*1.30)  deltaP1=4.394(*3.50)  eps5=2.277(*1.20)  a5=0.318(*0.15)  etaR=3.326(*2.50)  kappaR=0.591(*0.40)  etaM=3.605(*2.50)  kappaM=0.614(*0.50)  eps13=1.832(*1.00)  a13=0.248(*0.18)  etaB13=0.947(*0.95)  kappaB13=0.927(*0.50)  etaM13=0.766(*0.55)  kappaM13=0.424(*0.50)  epsM=1.123(*0.60)  aM=0.298(*0.18)  etaBM=1.412(*1.35)  kappaBM=0.629(*0.50)  epsR=0.783(*0.40)  lambdaC=0.852(*0.85)  epsC=1.670(*0.80)  aC=0.090(*0.08)  etaRC=2.099(*1.50)  kappaRC=0.876(*0.50)  etaBC=2.113(*1.50)  kappaBC=0.724(*0.50)  [490s]
    LBFGS  200/400  L=4.83e-04  | W=1.044(*0.80)  thetaP=0.792(*1.00)  eta13=0.788(*0.75)  kappa13=0.690(*0.55)  lambdaP=2.441(*1.60)  lambda5=1.625(*1.30)  kappa5=0.907(*0.50)  epsP=1.987(*1.00)  rho5=2.358(*1.10)  rhoB=0.694(*1.10)  rho13=0.748(*1.30)  deltaP1=4.391(*3.50)  eps5=2.284(*1.20)  a5=0.328(*0.15)  etaR=3.292(*2.50)  kappaR=0.582(*0.40)  etaM=3.611(*2.50)  kappaM=0.601(*0.50)  eps13=1.827(*1.00)  a13=0.249(*0.18)  etaB13=0.948(*0.95)  kappaB13=0.926(*0.50)  etaM13=0.767(*0.55)  kappaM13=0.422(*0.50)  epsM=1.121(*0.60)  aM=0.303(*0.18)  etaBM=1.383(*1.35)  kappaBM=0.624(*0.50)  epsR=0.822(*0.40)  lambdaC=0.863(*0.85)  epsC=1.677(*0.80)  aC=0.090(*0.08)  etaRC=2.112(*1.50)  kappaRC=0.871(*0.50)  etaBC=2.097(*1.50)  kappaBC=0.728(*0.50)  [515s]
    LBFGS  250/400  L=3.98e-04  | W=1.038(*0.80)  thetaP=0.792(*1.00)  eta13=0.781(*0.75)  kappa13=0.686(*0.55)  lambdaP=2.439(*1.60)  lambda5=1.616(*1.30)  kappa5=0.915(*0.50)  epsP=1.996(*1.00)  rho5=2.335(*1.10)  rhoB=0.690(*1.10)  rho13=0.746(*1.30)  deltaP1=4.390(*3.50)  eps5=2.288(*1.20)  a5=0.334(*0.15)  etaR=3.273(*2.50)  kappaR=0.576(*0.40)  etaM=3.614(*2.50)  kappaM=0.594(*0.50)  eps13=1.825(*1.00)  a13=0.248(*0.18)  etaB13=0.947(*0.95)  kappaB13=0.927(*0.50)  etaM13=0.764(*0.55)  kappaM13=0.422(*0.50)  epsM=1.120(*0.60)  aM=0.305(*0.18)  etaBM=1.366(*1.35)  kappaBM=0.622(*0.50)  epsR=0.840(*0.40)  lambdaC=0.864(*0.85)  epsC=1.679(*0.80)  aC=0.090(*0.08)  etaRC=2.118(*1.50)  kappaRC=0.868(*0.50)  etaBC=2.091(*1.50)  kappaBC=0.727(*0.50)  [537s]
    LBFGS  300/400  L=4.31e-04  | W=1.039(*0.80)  thetaP=0.793(*1.00)  eta13=0.772(*0.75)  kappa13=0.678(*0.55)  lambdaP=2.432(*1.60)  lambda5=1.599(*1.30)  kappa5=0.928(*0.50)  epsP=2.011(*1.00)  rho5=2.300(*1.10)  rhoB=0.682(*1.10)  rho13=0.741(*1.30)  deltaP1=4.388(*3.50)  eps5=2.292(*1.20)  a5=0.345(*0.15)  etaR=3.243(*2.50)  kappaR=0.564(*0.40)  etaM=3.619(*2.50)  kappaM=0.583(*0.50)  eps13=1.821(*1.00)  a13=0.248(*0.18)  etaB13=0.948(*0.95)  kappaB13=0.927(*0.50)  etaM13=0.764(*0.55)  kappaM13=0.422(*0.50)  epsM=1.119(*0.60)  aM=0.310(*0.18)  etaBM=1.349(*1.35)  kappaBM=0.611(*0.50)  epsR=0.865(*0.40)  lambdaC=0.864(*0.85)  epsC=1.682(*0.80)  aC=0.090(*0.08)  etaRC=2.128(*1.50)  kappaRC=0.863(*0.50)  etaBC=2.082(*1.50)  kappaBC=0.726(*0.50)  [558s]
    LBFGS  350/400  L=3.81e-04  | W=1.036(*0.80)  thetaP=0.792(*1.00)  eta13=0.768(*0.75)  kappa13=0.676(*0.55)  lambdaP=2.431(*1.60)  lambda5=1.596(*1.30)  kappa5=0.931(*0.50)  epsP=2.015(*1.00)  rho5=2.282(*1.10)  rhoB=0.681(*1.10)  rho13=0.746(*1.30)  deltaP1=4.391(*3.50)  eps5=2.293(*1.20)  a5=0.348(*0.15)  etaR=3.231(*2.50)  kappaR=0.562(*0.40)  etaM=3.624(*2.50)  kappaM=0.579(*0.50)  eps13=1.821(*1.00)  a13=0.248(*0.18)  etaB13=0.950(*0.95)  kappaB13=0.925(*0.50)  etaM13=0.765(*0.55)  kappaM13=0.423(*0.50)  epsM=1.120(*0.60)  aM=0.310(*0.18)  etaBM=1.343(*1.35)  kappaBM=0.610(*0.50)  epsR=0.864(*0.40)  lambdaC=0.857(*0.85)  epsC=1.680(*0.80)  aC=0.090(*0.08)  etaRC=2.126(*1.50)  kappaRC=0.863(*0.50)  etaBC=2.082(*1.50)  kappaBC=0.725(*0.50)  [581s]
    LBFGS  400/400  L=3.65e-04  | W=1.035(*0.80)  thetaP=0.793(*1.00)  eta13=0.763(*0.75)  kappa13=0.673(*0.55)  lambdaP=2.429(*1.60)  lambda5=1.590(*1.30)  kappa5=0.936(*0.50)  epsP=2.021(*1.00)  rho5=2.272(*1.10)  rhoB=0.677(*1.10)  rho13=0.741(*1.30)  deltaP1=4.388(*3.50)  eps5=2.295(*1.20)  a5=0.353(*0.15)  etaR=3.222(*2.50)  kappaR=0.557(*0.40)  etaM=3.624(*2.50)  kappaM=0.576(*0.50)  eps13=1.819(*1.00)  a13=0.249(*0.18)  etaB13=0.951(*0.95)  kappaB13=0.924(*0.50)  etaM13=0.766(*0.55)  kappaM13=0.422(*0.50)  epsM=1.119(*0.60)  aM=0.312(*0.18)  etaBM=1.333(*1.35)  kappaBM=0.609(*0.50)  epsR=0.877(*0.40)  lambdaC=0.860(*0.85)  epsC=1.681(*0.80)  aC=0.090(*0.08)  etaRC=2.128(*1.50)  kappaRC=0.862(*0.50)  etaBC=2.077(*1.50)  kappaBC=0.726(*0.50)  [603s]
  recovered {'W': 1.0349718974217494, 'thetaP': 0.7932881530140719, 'eta13': 0.763441169397059, 'kappa13': 0.6729070248148745, 'lambdaP': 2.4287436821111226, 'lambda5': 1.5902094423537663, 'kappa5': 0.9364939390935295, 'epsP': 2.0205588729836825, 'rho5': 2.272445468181531, 'rhoB': 0.6768123754910609, 'rho13': 0.7406192810710082, 'deltaP1': 4.387969696976417, 'eps5': 2.2946055237908873, 'a5': 0.35251253081545275, 'etaR': 3.221650348265228, 'kappaR': 0.5574753458914765, 'etaM': 3.6242891863545776, 'kappaM': 0.5756938539324699, 'eps13': 1.8187769813068102, 'a13': 0.24859080898580646, 'etaB13': 0.9510360855801034, 'kappaB13': 0.923905733951804, 'etaM13': 0.7656965018225957, 'kappaM13': 0.4223034674565874, 'epsM': 1.1191675946435322, 'aM': 0.3118018861868623, 'etaBM': 1.3329340072311078, 'kappaBM': 0.6087008376310764, 'epsR': 0.876705135419013, 'lambdaC': 0.8597875429064872, 'epsC': 1.6810235817399592, 'aC': 0.08963226067224311, 'etaRC': 2.128061526323036, 'kappaRC': 0.8621444072248937, 'etaBC': 2.076604141842141, 'kappaBC': 0.7257387849858202}  |  true {'W': 0.8, 'thetaP': 1.0, 'eta13': 0.75, 'kappa13': 0.55, 'lambdaP': 1.6, 'lambda5': 1.3, 'kappa5': 0.5, 'epsP': 1.0, 'rho5': 1.1, 'rhoB': 1.1, 'rho13': 1.3, 'deltaP1': 3.5, 'eps5': 1.2, 'a5': 0.15, 'etaR': 2.5, 'kappaR': 0.4, 'etaM': 2.5, 'kappaM': 0.5, 'eps13': 1.0, 'a13': 0.18, 'etaB13': 0.95, 'kappaB13': 0.5, 'etaM13': 0.55, 'kappaM13': 0.5, 'epsM': 0.6, 'aM': 0.18, 'etaBM': 1.35, 'kappaBM': 0.5, 'epsR': 0.4, 'lambdaC': 0.85, 'epsC': 0.8, 'aC': 0.08, 'etaRC': 1.5, 'kappaRC': 0.5, 'etaBC': 1.5, 'kappaBC': 0.5}  (603s)

── Early adenoma ──
  arch 4×256  net params 207,879  unknowns ['W', 'thetaP', 'eta13', 'kappa13', 'lambdaP', 'lambda5', 'kappa5', 'epsP', 'rho5', 'rhoB', 'rho13', 'deltaP1', 'eps5', 'a5', 'etaR', 'kappaR', 'etaM', 'kappaM', 'eps13', 'a13', 'etaB13', 'kappaB13', 'etaM13', 'kappaM13', 'epsM', 'aM', 'etaBM', 'kappaBM', 'epsR', 'lambdaC', 'epsC', 'aC', 'etaRC', 'kappaRC', 'etaBC', 'kappaBC']
  init guess {'W': 1.2, 'thetaP': 0.6, 'eta13': 1.125, 'kappa13': 0.8250000000000002, 'lambdaP': 2.4000000000000004, 'lambda5': 1.9500000000000002, 'kappa5': 0.75, 'epsP': 1.5000000000000002, 'rho5': 1.6500000000000001, 'rhoB': 1.6500000000000001, 'rho13': 1.9500000000000002, 'deltaP1': 5.25, 'eps5': 1.7999999999999998, 'a5': 0.22499999999999998, 'etaR': 3.75, 'kappaR': 0.6000000000000001, 'etaM': 3.75, 'kappaM': 0.75, 'eps13': 1.5000000000000002, 'a13': 0.2700000000000001, 'etaB13': 1.425, 'kappaB13': 0.75, 'etaM13': 0.8250000000000002, 'kappaM13': 0.75, 'epsM': 0.8999999999999999, 'aM': 0.2700000000000001, 'etaBM': 2.0250000000000004, 'kappaBM': 0.75, 'epsR': 0.6000000000000001, 'lambdaC': 1.275, 'epsC': 1.2000000000000002, 'aC': 0.11999999999999998, 'etaRC': 2.25, 'kappaRC': 0.75, 'etaBC': 2.25, 'kappaBC': 0.75}  |  true {'W': 1.0, 'thetaP': 0.75, 'eta13': 0.75, 'kappa13': 0.55, 'lambdaP': 1.6, 'lambda5': 1.3, 'kappa5': 0.5, 'epsP': 1.0, 'rho5': 1.1, 'rhoB': 1.1, 'rho13': 1.3, 'deltaP1': 3.5, 'eps5': 1.2, 'a5': 0.15, 'etaR': 2.5, 'kappaR': 0.4, 'etaM': 2.5, 'kappaM': 0.5, 'eps13': 1.0, 'a13': 0.18, 'etaB13': 0.95, 'kappaB13': 0.5, 'etaM13': 0.55, 'kappaM13': 0.5, 'epsM': 0.6, 'aM': 0.18, 'etaBM': 1.35, 'kappaBM': 0.5, 'epsR': 0.4, 'lambdaC': 0.85, 'epsC': 0.8, 'aC': 0.08, 'etaRC': 1.5, 'kappaRC': 0.5, 'etaBC': 1.5, 'kappaBC': 0.5}
    Adam     1/2000  L=8.65e+00  Ld=1.15e+00  Lp=6.99e-01  Lic=3.40e-01  | W=1.197(*1.00)  thetaP=0.601(*0.75)  <rel.err>=48%  [0s]
