=== Bayesian FORWARD PINN — regime=Normal  device=cuda ===
  Normal                t=[0, 150]  shape=(5000, 7)
  Early adenoma         t=[0, 150]  shape=(5000, 7)
  Cancer-like           t=[0, 150]  shape=(5000, 7)
  Strong APC-mutant     t=[0, 150]  shape=(5000, 7)
  net dim=10,951  obs=40 (noise=0.02)  colloc=800
    [Norm] MAP     1/4000  L=5.622e+02  lr=2.0e-03  [1s]
    [Norm] MAP   500/4000  L=3.459e-01  lr=1.9e-03  [7s]
    [Norm] MAP  1000/4000  L=1.533e-01  lr=1.7e-03  [16s]
    [Norm] MAP  1500/4000  L=1.320e-01  lr=1.4e-03  [24s]
    [Norm] MAP  2000/4000  L=1.265e-01  lr=1.0e-03  [33s]
    [Norm] MAP  2500/4000  L=1.243e-01  lr=6.2e-04  [42s]
    [Norm] MAP  3000/4000  L=1.233e-01  lr=3.0e-04  [50s]
    [Norm] MAP  3500/4000  L=1.228e-01  lr=8.6e-05  [59s]
    [Norm] MAP  4000/4000  L=1.227e-01  lr=1.0e-05  [67s]
  calibrated sigma: data=1.959e-02  ic=1.373e-03  phys=1.640e-03
    [Norm] dim=10951  eps0=2.441e-05
    [Norm] warm-varA  100/120  eps=0.0000  acc=0.74  U=1246.3 [90s]
    [Norm] warm-fine  100/120  eps=0.0001  acc=0.73  U=996.0 [189s]
    [Norm] warmup done: eps=0.0002  mean-acc=0.74
    [Norm] draw   100/600  acc=0.92  U=920.8  [249s]
    [Norm] draw   200/600  acc=0.92  U=871.4  [299s]
