=== Bayesian FORWARD PINN — regime=Strong APC-mutant  device=cuda ===
  Normal                t=[0, 150]  shape=(5000, 7)
  Early adenoma         t=[0, 150]  shape=(5000, 7)
  Cancer-like           t=[0, 150]  shape=(5000, 7)
  Strong APC-mutant     t=[0, 150]  shape=(5000, 7)
  net dim=10,951  obs=40 (noise=0.02)  colloc=800
    [Stro] MAP     1/4000  L=7.018e+02  lr=2.0e-03  [1s]
    [Stro] MAP   500/4000  L=2.543e-01  lr=1.9e-03  [9s]
    [Stro] MAP  1000/4000  L=1.407e-01  lr=1.7e-03  [18s]
    [Stro] MAP  1500/4000  L=1.198e-01  lr=1.4e-03  [26s]
    [Stro] MAP  2000/4000  L=1.136e-01  lr=1.0e-03  [35s]
    [Stro] MAP  2500/4000  L=1.115e-01  lr=6.2e-04  [44s]
    [Stro] MAP  3000/4000  L=1.106e-01  lr=3.0e-04  [52s]
    [Stro] MAP  3500/4000  L=1.103e-01  lr=8.6e-05  [61s]
    [Stro] MAP  4000/4000  L=1.102e-01  lr=1.0e-05  [69s]
  calibrated sigma: data=1.874e-02  ic=1.115e-03  phys=1.449e-03
    [Stro] dim=10951  eps0=2.441e-05
    [Stro] warm-varA  100/120  eps=0.0000  acc=0.74  U=1390.3 [90s]
    [Stro] warm-fine  100/120  eps=0.0002  acc=0.73  U=1176.8 [190s]
    [Stro] warmup done: eps=0.0002  mean-acc=0.74
    [Stro] draw   100/600  acc=0.92  U=1046.3  [250s]
    [Stro] draw   200/600  acc=0.91  U=994.2  [300s]
