=== Bayesian inverse PINN — regime=Advanced Adenoma device=cuda ===
  Normal               ctrl       t=[0, 150]  shape=(5000, 7)
  Normal               noATRA     t=[0, 150]  shape=(5000, 7)
  Normal               earlyATRA  t=[0, 150]  shape=(5000, 7)
  Normal               lateATRA   t=[0, 150]  shape=(5000, 7)
  Normal               lowATRA    t=[0, 150]  shape=(5000, 7)
  Normal               strongCirc t=[0, 150]  shape=(5000, 7)
  Normal               wntPulse   t=[0, 150]  shape=(5000, 7)
  Normal               wntInhib   t=[0, 150]  shape=(5000, 7)
  Normal               mycPulse   t=[0, 150]  shape=(5000, 7)
  Normal               wntRAcombo t=[0, 150]  shape=(5000, 7)
  Early Adenoma        ctrl       t=[0, 150]  shape=(5000, 7)
  Early Adenoma        noATRA     t=[0, 150]  shape=(5000, 7)
  Early Adenoma        earlyATRA  t=[0, 150]  shape=(5000, 7)
  Early Adenoma        lateATRA   t=[0, 150]  shape=(5000, 7)
  Early Adenoma        lowATRA    t=[0, 150]  shape=(5000, 7)
  Early Adenoma        strongCirc t=[0, 150]  shape=(5000, 7)
  Early Adenoma        wntPulse   t=[0, 150]  shape=(5000, 7)
  Early Adenoma        wntInhib   t=[0, 150]  shape=(5000, 7)
  Early Adenoma        mycPulse   t=[0, 150]  shape=(5000, 7)
  Early Adenoma        wntRAcombo t=[0, 150]  shape=(5000, 7)
  Advanced Adenoma     ctrl       t=[0, 150]  shape=(5000, 7)
  Advanced Adenoma     noATRA     t=[0, 150]  shape=(5000, 7)
  Advanced Adenoma     earlyATRA  t=[0, 150]  shape=(5000, 7)
  Advanced Adenoma     lateATRA   t=[0, 150]  shape=(5000, 7)
  Advanced Adenoma     lowATRA    t=[0, 150]  shape=(5000, 7)
  Advanced Adenoma     strongCirc t=[0, 150]  shape=(5000, 7)
  Advanced Adenoma     wntPulse   t=[0, 150]  shape=(5000, 7)
  Advanced Adenoma     wntInhib   t=[0, 150]  shape=(5000, 7)
  Advanced Adenoma     mycPulse   t=[0, 150]  shape=(5000, 7)
  Advanced Adenoma     wntRAcombo t=[0, 150]  shape=(5000, 7)
  Severe APC Loss      ctrl       t=[0, 150]  shape=(5000, 7)
  Severe APC Loss      noATRA     t=[0, 150]  shape=(5000, 7)
  Severe APC Loss      earlyATRA  t=[0, 150]  shape=(5000, 7)
  Severe APC Loss      lateATRA   t=[0, 150]  shape=(5000, 7)
  Severe APC Loss      lowATRA    t=[0, 150]  shape=(5000, 7)
  Severe APC Loss      strongCirc t=[0, 150]  shape=(5000, 7)
  Severe APC Loss      wntPulse   t=[0, 150]  shape=(5000, 7)
  Severe APC Loss      wntInhib   t=[0, 150]  shape=(5000, 7)
  Severe APC Loss      mycPulse   t=[0, 150]  shape=(5000, 7)
  Severe APC Loss      wntRAcombo t=[0, 150]  shape=(5000, 7)
  n_resid=279,930  n_eff=2,800  SSR@MAP=2.799e-02  sigma_res=3.1621e-04
    [Adva] Laplace metric set; eps0=0.01562
    [Adva] warm-init  100/400  eps=0.0044  acc=0.78  U=1319.9 [237s]
    [Adva] warm-init  200/400  eps=0.0054  acc=0.79  U=1305.5 [486s]
    [Adva] warm-init  300/400  eps=0.0065  acc=0.80  U=1300.9 [735s]
    [Adva] warm-init  400/400  eps=0.0048  acc=0.79  U=1291.9 [986s]
    [Adva] warm-covA  100/600  eps=0.0040  acc=0.79  U=1288.2 [1234s]
    [Adva] warm-covA  200/600  eps=0.0027  acc=0.79  U=1282.3 [1482s]
    [Adva] warm-covA  300/600  eps=0.0053  acc=0.80  U=1279.1 [1730s]
    [Adva] warm-covA  400/600  eps=0.0029  acc=0.79  U=1280.5 [1983s]
    [Adva] warm-covA  500/600  eps=0.0028  acc=0.80  U=1275.0 [2229s]
    [Adva] warm-covA  600/600  eps=0.0019  acc=0.79  U=1280.4 [2477s]
    [Adva] warm-covB  100/400  eps=0.0034  acc=0.78  U=1273.5 [2728s]
    [Adva] warm-covB  200/400  eps=0.0036  acc=0.79  U=1268.7 [2979s]
    [Adva] warm-covB  300/400  eps=0.0034  acc=0.79  U=1270.3 [3232s]
    [Adva] warm-covB  400/400  eps=0.0057  acc=0.80  U=1267.0 [3480s]
    [Adva] warm-fine  100/600  eps=0.0103  acc=0.78  U=1267.5 [3733s]
    [Adva] warm-fine  200/600  eps=0.0028  acc=0.78  U=1263.6 [3980s]
    [Adva] warm-fine  300/600  eps=0.0055  acc=0.80  U=1265.6 [4229s]
    [Adva] warm-fine  400/600  eps=0.0063  acc=0.80  U=1265.3 [4482s]
    [Adva] warm-fine  500/600  eps=0.0036  acc=0.79  U=1268.0 [4731s]
    [Adva] warm-fine  600/600  eps=0.0064  acc=0.80  U=1262.1 [4983s]
    [Adva] warmup done: eps=0.0050  mean-acc=0.79
    [Adva] draw   100/2000  acc=0.91  U=1257.9  [5228s]
    [Adva] draw   200/2000  acc=0.95  U=1254.2  [5468s]
    [Adva] draw   300/2000  acc=0.89  U=1255.8  [5706s]
    [Adva] draw   400/2000  acc=0.86  U=1252.5  [5941s]
    [Adva] draw   500/2000  acc=0.79  U=1256.6  [6176s]
    [Adva] draw   600/2000  acc=0.79  U=1252.9  [6413s]
    [Adva] draw   700/2000  acc=0.92  U=1251.8  [6650s]
    [Adva] draw   800/2000  acc=0.94  U=1252.3  [6885s]
    [Adva] draw   900/2000  acc=0.83  U=1251.6  [7122s]
    [Adva] draw  1000/2000  acc=0.92  U=1250.9  [7357s]
    [Adva] draw  1100/2000  acc=0.90  U=1251.1  [7593s]
    [Adva] draw  1200/2000  acc=0.85  U=1255.3  [7819s]
    [Adva] draw  1300/2000  acc=0.87  U=1252.6  [8042s]
    [Adva] draw  1400/2000  acc=0.87  U=1250.6  [8262s]
    [Adva] draw  1500/2000  acc=0.86  U=1245.7  [8482s]
    [Adva] draw  1600/2000  acc=0.89  U=1245.9  [8707s]
    [Adva] draw  1700/2000  acc=0.87  U=1246.8  [8928s]
    [Adva] draw  1800/2000  acc=0.89  U=1249.7  [9144s]
    [Adva] draw  1900/2000  acc=0.91  U=1247.6  [9366s]
    [Adva] draw  2000/2000  acc=0.86  U=1242.3  [9584s]
/home/29/aidahxr/.local/lib/python3.12/site-packages/matplotlib/projections/__init__.py:63: UserWarning: Unable to import Axes3D. This may be due to multiple versions of Matplotlib being installed (e.g. as a system package and as a pip package). As a result, the 3D projection is not available.
  warnings.warn("Unable to import Axes3D. This may be due to multiple versions of "

  [Advanced_Adenoma] GATE=FAIL  (ESS med=8 min=3 need>=200 -> FAIL;  covers_true=7/36 need>=33 -> FAIL)
  [Advanced_Adenoma] !! verdicts below are NOT trustworthy until the gate passes — do not report IDENT/NON-IDENT counts
  [Advanced_Adenoma] accept=0.88  IDENT=36 WEAK=0 NON-IDENT=0 /36  CI covers truth: 7/36
          W: post=0.832±0.014 true=1.500  CI95=0.803..0.857  [IDENT]  ess=12
     thetaP: post=0.441±0.034 true=0.500  CI95=0.381..0.531  [IDENT]  ess=4
  [Advanced_Adenoma] DONE
