=== Bayesian inverse PINN — regime=Normal device=cuda ===
  Normal               ctrl       t=[0, 150]  shape=(5000, 7)
  Normal               noATRA     t=[0, 150]  shape=(5000, 7)
  Normal               earlyATRA  t=[0, 150]  shape=(5000, 7)
  Normal               lateATRA   t=[0, 150]  shape=(5000, 7)
  Normal               lowATRA    t=[0, 150]  shape=(5000, 7)
  Normal               strongCirc t=[0, 150]  shape=(5000, 7)
  Normal               wntPulse   t=[0, 150]  shape=(5000, 7)
  Normal               wntInhib   t=[0, 150]  shape=(5000, 7)
  Normal               mycPulse   t=[0, 150]  shape=(5000, 7)
  Normal               wntRAcombo t=[0, 150]  shape=(5000, 7)
  Early Adenoma        ctrl       t=[0, 150]  shape=(5000, 7)
  Early Adenoma        noATRA     t=[0, 150]  shape=(5000, 7)
  Early Adenoma        earlyATRA  t=[0, 150]  shape=(5000, 7)
  Early Adenoma        lateATRA   t=[0, 150]  shape=(5000, 7)
  Early Adenoma        lowATRA    t=[0, 150]  shape=(5000, 7)
  Early Adenoma        strongCirc t=[0, 150]  shape=(5000, 7)
  Early Adenoma        wntPulse   t=[0, 150]  shape=(5000, 7)
  Early Adenoma        wntInhib   t=[0, 150]  shape=(5000, 7)
  Early Adenoma        mycPulse   t=[0, 150]  shape=(5000, 7)
  Early Adenoma        wntRAcombo t=[0, 150]  shape=(5000, 7)
  Advanced Adenoma     ctrl       t=[0, 150]  shape=(5000, 7)
  Advanced Adenoma     noATRA     t=[0, 150]  shape=(5000, 7)
  Advanced Adenoma     earlyATRA  t=[0, 150]  shape=(5000, 7)
  Advanced Adenoma     lateATRA   t=[0, 150]  shape=(5000, 7)
  Advanced Adenoma     lowATRA    t=[0, 150]  shape=(5000, 7)
  Advanced Adenoma     strongCirc t=[0, 150]  shape=(5000, 7)
  Advanced Adenoma     wntPulse   t=[0, 150]  shape=(5000, 7)
  Advanced Adenoma     wntInhib   t=[0, 150]  shape=(5000, 7)
  Advanced Adenoma     mycPulse   t=[0, 150]  shape=(5000, 7)
  Advanced Adenoma     wntRAcombo t=[0, 150]  shape=(5000, 7)
  Severe APC Loss      ctrl       t=[0, 150]  shape=(5000, 7)
  Severe APC Loss      noATRA     t=[0, 150]  shape=(5000, 7)
  Severe APC Loss      earlyATRA  t=[0, 150]  shape=(5000, 7)
  Severe APC Loss      lateATRA   t=[0, 150]  shape=(5000, 7)
  Severe APC Loss      lowATRA    t=[0, 150]  shape=(5000, 7)
  Severe APC Loss      strongCirc t=[0, 150]  shape=(5000, 7)
  Severe APC Loss      wntPulse   t=[0, 150]  shape=(5000, 7)
  Severe APC Loss      wntInhib   t=[0, 150]  shape=(5000, 7)
  Severe APC Loss      mycPulse   t=[0, 150]  shape=(5000, 7)
  Severe APC Loss      wntRAcombo t=[0, 150]  shape=(5000, 7)
  n_resid=279,930  n_eff=2,800  SSR@MAP=4.150e-02  sigma_res=3.8501e-04
    [Norm] Laplace metric set; eps0=0.03125
    [Norm] warm-init  100/400  eps=0.0023  acc=0.77  U=1164.2 [231s]
    [Norm] warm-init  200/400  eps=0.0037  acc=0.79  U=1157.2 [479s]
    [Norm] warm-init  300/400  eps=0.0073  acc=0.80  U=1163.2 [729s]
    [Norm] warm-init  400/400  eps=0.0055  acc=0.79  U=1152.9 [982s]
    [Norm] warm-covA  100/600  eps=0.0060  acc=0.79  U=1156.3 [1230s]
    [Norm] warm-covA  200/600  eps=0.0102  acc=0.80  U=1156.7 [1479s]
    [Norm] warm-covA  300/600  eps=0.0036  acc=0.79  U=1158.4 [1725s]
    [Norm] warm-covA  400/600  eps=0.0043  acc=0.80  U=1162.0 [1973s]
    [Norm] warm-covA  500/600  eps=0.0061  acc=0.80  U=1156.8 [2222s]
    [Norm] warm-covA  600/600  eps=0.0056  acc=0.80  U=1157.8 [2469s]
    [Norm] warm-covB  100/400  eps=0.0033  acc=0.78  U=1148.6 [2716s]
    [Norm] warm-covB  200/400  eps=0.0095  acc=0.80  U=1152.0 [2968s]
    [Norm] warm-covB  300/400  eps=0.0078  acc=0.79  U=1160.9 [3216s]
    [Norm] warm-covB  400/400  eps=0.0132  acc=0.80  U=1149.1 [3461s]
    [Norm] warm-fine  100/600  eps=0.0078  acc=0.78  U=1150.4 [3711s]
    [Norm] warm-fine  200/600  eps=0.0087  acc=0.79  U=1150.8 [3958s]
    [Norm] warm-fine  300/600  eps=0.0090  acc=0.79  U=1155.0 [4207s]
    [Norm] warm-fine  400/600  eps=0.0112  acc=0.80  U=1150.8 [4461s]
    [Norm] warm-fine  500/600  eps=0.0074  acc=0.79  U=1154.5 [4708s]
    [Norm] warm-fine  600/600  eps=0.0061  acc=0.79  U=1154.5 [4952s]
    [Norm] warmup done: eps=0.0107  mean-acc=0.79
    [Norm] draw   100/2000  acc=0.90  U=1147.4  [5195s]
    [Norm] draw   200/2000  acc=0.88  U=1150.3  [5434s]
    [Norm] draw   300/2000  acc=0.89  U=1157.2  [5670s]
    [Norm] draw   400/2000  acc=0.91  U=1154.4  [5910s]
    [Norm] draw   500/2000  acc=0.89  U=1148.2  [6148s]
    [Norm] draw   600/2000  acc=0.92  U=1147.6  [6385s]
    [Norm] draw   700/2000  acc=0.90  U=1150.3  [6621s]
    [Norm] draw   800/2000  acc=0.85  U=1155.6  [6861s]
    [Norm] draw   900/2000  acc=0.89  U=1143.8  [7094s]
    [Norm] draw  1000/2000  acc=0.88  U=1149.9  [7335s]
    [Norm] draw  1100/2000  acc=0.88  U=1148.7  [7573s]
    [Norm] draw  1200/2000  acc=0.91  U=1151.9  [7809s]
    [Norm] draw  1300/2000  acc=0.87  U=1146.5  [8032s]
    [Norm] draw  1400/2000  acc=0.90  U=1151.0  [8250s]
    [Norm] draw  1500/2000  acc=0.88  U=1146.6  [8470s]
    [Norm] draw  1600/2000  acc=0.88  U=1142.7  [8690s]
    [Norm] draw  1700/2000  acc=0.87  U=1151.4  [8911s]
    [Norm] draw  1800/2000  acc=0.88  U=1152.3  [9131s]
    [Norm] draw  1900/2000  acc=0.88  U=1150.4  [9349s]
    [Norm] draw  2000/2000  acc=0.90  U=1145.7  [9567s]
/home/29/aidahxr/.local/lib/python3.12/site-packages/matplotlib/projections/__init__.py:63: UserWarning: Unable to import Axes3D. This may be due to multiple versions of Matplotlib being installed (e.g. as a system package and as a pip package). As a result, the 3D projection is not available.
  warnings.warn("Unable to import Axes3D. This may be due to multiple versions of "

  [Normal] GATE=FAIL  (ESS med=13 min=3 need>=200 -> FAIL;  covers_true=19/36 need>=33 -> FAIL)
  [Normal] !! verdicts below are NOT trustworthy until the gate passes — do not report IDENT/NON-IDENT counts
  [Normal] accept=0.89  IDENT=34 WEAK=2 NON-IDENT=0 /36  CI covers truth: 19/36
          W: post=0.750±0.007 true=0.800  CI95=0.739..0.769  [IDENT]  ess=4
     thetaP: post=0.997±0.002 true=1.000  CI95=0.993..0.999  [WEAK]  ess=33
  [Normal] DONE
