=== Bayesian inverse PINN — regime=Severe APC Loss device=cuda ===
  Normal               ctrl       t=[0, 150]  shape=(5000, 7)
  Normal               noATRA     t=[0, 150]  shape=(5000, 7)
  Normal               earlyATRA  t=[0, 150]  shape=(5000, 7)
  Normal               lateATRA   t=[0, 150]  shape=(5000, 7)
  Normal               lowATRA    t=[0, 150]  shape=(5000, 7)
  Normal               strongCirc t=[0, 150]  shape=(5000, 7)
  Normal               wntPulse   t=[0, 150]  shape=(5000, 7)
  Normal               wntInhib   t=[0, 150]  shape=(5000, 7)
  Normal               mycPulse   t=[0, 150]  shape=(5000, 7)
  Normal               wntRAcombo t=[0, 150]  shape=(5000, 7)
  Early Adenoma        ctrl       t=[0, 150]  shape=(5000, 7)
  Early Adenoma        noATRA     t=[0, 150]  shape=(5000, 7)
  Early Adenoma        earlyATRA  t=[0, 150]  shape=(5000, 7)
  Early Adenoma        lateATRA   t=[0, 150]  shape=(5000, 7)
  Early Adenoma        lowATRA    t=[0, 150]  shape=(5000, 7)
  Early Adenoma        strongCirc t=[0, 150]  shape=(5000, 7)
  Early Adenoma        wntPulse   t=[0, 150]  shape=(5000, 7)
  Early Adenoma        wntInhib   t=[0, 150]  shape=(5000, 7)
  Early Adenoma        mycPulse   t=[0, 150]  shape=(5000, 7)
  Early Adenoma        wntRAcombo t=[0, 150]  shape=(5000, 7)
  Advanced Adenoma     ctrl       t=[0, 150]  shape=(5000, 7)
  Advanced Adenoma     noATRA     t=[0, 150]  shape=(5000, 7)
  Advanced Adenoma     earlyATRA  t=[0, 150]  shape=(5000, 7)
  Advanced Adenoma     lateATRA   t=[0, 150]  shape=(5000, 7)
  Advanced Adenoma     lowATRA    t=[0, 150]  shape=(5000, 7)
  Advanced Adenoma     strongCirc t=[0, 150]  shape=(5000, 7)
  Advanced Adenoma     wntPulse   t=[0, 150]  shape=(5000, 7)
  Advanced Adenoma     wntInhib   t=[0, 150]  shape=(5000, 7)
  Advanced Adenoma     mycPulse   t=[0, 150]  shape=(5000, 7)
  Advanced Adenoma     wntRAcombo t=[0, 150]  shape=(5000, 7)
  Severe APC Loss      ctrl       t=[0, 150]  shape=(5000, 7)
  Severe APC Loss      noATRA     t=[0, 150]  shape=(5000, 7)
  Severe APC Loss      earlyATRA  t=[0, 150]  shape=(5000, 7)
  Severe APC Loss      lateATRA   t=[0, 150]  shape=(5000, 7)
  Severe APC Loss      lowATRA    t=[0, 150]  shape=(5000, 7)
  Severe APC Loss      strongCirc t=[0, 150]  shape=(5000, 7)
  Severe APC Loss      wntPulse   t=[0, 150]  shape=(5000, 7)
  Severe APC Loss      wntInhib   t=[0, 150]  shape=(5000, 7)
  Severe APC Loss      mycPulse   t=[0, 150]  shape=(5000, 7)
  Severe APC Loss      wntRAcombo t=[0, 150]  shape=(5000, 7)
  n_resid=279,930  n_eff=2,800  SSR@MAP=4.069e-02  sigma_res=3.8127e-04
    [Seve] Laplace metric set; eps0=0.03125
    [Seve] warm-init  100/400  eps=0.0015  acc=0.77  U=1228.1 [244s]
    [Seve] warm-init  200/400  eps=0.0039  acc=0.80  U=1184.1 [491s]
    [Seve] warm-init  300/400  eps=0.0055  acc=0.80  U=1186.0 [737s]
    [Seve] warm-init  400/400  eps=0.0065  acc=0.80  U=1175.2 [984s]
    [Seve] warm-covA  100/600  eps=0.0047  acc=0.79  U=1174.3 [1232s]
    [Seve] warm-covA  200/600  eps=0.0085  acc=0.80  U=1164.7 [1480s]
    [Seve] warm-covA  300/600  eps=0.0111  acc=0.80  U=1159.5 [1724s]
    [Seve] warm-covA  400/600  eps=0.0042  acc=0.79  U=1163.1 [1973s]
    [Seve] warm-covA  500/600  eps=0.0046  acc=0.80  U=1164.2 [2219s]
    [Seve] warm-covA  600/600  eps=0.0067  acc=0.80  U=1160.6 [2469s]
    [Seve] warm-covB  100/400  eps=0.0147  acc=0.78  U=1151.1 [2724s]
    [Seve] warm-covB  200/400  eps=0.0184  acc=0.79  U=1151.7 [2973s]
    [Seve] warm-covB  300/400  eps=0.0163  acc=0.79  U=1155.7 [3224s]
    [Seve] warm-covB  400/400  eps=0.0216  acc=0.80  U=1139.8 [3472s]
    [Seve] warm-fine  100/600  eps=0.0103  acc=0.78  U=1138.7 [3722s]
    [Seve] warm-fine  200/600  eps=0.0053  acc=0.79  U=1128.5 [3971s]
    [Seve] warm-fine  300/600  eps=0.0088  acc=0.80  U=1132.4 [4220s]
    [Seve] warm-fine  400/600  eps=0.0115  acc=0.80  U=1131.6 [4471s]
    [Seve] warm-fine  500/600  eps=0.0083  acc=0.79  U=1129.0 [4721s]
    [Seve] warm-fine  600/600  eps=0.0088  acc=0.80  U=1115.7 [4970s]
    [Seve] warmup done: eps=0.0093  mean-acc=0.79
    [Seve] draw   100/2000  acc=0.90  U=1118.1  [5217s]
    [Seve] draw   200/2000  acc=0.88  U=1114.7  [5456s]
    [Seve] draw   300/2000  acc=0.68  U=1120.2  [5695s]
    [Seve] draw   400/2000  acc=0.83  U=1111.1  [5933s]
    [Seve] draw   500/2000  acc=0.92  U=1112.5  [6171s]
    [Seve] draw   600/2000  acc=0.89  U=1111.1  [6410s]
    [Seve] draw   700/2000  acc=0.91  U=1110.7  [6644s]
    [Seve] draw   800/2000  acc=0.92  U=1112.2  [6882s]
    [Seve] draw   900/2000  acc=0.91  U=1103.0  [7117s]
    [Seve] draw  1000/2000  acc=0.91  U=1102.1  [7355s]
    [Seve] draw  1100/2000  acc=0.85  U=1100.5  [7594s]
    [Seve] draw  1200/2000  acc=0.89  U=1105.2  [7820s]
    [Seve] draw  1300/2000  acc=0.92  U=1110.7  [8040s]
    [Seve] draw  1400/2000  acc=0.86  U=1099.5  [8263s]
    [Seve] draw  1500/2000  acc=0.92  U=1095.8  [8479s]
    [Seve] draw  1600/2000  acc=0.89  U=1103.5  [8703s]
    [Seve] draw  1700/2000  acc=0.89  U=1097.1  [8926s]
    [Seve] draw  1800/2000  acc=0.87  U=1102.5  [9144s]
    [Seve] draw  1900/2000  acc=0.86  U=1091.0  [9366s]
    [Seve] draw  2000/2000  acc=0.83  U=1098.4  [9581s]
/home/29/aidahxr/.local/lib/python3.12/site-packages/matplotlib/projections/__init__.py:63: UserWarning: Unable to import Axes3D. This may be due to multiple versions of Matplotlib being installed (e.g. as a system package and as a pip package). As a result, the 3D projection is not available.
  warnings.warn("Unable to import Axes3D. This may be due to multiple versions of "

  [Severe_APC_Loss] GATE=FAIL  (ESS med=13 min=3 need>=200 -> FAIL;  covers_true=13/36 need>=33 -> FAIL)
  [Severe_APC_Loss] !! verdicts below are NOT trustworthy until the gate passes — do not report IDENT/NON-IDENT counts
  [Severe_APC_Loss] accept=0.88  IDENT=36 WEAK=0 NON-IDENT=0 /36  CI covers truth: 13/36
          W: post=0.913±0.028 true=2.000  CI95=0.858..0.969  [IDENT]  ess=14
     thetaP: post=0.275±0.024 true=0.250  CI95=0.221..0.315  [IDENT]  ess=5
  [Severe_APC_Loss] DONE
