=== depletion queue  starts=3  2026-08-01T21:15:30+00:00
[queue] START control  2026-08-01T21:15:30+00:00
variant=control
HYBRID_TERM=none
HYBRID_PARAM=gated
HYBRID_CONSTRAINT=anchored
HYBRID_WD=1e-8
HYBRID_FREEZE=0
HYBRID_STATE=
HYBRID_DEPLETION=1
starts=3
started=2026-08-01T21:15:30+00:00
[prep] building reference trajectories -> /home/29/aidahxr/PINN-Research/PINN-hybrid-ude/runs/20260801_211530_control_dep/refs.pkl
  Normal               ctrl       t=[0, 150]  shape=(5000, 7)
  Normal               noATRA     t=[0, 150]  shape=(5000, 7)
  Normal               earlyATRA  t=[0, 150]  shape=(5000, 7)
  Normal               lateATRA   t=[0, 150]  shape=(5000, 7)
  Normal               lowATRA    t=[0, 150]  shape=(5000, 7)
  Normal               strongCirc t=[0, 150]  shape=(5000, 7)
  Normal               wntPulse   t=[0, 150]  shape=(5000, 7)
  Normal               wntInhib   t=[0, 150]  shape=(5000, 7)
  Normal               mycPulse   t=[0, 150]  shape=(5000, 7)
  Normal               wntRAcombo t=[0, 150]  shape=(5000, 7)
  Normal               wntKO      t=[0, 150]  shape=(5000, 7)
  Normal               raKO       t=[0, 150]  shape=(5000, 7)
  Early Adenoma        ctrl       t=[0, 150]  shape=(5000, 7)
  Early Adenoma        noATRA     t=[0, 150]  shape=(5000, 7)
  Early Adenoma        earlyATRA  t=[0, 150]  shape=(5000, 7)
  Early Adenoma        lateATRA   t=[0, 150]  shape=(5000, 7)
  Early Adenoma        lowATRA    t=[0, 150]  shape=(5000, 7)
  Early Adenoma        strongCirc t=[0, 150]  shape=(5000, 7)
  Early Adenoma        wntPulse   t=[0, 150]  shape=(5000, 7)
  Early Adenoma        wntInhib   t=[0, 150]  shape=(5000, 7)
  Early Adenoma        mycPulse   t=[0, 150]  shape=(5000, 7)
  Early Adenoma        wntRAcombo t=[0, 150]  shape=(5000, 7)
  Early Adenoma        wntKO      t=[0, 150]  shape=(5000, 7)
  Early Adenoma        raKO       t=[0, 150]  shape=(5000, 7)
  Advanced Adenoma     ctrl       t=[0, 150]  shape=(5000, 7)
  Advanced Adenoma     noATRA     t=[0, 150]  shape=(5000, 7)
  Advanced Adenoma     earlyATRA  t=[0, 150]  shape=(5000, 7)
  Advanced Adenoma     lateATRA   t=[0, 150]  shape=(5000, 7)
  Advanced Adenoma     lowATRA    t=[0, 150]  shape=(5000, 7)
  Advanced Adenoma     strongCirc t=[0, 150]  shape=(5000, 7)
  Advanced Adenoma     wntPulse   t=[0, 150]  shape=(5000, 7)
  Advanced Adenoma     wntInhib   t=[0, 150]  shape=(5000, 7)
  Advanced Adenoma     mycPulse   t=[0, 150]  shape=(5000, 7)
  Advanced Adenoma     wntRAcombo t=[0, 150]  shape=(5000, 7)
  Advanced Adenoma     wntKO      t=[0, 150]  shape=(5000, 7)
  Advanced Adenoma     raKO       t=[0, 150]  shape=(5000, 7)
  Severe APC Loss      ctrl       t=[0, 150]  shape=(5000, 7)
  Severe APC Loss      noATRA     t=[0, 150]  shape=(5000, 7)
  Severe APC Loss      earlyATRA  t=[0, 150]  shape=(5000, 7)
  Severe APC Loss      lateATRA   t=[0, 150]  shape=(5000, 7)
  Severe APC Loss      lowATRA    t=[0, 150]  shape=(5000, 7)
  Severe APC Loss      strongCirc t=[0, 150]  shape=(5000, 7)
  Severe APC Loss      wntPulse   t=[0, 150]  shape=(5000, 7)
  Severe APC Loss      wntInhib   t=[0, 150]  shape=(5000, 7)
  Severe APC Loss      mycPulse   t=[0, 150]  shape=(5000, 7)
  Severe APC Loss      wntRAcombo t=[0, 150]  shape=(5000, 7)
  Severe APC Loss      wntKO      t=[0, 150]  shape=(5000, 7)
  Severe APC Loss      raKO       t=[0, 150]  shape=(5000, 7)
wrote refs cache -> /home/29/aidahxr/PINN-Research/PINN-hybrid-ude/runs/20260801_211530_control_dep/refs.pkl
[run] variant=control starts=3  4 regimes in parallel
  launched Normal (pid 3301031) -> /home/29/aidahxr/PINN-Research/PINN-hybrid-ude/runs/20260801_211530_control_dep/Normal.log
  launched Early Adenoma (pid 3301032) -> /home/29/aidahxr/PINN-Research/PINN-hybrid-ude/runs/20260801_211530_control_dep/Early_Adenoma.log
  launched Advanced Adenoma (pid 3301033) -> /home/29/aidahxr/PINN-Research/PINN-hybrid-ude/runs/20260801_211530_control_dep/Advanced_Adenoma.log
  launched Severe APC Loss (pid 3301034) -> /home/29/aidahxr/PINN-Research/PINN-hybrid-ude/runs/20260801_211530_control_dep/Severe_APC_Loss.log
[done] variant=control  (fail=0)

run: /home/29/aidahxr/PINN-Research/PINN-hybrid-ude/runs/20260801_211530_control_dep
variant=control  term=None  param=gated  constraint=anchored  wd=1e-08

regime                under10%   of  termNRMSE  gate_lo
Normal                      19   36          -
Early Adenoma               18   36          -
Advanced Adenoma            15   36          -
Severe APC Loss             15   36          -
TOTAL                       67     

(pass a control run dir as argv[2] for the H2 localisation test)
/home/29/aidahxr/.local/lib/python3.12/site-packages/matplotlib/projections/__init__.py:63: UserWarning: Unable to import Axes3D. This may be due to multiple versions of Matplotlib being installed (e.g. as a system package and as a pip package). As a result, the 3D projection is not available.
  warnings.warn("Unable to import Axes3D. This may be due to multiple versions of "
[plot_learned_term] no *_term.json -- mechanistic control run?
[queue] END   control  rc=0  2026-08-02T01:05:26+00:00
[queue] depletion control: [queue] START control  2026-08-01T21:15:30+00:00
variant=control
HYBRID_TERM=none
HYBRID_PARAM=gated
HYBRID_CONSTRAINT=anchored
HYBRID_WD=1e-8
HYBRID_FREEZE=0
HYBRID_STATE=
HYBRID_DEPLETION=1
starts=3
started=2026-08-01T21:15:30+00:00
[prep] building reference trajectories -> /home/29/aidahxr/PINN-Research/PINN-hybrid-ude/runs/20260801_211530_control_dep/refs.pkl
  Normal               ctrl       t=[0, 150]  shape=(5000, 7)
  Normal               noATRA     t=[0, 150]  shape=(5000, 7)
  Normal               earlyATRA  t=[0, 150]  shape=(5000, 7)
  Normal               lateATRA   t=[0, 150]  shape=(5000, 7)
  Normal               lowATRA    t=[0, 150]  shape=(5000, 7)
  Normal               strongCirc t=[0, 150]  shape=(5000, 7)
  Normal               wntPulse   t=[0, 150]  shape=(5000, 7)
  Normal               wntInhib   t=[0, 150]  shape=(5000, 7)
  Normal               mycPulse   t=[0, 150]  shape=(5000, 7)
  Normal               wntRAcombo t=[0, 150]  shape=(5000, 7)
  Normal               wntKO      t=[0, 150]  shape=(5000, 7)
  Normal               raKO       t=[0, 150]  shape=(5000, 7)
  Early Adenoma        ctrl       t=[0, 150]  shape=(5000, 7)
  Early Adenoma        noATRA     t=[0, 150]  shape=(5000, 7)
  Early Adenoma        earlyATRA  t=[0, 150]  shape=(5000, 7)
  Early Adenoma        lateATRA   t=[0, 150]  shape=(5000, 7)
  Early Adenoma        lowATRA    t=[0, 150]  shape=(5000, 7)
  Early Adenoma        strongCirc t=[0, 150]  shape=(5000, 7)
  Early Adenoma        wntPulse   t=[0, 150]  shape=(5000, 7)
  Early Adenoma        wntInhib   t=[0, 150]  shape=(5000, 7)
  Early Adenoma        mycPulse   t=[0, 150]  shape=(5000, 7)
  Early Adenoma        wntRAcombo t=[0, 150]  shape=(5000, 7)
  Early Adenoma        wntKO      t=[0, 150]  shape=(5000, 7)
  Early Adenoma        raKO       t=[0, 150]  shape=(5000, 7)
  Advanced Adenoma     ctrl       t=[0, 150]  shape=(5000, 7)
  Advanced Adenoma     noATRA     t=[0, 150]  shape=(5000, 7)
  Advanced Adenoma     earlyATRA  t=[0, 150]  shape=(5000, 7)
  Advanced Adenoma     lateATRA   t=[0, 150]  shape=(5000, 7)
  Advanced Adenoma     lowATRA    t=[0, 150]  shape=(5000, 7)
  Advanced Adenoma     strongCirc t=[0, 150]  shape=(5000, 7)
  Advanced Adenoma     wntPulse   t=[0, 150]  shape=(5000, 7)
  Advanced Adenoma     wntInhib   t=[0, 150]  shape=(5000, 7)
  Advanced Adenoma     mycPulse   t=[0, 150]  shape=(5000, 7)
  Advanced Adenoma     wntRAcombo t=[0, 150]  shape=(5000, 7)
  Advanced Adenoma     wntKO      t=[0, 150]  shape=(5000, 7)
  Advanced Adenoma     raKO       t=[0, 150]  shape=(5000, 7)
  Severe APC Loss      ctrl       t=[0, 150]  shape=(5000, 7)
  Severe APC Loss      noATRA     t=[0, 150]  shape=(5000, 7)
  Severe APC Loss      earlyATRA  t=[0, 150]  shape=(5000, 7)
  Severe APC Loss      lateATRA   t=[0, 150]  shape=(5000, 7)
  Severe APC Loss      lowATRA    t=[0, 150]  shape=(5000, 7)
  Severe APC Loss      strongCirc t=[0, 150]  shape=(5000, 7)
  Severe APC Loss      wntPulse   t=[0, 150]  shape=(5000, 7)
  Severe APC Loss      wntInhib   t=[0, 150]  shape=(5000, 7)
  Severe APC Loss      mycPulse   t=[0, 150]  shape=(5000, 7)
  Severe APC Loss      wntRAcombo t=[0, 150]  shape=(5000, 7)
  Severe APC Loss      wntKO      t=[0, 150]  shape=(5000, 7)
  Severe APC Loss      raKO       t=[0, 150]  shape=(5000, 7)
wrote refs cache -> /home/29/aidahxr/PINN-Research/PINN-hybrid-ude/runs/20260801_211530_control_dep/refs.pkl
[run] variant=control starts=3  4 regimes in parallel
  launched Normal (pid 3301031) -> /home/29/aidahxr/PINN-Research/PINN-hybrid-ude/runs/20260801_211530_control_dep/Normal.log
  launched Early Adenoma (pid 3301032) -> /home/29/aidahxr/PINN-Research/PINN-hybrid-ude/runs/20260801_211530_control_dep/Early_Adenoma.log
  launched Advanced Adenoma (pid 3301033) -> /home/29/aidahxr/PINN-Research/PINN-hybrid-ude/runs/20260801_211530_control_dep/Advanced_Adenoma.log
  launched Severe APC Loss (pid 3301034) -> /home/29/aidahxr/PINN-Research/PINN-hybrid-ude/runs/20260801_211530_control_dep/Severe_APC_Loss.log
[done] variant=control  (fail=0)

run: /home/29/aidahxr/PINN-Research/PINN-hybrid-ude/runs/20260801_211530_control_dep
variant=control  term=None  param=gated  constraint=anchored  wd=1e-08

regime                under10%   of  termNRMSE  gate_lo
Normal                      19   36          -
Early Adenoma               18   36          -
Advanced Adenoma            15   36          -
Severe APC Loss             15   36          -
TOTAL                       67     

(pass a control run dir as argv[2] for the H2 localisation test)
/home/29/aidahxr/.local/lib/python3.12/site-packages/matplotlib/projections/__init__.py:63: UserWarning: Unable to import Axes3D. This may be due to multiple versions of Matplotlib being installed (e.g. as a system package and as a pip package). As a result, the 3D projection is not available.
  warnings.warn("Unable to import Axes3D. This may be due to multiple versions of "
[plot_learned_term] no *_term.json -- mechanistic control run?
[queue] END   control  rc=0  2026-08-02T01:05:26+00:00
/home/29/aidahxr/PINN-Research/PINN-hybrid-ude/runs/20260801_211530_control_dep
[queue] START bm_myc  2026-08-02T01:05:26+00:00
variant=bm_myc
HYBRID_TERM=bm_myc
HYBRID_PARAM=gated
HYBRID_CONSTRAINT=anchored
HYBRID_WD=1e-8
HYBRID_FREEZE=0
HYBRID_STATE=
HYBRID_DEPLETION=1
starts=3
started=2026-08-02T01:05:26+00:00
[prep] building reference trajectories -> /home/29/aidahxr/PINN-Research/PINN-hybrid-ude/runs/20260802_010526_bm_myc_dep/refs.pkl
  Normal               ctrl       t=[0, 150]  shape=(5000, 7)
  Normal               noATRA     t=[0, 150]  shape=(5000, 7)
  Normal               earlyATRA  t=[0, 150]  shape=(5000, 7)
  Normal               lateATRA   t=[0, 150]  shape=(5000, 7)
  Normal               lowATRA    t=[0, 150]  shape=(5000, 7)
  Normal               strongCirc t=[0, 150]  shape=(5000, 7)
  Normal               wntPulse   t=[0, 150]  shape=(5000, 7)
  Normal               wntInhib   t=[0, 150]  shape=(5000, 7)
  Normal               mycPulse   t=[0, 150]  shape=(5000, 7)
  Normal               wntRAcombo t=[0, 150]  shape=(5000, 7)
  Normal               wntKO      t=[0, 150]  shape=(5000, 7)
  Normal               raKO       t=[0, 150]  shape=(5000, 7)
  Early Adenoma        ctrl       t=[0, 150]  shape=(5000, 7)
  Early Adenoma        noATRA     t=[0, 150]  shape=(5000, 7)
  Early Adenoma        earlyATRA  t=[0, 150]  shape=(5000, 7)
  Early Adenoma        lateATRA   t=[0, 150]  shape=(5000, 7)
  Early Adenoma        lowATRA    t=[0, 150]  shape=(5000, 7)
  Early Adenoma        strongCirc t=[0, 150]  shape=(5000, 7)
  Early Adenoma        wntPulse   t=[0, 150]  shape=(5000, 7)
  Early Adenoma        wntInhib   t=[0, 150]  shape=(5000, 7)
  Early Adenoma        mycPulse   t=[0, 150]  shape=(5000, 7)
  Early Adenoma        wntRAcombo t=[0, 150]  shape=(5000, 7)
  Early Adenoma        wntKO      t=[0, 150]  shape=(5000, 7)
  Early Adenoma        raKO       t=[0, 150]  shape=(5000, 7)
  Advanced Adenoma     ctrl       t=[0, 150]  shape=(5000, 7)
  Advanced Adenoma     noATRA     t=[0, 150]  shape=(5000, 7)
  Advanced Adenoma     earlyATRA  t=[0, 150]  shape=(5000, 7)
  Advanced Adenoma     lateATRA   t=[0, 150]  shape=(5000, 7)
  Advanced Adenoma     lowATRA    t=[0, 150]  shape=(5000, 7)
  Advanced Adenoma     strongCirc t=[0, 150]  shape=(5000, 7)
  Advanced Adenoma     wntPulse   t=[0, 150]  shape=(5000, 7)
  Advanced Adenoma     wntInhib   t=[0, 150]  shape=(5000, 7)
  Advanced Adenoma     mycPulse   t=[0, 150]  shape=(5000, 7)
  Advanced Adenoma     wntRAcombo t=[0, 150]  shape=(5000, 7)
  Advanced Adenoma     wntKO      t=[0, 150]  shape=(5000, 7)
  Advanced Adenoma     raKO       t=[0, 150]  shape=(5000, 7)
  Severe APC Loss      ctrl       t=[0, 150]  shape=(5000, 7)
  Severe APC Loss      noATRA     t=[0, 150]  shape=(5000, 7)
  Severe APC Loss      earlyATRA  t=[0, 150]  shape=(5000, 7)
  Severe APC Loss      lateATRA   t=[0, 150]  shape=(5000, 7)
  Severe APC Loss      lowATRA    t=[0, 150]  shape=(5000, 7)
  Severe APC Loss      strongCirc t=[0, 150]  shape=(5000, 7)
  Severe APC Loss      wntPulse   t=[0, 150]  shape=(5000, 7)
  Severe APC Loss      wntInhib   t=[0, 150]  shape=(5000, 7)
  Severe APC Loss      mycPulse   t=[0, 150]  shape=(5000, 7)
  Severe APC Loss      wntRAcombo t=[0, 150]  shape=(5000, 7)
  Severe APC Loss      wntKO      t=[0, 150]  shape=(5000, 7)
  Severe APC Loss      raKO       t=[0, 150]  shape=(5000, 7)
wrote refs cache -> /home/29/aidahxr/PINN-Research/PINN-hybrid-ude/runs/20260802_010526_bm_myc_dep/refs.pkl
[run] variant=bm_myc starts=3  4 regimes in parallel
  launched Normal (pid 3823468) -> /home/29/aidahxr/PINN-Research/PINN-hybrid-ude/runs/20260802_010526_bm_myc_dep/Normal.log
  launched Early Adenoma (pid 3823469) -> /home/29/aidahxr/PINN-Research/PINN-hybrid-ude/runs/20260802_010526_bm_myc_dep/Early_Adenoma.log
  launched Advanced Adenoma (pid 3823470) -> /home/29/aidahxr/PINN-Research/PINN-hybrid-ude/runs/20260802_010526_bm_myc_dep/Advanced_Adenoma.log
  launched Severe APC Loss (pid 3823471) -> /home/29/aidahxr/PINN-Research/PINN-hybrid-ude/runs/20260802_010526_bm_myc_dep/Severe_APC_Loss.log
[done] variant=bm_myc  (fail=0)

run: /home/29/aidahxr/PINN-Research/PINN-hybrid-ude/runs/20260802_010526_bm_myc_dep
variant=bm_myc  term=bm_myc  param=gated  constraint=anchored  wd=1e-08

regime                under10%   of  termNRMSE  gate_lo
Normal                      15   34       2.3%     0.14  anchor BINDS
Early Adenoma               16   34       2.4%     0.14  anchor BINDS
Advanced Adenoma            13   34       2.9%     0.13  anchor BINDS
Severe APC Loss             13   34       2.7%     0.12  anchor BINDS
TOTAL                       57     

(pass a control run dir as argv[2] for the H2 localisation test)
/home/29/aidahxr/.local/lib/python3.12/site-packages/matplotlib/projections/__init__.py:63: UserWarning: Unable to import Axes3D. This may be due to multiple versions of Matplotlib being installed (e.g. as a system package and as a pip package). As a result, the 3D projection is not available.
  warnings.warn("Unable to import Axes3D. This may be due to multiple versions of "

learned term 'bm_myc' -- functional identifiability
regime                            range      RMSE    NRMSE
Normal               [ 0.021, 1.431]    0.0203    2.3%
Early Adenoma        [ 0.028, 1.882]    0.0233    2.4%
Advanced Adenoma     [ 0.033, 2.463]    0.0305    2.9%
Severe APC Loss      [ 0.038, 3.009]    0.0299    2.7%

wrote /home/29/aidahxr/PINN-Research/PINN-hybrid-ude/runs/20260802_010526_bm_myc_dep/learned_term_bm_myc.png
[queue] END   bm_myc  rc=0  2026-08-02T04:15:45+00:00

########## 20260802_010526_bm_myc_dep  vs  20260801_211530_control_dep  [+2 depletion conditions] ##########
no *_recovered.json in [queue] START bm_myc  2026-08-02T01:05:26+00:00
variant=bm_myc
HYBRID_TERM=bm_myc
HYBRID_PARAM=gated
HYBRID_CONSTRAINT=anchored
HYBRID_WD=1e-8
HYBRID_FREEZE=0
HYBRID_STATE=
HYBRID_DEPLETION=1
starts=3
started=2026-08-02T01:05:26+00:00
[prep] building reference trajectories -> /home/29/aidahxr/PINN-Research/PINN-hybrid-ude/runs/20260802_010526_bm_myc_dep/refs.pkl
  Normal               ctrl       t=[0, 150]  shape=(5000, 7)
  Normal               noATRA     t=[0, 150]  shape=(5000, 7)
  Normal               earlyATRA  t=[0, 150]  shape=(5000, 7)
  Normal               lateATRA   t=[0, 150]  shape=(5000, 7)
  Normal               lowATRA    t=[0, 150]  shape=(5000, 7)
  Normal               strongCirc t=[0, 150]  shape=(5000, 7)
  Normal               wntPulse   t=[0, 150]  shape=(5000, 7)
  Normal               wntInhib   t=[0, 150]  shape=(5000, 7)
  Normal               mycPulse   t=[0, 150]  shape=(5000, 7)
  Normal               wntRAcombo t=[0, 150]  shape=(5000, 7)
  Normal               wntKO      t=[0, 150]  shape=(5000, 7)
  Normal               raKO       t=[0, 150]  shape=(5000, 7)
  Early Adenoma        ctrl       t=[0, 150]  shape=(5000, 7)
  Early Adenoma        noATRA     t=[0, 150]  shape=(5000, 7)
  Early Adenoma        earlyATRA  t=[0, 150]  shape=(5000, 7)
  Early Adenoma        lateATRA   t=[0, 150]  shape=(5000, 7)
  Early Adenoma        lowATRA    t=[0, 150]  shape=(5000, 7)
  Early Adenoma        strongCirc t=[0, 150]  shape=(5000, 7)
  Early Adenoma        wntPulse   t=[0, 150]  shape=(5000, 7)
  Early Adenoma        wntInhib   t=[0, 150]  shape=(5000, 7)
  Early Adenoma        mycPulse   t=[0, 150]  shape=(5000, 7)
  Early Adenoma        wntRAcombo t=[0, 150]  shape=(5000, 7)
  Early Adenoma        wntKO      t=[0, 150]  shape=(5000, 7)
  Early Adenoma        raKO       t=[0, 150]  shape=(5000, 7)
  Advanced Adenoma     ctrl       t=[0, 150]  shape=(5000, 7)
  Advanced Adenoma     noATRA     t=[0, 150]  shape=(5000, 7)
  Advanced Adenoma     earlyATRA  t=[0, 150]  shape=(5000, 7)
  Advanced Adenoma     lateATRA   t=[0, 150]  shape=(5000, 7)
  Advanced Adenoma     lowATRA    t=[0, 150]  shape=(5000, 7)
  Advanced Adenoma     strongCirc t=[0, 150]  shape=(5000, 7)
  Advanced Adenoma     wntPulse   t=[0, 150]  shape=(5000, 7)
  Advanced Adenoma     wntInhib   t=[0, 150]  shape=(5000, 7)
  Advanced Adenoma     mycPulse   t=[0, 150]  shape=(5000, 7)
  Advanced Adenoma     wntRAcombo t=[0, 150]  shape=(5000, 7)
  Advanced Adenoma     wntKO      t=[0, 150]  shape=(5000, 7)
  Advanced Adenoma     raKO       t=[0, 150]  shape=(5000, 7)
  Severe APC Loss      ctrl       t=[0, 150]  shape=(5000, 7)
  Severe APC Loss      noATRA     t=[0, 150]  shape=(5000, 7)
  Severe APC Loss      earlyATRA  t=[0, 150]  shape=(5000, 7)
  Severe APC Loss      lateATRA   t=[0, 150]  shape=(5000, 7)
  Severe APC Loss      lowATRA    t=[0, 150]  shape=(5000, 7)
  Severe APC Loss      strongCirc t=[0, 150]  shape=(5000, 7)
  Severe APC Loss      wntPulse   t=[0, 150]  shape=(5000, 7)
  Severe APC Loss      wntInhib   t=[0, 150]  shape=(5000, 7)
  Severe APC Loss      mycPulse   t=[0, 150]  shape=(5000, 7)
  Severe APC Loss      wntRAcombo t=[0, 150]  shape=(5000, 7)
  Severe APC Loss      wntKO      t=[0, 150]  shape=(5000, 7)
  Severe APC Loss      raKO       t=[0, 150]  shape=(5000, 7)
wrote refs cache -> /home/29/aidahxr/PINN-Research/PINN-hybrid-ude/runs/20260802_010526_bm_myc_dep/refs.pkl
[run] variant=bm_myc starts=3  4 regimes in parallel
  launched Normal (pid 3823468) -> /home/29/aidahxr/PINN-Research/PINN-hybrid-ude/runs/20260802_010526_bm_myc_dep/Normal.log
  launched Early Adenoma (pid 3823469) -> /home/29/aidahxr/PINN-Research/PINN-hybrid-ude/runs/20260802_010526_bm_myc_dep/Early_Adenoma.log
  launched Advanced Adenoma (pid 3823470) -> /home/29/aidahxr/PINN-Research/PINN-hybrid-ude/runs/20260802_010526_bm_myc_dep/Advanced_Adenoma.log
  launched Severe APC Loss (pid 3823471) -> /home/29/aidahxr/PINN-Research/PINN-hybrid-ude/runs/20260802_010526_bm_myc_dep/Severe_APC_Loss.log
[done] variant=bm_myc  (fail=0)

run: /home/29/aidahxr/PINN-Research/PINN-hybrid-ude/runs/20260802_010526_bm_myc_dep
variant=bm_myc  term=bm_myc  param=gated  constraint=anchored  wd=1e-08

regime                under10%   of  termNRMSE  gate_lo
Normal                      15   34       2.3%     0.14  anchor BINDS
Early Adenoma               16   34       2.4%     0.14  anchor BINDS
Advanced Adenoma            13   34       2.9%     0.13  anchor BINDS
Severe APC Loss             13   34       2.7%     0.12  anchor BINDS
TOTAL                       57     

(pass a control run dir as argv[2] for the H2 localisation test)
/home/29/aidahxr/.local/lib/python3.12/site-packages/matplotlib/projections/__init__.py:63: UserWarning: Unable to import Axes3D. This may be due to multiple versions of Matplotlib being installed (e.g. as a system package and as a pip package). As a result, the 3D projection is not available.
  warnings.warn("Unable to import Axes3D. This may be due to multiple versions of "

learned term 'bm_myc' -- functional identifiability
regime                            range      RMSE    NRMSE
Normal               [ 0.021, 1.431]    0.0203    2.3%
Early Adenoma        [ 0.028, 1.882]    0.0233    2.4%
Advanced Adenoma     [ 0.033, 2.463]    0.0305    2.9%
Severe APC Loss      [ 0.038, 3.009]    0.0299    2.7%

wrote /home/29/aidahxr/PINN-Research/PINN-hybrid-ude/runs/20260802_010526_bm_myc_dep/learned_term_bm_myc.png
[queue] END   bm_myc  rc=0  2026-08-02T04:15:45+00:00
/home/29/aidahxr/PINN-Research/PINN-hybrid-ude/runs/20260802_010526_bm_myc_dep
[queue] START ra_h5  2026-08-02T04:15:45+00:00
variant=ra_h5
HYBRID_TERM=ra_h5
HYBRID_PARAM=gated
HYBRID_CONSTRAINT=anchored
HYBRID_WD=1e-8
HYBRID_FREEZE=0
HYBRID_STATE=
HYBRID_DEPLETION=1
starts=3
started=2026-08-02T04:15:45+00:00
[prep] building reference trajectories -> /home/29/aidahxr/PINN-Research/PINN-hybrid-ude/runs/20260802_041545_ra_h5_dep/refs.pkl
  Normal               ctrl       t=[0, 150]  shape=(5000, 7)
  Normal               noATRA     t=[0, 150]  shape=(5000, 7)
  Normal               earlyATRA  t=[0, 150]  shape=(5000, 7)
  Normal               lateATRA   t=[0, 150]  shape=(5000, 7)
  Normal               lowATRA    t=[0, 150]  shape=(5000, 7)
  Normal               strongCirc t=[0, 150]  shape=(5000, 7)
  Normal               wntPulse   t=[0, 150]  shape=(5000, 7)
  Normal               wntInhib   t=[0, 150]  shape=(5000, 7)
  Normal               mycPulse   t=[0, 150]  shape=(5000, 7)
  Normal               wntRAcombo t=[0, 150]  shape=(5000, 7)
  Normal               wntKO      t=[0, 150]  shape=(5000, 7)
  Normal               raKO       t=[0, 150]  shape=(5000, 7)
  Early Adenoma        ctrl       t=[0, 150]  shape=(5000, 7)
  Early Adenoma        noATRA     t=[0, 150]  shape=(5000, 7)
  Early Adenoma        earlyATRA  t=[0, 150]  shape=(5000, 7)
  Early Adenoma        lateATRA   t=[0, 150]  shape=(5000, 7)
  Early Adenoma        lowATRA    t=[0, 150]  shape=(5000, 7)
  Early Adenoma        strongCirc t=[0, 150]  shape=(5000, 7)
  Early Adenoma        wntPulse   t=[0, 150]  shape=(5000, 7)
  Early Adenoma        wntInhib   t=[0, 150]  shape=(5000, 7)
  Early Adenoma        mycPulse   t=[0, 150]  shape=(5000, 7)
  Early Adenoma        wntRAcombo t=[0, 150]  shape=(5000, 7)
  Early Adenoma        wntKO      t=[0, 150]  shape=(5000, 7)
  Early Adenoma        raKO       t=[0, 150]  shape=(5000, 7)
  Advanced Adenoma     ctrl       t=[0, 150]  shape=(5000, 7)
  Advanced Adenoma     noATRA     t=[0, 150]  shape=(5000, 7)
  Advanced Adenoma     earlyATRA  t=[0, 150]  shape=(5000, 7)
  Advanced Adenoma     lateATRA   t=[0, 150]  shape=(5000, 7)
  Advanced Adenoma     lowATRA    t=[0, 150]  shape=(5000, 7)
  Advanced Adenoma     strongCirc t=[0, 150]  shape=(5000, 7)
  Advanced Adenoma     wntPulse   t=[0, 150]  shape=(5000, 7)
  Advanced Adenoma     wntInhib   t=[0, 150]  shape=(5000, 7)
  Advanced Adenoma     mycPulse   t=[0, 150]  shape=(5000, 7)
  Advanced Adenoma     wntRAcombo t=[0, 150]  shape=(5000, 7)
  Advanced Adenoma     wntKO      t=[0, 150]  shape=(5000, 7)
  Advanced Adenoma     raKO       t=[0, 150]  shape=(5000, 7)
  Severe APC Loss      ctrl       t=[0, 150]  shape=(5000, 7)
  Severe APC Loss      noATRA     t=[0, 150]  shape=(5000, 7)
  Severe APC Loss      earlyATRA  t=[0, 150]  shape=(5000, 7)
  Severe APC Loss      lateATRA   t=[0, 150]  shape=(5000, 7)
  Severe APC Loss      lowATRA    t=[0, 150]  shape=(5000, 7)
  Severe APC Loss      strongCirc t=[0, 150]  shape=(5000, 7)
  Severe APC Loss      wntPulse   t=[0, 150]  shape=(5000, 7)
  Severe APC Loss      wntInhib   t=[0, 150]  shape=(5000, 7)
  Severe APC Loss      mycPulse   t=[0, 150]  shape=(5000, 7)
  Severe APC Loss      wntRAcombo t=[0, 150]  shape=(5000, 7)
  Severe APC Loss      wntKO      t=[0, 150]  shape=(5000, 7)
  Severe APC Loss      raKO       t=[0, 150]  shape=(5000, 7)
wrote refs cache -> /home/29/aidahxr/PINN-Research/PINN-hybrid-ude/runs/20260802_041545_ra_h5_dep/refs.pkl
[run] variant=ra_h5 starts=3  4 regimes in parallel
  launched Normal (pid 65205) -> /home/29/aidahxr/PINN-Research/PINN-hybrid-ude/runs/20260802_041545_ra_h5_dep/Normal.log
  launched Early Adenoma (pid 65206) -> /home/29/aidahxr/PINN-Research/PINN-hybrid-ude/runs/20260802_041545_ra_h5_dep/Early_Adenoma.log
  launched Advanced Adenoma (pid 65207) -> /home/29/aidahxr/PINN-Research/PINN-hybrid-ude/runs/20260802_041545_ra_h5_dep/Advanced_Adenoma.log
  launched Severe APC Loss (pid 65208) -> /home/29/aidahxr/PINN-Research/PINN-hybrid-ude/runs/20260802_041545_ra_h5_dep/Severe_APC_Loss.log
[done] variant=ra_h5  (fail=0)

run: /home/29/aidahxr/PINN-Research/PINN-hybrid-ude/runs/20260802_041545_ra_h5_dep
variant=ra_h5  term=ra_h5  param=gated  constraint=anchored  wd=1e-08

regime                under10%   of  termNRMSE  gate_lo
Normal                      18   34      11.6%     0.00  anchor BINDS
Early Adenoma               20   34       9.6%     0.00  anchor BINDS
Advanced Adenoma            18   34       9.5%     0.00  anchor BINDS
Severe APC Loss             18   34       9.6%     0.00  anchor BINDS
TOTAL                       74     

(pass a control run dir as argv[2] for the H2 localisation test)
/home/29/aidahxr/.local/lib/python3.12/site-packages/matplotlib/projections/__init__.py:63: UserWarning: Unable to import Axes3D. This may be due to multiple versions of Matplotlib being installed (e.g. as a system package and as a pip package). As a result, the 3D projection is not available.
  warnings.warn("Unable to import Axes3D. This may be due to multiple versions of "

learned term 'ra_h5' -- functional identifiability
regime                            range      RMSE    NRMSE
Normal               [ 0.000, 1.174]    0.1638   11.6%
Early Adenoma        [ 0.000, 1.036]    0.1300    9.6%
Advanced Adenoma     [ 0.000, 1.003]    0.1271    9.5%
Severe APC Loss      [ 0.000, 1.002]    0.1274    9.6%

wrote /home/29/aidahxr/PINN-Research/PINN-hybrid-ude/runs/20260802_041545_ra_h5_dep/learned_term_ra_h5.png
[queue] END   ra_h5  rc=0  2026-08-02T07:46:33+00:00

########## 20260802_041545_ra_h5_dep  vs  20260801_211530_control_dep  [+2 depletion conditions] ##########
no *_recovered.json in [queue] START ra_h5  2026-08-02T04:15:45+00:00
variant=ra_h5
HYBRID_TERM=ra_h5
HYBRID_PARAM=gated
HYBRID_CONSTRAINT=anchored
HYBRID_WD=1e-8
HYBRID_FREEZE=0
HYBRID_STATE=
HYBRID_DEPLETION=1
starts=3
started=2026-08-02T04:15:45+00:00
[prep] building reference trajectories -> /home/29/aidahxr/PINN-Research/PINN-hybrid-ude/runs/20260802_041545_ra_h5_dep/refs.pkl
  Normal               ctrl       t=[0, 150]  shape=(5000, 7)
  Normal               noATRA     t=[0, 150]  shape=(5000, 7)
  Normal               earlyATRA  t=[0, 150]  shape=(5000, 7)
  Normal               lateATRA   t=[0, 150]  shape=(5000, 7)
  Normal               lowATRA    t=[0, 150]  shape=(5000, 7)
  Normal               strongCirc t=[0, 150]  shape=(5000, 7)
  Normal               wntPulse   t=[0, 150]  shape=(5000, 7)
  Normal               wntInhib   t=[0, 150]  shape=(5000, 7)
  Normal               mycPulse   t=[0, 150]  shape=(5000, 7)
  Normal               wntRAcombo t=[0, 150]  shape=(5000, 7)
  Normal               wntKO      t=[0, 150]  shape=(5000, 7)
  Normal               raKO       t=[0, 150]  shape=(5000, 7)
  Early Adenoma        ctrl       t=[0, 150]  shape=(5000, 7)
  Early Adenoma        noATRA     t=[0, 150]  shape=(5000, 7)
  Early Adenoma        earlyATRA  t=[0, 150]  shape=(5000, 7)
  Early Adenoma        lateATRA   t=[0, 150]  shape=(5000, 7)
  Early Adenoma        lowATRA    t=[0, 150]  shape=(5000, 7)
  Early Adenoma        strongCirc t=[0, 150]  shape=(5000, 7)
  Early Adenoma        wntPulse   t=[0, 150]  shape=(5000, 7)
  Early Adenoma        wntInhib   t=[0, 150]  shape=(5000, 7)
  Early Adenoma        mycPulse   t=[0, 150]  shape=(5000, 7)
  Early Adenoma        wntRAcombo t=[0, 150]  shape=(5000, 7)
  Early Adenoma        wntKO      t=[0, 150]  shape=(5000, 7)
  Early Adenoma        raKO       t=[0, 150]  shape=(5000, 7)
  Advanced Adenoma     ctrl       t=[0, 150]  shape=(5000, 7)
  Advanced Adenoma     noATRA     t=[0, 150]  shape=(5000, 7)
  Advanced Adenoma     earlyATRA  t=[0, 150]  shape=(5000, 7)
  Advanced Adenoma     lateATRA   t=[0, 150]  shape=(5000, 7)
  Advanced Adenoma     lowATRA    t=[0, 150]  shape=(5000, 7)
  Advanced Adenoma     strongCirc t=[0, 150]  shape=(5000, 7)
  Advanced Adenoma     wntPulse   t=[0, 150]  shape=(5000, 7)
  Advanced Adenoma     wntInhib   t=[0, 150]  shape=(5000, 7)
  Advanced Adenoma     mycPulse   t=[0, 150]  shape=(5000, 7)
  Advanced Adenoma     wntRAcombo t=[0, 150]  shape=(5000, 7)
  Advanced Adenoma     wntKO      t=[0, 150]  shape=(5000, 7)
  Advanced Adenoma     raKO       t=[0, 150]  shape=(5000, 7)
  Severe APC Loss      ctrl       t=[0, 150]  shape=(5000, 7)
  Severe APC Loss      noATRA     t=[0, 150]  shape=(5000, 7)
  Severe APC Loss      earlyATRA  t=[0, 150]  shape=(5000, 7)
  Severe APC Loss      lateATRA   t=[0, 150]  shape=(5000, 7)
  Severe APC Loss      lowATRA    t=[0, 150]  shape=(5000, 7)
  Severe APC Loss      strongCirc t=[0, 150]  shape=(5000, 7)
  Severe APC Loss      wntPulse   t=[0, 150]  shape=(5000, 7)
  Severe APC Loss      wntInhib   t=[0, 150]  shape=(5000, 7)
  Severe APC Loss      mycPulse   t=[0, 150]  shape=(5000, 7)
  Severe APC Loss      wntRAcombo t=[0, 150]  shape=(5000, 7)
  Severe APC Loss      wntKO      t=[0, 150]  shape=(5000, 7)
  Severe APC Loss      raKO       t=[0, 150]  shape=(5000, 7)
wrote refs cache -> /home/29/aidahxr/PINN-Research/PINN-hybrid-ude/runs/20260802_041545_ra_h5_dep/refs.pkl
[run] variant=ra_h5 starts=3  4 regimes in parallel
  launched Normal (pid 65205) -> /home/29/aidahxr/PINN-Research/PINN-hybrid-ude/runs/20260802_041545_ra_h5_dep/Normal.log
  launched Early Adenoma (pid 65206) -> /home/29/aidahxr/PINN-Research/PINN-hybrid-ude/runs/20260802_041545_ra_h5_dep/Early_Adenoma.log
  launched Advanced Adenoma (pid 65207) -> /home/29/aidahxr/PINN-Research/PINN-hybrid-ude/runs/20260802_041545_ra_h5_dep/Advanced_Adenoma.log
  launched Severe APC Loss (pid 65208) -> /home/29/aidahxr/PINN-Research/PINN-hybrid-ude/runs/20260802_041545_ra_h5_dep/Severe_APC_Loss.log
[done] variant=ra_h5  (fail=0)

run: /home/29/aidahxr/PINN-Research/PINN-hybrid-ude/runs/20260802_041545_ra_h5_dep
variant=ra_h5  term=ra_h5  param=gated  constraint=anchored  wd=1e-08

regime                under10%   of  termNRMSE  gate_lo
Normal                      18   34      11.6%     0.00  anchor BINDS
Early Adenoma               20   34       9.6%     0.00  anchor BINDS
Advanced Adenoma            18   34       9.5%     0.00  anchor BINDS
Severe APC Loss             18   34       9.6%     0.00  anchor BINDS
TOTAL                       74     

(pass a control run dir as argv[2] for the H2 localisation test)
/home/29/aidahxr/.local/lib/python3.12/site-packages/matplotlib/projections/__init__.py:63: UserWarning: Unable to import Axes3D. This may be due to multiple versions of Matplotlib being installed (e.g. as a system package and as a pip package). As a result, the 3D projection is not available.
  warnings.warn("Unable to import Axes3D. This may be due to multiple versions of "

learned term 'ra_h5' -- functional identifiability
regime                            range      RMSE    NRMSE
Normal               [ 0.000, 1.174]    0.1638   11.6%
Early Adenoma        [ 0.000, 1.036]    0.1300    9.6%
Advanced Adenoma     [ 0.000, 1.003]    0.1271    9.5%
Severe APC Loss      [ 0.000, 1.002]    0.1274    9.6%

wrote /home/29/aidahxr/PINN-Research/PINN-hybrid-ude/runs/20260802_041545_ra_h5_dep/learned_term_ra_h5.png
[queue] END   ra_h5  rc=0  2026-08-02T07:46:33+00:00
/home/29/aidahxr/PINN-Research/PINN-hybrid-ude/runs/20260802_041545_ra_h5_dep
=== depletion queue done 2026-08-02T07:46:33+00:00
