=== Bayesian inverse PINN — regime=Cancer-like device=cuda ===
  Normal               ctrl       t=[0, 150]  shape=(5000, 7)
  Normal               noATRA     t=[0, 150]  shape=(5000, 7)
  Normal               earlyATRA  t=[0, 150]  shape=(5000, 7)
  Normal               lateATRA   t=[0, 150]  shape=(5000, 7)
  Normal               lowATRA    t=[0, 150]  shape=(5000, 7)
  Normal               strongCirc t=[0, 150]  shape=(5000, 7)
  Normal               wntPulse   t=[0, 150]  shape=(5000, 7)
  Normal               wntInhib   t=[0, 150]  shape=(5000, 7)
  Normal               mycPulse   t=[0, 150]  shape=(5000, 7)
  Normal               wntRAcombo t=[0, 150]  shape=(5000, 7)
  Early adenoma        ctrl       t=[0, 150]  shape=(5000, 7)
  Early adenoma        noATRA     t=[0, 150]  shape=(5000, 7)
  Early adenoma        earlyATRA  t=[0, 150]  shape=(5000, 7)
  Early adenoma        lateATRA   t=[0, 150]  shape=(5000, 7)
  Early adenoma        lowATRA    t=[0, 150]  shape=(5000, 7)
  Early adenoma        strongCirc t=[0, 150]  shape=(5000, 7)
  Early adenoma        wntPulse   t=[0, 150]  shape=(5000, 7)
  Early adenoma        wntInhib   t=[0, 150]  shape=(5000, 7)
  Early adenoma        mycPulse   t=[0, 150]  shape=(5000, 7)
  Early adenoma        wntRAcombo t=[0, 150]  shape=(5000, 7)
  Cancer-like          ctrl       t=[0, 150]  shape=(5000, 7)
  Cancer-like          noATRA     t=[0, 150]  shape=(5000, 7)
  Cancer-like          earlyATRA  t=[0, 150]  shape=(5000, 7)
  Cancer-like          lateATRA   t=[0, 150]  shape=(5000, 7)
  Cancer-like          lowATRA    t=[0, 150]  shape=(5000, 7)
  Cancer-like          strongCirc t=[0, 150]  shape=(5000, 7)
  Cancer-like          wntPulse   t=[0, 150]  shape=(5000, 7)
  Cancer-like          wntInhib   t=[0, 150]  shape=(5000, 7)
  Cancer-like          mycPulse   t=[0, 150]  shape=(5000, 7)
  Cancer-like          wntRAcombo t=[0, 150]  shape=(5000, 7)
  Strong APC-mutant    ctrl       t=[0, 150]  shape=(5000, 7)
  Strong APC-mutant    noATRA     t=[0, 150]  shape=(5000, 7)
  Strong APC-mutant    earlyATRA  t=[0, 150]  shape=(5000, 7)
  Strong APC-mutant    lateATRA   t=[0, 150]  shape=(5000, 7)
  Strong APC-mutant    lowATRA    t=[0, 150]  shape=(5000, 7)
  Strong APC-mutant    strongCirc t=[0, 150]  shape=(5000, 7)
  Strong APC-mutant    wntPulse   t=[0, 150]  shape=(5000, 7)
  Strong APC-mutant    wntInhib   t=[0, 150]  shape=(5000, 7)
  Strong APC-mutant    mycPulse   t=[0, 150]  shape=(5000, 7)
  Strong APC-mutant    wntRAcombo t=[0, 150]  shape=(5000, 7)
  n_resid=279,930  n_eff=2,800  SSR@MAP=2.799e-02  sigma_res=3.1621e-04
    [Canc] Laplace metric set; eps0=0.01562
    [Canc] warm-init  100/400  eps=0.0044  acc=0.78  U=1319.9 [94s]
    [Canc] warm-init  200/400  eps=0.0054  acc=0.79  U=1305.5 [198s]
    [Canc] warm-init  300/400  eps=0.0065  acc=0.80  U=1300.9 [326s]
    [Canc] warm-init  400/400  eps=0.0048  acc=0.79  U=1291.9 [512s]
