============================================================
Inverse PINN (better) — recover 36 parameters
  6 experimental conditions: ['ctrl', 'noATRA', 'earlyATRA', 'lateATRA', 'lowATRA', 'strongCirc']
Device : cuda
GPU    : NVIDIA RTX PRO 6000 Blackwell Server Edition
VRAM   : 102.0 GB
Threads: 48
============================================================

[1/3] Reference trajectories (scipy Radau, per condition) ...
  Normal               ctrl       t=[0, 150]  shape=(5000, 7)
  Normal               noATRA     t=[0, 150]  shape=(5000, 7)
  Normal               earlyATRA  t=[0, 150]  shape=(5000, 7)
  Normal               lateATRA   t=[0, 150]  shape=(5000, 7)
  Normal               lowATRA    t=[0, 150]  shape=(5000, 7)
  Normal               strongCirc t=[0, 150]  shape=(5000, 7)
  Early adenoma        ctrl       t=[0, 150]  shape=(5000, 7)
  Early adenoma        noATRA     t=[0, 150]  shape=(5000, 7)
  Early adenoma        earlyATRA  t=[0, 150]  shape=(5000, 7)
  Early adenoma        lateATRA   t=[0, 150]  shape=(5000, 7)
  Early adenoma        lowATRA    t=[0, 150]  shape=(5000, 7)
  Early adenoma        strongCirc t=[0, 150]  shape=(5000, 7)
  Cancer-like          ctrl       t=[0, 150]  shape=(5000, 7)
  Cancer-like          noATRA     t=[0, 150]  shape=(5000, 7)
  Cancer-like          earlyATRA  t=[0, 150]  shape=(5000, 7)
  Cancer-like          lateATRA   t=[0, 150]  shape=(5000, 7)
  Cancer-like          lowATRA    t=[0, 150]  shape=(5000, 7)
  Cancer-like          strongCirc t=[0, 150]  shape=(5000, 7)
  Strong APC-mutant    ctrl       t=[0, 150]  shape=(5000, 7)
  Strong APC-mutant    noATRA     t=[0, 150]  shape=(5000, 7)
  Strong APC-mutant    earlyATRA  t=[0, 150]  shape=(5000, 7)
  Strong APC-mutant    lateATRA   t=[0, 150]  shape=(5000, 7)
  Strong APC-mutant    lowATRA    t=[0, 150]  shape=(5000, 7)
  Strong APC-mutant    strongCirc t=[0, 150]  shape=(5000, 7)

[2/3] Inverse training (shared params over conditions) ...

── Normal ──
  arch 4×256  net params 207,879 × 6 cond  unknowns 36
  conditions ['ctrl', 'noATRA', 'earlyATRA', 'lateATRA', 'lowATRA', 'strongCirc']
  init guess W=1.2 thetaP=0.6 (+50% on the rest)  |  true W=0.8 thetaP=1.0
    Adam     1/2500  L=8.27e+00  Ld=8.31e-01  Lp=6.36e-01  Lic=3.40e-01  λp=1.02  | W=1.194(*0.80)  thetaP=0.599(*1.00)  <rel.err>=50%  [1s]
    Adam   100/2500  L=1.42e-01  Ld=9.93e-02  Lp=4.19e-02  Lic=1.54e-05  λp=1.02  | W=0.974(*0.80)  thetaP=0.674(*1.00)  <rel.err>=55%  [69s]
    Adam   200/2500  L=4.56e-03  Ld=1.97e-03  Lp=2.54e-03  Lic=4.92e-07  λp=1.01  | W=0.986(*0.80)  thetaP=0.687(*1.00)  <rel.err>=55%  [137s]
    Adam   300/2500  L=2.44e-03  Ld=8.74e-04  Lp=1.48e-03  Lic=2.87e-06  λp=1.01  | W=0.988(*0.80)  thetaP=0.697(*1.00)  <rel.err>=55%  [205s]
    Adam   400/2500  L=1.65e-03  Ld=5.02e-04  Lp=1.04e-03  Lic=4.21e-06  λp=1.02  | W=0.989(*0.80)  thetaP=0.702(*1.00)  <rel.err>=55%  [273s]
    Adam   500/2500  L=1.18e-03  Ld=3.58e-04  Lp=8.06e-04  Lic=1.29e-07  λp=1.02  | W=0.990(*0.80)  thetaP=0.705(*1.00)  <rel.err>=54%  [341s]
    Adam   600/2500  L=1.42e-03  Ld=2.91e-04  Lp=6.70e-04  Lic=2.25e-05  λp=1.02  | W=0.990(*0.80)  thetaP=0.707(*1.00)  <rel.err>=54%  [410s]
    Adam   700/2500  L=8.02e-04  Ld=2.57e-04  Lp=5.34e-04  Lic=6.03e-08  λp=1.02  | W=0.990(*0.80)  thetaP=0.708(*1.00)  <rel.err>=53%  [478s]
    Adam   800/2500  L=8.29e-04  Ld=2.30e-04  Lp=4.72e-04  Lic=5.76e-06  λp=1.03  | W=0.990(*0.80)  thetaP=0.708(*1.00)  <rel.err>=53%  [546s]
    Adam   900/2500  L=6.41e-04  Ld=2.11e-04  Lp=4.16e-04  Lic=1.23e-07  λp=1.03  | W=0.990(*0.80)  thetaP=0.709(*1.00)  <rel.err>=52%  [614s]
    Adam  1000/2500  L=5.71e-04  Ld=1.96e-04  Lp=3.62e-04  Lic=1.35e-08  λp=1.04  | W=0.990(*0.80)  thetaP=0.709(*1.00)  <rel.err>=52%  [682s]
    Adam  1100/2500  L=5.46e-04  Ld=1.84e-04  Lp=3.50e-04  Lic=1.20e-08  λp=1.04  | W=0.990(*0.80)  thetaP=0.710(*1.00)  <rel.err>=52%  [750s]
    Adam  1200/2500  L=4.92e-04  Ld=1.74e-04  Lp=3.06e-04  Lic=1.02e-08  λp=1.04  | W=0.990(*0.80)  thetaP=0.710(*1.00)  <rel.err>=52%  [819s]
    Adam  1300/2500  L=4.72e-04  Ld=1.66e-04  Lp=2.96e-04  Lic=9.26e-09  λp=1.04  | W=0.990(*0.80)  thetaP=0.710(*1.00)  <rel.err>=51%  [887s]
    Adam  1400/2500  L=4.36e-04  Ld=1.59e-04  Lp=2.66e-04  Lic=7.69e-09  λp=1.04  | W=0.990(*0.80)  thetaP=0.710(*1.00)  <rel.err>=51%  [955s]
    Adam  1500/2500  L=4.29e-04  Ld=1.53e-04  Lp=2.65e-04  Lic=7.30e-09  λp=1.04  | W=0.990(*0.80)  thetaP=0.710(*1.00)  <rel.err>=51%  [1023s]
    Adam  1600/2500  L=4.02e-04  Ld=1.48e-04  Lp=2.42e-04  Lic=6.88e-09  λp=1.05  | W=0.989(*0.80)  thetaP=0.711(*1.00)  <rel.err>=51%  [1091s]
    Adam  1700/2500  L=3.93e-04  Ld=1.45e-04  Lp=2.37e-04  Lic=6.60e-09  λp=1.05  | W=0.989(*0.80)  thetaP=0.711(*1.00)  <rel.err>=50%  [1159s]
    Adam  1800/2500  L=3.91e-04  Ld=1.41e-04  Lp=2.36e-04  Lic=6.52e-09  λp=1.05  | W=0.989(*0.80)  thetaP=0.711(*1.00)  <rel.err>=50%  [1227s]
    Adam  1900/2500  L=3.79e-04  Ld=1.39e-04  Lp=2.28e-04  Lic=6.34e-09  λp=1.05  | W=0.989(*0.80)  thetaP=0.711(*1.00)  <rel.err>=50%  [1295s]
    Adam  2000/2500  L=3.63e-04  Ld=1.37e-04  Lp=2.14e-04  Lic=6.22e-09  λp=1.06  | W=0.989(*0.80)  thetaP=0.711(*1.00)  <rel.err>=50%  [1364s]
    Adam  2100/2500  L=3.67e-04  Ld=1.35e-04  Lp=2.19e-04  Lic=5.77e-09  λp=1.06  | W=0.989(*0.80)  thetaP=0.711(*1.00)  <rel.err>=50%  [1432s]
    Adam  2200/2500  L=3.48e-04  Ld=1.34e-04  Lp=2.02e-04  Lic=5.74e-09  λp=1.06  | W=0.989(*0.80)  thetaP=0.711(*1.00)  <rel.err>=49%  [1500s]
    Adam  2300/2500  L=3.52e-04  Ld=1.33e-04  Lp=2.06e-04  Lic=5.72e-09  λp=1.06  | W=0.988(*0.80)  thetaP=0.711(*1.00)  <rel.err>=49%  [1568s]
    Adam  2400/2500  L=3.48e-04  Ld=1.33e-04  Lp=2.02e-04  Lic=5.75e-09  λp=1.06  | W=0.988(*0.80)  thetaP=0.711(*1.00)  <rel.err>=49%  [1636s]
    Adam  2500/2500  L=3.36e-04  Ld=1.32e-04  Lp=1.91e-04  Lic=5.64e-09  λp=1.06  | W=0.988(*0.80)  thetaP=0.711(*1.00)  <rel.err>=49%  [1704s]
    L-BFGS (600 steps) ...
    LBFGS   50/600  L=3.14e-04  | W=0.984(*0.80)  thetaP=0.714(*1.00)  <rel.err>=49%  [1785s]
    LBFGS  100/600  L=3.01e-04  | W=0.985(*0.80)  thetaP=0.716(*1.00)  <rel.err>=48%  [1864s]
    LBFGS  150/600  L=2.88e-04  | W=0.986(*0.80)  thetaP=0.718(*1.00)  <rel.err>=48%  [1950s]
    LBFGS  200/600  L=2.63e-04  | W=0.984(*0.80)  thetaP=0.721(*1.00)  <rel.err>=48%  [2050s]
    LBFGS  250/600  L=2.31e-04  | W=0.986(*0.80)  thetaP=0.725(*1.00)  <rel.err>=47%  [2131s]
    LBFGS  300/600  L=2.18e-04  | W=0.987(*0.80)  thetaP=0.727(*1.00)  <rel.err>=46%  [2218s]
    LBFGS  350/600  L=1.99e-04  | W=0.991(*0.80)  thetaP=0.730(*1.00)  <rel.err>=46%  [2305s]
    LBFGS  400/600  L=1.87e-04  | W=0.990(*0.80)  thetaP=0.732(*1.00)  <rel.err>=45%  [2387s]
    LBFGS  450/600  L=1.74e-04  | W=0.993(*0.80)  thetaP=0.734(*1.00)  <rel.err>=45%  [2480s]
    LBFGS  500/600  L=1.67e-04  | W=0.991(*0.80)  thetaP=0.736(*1.00)  <rel.err>=45%  [2575s]
    LBFGS  550/600  L=1.54e-04  | W=0.988(*0.80)  thetaP=0.736(*1.00)  <rel.err>=45%  [2662s]
    LBFGS  600/600  L=1.52e-04  | W=0.983(*0.80)  thetaP=0.737(*1.00)  <rel.err>=45%  [2746s]
    param-refine (500 steps, nets frozen) ...
    refine   50/500  Lp=3.60e-05  | W=0.669(*0.80)  thetaP=0.693(*1.00)  <rel.err>=47%  [2758s]
    refine  100/500  Lp=3.60e-05  | W=0.669(*0.80)  thetaP=0.693(*1.00)  <rel.err>=47%  [2760s]
    refine  150/500  Lp=3.60e-05  | W=0.669(*0.80)  thetaP=0.693(*1.00)  <rel.err>=47%  [2762s]
    refine  200/500  Lp=3.60e-05  | W=0.669(*0.80)  thetaP=0.693(*1.00)  <rel.err>=47%  [2764s]
    refine  250/500  Lp=3.60e-05  | W=0.669(*0.80)  thetaP=0.693(*1.00)  <rel.err>=47%  [2766s]
    refine  300/500  Lp=3.60e-05  | W=0.669(*0.80)  thetaP=0.693(*1.00)  <rel.err>=47%  [2768s]
    refine  350/500  Lp=3.60e-05  | W=0.669(*0.80)  thetaP=0.693(*1.00)  <rel.err>=47%  [2770s]
    refine  400/500  Lp=3.60e-05  | W=0.669(*0.80)  thetaP=0.693(*1.00)  <rel.err>=47%  [2772s]
    refine  450/500  Lp=3.60e-05  | W=0.669(*0.80)  thetaP=0.693(*1.00)  <rel.err>=47%  [2774s]
    refine  500/500  Lp=3.60e-05  | W=0.669(*0.80)  thetaP=0.693(*1.00)  <rel.err>=47%  [2776s]
  recovered W=0.669 thetaP=0.693  (2776s)

── Early adenoma ──
  arch 4×256  net params 207,879 × 6 cond  unknowns 36
  conditions ['ctrl', 'noATRA', 'earlyATRA', 'lateATRA', 'lowATRA', 'strongCirc']
  init guess W=1.2 thetaP=0.6 (+50% on the rest)  |  true W=1.0 thetaP=0.75
    Adam     1/2500  L=8.59e+00  Ld=1.14e+00  Lp=6.36e-01  Lic=3.40e-01  λp=1.04  | W=1.194(*1.00)  thetaP=0.599(*0.75)  <rel.err>=48%  [1s]
    Adam   100/2500  L=4.95e-02  Ld=2.72e-02  Lp=2.09e-02  Lic=3.11e-05  λp=1.04  | W=1.004(*1.00)  thetaP=0.669(*0.75)  <rel.err>=53%  [68s]
    Adam   200/2500  L=3.95e-03  Ld=1.82e-03  Lp=1.98e-03  Lic=4.09e-06  λp=1.04  | W=1.010(*1.00)  thetaP=0.671(*0.75)  <rel.err>=52%  [137s]
    Adam   300/2500  L=2.66e-03  Ld=8.48e-04  Lp=1.31e-03  Lic=2.27e-05  λp=1.04  | W=1.011(*1.00)  thetaP=0.671(*0.75)  <rel.err>=51%  [205s]
    Adam   400/2500  L=2.16e-03  Ld=4.85e-04  Lp=9.88e-04  Lic=3.45e-05  λp=1.00  | W=1.011(*1.00)  thetaP=0.671(*0.75)  <rel.err>=50%  [273s]
    Adam   500/2500  L=1.19e-03  Ld=3.27e-04  Lp=7.99e-04  Lic=3.19e-06  λp=1.00  | W=1.011(*1.00)  thetaP=0.671(*0.75)  <rel.err>=48%  [342s]
    Adam   600/2500  L=9.37e-04  Ld=2.46e-04  Lp=6.83e-04  Lic=3.20e-07  λp=1.00  | W=1.011(*1.00)  thetaP=0.671(*0.75)  <rel.err>=47%  [410s]
    Adam   700/2500  L=9.60e-04  Ld=1.99e-04  Lp=5.49e-04  Lic=1.05e-05  λp=1.00  | W=1.012(*1.00)  thetaP=0.670(*0.75)  <rel.err>=46%  [478s]
    Adam   800/2500  L=6.56e-04  Ld=1.70e-04  Lp=4.83e-04  Lic=1.05e-08  λp=1.01  | W=1.012(*1.00)  thetaP=0.670(*0.75)  <rel.err>=45%  [546s]
    Adam   900/2500  L=5.85e-04  Ld=1.53e-04  Lp=4.27e-04  Lic=8.25e-08  λp=1.01  | W=1.012(*1.00)  thetaP=0.669(*0.75)  <rel.err>=44%  [615s]
    Adam  1000/2500  L=5.05e-04  Ld=1.37e-04  Lp=3.61e-04  Lic=4.81e-09  λp=1.02  | W=1.013(*1.00)  thetaP=0.669(*0.75)  <rel.err>=43%  [683s]
    Adam  1100/2500  L=4.78e-04  Ld=1.27e-04  Lp=3.44e-04  Lic=5.54e-09  λp=1.02  | W=1.013(*1.00)  thetaP=0.669(*0.75)  <rel.err>=43%  [751s]
    Adam  1200/2500  L=4.20e-04  Ld=1.19e-04  Lp=2.95e-04  Lic=2.89e-09  λp=1.02  | W=1.014(*1.00)  thetaP=0.668(*0.75)  <rel.err>=43%  [820s]
    Adam  1300/2500  L=3.97e-04  Ld=1.12e-04  Lp=2.79e-04  Lic=3.43e-09  λp=1.02  | W=1.014(*1.00)  thetaP=0.668(*0.75)  <rel.err>=42%  [888s]
    Adam  1400/2500  L=3.57e-04  Ld=1.07e-04  Lp=2.46e-04  Lic=2.86e-09  λp=1.02  | W=1.014(*1.00)  thetaP=0.668(*0.75)  <rel.err>=42%  [956s]
    Adam  1500/2500  L=3.53e-04  Ld=1.03e-04  Lp=2.46e-04  Lic=2.74e-09  λp=1.02  | W=1.015(*1.00)  thetaP=0.667(*0.75)  <rel.err>=42%  [1024s]
    Adam  1600/2500  L=3.27e-04  Ld=9.93e-05  Lp=2.23e-04  Lic=2.46e-09  λp=1.02  | W=1.015(*1.00)  thetaP=0.667(*0.75)  <rel.err>=41%  [1092s]
    Adam  1700/2500  L=3.17e-04  Ld=9.70e-05  Lp=2.15e-04  Lic=2.48e-09  λp=1.02  | W=1.016(*1.00)  thetaP=0.667(*0.75)  <rel.err>=41%  [1161s]
    Adam  1800/2500  L=3.13e-04  Ld=9.47e-05  Lp=2.12e-04  Lic=2.46e-09  λp=1.03  | W=1.016(*1.00)  thetaP=0.667(*0.75)  <rel.err>=41%  [1229s]
    Adam  1900/2500  L=3.01e-04  Ld=9.31e-05  Lp=2.03e-04  Lic=2.35e-09  λp=1.03  | W=1.016(*1.00)  thetaP=0.667(*0.75)  <rel.err>=41%  [1297s]
    Adam  2000/2500  L=2.89e-04  Ld=9.18e-05  Lp=1.91e-04  Lic=2.25e-09  λp=1.03  | W=1.016(*1.00)  thetaP=0.666(*0.75)  <rel.err>=40%  [1365s]
    Adam  2100/2500  L=2.92e-04  Ld=9.09e-05  Lp=1.96e-04  Lic=2.29e-09  λp=1.03  | W=1.017(*1.00)  thetaP=0.666(*0.75)  <rel.err>=40%  [1434s]
    Adam  2200/2500  L=2.74e-04  Ld=9.01e-05  Lp=1.79e-04  Lic=2.21e-09  λp=1.03  | W=1.017(*1.00)  thetaP=0.666(*0.75)  <rel.err>=40%  [1502s]
    Adam  2300/2500  L=2.77e-04  Ld=8.95e-05  Lp=1.82e-04  Lic=2.18e-09  λp=1.03  | W=1.017(*1.00)  thetaP=0.666(*0.75)  <rel.err>=40%  [1570s]
    Adam  2400/2500  L=2.72e-04  Ld=8.92e-05  Lp=1.77e-04  Lic=2.20e-09  λp=1.03  | W=1.017(*1.00)  thetaP=0.665(*0.75)  <rel.err>=40%  [1638s]
    Adam  2500/2500  L=2.61e-04  Ld=8.91e-05  Lp=1.67e-04  Lic=2.12e-09  λp=1.03  | W=1.017(*1.00)  thetaP=0.665(*0.75)  <rel.err>=39%  [1706s]
    L-BFGS (600 steps) ...
    LBFGS   50/600  L=2.49e-04  | W=1.018(*1.00)  thetaP=0.663(*0.75)  <rel.err>=39%  [1792s]
    LBFGS  100/600  L=2.11e-04  | W=1.025(*1.00)  thetaP=0.662(*0.75)  <rel.err>=38%  [1884s]
    LBFGS  150/600  L=2.09e-04  | W=1.029(*1.00)  thetaP=0.662(*0.75)  <rel.err>=38%  [1973s]
    LBFGS  200/600  L=2.03e-04  | W=1.037(*1.00)  thetaP=0.663(*0.75)  <rel.err>=37%  [2062s]
    LBFGS  250/600  L=1.74e-04  | W=1.040(*1.00)  thetaP=0.662(*0.75)  <rel.err>=37%  [2155s]
    LBFGS  300/600  L=1.74e-04  | W=1.042(*1.00)  thetaP=0.661(*0.75)  <rel.err>=36%  [2242s]
    LBFGS  350/600  L=1.52e-04  | W=1.045(*1.00)  thetaP=0.661(*0.75)  <rel.err>=36%  [2325s]
    LBFGS  400/600  L=1.46e-04  | W=1.044(*1.00)  thetaP=0.660(*0.75)  <rel.err>=36%  [2415s]
    LBFGS  450/600  L=1.49e-04  | W=1.043(*1.00)  thetaP=0.660(*0.75)  <rel.err>=36%  [2503s]
    LBFGS  500/600  L=1.34e-04  | W=1.043(*1.00)  thetaP=0.659(*0.75)  <rel.err>=36%  [2589s]
    LBFGS  550/600  L=1.37e-04  | W=1.042(*1.00)  thetaP=0.659(*0.75)  <rel.err>=36%  [2675s]
    LBFGS  600/600  L=1.25e-04  | W=1.040(*1.00)  thetaP=0.660(*0.75)  <rel.err>=36%  [2755s]
    param-refine (500 steps, nets frozen) ...
    refine   50/500  Lp=3.20e-05  | W=0.561(*1.00)  thetaP=0.761(*0.75)  <rel.err>=44%  [2771s]
    refine  100/500  Lp=3.20e-05  | W=0.561(*1.00)  thetaP=0.761(*0.75)  <rel.err>=44%  [2773s]
    refine  150/500  Lp=3.20e-05  | W=0.561(*1.00)  thetaP=0.761(*0.75)  <rel.err>=44%  [2775s]
    refine  200/500  Lp=3.20e-05  | W=0.561(*1.00)  thetaP=0.761(*0.75)  <rel.err>=44%  [2777s]
    refine  250/500  Lp=3.20e-05  | W=0.561(*1.00)  thetaP=0.761(*0.75)  <rel.err>=44%  [2779s]
    refine  300/500  Lp=3.20e-05  | W=0.561(*1.00)  thetaP=0.761(*0.75)  <rel.err>=44%  [2781s]
    refine  350/500  Lp=3.20e-05  | W=0.561(*1.00)  thetaP=0.761(*0.75)  <rel.err>=44%  [2782s]
    refine  400/500  Lp=3.20e-05  | W=0.561(*1.00)  thetaP=0.761(*0.75)  <rel.err>=44%  [2784s]
    refine  450/500  Lp=3.20e-05  | W=0.561(*1.00)  thetaP=0.761(*0.75)  <rel.err>=44%  [2786s]
    refine  500/500  Lp=3.20e-05  | W=0.561(*1.00)  thetaP=0.761(*0.75)  <rel.err>=44%  [2788s]
  recovered W=0.561 thetaP=0.761  (2788s)

── Cancer-like ──
  arch 4×256  net params 207,879 × 6 cond  unknowns 36
  conditions ['ctrl', 'noATRA', 'earlyATRA', 'lateATRA', 'lowATRA', 'strongCirc']
  init guess W=1.2 thetaP=0.6 (+50% on the rest)  |  true W=1.5 thetaP=0.5
    Adam     1/2500  L=8.94e+00  Ld=1.49e+00  Lp=6.36e-01  Lic=3.40e-01  λp=1.04  | W=1.194(*1.50)  thetaP=0.599(*0.50)  <rel.err>=48%  [1s]
    Adam   100/2500  L=4.25e-02  Ld=2.04e-02  Lp=1.20e-02  Lic=4.79e-04  λp=1.04  | W=1.054(*1.50)  thetaP=0.668(*0.50)  <rel.err>=55%  [68s]
    Adam   200/2500  L=6.61e-03  Ld=2.75e-03  Lp=2.07e-03  Lic=8.29e-05  λp=1.06  | W=1.063(*1.50)  thetaP=0.668(*0.50)  <rel.err>=55%  [136s]
    Adam   300/2500  L=4.09e-03  Ld=1.41e-03  Lp=1.40e-03  Lic=5.96e-05  λp=1.06  | W=1.063(*1.50)  thetaP=0.667(*0.50)  <rel.err>=54%  [204s]
    Adam   400/2500  L=2.12e-03  Ld=8.98e-04  Lp=1.09e-03  Lic=2.75e-06  λp=1.07  | W=1.063(*1.50)  thetaP=0.665(*0.50)  <rel.err>=52%  [272s]
    Adam   500/2500  L=1.62e-03  Ld=5.78e-04  Lp=9.78e-04  Lic=9.83e-09  λp=1.07  | W=1.064(*1.50)  thetaP=0.664(*0.50)  <rel.err>=51%  [340s]
    Adam   600/2500  L=1.85e-03  Ld=4.46e-04  Lp=8.69e-04  Lic=2.44e-05  λp=1.06  | W=1.064(*1.50)  thetaP=0.662(*0.50)  <rel.err>=49%  [409s]
    Adam   700/2500  L=1.13e-03  Ld=3.77e-04  Lp=7.09e-04  Lic=3.42e-08  λp=1.06  | W=1.065(*1.50)  thetaP=0.660(*0.50)  <rel.err>=48%  [477s]
    Adam   800/2500  L=1.00e-03  Ld=3.18e-04  Lp=6.42e-04  Lic=1.50e-07  λp=1.06  | W=1.065(*1.50)  thetaP=0.659(*0.50)  <rel.err>=47%  [545s]
    Adam   900/2500  L=8.84e-04  Ld=2.85e-04  Lp=5.65e-04  Lic=1.34e-08  λp=1.06  | W=1.066(*1.50)  thetaP=0.657(*0.50)  <rel.err>=45%  [613s]
    Adam  1000/2500  L=7.61e-04  Ld=2.52e-04  Lp=4.74e-04  Lic=8.31e-09  λp=1.07  | W=1.066(*1.50)  thetaP=0.656(*0.50)  <rel.err>=44%  [682s]
    Adam  1100/2500  L=7.12e-04  Ld=2.29e-04  Lp=4.50e-04  Lic=1.11e-08  λp=1.07  | W=1.067(*1.50)  thetaP=0.655(*0.50)  <rel.err>=43%  [750s]
    Adam  1200/2500  L=6.12e-04  Ld=2.08e-04  Lp=3.77e-04  Lic=5.19e-09  λp=1.07  | W=1.067(*1.50)  thetaP=0.654(*0.50)  <rel.err>=42%  [818s]
    Adam  1300/2500  L=5.69e-04  Ld=1.92e-04  Lp=3.52e-04  Lic=5.82e-09  λp=1.07  | W=1.068(*1.50)  thetaP=0.653(*0.50)  <rel.err>=42%  [886s]
    Adam  1400/2500  L=4.98e-04  Ld=1.77e-04  Lp=3.02e-04  Lic=4.11e-09  λp=1.06  | W=1.068(*1.50)  thetaP=0.652(*0.50)  <rel.err>=41%  [955s]
    Adam  1500/2500  L=4.88e-04  Ld=1.65e-04  Lp=3.04e-04  Lic=4.43e-09  λp=1.06  | W=1.068(*1.50)  thetaP=0.651(*0.50)  <rel.err>=41%  [1023s]
    Adam  1600/2500  L=4.41e-04  Ld=1.55e-04  Lp=2.67e-04  Lic=4.91e-09  λp=1.07  | W=1.069(*1.50)  thetaP=0.650(*0.50)  <rel.err>=41%  [1091s]
    Adam  1700/2500  L=4.22e-04  Ld=1.48e-04  Lp=2.57e-04  Lic=4.03e-09  λp=1.07  | W=1.069(*1.50)  thetaP=0.650(*0.50)  <rel.err>=41%  [1159s]
    Adam  1800/2500  L=4.10e-04  Ld=1.41e-04  Lp=2.51e-04  Lic=4.01e-09  λp=1.07  | W=1.069(*1.50)  thetaP=0.649(*0.50)  <rel.err>=40%  [1227s]
    Adam  1900/2500  L=3.92e-04  Ld=1.36e-04  Lp=2.39e-04  Lic=4.01e-09  λp=1.07  | W=1.069(*1.50)  thetaP=0.649(*0.50)  <rel.err>=40%  [1295s]
    Adam  2000/2500  L=3.67e-04  Ld=1.32e-04  Lp=2.20e-04  Lic=3.50e-09  λp=1.07  | W=1.070(*1.50)  thetaP=0.648(*0.50)  <rel.err>=40%  [1363s]
    Adam  2100/2500  L=3.67e-04  Ld=1.29e-04  Lp=2.23e-04  Lic=3.28e-09  λp=1.07  | W=1.070(*1.50)  thetaP=0.648(*0.50)  <rel.err>=40%  [1431s]
    Adam  2200/2500  L=3.40e-04  Ld=1.27e-04  Lp=2.02e-04  Lic=3.19e-09  λp=1.06  | W=1.070(*1.50)  thetaP=0.647(*0.50)  <rel.err>=40%  [1500s]
    Adam  2300/2500  L=3.42e-04  Ld=1.25e-04  Lp=2.05e-04  Lic=3.02e-09  λp=1.06  | W=1.070(*1.50)  thetaP=0.647(*0.50)  <rel.err>=40%  [1568s]
    Adam  2400/2500  L=3.35e-04  Ld=1.24e-04  Lp=1.99e-04  Lic=3.08e-09  λp=1.06  | W=1.070(*1.50)  thetaP=0.646(*0.50)  <rel.err>=40%  [1636s]
    Adam  2500/2500  L=3.15e-04  Ld=1.24e-04  Lp=1.80e-04  Lic=2.83e-09  λp=1.06  | W=1.070(*1.50)  thetaP=0.646(*0.50)  <rel.err>=40%  [1704s]
    L-BFGS (600 steps) ...
    LBFGS   50/600  L=3.19e-04  | W=1.070(*1.50)  thetaP=0.646(*0.50)  <rel.err>=40%  [1774s]
    LBFGS  100/600  L=2.92e-04  | W=1.067(*1.50)  thetaP=0.643(*0.50)  <rel.err>=40%  [1857s]
    LBFGS  150/600  L=2.68e-04  | W=1.069(*1.50)  thetaP=0.641(*0.50)  <rel.err>=40%  [1949s]
    LBFGS  200/600  L=2.72e-04  | W=1.068(*1.50)  thetaP=0.639(*0.50)  <rel.err>=40%  [2035s]
    LBFGS  250/600  L=2.86e-04  | W=1.066(*1.50)  thetaP=0.638(*0.50)  <rel.err>=39%  [2112s]
    LBFGS  300/600  L=2.44e-04  | W=1.068(*1.50)  thetaP=0.638(*0.50)  <rel.err>=39%  [2200s]
    LBFGS  350/600  L=2.35e-04  | W=1.068(*1.50)  thetaP=0.637(*0.50)  <rel.err>=39%  [2284s]
    LBFGS  400/600  L=2.23e-04  | W=1.070(*1.50)  thetaP=0.637(*0.50)  <rel.err>=39%  [2371s]
    LBFGS  450/600  L=2.18e-04  | W=1.068(*1.50)  thetaP=0.637(*0.50)  <rel.err>=39%  [2455s]
    LBFGS  500/600  L=2.23e-04  | W=1.069(*1.50)  thetaP=0.637(*0.50)  <rel.err>=39%  [2533s]
    LBFGS  550/600  L=2.25e-04  | W=1.069(*1.50)  thetaP=0.638(*0.50)  <rel.err>=39%  [2603s]
    LBFGS  600/600  L=2.08e-04  | W=1.069(*1.50)  thetaP=0.638(*0.50)  <rel.err>=39%  [2676s]
    param-refine (500 steps, nets frozen) ...
    refine   50/500  Lp=5.53e-05  | W=0.518(*1.50)  thetaP=0.784(*0.50)  <rel.err>=72%  [2700s]
    refine  100/500  Lp=5.53e-05  | W=0.518(*1.50)  thetaP=0.784(*0.50)  <rel.err>=72%  [2702s]
    refine  150/500  Lp=5.53e-05  | W=0.518(*1.50)  thetaP=0.784(*0.50)  <rel.err>=72%  [2704s]
    refine  200/500  Lp=5.53e-05  | W=0.518(*1.50)  thetaP=0.784(*0.50)  <rel.err>=72%  [2706s]
    refine  250/500  Lp=5.53e-05  | W=0.518(*1.50)  thetaP=0.784(*0.50)  <rel.err>=72%  [2708s]
    refine  300/500  Lp=5.53e-05  | W=0.518(*1.50)  thetaP=0.784(*0.50)  <rel.err>=72%  [2710s]
    refine  350/500  Lp=5.53e-05  | W=0.518(*1.50)  thetaP=0.784(*0.50)  <rel.err>=72%  [2712s]
    refine  400/500  Lp=5.53e-05  | W=0.518(*1.50)  thetaP=0.784(*0.50)  <rel.err>=72%  [2714s]
    refine  450/500  Lp=5.53e-05  | W=0.518(*1.50)  thetaP=0.784(*0.50)  <rel.err>=72%  [2716s]
    refine  500/500  Lp=5.53e-05  | W=0.518(*1.50)  thetaP=0.784(*0.50)  <rel.err>=72%  [2718s]
  recovered W=0.518 thetaP=0.784  (2718s)

── Strong APC-mutant ──
  arch 4×256  net params 207,879 × 6 cond  unknowns 36
  conditions ['ctrl', 'noATRA', 'earlyATRA', 'lateATRA', 'lowATRA', 'strongCirc']
  init guess W=1.2 thetaP=0.6 (+50% on the rest)  |  true W=2.0 thetaP=0.25
    Adam     1/2500  L=9.28e+00  Ld=1.82e+00  Lp=6.36e-01  Lic=3.40e-01  λp=1.04  | W=1.194(*2.00)  thetaP=0.599(*0.25)  <rel.err>=52%  [1s]
    Adam   100/2500  L=3.47e-02  Ld=1.83e-02  Lp=1.13e-02  Lic=2.29e-04  λp=1.04  | W=1.115(*2.00)  thetaP=0.667(*0.25)  <rel.err>=61%  [68s]
    Adam   200/2500  L=7.08e-03  Ld=3.74e-03  Lp=2.21e-03  Lic=5.01e-05  λp=1.06  | W=1.139(*2.00)  thetaP=0.667(*0.25)  <rel.err>=61%  [136s]
    Adam   300/2500  L=7.72e-03  Ld=1.94e-03  Lp=1.48e-03  Lic=2.11e-04  λp=1.06  | W=1.140(*2.00)  thetaP=0.666(*0.25)  <rel.err>=60%  [204s]
    Adam   400/2500  L=7.88e-03  Ld=1.30e-03  Lp=1.22e-03  Lic=2.62e-04  λp=1.09  | W=1.140(*2.00)  thetaP=0.664(*0.25)  <rel.err>=59%  [273s]
    Adam   500/2500  L=2.10e-03  Ld=8.62e-04  Lp=1.13e-03  Lic=1.75e-08  λp=1.09  | W=1.141(*2.00)  thetaP=0.662(*0.25)  <rel.err>=58%  [340s]
    Adam   600/2500  L=1.83e-03  Ld=6.94e-04  Lp=1.03e-03  Lic=1.66e-07  λp=1.11  | W=1.141(*2.00)  thetaP=0.660(*0.25)  <rel.err>=57%  [409s]
    Adam   700/2500  L=1.70e-03  Ld=5.93e-04  Lp=8.55e-04  Lic=8.10e-06  λp=1.11  | W=1.142(*2.00)  thetaP=0.658(*0.25)  <rel.err>=56%  [477s]
    Adam   800/2500  L=1.40e-03  Ld=5.16e-04  Lp=7.86e-04  Lic=6.26e-07  λp=1.11  | W=1.142(*2.00)  thetaP=0.656(*0.25)  <rel.err>=54%  [545s]
    Adam   900/2500  L=1.30e-03  Ld=4.55e-04  Lp=7.12e-04  Lic=2.87e-06  λp=1.11  | W=1.143(*2.00)  thetaP=0.655(*0.25)  <rel.err>=53%  [613s]
    Adam  1000/2500  L=1.09e-03  Ld=4.08e-04  Lp=6.11e-04  Lic=1.70e-08  λp=1.12  | W=1.144(*2.00)  thetaP=0.653(*0.25)  <rel.err>=52%  [681s]
    Adam  1100/2500  L=1.03e-03  Ld=3.72e-04  Lp=5.87e-04  Lic=1.58e-08  λp=1.12  | W=1.144(*2.00)  thetaP=0.651(*0.25)  <rel.err>=51%  [749s]
    Adam  1200/2500  L=8.93e-04  Ld=3.40e-04  Lp=4.94e-04  Lic=1.11e-08  λp=1.12  | W=1.145(*2.00)  thetaP=0.650(*0.25)  <rel.err>=50%  [817s]
    Adam  1300/2500  L=8.30e-04  Ld=3.14e-04  Lp=4.61e-04  Lic=1.02e-08  λp=1.12  | W=1.145(*2.00)  thetaP=0.648(*0.25)  <rel.err>=50%  [886s]
    Adam  1400/2500  L=7.26e-04  Ld=2.89e-04  Lp=3.92e-04  Lic=2.94e-09  λp=1.11  | W=1.146(*2.00)  thetaP=0.647(*0.25)  <rel.err>=49%  [954s]
    Adam  1500/2500  L=7.11e-04  Ld=2.68e-04  Lp=3.98e-04  Lic=8.45e-09  λp=1.11  | W=1.146(*2.00)  thetaP=0.646(*0.25)  <rel.err>=49%  [1022s]
    Adam  1600/2500  L=6.37e-04  Ld=2.50e-04  Lp=3.45e-04  Lic=7.92e-09  λp=1.12  | W=1.146(*2.00)  thetaP=0.644(*0.25)  <rel.err>=48%  [1090s]
    Adam  1700/2500  L=6.08e-04  Ld=2.36e-04  Lp=3.32e-04  Lic=5.59e-09  λp=1.12  | W=1.146(*2.00)  thetaP=0.643(*0.25)  <rel.err>=48%  [1158s]
    Adam  1800/2500  L=5.85e-04  Ld=2.24e-04  Lp=3.22e-04  Lic=6.57e-09  λp=1.12  | W=1.147(*2.00)  thetaP=0.642(*0.25)  <rel.err>=48%  [1226s]
    Adam  1900/2500  L=5.59e-04  Ld=2.14e-04  Lp=3.08e-04  Lic=5.26e-09  λp=1.12  | W=1.147(*2.00)  thetaP=0.641(*0.25)  <rel.err>=48%  [1294s]
    Adam  2000/2500  L=5.18e-04  Ld=2.06e-04  Lp=2.79e-04  Lic=5.47e-09  λp=1.12  | W=1.147(*2.00)  thetaP=0.640(*0.25)  <rel.err>=48%  [1363s]
    Adam  2100/2500  L=5.16e-04  Ld=1.99e-04  Lp=2.83e-04  Lic=5.00e-09  λp=1.12  | W=1.147(*2.00)  thetaP=0.640(*0.25)  <rel.err>=47%  [1431s]
    Adam  2200/2500  L=4.78e-04  Ld=1.94e-04  Lp=2.56e-04  Lic=4.93e-09  λp=1.11  | W=1.147(*2.00)  thetaP=0.639(*0.25)  <rel.err>=47%  [1499s]
    Adam  2300/2500  L=4.80e-04  Ld=1.91e-04  Lp=2.61e-04  Lic=4.44e-09  λp=1.11  | W=1.147(*2.00)  thetaP=0.638(*0.25)  <rel.err>=47%  [1567s]
    Adam  2400/2500  L=4.70e-04  Ld=1.89e-04  Lp=2.52e-04  Lic=4.64e-09  λp=1.11  | W=1.147(*2.00)  thetaP=0.638(*0.25)  <rel.err>=47%  [1635s]
    Adam  2500/2500  L=4.38e-04  Ld=1.88e-04  Lp=2.25e-04  Lic=4.27e-09  λp=1.11  | W=1.147(*2.00)  thetaP=0.637(*0.25)  <rel.err>=47%  [1704s]
    L-BFGS (600 steps) ...
    LBFGS   50/600  L=4.30e-04  | W=1.147(*2.00)  thetaP=0.637(*0.25)  <rel.err>=47%  [1762s]
    LBFGS  100/600  L=4.12e-04  | W=1.143(*2.00)  thetaP=0.633(*0.25)  <rel.err>=47%  [1842s]
    LBFGS  150/600  L=3.89e-04  | W=1.143(*2.00)  thetaP=0.624(*0.25)  <rel.err>=47%  [1944s]
    LBFGS  200/600  L=3.21e-04  | W=1.139(*2.00)  thetaP=0.620(*0.25)  <rel.err>=47%  [2025s]
    LBFGS  250/600  L=3.14e-04  | W=1.140(*2.00)  thetaP=0.618(*0.25)  <rel.err>=46%  [2111s]
    LBFGS  300/600  L=3.24e-04  | W=1.138(*2.00)  thetaP=0.616(*0.25)  <rel.err>=46%  [2185s]
    LBFGS  350/600  L=3.33e-04  | W=1.139(*2.00)  thetaP=0.616(*0.25)  <rel.err>=46%  [2264s]
    LBFGS  400/600  L=2.79e-04  | W=1.139(*2.00)  thetaP=0.615(*0.25)  <rel.err>=46%  [2341s]
    LBFGS  450/600  L=2.75e-04  | W=1.139(*2.00)  thetaP=0.616(*0.25)  <rel.err>=46%  [2422s]
    LBFGS  500/600  L=2.92e-04  | W=1.140(*2.00)  thetaP=0.616(*0.25)  <rel.err>=46%  [2505s]
    LBFGS  550/600  L=2.90e-04  | W=1.140(*2.00)  thetaP=0.616(*0.25)  <rel.err>=46%  [2580s]
    LBFGS  600/600  L=2.77e-04  | W=1.140(*2.00)  thetaP=0.616(*0.25)  <rel.err>=46%  [2656s]
    param-refine (500 steps, nets frozen) ...
    refine   50/500  Lp=7.49e-05  | W=0.361(*2.00)  thetaP=0.713(*0.25)  <rel.err>=94%  [2680s]
    refine  100/500  Lp=7.49e-05  | W=0.361(*2.00)  thetaP=0.713(*0.25)  <rel.err>=94%  [2682s]
    refine  150/500  Lp=7.49e-05  | W=0.361(*2.00)  thetaP=0.713(*0.25)  <rel.err>=94%  [2684s]
    refine  200/500  Lp=7.49e-05  | W=0.361(*2.00)  thetaP=0.713(*0.25)  <rel.err>=94%  [2686s]
    refine  250/500  Lp=7.49e-05  | W=0.361(*2.00)  thetaP=0.713(*0.25)  <rel.err>=94%  [2687s]
    refine  300/500  Lp=7.49e-05  | W=0.361(*2.00)  thetaP=0.713(*0.25)  <rel.err>=94%  [2689s]
    refine  350/500  Lp=7.49e-05  | W=0.361(*2.00)  thetaP=0.713(*0.25)  <rel.err>=94%  [2692s]
    refine  400/500  Lp=7.49e-05  | W=0.361(*2.00)  thetaP=0.713(*0.25)  <rel.err>=94%  [2693s]
    refine  450/500  Lp=7.49e-05  | W=0.361(*2.00)  thetaP=0.713(*0.25)  <rel.err>=94%  [2695s]
    refine  500/500  Lp=7.49e-05  | W=0.361(*2.00)  thetaP=0.713(*0.25)  <rel.err>=94%  [2697s]
  recovered W=0.361 thetaP=0.713  (2697s)

[3/3] Plotting + diagnostics ...

======================================================================
Recovered parameters (inverse PINN) — rel. error %, by regime
(sorted best -> worst; worst = least-identifiable)
======================================================================
param         Normal  Early ad  Cancer-l  Strong A     mean
-----------------------------------------------------------
lambdaC         0.2%      0.0%      0.3%      0.2%     0.2%
etaRC           5.5%      1.3%      7.6%      9.8%     6.1%
etaBC           4.5%      3.8%      6.6%     17.2%     8.0%
a5              0.4%     11.3%     14.6%      6.6%     8.2%
eps5           16.5%     13.5%      7.3%      6.1%    10.9%
kappaBC        21.8%     15.7%      0.9%     20.1%    14.6%
eps13          29.7%     25.8%     18.7%      8.5%    20.7%
kappa13         6.2%     16.7%     25.8%     35.6%    21.1%
etaB13          5.1%     24.1%     21.7%     48.3%    24.8%
etaM13         20.5%     25.2%     38.4%     20.0%    26.0%
rho5           42.3%     35.4%     11.2%     17.2%    26.5%
kappaBM        24.6%     26.8%     24.0%     31.9%    26.8%
kappaB13       33.5%     55.1%     10.2%     13.3%    28.0%
etaBM           1.5%     22.3%     42.3%     51.4%    29.4%
deltaP1         4.0%     43.5%     55.7%     25.6%    32.2%
kappaRC        29.2%     36.8%     40.5%     42.0%    37.1%
epsC           86.5%     30.8%     21.5%     15.8%    38.7%
etaR           42.9%     52.2%     53.6%     46.1%    48.7%
rho13          73.7%     60.7%     58.6%      3.1%    49.0%
lambda5        19.4%     25.4%     70.1%     81.8%    49.2%
epsM           53.9%     57.3%     47.1%     44.9%    50.8%
kappaR         80.5%     46.1%     43.9%     36.3%    51.7%
W              16.4%     43.9%     65.5%     82.0%    51.9%
lambdaP        45.1%     73.8%     66.6%     58.8%    61.0%
thetaP         30.7%      1.5%     56.8%    185.1%    68.5%
kappaM13       13.1%     37.9%     64.7%    207.6%    80.8%
epsP          281.1%     20.5%     29.1%      9.2%    85.0%
etaM           89.0%     89.8%     89.9%     80.9%    87.4%
eta13           7.9%     33.4%    118.0%    209.5%    92.2%
kappaM         97.5%     98.3%     99.2%     99.1%    98.5%
kappa5         11.6%     31.6%    181.8%    303.3%   132.1%
epsR          228.5%    177.5%    128.7%    119.6%   163.6%
aC              7.0%     48.0%    195.7%    414.2%   166.2%
a13           120.0%     74.6%    196.7%    344.5%   183.9%
rhoB           52.7%     48.7%    359.8%    321.1%   195.6%
aM             84.2%    183.8%    306.2%    378.0%   238.1%
-----------------------------------------------------------
1/36 parameters recovered within 5% (mean over regimes)

======================================================================
Practical identifiability — relative RHS sensitivity per parameter
(aggregated over time, 7 equations, and all conditions; higher = easier)
(sorted most -> least identifiable)
======================================================================
param        rel.sensitivity
----------------------------
etaBM                21.8036
etaBC                18.1696
W                    15.4460
lambdaC              12.1133
etaB13                9.2060
etaR                  8.8546
eta13                 7.7662
thetaP                7.7195
kappaBM               7.4392
etaRC                 6.9355
etaM                  6.6262
kappaBC               6.1993
etaM13                5.6599
kappaR                5.3278
kappaRC               4.4610
lambda5               3.9486
lambdaP               3.9206
aM                    3.6143
kappaB13              3.1410
a13                   2.1686
kappa13               2.1101
kappaM                1.9350
rho13                 1.8772
deltaP1               1.6739
kappaM13              1.5932
a5                    1.5059
rho5                  1.2753
rhoB                  1.2524
kappa5                1.2247
aC                    1.2048
epsC                  0.2113
epsR                  0.1595
epsP                  0.1287
eps13                 0.1138
eps5                  0.1099
epsM                  0.1019

==============================================================================
PARAMETER IDENTIFIABILITY — verdict per unknown (sorted best -> worst)
==============================================================================
param        rel.sens   %ofmax  recov.err  identifiable      a-priori
---------------------------------------------------------------------
lambdaC       12.1133    55.6%       0.2%           YES  identifiable
etaRC          6.9355    31.8%       6.1%      MARGINAL  identifiable
etaBC         18.1696    83.3%       8.0%      MARGINAL  identifiable
a5             1.5059     6.9%       8.2%      MARGINAL  identifiable
eps5           0.1099     0.5%      10.9%      MARGINAL     non-ident
kappaBC        6.1993    28.4%      14.6%      MARGINAL  identifiable
eps13          0.1138     0.5%      20.7%            NO     non-ident
kappa13        2.1101     9.7%      21.1%            NO  identifiable
etaB13         9.2060    42.2%      24.8%            NO  identifiable
etaM13         5.6599    26.0%      26.0%            NO  identifiable
rho5           1.2753     5.8%      26.5%            NO  identifiable
kappaBM        7.4392    34.1%      26.8%            NO  identifiable
kappaB13       3.1410    14.4%      28.0%            NO  identifiable
etaBM         21.8036   100.0%      29.4%            NO  identifiable
deltaP1        1.6739     7.7%      32.2%            NO  identifiable
kappaRC        4.4610    20.5%      37.1%            NO  identifiable
epsC           0.2113     1.0%      38.7%            NO     non-ident
etaR           8.8546    40.6%      48.7%            NO  identifiable
rho13          1.8772     8.6%      49.0%            NO  identifiable
lambda5        3.9486    18.1%      49.2%            NO  identifiable
epsM           0.1019     0.5%      50.8%            NO     non-ident
kappaR         5.3278    24.4%      51.7%            NO  identifiable
W             15.4460    70.8%      51.9%            NO  identifiable
lambdaP        3.9206    18.0%      61.0%            NO  identifiable
thetaP         7.7195    35.4%      68.5%            NO  identifiable
kappaM13       1.5932     7.3%      80.8%            NO  identifiable
epsP           0.1287     0.6%      85.0%            NO     non-ident
etaM           6.6262    30.4%      87.4%            NO  identifiable
eta13          7.7662    35.6%      92.2%            NO  identifiable
kappaM         1.9350     8.9%      98.5%            NO  identifiable
kappa5         1.2247     5.6%     132.1%            NO  identifiable
epsR           0.1595     0.7%     163.6%            NO     non-ident
aC             1.2048     5.5%     166.2%            NO  identifiable
a13            2.1686     9.9%     183.9%            NO  identifiable
rhoB           1.2524     5.7%     195.6%            NO  identifiable
aM             3.6143    16.6%     238.1%            NO  identifiable
---------------------------------------------------------------------
1 identifiable (<5%) | 5 marginal (5-20%) | 30 not identifiable (>20%)  of 36
wrote ./identifiability.csv and identifiability.json
