============================================================
Inverse PINN (better) — recover 36 parameters
  10 experimental conditions: ['ctrl', 'noATRA', 'earlyATRA', 'lateATRA', 'lowATRA', 'strongCirc', 'wntPulse', 'wntInhib', 'mycPulse', 'wntRAcombo']
Device : cuda
GPU    : NVIDIA RTX PRO 6000 Blackwell Server Edition
VRAM   : 102.0 GB
Threads: 48
============================================================

[1/3] Reference trajectories (scipy Radau, per condition) ...
  Normal               ctrl       t=[0, 150]  shape=(5000, 7)
  Normal               noATRA     t=[0, 150]  shape=(5000, 7)
  Normal               earlyATRA  t=[0, 150]  shape=(5000, 7)
  Normal               lateATRA   t=[0, 150]  shape=(5000, 7)
  Normal               lowATRA    t=[0, 150]  shape=(5000, 7)
  Normal               strongCirc t=[0, 150]  shape=(5000, 7)
  Normal               wntPulse   t=[0, 150]  shape=(5000, 7)
  Normal               wntInhib   t=[0, 150]  shape=(5000, 7)
  Normal               mycPulse   t=[0, 150]  shape=(5000, 7)
  Normal               wntRAcombo t=[0, 150]  shape=(5000, 7)
  Early adenoma        ctrl       t=[0, 150]  shape=(5000, 7)
  Early adenoma        noATRA     t=[0, 150]  shape=(5000, 7)
  Early adenoma        earlyATRA  t=[0, 150]  shape=(5000, 7)
  Early adenoma        lateATRA   t=[0, 150]  shape=(5000, 7)
  Early adenoma        lowATRA    t=[0, 150]  shape=(5000, 7)
  Early adenoma        strongCirc t=[0, 150]  shape=(5000, 7)
  Early adenoma        wntPulse   t=[0, 150]  shape=(5000, 7)
  Early adenoma        wntInhib   t=[0, 150]  shape=(5000, 7)
  Early adenoma        mycPulse   t=[0, 150]  shape=(5000, 7)
  Early adenoma        wntRAcombo t=[0, 150]  shape=(5000, 7)
  Cancer-like          ctrl       t=[0, 150]  shape=(5000, 7)
  Cancer-like          noATRA     t=[0, 150]  shape=(5000, 7)
  Cancer-like          earlyATRA  t=[0, 150]  shape=(5000, 7)
  Cancer-like          lateATRA   t=[0, 150]  shape=(5000, 7)
  Cancer-like          lowATRA    t=[0, 150]  shape=(5000, 7)
  Cancer-like          strongCirc t=[0, 150]  shape=(5000, 7)
  Cancer-like          wntPulse   t=[0, 150]  shape=(5000, 7)
  Cancer-like          wntInhib   t=[0, 150]  shape=(5000, 7)
  Cancer-like          mycPulse   t=[0, 150]  shape=(5000, 7)
  Cancer-like          wntRAcombo t=[0, 150]  shape=(5000, 7)
  Strong APC-mutant    ctrl       t=[0, 150]  shape=(5000, 7)
  Strong APC-mutant    noATRA     t=[0, 150]  shape=(5000, 7)
  Strong APC-mutant    earlyATRA  t=[0, 150]  shape=(5000, 7)
  Strong APC-mutant    lateATRA   t=[0, 150]  shape=(5000, 7)
  Strong APC-mutant    lowATRA    t=[0, 150]  shape=(5000, 7)
  Strong APC-mutant    strongCirc t=[0, 150]  shape=(5000, 7)
  Strong APC-mutant    wntPulse   t=[0, 150]  shape=(5000, 7)
  Strong APC-mutant    wntInhib   t=[0, 150]  shape=(5000, 7)
  Strong APC-mutant    mycPulse   t=[0, 150]  shape=(5000, 7)
  Strong APC-mutant    wntRAcombo t=[0, 150]  shape=(5000, 7)

[2/3] Inverse training (shared params over conditions) ...

── Normal ──
  arch 4×256  net params 207,879 × 10 cond  unknowns 36
  conditions ['ctrl', 'noATRA', 'earlyATRA', 'lateATRA', 'lowATRA', 'strongCirc', 'wntPulse', 'wntInhib', 'mycPulse', 'wntRAcombo']
  init guess W=1.2 thetaP=0.6 (+50% on the rest)  |  true W=0.8 thetaP=1.0
    Adam     1/2500  L=8.41e+00  Ld=8.87e-01  Lp=7.19e-01  Lic=3.40e-01  λp=1.02  | W=1.194(*0.80)  thetaP=0.599(*1.00)  <rel.err>=50%  [2s]
    Adam   100/2500  L=1.09e-01  Ld=7.65e-02  Lp=3.20e-02  Lic=2.36e-05  λp=1.02  | W=0.987(*0.80)  thetaP=0.673(*1.00)  <rel.err>=55%  [115s]
    Adam   200/2500  L=6.61e-03  Ld=3.27e-03  Lp=3.18e-03  Lic=5.70e-06  λp=1.01  | W=0.994(*0.80)  thetaP=0.686(*1.00)  <rel.err>=54%  [229s]
    Adam   300/2500  L=3.08e-03  Ld=1.18e-03  Lp=1.62e-03  Lic=1.30e-05  λp=1.01  | W=0.995(*0.80)  thetaP=0.696(*1.00)  <rel.err>=52%  [343s]
    Adam   400/2500  L=2.04e-03  Ld=6.36e-04  Lp=1.08e-03  Lic=1.53e-05  λp=1.01  | W=0.996(*0.80)  thetaP=0.702(*1.00)  <rel.err>=51%  [457s]
    Adam   500/2500  L=1.29e-03  Ld=4.41e-04  Lp=8.34e-04  Lic=1.29e-07  λp=1.01  | W=0.995(*0.80)  thetaP=0.705(*1.00)  <rel.err>=50%  [571s]
    Adam   600/2500  L=2.15e-03  Ld=3.60e-04  Lp=6.75e-04  Lic=5.49e-05  λp=1.02  | W=0.994(*0.80)  thetaP=0.707(*1.00)  <rel.err>=49%  [686s]
    Adam   700/2500  L=1.41e-03  Ld=3.10e-04  Lp=5.92e-04  Lic=2.49e-05  λp=1.02  | W=0.993(*0.80)  thetaP=0.708(*1.00)  <rel.err>=48%  [800s]
    Adam   800/2500  L=8.09e-04  Ld=2.74e-04  Lp=5.21e-04  Lic=4.46e-08  λp=1.03  | W=0.992(*0.80)  thetaP=0.709(*1.00)  <rel.err>=47%  [914s]
    Adam   900/2500  L=7.38e-04  Ld=2.48e-04  Lp=4.75e-04  Lic=1.58e-07  λp=1.03  | W=0.991(*0.80)  thetaP=0.709(*1.00)  <rel.err>=47%  [1038s]
    Adam  1000/2500  L=6.77e-04  Ld=2.27e-04  Lp=4.37e-04  Lic=1.40e-08  λp=1.03  | W=0.990(*0.80)  thetaP=0.710(*1.00)  <rel.err>=46%  [1198s]
    Adam  1100/2500  L=6.24e-04  Ld=2.11e-04  Lp=4.02e-04  Lic=1.15e-08  λp=1.03  | W=0.988(*0.80)  thetaP=0.710(*1.00)  <rel.err>=46%  [1400s]
    Adam  1200/2500  L=5.85e-04  Ld=1.98e-04  Lp=3.75e-04  Lic=1.06e-08  λp=1.03  | W=0.987(*0.80)  thetaP=0.711(*1.00)  <rel.err>=45%  [1555s]
    Adam  1300/2500  L=5.68e-04  Ld=1.87e-04  Lp=3.70e-04  Lic=8.97e-09  λp=1.03  | W=0.985(*0.80)  thetaP=0.711(*1.00)  <rel.err>=45%  [1776s]
    Adam  1400/2500  L=5.29e-04  Ld=1.78e-04  Lp=3.40e-04  Lic=9.28e-09  λp=1.03  | W=0.983(*0.80)  thetaP=0.712(*1.00)  <rel.err>=44%  [2385s]
    Adam  1500/2500  L=4.99e-04  Ld=1.71e-04  Lp=3.18e-04  Lic=8.19e-09  λp=1.03  | W=0.982(*0.80)  thetaP=0.712(*1.00)  <rel.err>=44%  [2993s]
    Adam  1600/2500  L=4.78e-04  Ld=1.65e-04  Lp=3.04e-04  Lic=7.55e-09  λp=1.03  | W=0.980(*0.80)  thetaP=0.713(*1.00)  <rel.err>=43%  [3270s]
    Adam  1700/2500  L=4.65e-04  Ld=1.60e-04  Lp=2.96e-04  Lic=8.00e-09  λp=1.03  | W=0.979(*0.80)  thetaP=0.713(*1.00)  <rel.err>=43%  [3520s]
    Adam  1800/2500  L=4.47e-04  Ld=1.56e-04  Lp=2.82e-04  Lic=7.28e-09  λp=1.03  | W=0.978(*0.80)  thetaP=0.714(*1.00)  <rel.err>=42%  [3771s]
    Adam  1900/2500  L=4.36e-04  Ld=1.53e-04  Lp=2.75e-04  Lic=7.40e-09  λp=1.03  | W=0.976(*0.80)  thetaP=0.714(*1.00)  <rel.err>=42%  [4021s]
    Adam  2000/2500  L=4.33e-04  Ld=1.50e-04  Lp=2.74e-04  Lic=7.41e-09  λp=1.03  | W=0.975(*0.80)  thetaP=0.714(*1.00)  <rel.err>=42%  [4272s]
    Adam  2100/2500  L=4.18e-04  Ld=1.49e-04  Lp=2.61e-04  Lic=7.47e-09  λp=1.03  | W=0.974(*0.80)  thetaP=0.715(*1.00)  <rel.err>=41%  [4522s]
    Adam  2200/2500  L=4.25e-04  Ld=1.47e-04  Lp=2.69e-04  Lic=7.05e-09  λp=1.03  | W=0.972(*0.80)  thetaP=0.715(*1.00)  <rel.err>=41%  [4773s]
    Adam  2300/2500  L=4.25e-04  Ld=1.46e-04  Lp=2.70e-04  Lic=6.98e-09  λp=1.03  | W=0.971(*0.80)  thetaP=0.715(*1.00)  <rel.err>=41%  [5182s]
    Adam  2400/2500  L=4.12e-04  Ld=1.46e-04  Lp=2.57e-04  Lic=6.92e-09  λp=1.04  | W=0.970(*0.80)  thetaP=0.716(*1.00)  <rel.err>=41%  [5792s]
    Adam  2500/2500  L=4.11e-04  Ld=1.45e-04  Lp=2.56e-04  Lic=7.07e-09  λp=1.04  | W=0.968(*0.80)  thetaP=0.716(*1.00)  <rel.err>=41%  [6361s]
    L-BFGS (600 steps) ...
