/home/29/aidahxr/.local/lib/python3.12/site-packages/matplotlib/projections/__init__.py:63: UserWarning: Unable to import Axes3D. This may be due to multiple versions of Matplotlib being installed (e.g. as a system package and as a pip package). As a result, the 3D projection is not available.
  warnings.warn("Unable to import Axes3D. This may be due to multiple versions of "
============================================================
Inverse PINN (multicond-better) — recover 36 parameters
  smaller weight-decayed nets + alternating two-timescale opt
  6 experimental conditions: ['ctrl', 'noATRA', 'earlyATRA', 'lateATRA', 'lowATRA', 'strongCirc']
Device : cuda
GPU    : NVIDIA RTX PRO 6000 Blackwell Server Edition
VRAM   : 102.0 GB
Threads: 48
============================================================

[1/3] Reference trajectories (scipy Radau, per condition) ...
  Normal               ctrl       t=[0, 150]  shape=(5000, 7)
  Normal               noATRA     t=[0, 150]  shape=(5000, 7)
  Normal               earlyATRA  t=[0, 150]  shape=(5000, 7)
  Normal               lateATRA   t=[0, 150]  shape=(5000, 7)
  Normal               lowATRA    t=[0, 150]  shape=(5000, 7)
  Normal               strongCirc t=[0, 150]  shape=(5000, 7)
  Early Adenoma        ctrl       t=[0, 150]  shape=(5000, 7)
  Early Adenoma        noATRA     t=[0, 150]  shape=(5000, 7)
  Early Adenoma        earlyATRA  t=[0, 150]  shape=(5000, 7)
  Early Adenoma        lateATRA   t=[0, 150]  shape=(5000, 7)
  Early Adenoma        lowATRA    t=[0, 150]  shape=(5000, 7)
  Early Adenoma        strongCirc t=[0, 150]  shape=(5000, 7)
  Advanced Adenoma     ctrl       t=[0, 150]  shape=(5000, 7)
  Advanced Adenoma     noATRA     t=[0, 150]  shape=(5000, 7)
  Advanced Adenoma     earlyATRA  t=[0, 150]  shape=(5000, 7)
  Advanced Adenoma     lateATRA   t=[0, 150]  shape=(5000, 7)
  Advanced Adenoma     lowATRA    t=[0, 150]  shape=(5000, 7)
  Advanced Adenoma     strongCirc t=[0, 150]  shape=(5000, 7)
  Severe APC Loss      ctrl       t=[0, 150]  shape=(5000, 7)
  Severe APC Loss      noATRA     t=[0, 150]  shape=(5000, 7)
  Severe APC Loss      earlyATRA  t=[0, 150]  shape=(5000, 7)
  Severe APC Loss      lateATRA   t=[0, 150]  shape=(5000, 7)
  Severe APC Loss      lowATRA    t=[0, 150]  shape=(5000, 7)
  Severe APC Loss      strongCirc t=[0, 150]  shape=(5000, 7)

[2/3] Inverse training (shared params over conditions) ...

── Normal ──
  arch 3×128  net params 38,279 × 6 cond  unknowns 36
  conditions ['ctrl', 'noATRA', 'earlyATRA', 'lateATRA', 'lowATRA', 'strongCirc']
  init guess W=1.2 thetaP=0.6 (+50% on the rest)  |  true W=0.8 thetaP=1.0
    Adam     1/2500  L=8.25e+00  Ld=8.32e-01  Lp=6.48e-01  Lic=3.38e-01  λp=1.01  | W=1.200(*0.80)  thetaP=0.600(*1.00)  <rel.err>=50%  [3s]
    Adam   100/2500  L=1.55e-01  Ld=1.19e-01  Lp=3.44e-02  Lic=3.65e-05  λp=1.01  | W=0.959(*0.80)  thetaP=0.675(*1.00)  <rel.err>=55%  [309s]
    Adam   200/2500  L=6.34e-03  Ld=3.22e-03  Lp=3.07e-03  Lic=3.62e-07  λp=1.01  | W=0.969(*0.80)  thetaP=0.694(*1.00)  <rel.err>=56%  [621s]
    Adam   300/2500  L=2.92e-03  Ld=1.21e-03  Lp=1.67e-03  Lic=1.49e-07  λp=1.02  | W=0.970(*0.80)  thetaP=0.703(*1.00)  <rel.err>=56%  [934s]
    Adam   400/2500  L=1.96e-03  Ld=7.13e-04  Lp=1.22e-03  Lic=9.64e-08  λp=1.02  | W=0.971(*0.80)  thetaP=0.707(*1.00)  <rel.err>=55%  [1247s]
    Adam   500/2500  L=1.48e-03  Ld=5.40e-04  Lp=9.06e-04  Lic=7.44e-08  λp=1.04  | W=0.971(*0.80)  thetaP=0.708(*1.00)  <rel.err>=54%  [1560s]
    Adam   600/2500  L=1.26e-03  Ld=4.63e-04  Lp=7.66e-04  Lic=6.07e-08  λp=1.04  | W=0.971(*0.80)  thetaP=0.709(*1.00)  <rel.err>=53%  [1872s]
    Adam   700/2500  L=1.11e-03  Ld=4.23e-04  Lp=6.52e-04  Lic=5.05e-08  λp=1.06  | W=0.971(*0.80)  thetaP=0.710(*1.00)  <rel.err>=53%  [2186s]
    Adam   800/2500  L=1.04e-03  Ld=3.98e-04  Lp=6.08e-04  Lic=2.07e-07  λp=1.06  | W=0.971(*0.80)  thetaP=0.711(*1.00)  <rel.err>=53%  [2498s]
    Adam   900/2500  L=9.74e-04  Ld=3.79e-04  Lp=5.50e-04  Lic=8.88e-08  λp=1.08  | W=0.970(*0.80)  thetaP=0.711(*1.00)  <rel.err>=52%  [2811s]
    Adam  1000/2500  L=9.11e-04  Ld=3.65e-04  Lp=5.04e-04  Lic=1.19e-07  λp=1.08  | W=0.970(*0.80)  thetaP=0.712(*1.00)  <rel.err>=52%  [3123s]
    Adam  1100/2500  L=8.62e-04  Ld=3.55e-04  Lp=4.59e-04  Lic=4.56e-08  λp=1.10  | W=0.969(*0.80)  thetaP=0.712(*1.00)  <rel.err>=52%  [3436s]
    Adam  1200/2500  L=8.42e-04  Ld=3.46e-04  Lp=4.49e-04  Lic=3.85e-08  λp=1.10  | W=0.969(*0.80)  thetaP=0.712(*1.00)  <rel.err>=52%  [3749s]
    Adam  1300/2500  L=8.25e-04  Ld=3.39e-04  Lp=4.34e-04  Lic=3.90e-08  λp=1.12  | W=0.968(*0.80)  thetaP=0.712(*1.00)  <rel.err>=52%  [4062s]
    Adam  1400/2500  L=8.02e-04  Ld=3.33e-04  Lp=4.18e-04  Lic=3.71e-08  λp=1.12  | W=0.968(*0.80)  thetaP=0.713(*1.00)  <rel.err>=51%  [4374s]
    Adam  1500/2500  L=7.93e-04  Ld=3.28e-04  Lp=4.05e-04  Lic=3.89e-08  λp=1.15  | W=0.967(*0.80)  thetaP=0.713(*1.00)  <rel.err>=51%  [4687s]
    Adam  1600/2500  L=7.78e-04  Ld=3.24e-04  Lp=3.96e-04  Lic=3.70e-08  λp=1.15  | W=0.967(*0.80)  thetaP=0.713(*1.00)  <rel.err>=51%  [4999s]
    Adam  1700/2500  L=7.62e-04  Ld=3.21e-04  Lp=3.76e-04  Lic=3.82e-08  λp=1.17  | W=0.966(*0.80)  thetaP=0.713(*1.00)  <rel.err>=51%  [5305s]
    Adam  1800/2500  L=7.57e-04  Ld=3.18e-04  Lp=3.74e-04  Lic=3.74e-08  λp=1.17  | W=0.966(*0.80)  thetaP=0.713(*1.00)  <rel.err>=51%  [5605s]
    Adam  1900/2500  L=7.43e-04  Ld=3.16e-04  Lp=3.55e-04  Lic=3.64e-08  λp=1.20  | W=0.965(*0.80)  thetaP=0.713(*1.00)  <rel.err>=50%  [5904s]
    Adam  2000/2500  L=7.55e-04  Ld=3.14e-04  Lp=3.66e-04  Lic=3.52e-08  λp=1.20  | W=0.964(*0.80)  thetaP=0.713(*1.00)  <rel.err>=50%  [6203s]
    Adam  2100/2500  L=7.44e-04  Ld=3.13e-04  Lp=3.51e-04  Lic=3.41e-08  λp=1.23  | W=0.964(*0.80)  thetaP=0.713(*1.00)  <rel.err>=50%  [6501s]
    Adam  2200/2500  L=7.42e-04  Ld=3.12e-04  Lp=3.50e-04  Lic=3.44e-08  λp=1.23  | W=0.963(*0.80)  thetaP=0.713(*1.00)  <rel.err>=50%  [6800s]
    Adam  2300/2500  L=7.38e-04  Ld=3.11e-04  Lp=3.39e-04  Lic=3.59e-08  λp=1.25  | W=0.963(*0.80)  thetaP=0.713(*1.00)  <rel.err>=50%  [7099s]
    Adam  2400/2500  L=7.38e-04  Ld=3.11e-04  Lp=3.40e-04  Lic=3.43e-08  λp=1.25  | W=0.962(*0.80)  thetaP=0.713(*1.00)  <rel.err>=50%  [7397s]
    Adam  2500/2500  L=7.43e-04  Ld=3.11e-04  Lp=3.36e-04  Lic=3.54e-08  λp=1.28  | W=0.962(*0.80)  thetaP=0.713(*1.00)  <rel.err>=50%  [7696s]
    L-BFGS (600 steps) ...
    LBFGS   50/600  L=7.14e-04  | W=0.959(*0.80)  thetaP=0.714(*1.00)  <rel.err>=50%  [8963s]
    LBFGS  100/600  L=5.70e-04  | W=0.951(*0.80)  thetaP=0.716(*1.00)  <rel.err>=51%  [9930s]
    LBFGS  150/600  L=5.20e-04  | W=0.938(*0.80)  thetaP=0.717(*1.00)  <rel.err>=51%  [10686s]
    LBFGS  200/600  L=4.36e-04  | W=0.932(*0.80)  thetaP=0.719(*1.00)  <rel.err>=52%  [11299s]
    LBFGS  250/600  L=3.94e-04  | W=0.926(*0.80)  thetaP=0.720(*1.00)  <rel.err>=52%  [11920s]
    LBFGS  300/600  L=3.73e-04  | W=0.918(*0.80)  thetaP=0.721(*1.00)  <rel.err>=52%  [12543s]
    LBFGS  350/600  L=3.41e-04  | W=0.917(*0.80)  thetaP=0.723(*1.00)  <rel.err>=52%  [13224s]
    LBFGS  400/600  L=3.22e-04  | W=0.913(*0.80)  thetaP=0.723(*1.00)  <rel.err>=52%  [13766s]
    LBFGS  450/600  L=3.02e-04  | W=0.908(*0.80)  thetaP=0.724(*1.00)  <rel.err>=52%  [14272s]
    LBFGS  500/600  L=2.72e-04  | W=0.906(*0.80)  thetaP=0.725(*1.00)  <rel.err>=52%  [14712s]
    LBFGS  550/600  L=2.67e-04  | W=0.899(*0.80)  thetaP=0.725(*1.00)  <rel.err>=51%  [15191s]
    LBFGS  600/600  L=2.48e-04  | W=0.889(*0.80)  thetaP=0.725(*1.00)  <rel.err>=51%  [15917s]
    param-refine (500 steps, nets frozen) ...
    refine   50/500  Lp=4.38e-05  | W=0.608(*0.80)  thetaP=0.661(*1.00)  <rel.err>=54%  [16164s]
    refine  100/500  Lp=4.38e-05  | W=0.608(*0.80)  thetaP=0.661(*1.00)  <rel.err>=54%  [16213s]
    refine  150/500  Lp=4.38e-05  | W=0.608(*0.80)  thetaP=0.661(*1.00)  <rel.err>=54%  [16261s]
    refine  200/500  Lp=4.38e-05  | W=0.608(*0.80)  thetaP=0.661(*1.00)  <rel.err>=54%  [16310s]
    refine  250/500  Lp=4.38e-05  | W=0.608(*0.80)  thetaP=0.661(*1.00)  <rel.err>=54%  [16358s]
    refine  300/500  Lp=4.38e-05  | W=0.608(*0.80)  thetaP=0.661(*1.00)  <rel.err>=54%  [16407s]
    refine  350/500  Lp=4.38e-05  | W=0.608(*0.80)  thetaP=0.661(*1.00)  <rel.err>=54%  [16455s]
    refine  400/500  Lp=4.38e-05  | W=0.608(*0.80)  thetaP=0.661(*1.00)  <rel.err>=54%  [16504s]
    refine  450/500  Lp=4.38e-05  | W=0.608(*0.80)  thetaP=0.661(*1.00)  <rel.err>=54%  [16552s]
    refine  500/500  Lp=4.38e-05  | W=0.608(*0.80)  thetaP=0.661(*1.00)  <rel.err>=54%  [16601s]
  recovered W=0.608 thetaP=0.661  (16601s)

── Early Adenoma ──
  arch 3×128  net params 38,279 × 6 cond  unknowns 36
  conditions ['ctrl', 'noATRA', 'earlyATRA', 'lateATRA', 'lowATRA', 'strongCirc']
  init guess W=1.2 thetaP=0.6 (+50% on the rest)  |  true W=1.0 thetaP=0.75
    Adam     1/2500  L=8.57e+00  Ld=1.14e+00  Lp=6.48e-01  Lic=3.38e-01  λp=1.04  | W=1.200(*1.00)  thetaP=0.600(*0.75)  <rel.err>=48%  [1s]
    Adam   100/2500  L=8.53e-02  Ld=5.76e-02  Lp=2.65e-02  Lic=1.05e-05  λp=1.04  | W=0.989(*1.00)  thetaP=0.674(*0.75)  <rel.err>=53%  [157s]
    Adam   200/2500  L=6.74e-03  Ld=3.98e-03  Lp=2.66e-03  Lic=3.75e-07  λp=1.04  | W=0.995(*1.00)  thetaP=0.679(*0.75)  <rel.err>=53%  [317s]
    Adam   300/2500  L=3.24e-03  Ld=1.69e-03  Lp=1.46e-03  Lic=1.23e-07  λp=1.05  | W=0.995(*1.00)  thetaP=0.680(*0.75)  <rel.err>=51%  [486s]
    Adam   400/2500  L=2.14e-03  Ld=1.02e-03  Lp=1.06e-03  Lic=6.94e-08  λp=1.05  | W=0.994(*1.00)  thetaP=0.679(*0.75)  <rel.err>=50%  [660s]
    Adam   500/2500  L=1.56e-03  Ld=7.33e-04  Lp=7.76e-04  Lic=7.17e-08  λp=1.07  | W=0.994(*1.00)  thetaP=0.678(*0.75)  <rel.err>=48%  [833s]
    Adam   600/2500  L=1.30e-03  Ld=5.88e-04  Lp=6.46e-04  Lic=9.77e-07  λp=1.07  | W=0.994(*1.00)  thetaP=0.678(*0.75)  <rel.err>=47%  [1005s]
    Adam   700/2500  L=1.11e-03  Ld=5.07e-04  Lp=5.38e-04  Lic=3.28e-07  λp=1.10  | W=0.994(*1.00)  thetaP=0.677(*0.75)  <rel.err>=46%  [1167s]
    Adam   800/2500  L=1.02e-03  Ld=4.58e-04  Lp=4.92e-04  Lic=7.33e-07  λp=1.10  | W=0.994(*1.00)  thetaP=0.677(*0.75)  <rel.err>=45%  [1326s]
    Adam   900/2500  L=9.27e-04  Ld=4.25e-04  Lp=4.35e-04  Lic=3.55e-08  λp=1.15  | W=0.993(*1.00)  thetaP=0.677(*0.75)  <rel.err>=45%  [1485s]
    Adam  1000/2500  L=8.48e-04  Ld=3.98e-04  Lp=3.89e-04  Lic=4.24e-08  λp=1.15  | W=0.993(*1.00)  thetaP=0.677(*0.75)  <rel.err>=45%  [1643s]
    Adam  1100/2500  L=8.06e-04  Ld=3.78e-04  Lp=3.57e-04  Lic=3.19e-08  λp=1.20  | W=0.993(*1.00)  thetaP=0.677(*0.75)  <rel.err>=44%  [1802s]
    Adam  1200/2500  L=7.76e-04  Ld=3.60e-04  Lp=3.47e-04  Lic=2.92e-08  λp=1.20  | W=0.993(*1.00)  thetaP=0.677(*0.75)  <rel.err>=44%  [1960s]
    Adam  1300/2500  L=7.61e-04  Ld=3.47e-04  Lp=3.36e-04  Lic=2.83e-08  λp=1.23  | W=0.992(*1.00)  thetaP=0.677(*0.75)  <rel.err>=44%  [2119s]
    Adam  1400/2500  L=7.33e-04  Ld=3.36e-04  Lp=3.23e-04  Lic=2.12e-08  λp=1.23  | W=0.992(*1.00)  thetaP=0.677(*0.75)  <rel.err>=44%  [2278s]
    Adam  1500/2500  L=7.32e-04  Ld=3.27e-04  Lp=3.17e-04  Lic=2.30e-08  λp=1.28  | W=0.992(*1.00)  thetaP=0.677(*0.75)  <rel.err>=44%  [2436s]
    Adam  1600/2500  L=7.14e-04  Ld=3.20e-04  Lp=3.09e-04  Lic=2.37e-08  λp=1.28  | W=0.992(*1.00)  thetaP=0.677(*0.75)  <rel.err>=43%  [2595s]
    Adam  1700/2500  L=7.06e-04  Ld=3.14e-04  Lp=2.98e-04  Lic=2.37e-08  λp=1.31  | W=0.991(*1.00)  thetaP=0.677(*0.75)  <rel.err>=43%  [2754s]
    Adam  1800/2500  L=6.97e-04  Ld=3.09e-04  Lp=2.95e-04  Lic=2.26e-08  λp=1.31  | W=0.991(*1.00)  thetaP=0.677(*0.75)  <rel.err>=43%  [2913s]
    Adam  1900/2500  L=6.90e-04  Ld=3.06e-04  Lp=2.83e-04  Lic=2.18e-08  λp=1.36  | W=0.991(*1.00)  thetaP=0.677(*0.75)  <rel.err>=43%  [3066s]
    Adam  2000/2500  L=7.01e-04  Ld=3.03e-04  Lp=2.93e-04  Lic=2.21e-08  λp=1.36  | W=0.991(*1.00)  thetaP=0.677(*0.75)  <rel.err>=43%  [3213s]
    Adam  2100/2500  L=6.93e-04  Ld=3.01e-04  Lp=2.81e-04  Lic=2.00e-08  λp=1.39  | W=0.990(*1.00)  thetaP=0.677(*0.75)  <rel.err>=43%  [3357s]
    Adam  2200/2500  L=6.89e-04  Ld=3.00e-04  Lp=2.79e-04  Lic=2.08e-08  λp=1.39  | W=0.990(*1.00)  thetaP=0.677(*0.75)  <rel.err>=43%  [3502s]
    Adam  2300/2500  L=6.90e-04  Ld=2.99e-04  Lp=2.73e-04  Lic=2.19e-08  λp=1.43  | W=0.990(*1.00)  thetaP=0.677(*0.75)  <rel.err>=42%  [3646s]
    Adam  2400/2500  L=6.95e-04  Ld=2.98e-04  Lp=2.77e-04  Lic=2.11e-08  λp=1.43  | W=0.989(*1.00)  thetaP=0.677(*0.75)  <rel.err>=42%  [3790s]
    Adam  2500/2500  L=7.00e-04  Ld=2.98e-04  Lp=2.73e-04  Lic=2.20e-08  λp=1.47  | W=0.989(*1.00)  thetaP=0.677(*0.75)  <rel.err>=42%  [3934s]
    L-BFGS (600 steps) ...
    LBFGS   50/600  L=6.43e-04  | W=0.989(*1.00)  thetaP=0.677(*0.75)  <rel.err>=42%  [4363s]
    LBFGS  100/600  L=5.61e-04  | W=0.987(*1.00)  thetaP=0.676(*0.75)  <rel.err>=42%  [4786s]
    LBFGS  150/600  L=4.85e-04  | W=0.980(*1.00)  thetaP=0.675(*0.75)  <rel.err>=42%  [5227s]
    LBFGS  200/600  L=4.50e-04  | W=0.979(*1.00)  thetaP=0.675(*0.75)  <rel.err>=42%  [5560s]
    LBFGS  250/600  L=4.25e-04  | W=0.977(*1.00)  thetaP=0.674(*0.75)  <rel.err>=42%  [6076s]
    LBFGS  300/600  L=3.74e-04  | W=0.975(*1.00)  thetaP=0.674(*0.75)  <rel.err>=42%  [6578s]
    LBFGS  350/600  L=3.51e-04  | W=0.973(*1.00)  thetaP=0.674(*0.75)  <rel.err>=42%  [7113s]
    LBFGS  400/600  L=3.22e-04  | W=0.971(*1.00)  thetaP=0.674(*0.75)  <rel.err>=42%  [7699s]
    LBFGS  450/600  L=2.82e-04  | W=0.970(*1.00)  thetaP=0.674(*0.75)  <rel.err>=42%  [8292s]
    LBFGS  500/600  L=2.94e-04  | W=0.966(*1.00)  thetaP=0.673(*0.75)  <rel.err>=42%  [8893s]
    LBFGS  550/600  L=2.64e-04  | W=0.963(*1.00)  thetaP=0.673(*0.75)  <rel.err>=42%  [9540s]
