=== regime=Advanced Adenoma  variant=bm_myc  hybrid_term=bm_myc  n_unknown=34  knobs={'rel_weight': True, 'colloc_mode': 'fixed', 'residual_mode': 'integral', 'activation': 'gelu', 'n_starts': 3} ===
  [Adva#0] arch 4x256 act=gelu net 207,879x10cond  rel_w=True colloc=fixed res=integral
  [Adva#0] hybrid term=bm_myc (2x5 tanh, constraint=anchored, wd=1e-08) 46 weights | recovering 34 mechanistic params
    [Adva#0] Adam     1/2000  L=8.80e+00  Ld=5.63e-01  Lp=3.24e-04  Lic=4.12e-01  L2=2.15e-09  lp=10.28 | W=1.194(*1.50)  thetaP=0.599(*0.50)  <rel.err>=48% [1s]
    [Adva#0] Adam   200/2000  L=6.72e-03  Ld=6.21e-03  Lp=1.18e-05  Lic=1.97e-05  L2=2.68e-09  lp=9.76 | W=1.038(*1.50)  thetaP=0.684(*0.50)  <rel.err>=59% [114s]
    [Adva#0] Adam   400/2000  L=1.15e-03  Ld=1.10e-03  Lp=1.61e-06  Lic=1.75e-06  L2=2.64e-09  lp=9.96 | W=1.031(*1.50)  thetaP=0.680(*0.50)  <rel.err>=56% [228s]
    [Adva#0] Adam   600/2000  L=5.59e-04  Ld=5.50e-04  Lp=8.19e-07  Lic=4.13e-09  L2=2.65e-09  lp=11.12 | W=1.031(*1.50)  thetaP=0.675(*0.50)  <rel.err>=53% [342s]
    [Adva#0] Adam   800/2000  L=3.87e-04  Ld=3.80e-04  Lp=5.49e-07  Lic=2.39e-09  L2=2.66e-09  lp=12.17 | W=1.033(*1.50)  thetaP=0.672(*0.50)  <rel.err>=51% [456s]
    [Adva#0] Adam  1000/2000  L=3.05e-04  Ld=2.99e-04  Lp=4.20e-07  Lic=1.87e-09  L2=2.65e-09  lp=13.03 | W=1.036(*1.50)  thetaP=0.670(*0.50)  <rel.err>=51% [569s]
    [Adva#0] Adam  1200/2000  L=2.61e-04  Ld=2.56e-04  Lp=3.52e-07  Lic=1.58e-09  L2=2.63e-09  lp=13.72 | W=1.038(*1.50)  thetaP=0.669(*0.50)  <rel.err>=50% [683s]
    [Adva#0] Adam  1400/2000  L=2.37e-04  Ld=2.32e-04  Lp=3.13e-07  Lic=1.41e-09  L2=2.61e-09  lp=14.30 | W=1.041(*1.50)  thetaP=0.668(*0.50)  <rel.err>=50% [797s]
    [Adva#0] Adam  1600/2000  L=2.24e-04  Ld=2.20e-04  Lp=2.91e-07  Lic=1.33e-09  L2=2.59e-09  lp=14.83 | W=1.044(*1.50)  thetaP=0.668(*0.50)  <rel.err>=49% [911s]
    [Adva#0] Adam  1800/2000  L=2.19e-04  Ld=2.15e-04  Lp=2.77e-07  Lic=1.30e-09  L2=2.57e-09  lp=15.34 | W=1.046(*1.50)  thetaP=0.667(*0.50)  <rel.err>=48% [1024s]
    [Adva#0] Adam  2000/2000  L=2.18e-04  Ld=2.14e-04  Lp=2.69e-07  Lic=1.29e-09  L2=2.55e-09  lp=15.85 | W=1.048(*1.50)  thetaP=0.667(*0.50)  <rel.err>=47% [1138s]
    [Adva#0] L-BFGS (150) ...
    [Adva#0] LBFGS   50/150  L=7.71e-05 | W=1.083(*1.50)  thetaP=0.652(*0.50)  <rel.err>=48% [1479s]
    [Adva#0] LBFGS  100/150  L=3.25e-05 | W=1.034(*1.50)  thetaP=0.652(*0.50)  <rel.err>=31% [1820s]
    [Adva#0] LBFGS  150/150  L=1.92e-05 | W=0.948(*1.50)  thetaP=0.652(*0.50)  <rel.err>=27% [2163s]
    [Adva#0] param-refine (600, frozen, integral) ...
    [Adva#0] refine   50/600  Lp+L2=2.65e-08  L2=3.18e-09  <f_NN>=1.023  under10%=9/34 | W=0.948(*1.50)  thetaP=0.652(*0.50)  <rel.err>=27% [2167s]
    [Adva#0] refine  100/600  Lp+L2=2.65e-08  L2=3.18e-09  <f_NN>=1.023  under10%=9/34 | W=0.948(*1.50)  thetaP=0.652(*0.50)  <rel.err>=27% [2171s]
    [Adva#0] refine  150/600  Lp+L2=2.65e-08  L2=3.18e-09  <f_NN>=1.023  under10%=9/34 | W=0.948(*1.50)  thetaP=0.652(*0.50)  <rel.err>=27% [2175s]
    [Adva#0] refine  200/600  Lp+L2=2.65e-08  L2=3.18e-09  <f_NN>=1.023  under10%=9/34 | W=0.948(*1.50)  thetaP=0.652(*0.50)  <rel.err>=27% [2179s]
    [Adva#0] refine  250/600  Lp+L2=2.65e-08  L2=3.18e-09  <f_NN>=1.023  under10%=9/34 | W=0.948(*1.50)  thetaP=0.652(*0.50)  <rel.err>=27% [2183s]
    [Adva#0] refine  300/600  Lp+L2=2.65e-08  L2=3.18e-09  <f_NN>=1.023  under10%=9/34 | W=0.948(*1.50)  thetaP=0.652(*0.50)  <rel.err>=27% [2187s]
    [Adva#0] refine  350/600  Lp+L2=2.65e-08  L2=3.18e-09  <f_NN>=1.023  under10%=9/34 | W=0.948(*1.50)  thetaP=0.652(*0.50)  <rel.err>=27% [2191s]
    [Adva#0] refine  400/600  Lp+L2=2.65e-08  L2=3.18e-09  <f_NN>=1.023  under10%=9/34 | W=0.948(*1.50)  thetaP=0.652(*0.50)  <rel.err>=27% [2196s]
    [Adva#0] refine  450/600  Lp+L2=2.65e-08  L2=3.18e-09  <f_NN>=1.023  under10%=9/34 | W=0.948(*1.50)  thetaP=0.652(*0.50)  <rel.err>=27% [2200s]
    [Adva#0] refine  500/600  Lp+L2=2.65e-08  L2=3.18e-09  <f_NN>=1.023  under10%=9/34 | W=0.948(*1.50)  thetaP=0.652(*0.50)  <rel.err>=27% [2204s]
    [Adva#0] refine  550/600  Lp+L2=2.65e-08  L2=3.18e-09  <f_NN>=1.023  under10%=9/34 | W=0.948(*1.50)  thetaP=0.652(*0.50)  <rel.err>=27% [2208s]
    [Adva#0] refine  600/600  Lp+L2=2.65e-08  L2=3.18e-09  <f_NN>=1.023  under10%=9/34 | W=0.948(*1.50)  thetaP=0.652(*0.50)  <rel.err>=27% [2212s]
  [Adva#0] done  under10%=9/34  phys=2.34e-08  W=0.948 thetaP=0.652  (2213s)
  >> Advanced Adenoma start 0: under10%=9/34 phys=2.34e-08  (best so far under10%=9/34 phys=2.34e-08)
  [Adva#1] arch 4x256 act=gelu net 207,879x10cond  rel_w=True colloc=fixed res=integral
  [Adva#1] hybrid term=bm_myc (2x5 tanh, constraint=anchored, wd=1e-08) 46 weights | recovering 34 mechanistic params
    [Adva#1] Adam     1/2000  L=8.80e+00  Ld=5.59e-01  Lp=2.71e-04  Lic=4.12e-01  L2=2.27e-09  lp=11.33 | W=1.608(*1.50)  thetaP=0.405(*0.50)  <rel.err>=52% [1s]
    [Adva#1] Adam   200/2000  L=6.92e-03  Ld=6.75e-03  Lp=1.15e-05  Lic=2.16e-06  L2=3.01e-09  lp=10.88 | W=1.416(*1.50)  thetaP=0.509(*0.50)  <rel.err>=63% [113s]
    [Adva#1] Adam   400/2000  L=1.27e-03  Ld=1.23e-03  Lp=1.49e-06  Lic=1.37e-06  L2=3.01e-09  lp=11.14 | W=1.393(*1.50)  thetaP=0.510(*0.50)  <rel.err>=58% [227s]
    [Adva#1] Adam   600/2000  L=5.94e-04  Ld=5.85e-04  Lp=7.26e-07  Lic=6.14e-09  L2=3.00e-09  lp=12.68 | W=1.389(*1.50)  thetaP=0.507(*0.50)  <rel.err>=55% [341s]
    [Adva#1] Adam   800/2000  L=3.95e-04  Ld=3.88e-04  Lp=5.26e-07  Lic=3.45e-09  L2=2.98e-09  lp=14.10 | W=1.386(*1.50)  thetaP=0.505(*0.50)  <rel.err>=52% [455s]
    [Adva#1] Adam  1000/2000  L=3.06e-04  Ld=3.00e-04  Lp=4.25e-07  Lic=2.38e-09  L2=2.93e-09  lp=15.35 | W=1.384(*1.50)  thetaP=0.503(*0.50)  <rel.err>=51% [568s]
    [Adva#1] Adam  1200/2000  L=2.58e-04  Ld=2.52e-04  Lp=3.67e-07  Lic=1.87e-09  L2=2.88e-09  lp=16.39 | W=1.383(*1.50)  thetaP=0.502(*0.50)  <rel.err>=51% [682s]
    [Adva#1] Adam  1400/2000  L=2.31e-04  Ld=2.25e-04  Lp=3.34e-07  Lic=1.60e-09  L2=2.82e-09  lp=17.24 | W=1.382(*1.50)  thetaP=0.501(*0.50)  <rel.err>=50% [796s]
    [Adva#1] Adam  1600/2000  L=2.17e-04  Ld=2.11e-04  Lp=3.14e-07  Lic=1.46e-09  L2=2.77e-09  lp=17.96 | W=1.382(*1.50)  thetaP=0.500(*0.50)  <rel.err>=50% [910s]
    [Adva#1] Adam  1800/2000  L=2.12e-04  Ld=2.06e-04  Lp=3.03e-07  Lic=1.40e-09  L2=2.73e-09  lp=18.60 | W=1.381(*1.50)  thetaP=0.500(*0.50)  <rel.err>=49% [1023s]
    [Adva#1] Adam  2000/2000  L=2.11e-04  Ld=2.05e-04  Lp=2.96e-07  Lic=1.40e-09  L2=2.69e-09  lp=19.21 | W=1.381(*1.50)  thetaP=0.499(*0.50)  <rel.err>=49% [1137s]
    [Adva#1] L-BFGS (150) ...
    [Adva#1] LBFGS   50/150  L=8.74e-05 | W=1.372(*1.50)  thetaP=0.487(*0.50)  <rel.err>=47% [1480s]
    [Adva#1] LBFGS  100/150  L=3.88e-05 | W=1.300(*1.50)  thetaP=0.490(*0.50)  <rel.err>=31% [1831s]
    [Adva#1] LBFGS  150/150  L=2.39e-05 | W=1.157(*1.50)  thetaP=0.493(*0.50)  <rel.err>=25% [2180s]
    [Adva#1] param-refine (600, frozen, integral) ...
    [Adva#1] refine   50/600  Lp+L2=2.89e-08  L2=3.42e-09  <f_NN>=1.035  under10%=14/34 | W=1.157(*1.50)  thetaP=0.493(*0.50)  <rel.err>=25% [2184s]
    [Adva#1] refine  100/600  Lp+L2=2.89e-08  L2=3.42e-09  <f_NN>=1.035  under10%=14/34 | W=1.157(*1.50)  thetaP=0.493(*0.50)  <rel.err>=25% [2188s]
    [Adva#1] refine  150/600  Lp+L2=2.89e-08  L2=3.42e-09  <f_NN>=1.035  under10%=14/34 | W=1.157(*1.50)  thetaP=0.493(*0.50)  <rel.err>=25% [2192s]
    [Adva#1] refine  200/600  Lp+L2=2.89e-08  L2=3.42e-09  <f_NN>=1.035  under10%=14/34 | W=1.157(*1.50)  thetaP=0.493(*0.50)  <rel.err>=25% [2196s]
    [Adva#1] refine  250/600  Lp+L2=2.89e-08  L2=3.42e-09  <f_NN>=1.035  under10%=14/34 | W=1.157(*1.50)  thetaP=0.493(*0.50)  <rel.err>=25% [2200s]
    [Adva#1] refine  300/600  Lp+L2=2.89e-08  L2=3.42e-09  <f_NN>=1.035  under10%=14/34 | W=1.157(*1.50)  thetaP=0.493(*0.50)  <rel.err>=25% [2204s]
    [Adva#1] refine  350/600  Lp+L2=2.89e-08  L2=3.42e-09  <f_NN>=1.035  under10%=14/34 | W=1.157(*1.50)  thetaP=0.493(*0.50)  <rel.err>=25% [2208s]
    [Adva#1] refine  400/600  Lp+L2=2.89e-08  L2=3.42e-09  <f_NN>=1.035  under10%=14/34 | W=1.157(*1.50)  thetaP=0.493(*0.50)  <rel.err>=25% [2213s]
    [Adva#1] refine  450/600  Lp+L2=2.89e-08  L2=3.42e-09  <f_NN>=1.035  under10%=14/34 | W=1.157(*1.50)  thetaP=0.493(*0.50)  <rel.err>=25% [2217s]
    [Adva#1] refine  500/600  Lp+L2=2.89e-08  L2=3.42e-09  <f_NN>=1.035  under10%=14/34 | W=1.157(*1.50)  thetaP=0.493(*0.50)  <rel.err>=25% [2221s]
    [Adva#1] refine  550/600  Lp+L2=2.89e-08  L2=3.42e-09  <f_NN>=1.035  under10%=14/34 | W=1.157(*1.50)  thetaP=0.493(*0.50)  <rel.err>=25% [2226s]
    [Adva#1] refine  600/600  Lp+L2=2.89e-08  L2=3.42e-09  <f_NN>=1.035  under10%=14/34 | W=1.157(*1.50)  thetaP=0.493(*0.50)  <rel.err>=25% [2230s]
  [Adva#1] done  under10%=14/34  phys=2.55e-08  W=1.157 thetaP=0.493  (2231s)
  >> Advanced Adenoma start 1: under10%=14/34 phys=2.55e-08  (best so far under10%=9/34 phys=2.34e-08)
  [Adva#2] arch 4x256 act=gelu net 207,879x10cond  rel_w=True colloc=fixed res=integral
  [Adva#2] hybrid term=bm_myc (2x5 tanh, constraint=anchored, wd=1e-08) 46 weights | recovering 34 mechanistic params
    [Adva#2] Adam     1/2000  L=8.81e+00  Ld=5.60e-01  Lp=4.98e-04  Lic=4.12e-01  L2=3.50e-09  lp=7.82 | W=1.283(*1.50)  thetaP=0.547(*0.50)  <rel.err>=51% [1s]
    [Adva#2] Adam   200/2000  L=7.57e-03  Ld=7.36e-03  Lp=2.31e-05  Lic=2.16e-06  L2=4.47e-09  lp=7.34 | W=1.170(*1.50)  thetaP=0.625(*0.50)  <rel.err>=62% [114s]
    [Adva#2] Adam   400/2000  L=1.32e-03  Ld=1.25e-03  Lp=2.84e-06  Lic=2.76e-06  L2=4.52e-09  lp=7.20 | W=1.158(*1.50)  thetaP=0.619(*0.50)  <rel.err>=62% [228s]
    [Adva#2] Adam   600/2000  L=5.59e-04  Ld=5.40e-04  Lp=1.35e-06  Lic=4.57e-07  L2=4.55e-09  lp=7.79 | W=1.160(*1.50)  thetaP=0.614(*0.50)  <rel.err>=60% [341s]
    [Adva#2] Adam   800/2000  L=3.67e-04  Ld=3.59e-04  Lp=9.48e-07  Lic=2.16e-09  L2=4.55e-09  lp=8.36 | W=1.162(*1.50)  thetaP=0.611(*0.50)  <rel.err>=58% [455s]
    [Adva#2] Adam  1000/2000  L=2.88e-04  Ld=2.81e-04  Lp=7.64e-07  Lic=1.69e-09  L2=4.53e-09  lp=8.86 | W=1.165(*1.50)  thetaP=0.610(*0.50)  <rel.err>=56% [569s]
    [Adva#2] Adam  1200/2000  L=2.45e-04  Ld=2.39e-04  Lp=6.60e-07  Lic=1.43e-09  L2=4.50e-09  lp=9.30 | W=1.169(*1.50)  thetaP=0.609(*0.50)  <rel.err>=55% [683s]
    [Adva#2] Adam  1400/2000  L=2.21e-04  Ld=2.15e-04  Lp=5.99e-07  Lic=1.28e-09  L2=4.48e-09  lp=9.69 | W=1.172(*1.50)  thetaP=0.607(*0.50)  <rel.err>=55% [796s]
    [Adva#2] Adam  1600/2000  L=2.08e-04  Ld=2.03e-04  Lp=5.63e-07  Lic=1.21e-09  L2=4.45e-09  lp=10.05 | W=1.175(*1.50)  thetaP=0.607(*0.50)  <rel.err>=54% [910s]
    [Adva#2] Adam  1800/2000  L=2.03e-04  Ld=1.98e-04  Lp=5.42e-07  Lic=1.18e-09  L2=4.43e-09  lp=10.40 | W=1.177(*1.50)  thetaP=0.606(*0.50)  <rel.err>=53% [1024s]
    [Adva#2] Adam  2000/2000  L=2.03e-04  Ld=1.97e-04  Lp=5.29e-07  Lic=1.17e-09  L2=4.40e-09  lp=10.74 | W=1.180(*1.50)  thetaP=0.605(*0.50)  <rel.err>=53% [1125s]
    [Adva#2] L-BFGS (150) ...
    [Adva#2] LBFGS   50/150  L=7.38e-05 | W=1.238(*1.50)  thetaP=0.592(*0.50)  <rel.err>=66% [1467s]
    [Adva#2] LBFGS  100/150  L=3.77e-05 | W=1.194(*1.50)  thetaP=0.588(*0.50)  <rel.err>=40% [1811s]
    [Adva#2] LBFGS  150/150  L=2.00e-05 | W=1.140(*1.50)  thetaP=0.587(*0.50)  <rel.err>=30% [2158s]
    [Adva#2] param-refine (600, frozen, integral) ...
    [Adva#2] refine   50/600  Lp+L2=4.34e-08  L2=4.57e-09  <f_NN>=0.986  under10%=12/34 | W=1.140(*1.50)  thetaP=0.587(*0.50)  <rel.err>=30% [2163s]
    [Adva#2] refine  100/600  Lp+L2=4.34e-08  L2=4.57e-09  <f_NN>=0.986  under10%=12/34 | W=1.140(*1.50)  thetaP=0.587(*0.50)  <rel.err>=30% [2167s]
    [Adva#2] refine  150/600  Lp+L2=4.34e-08  L2=4.57e-09  <f_NN>=0.986  under10%=12/34 | W=1.140(*1.50)  thetaP=0.587(*0.50)  <rel.err>=30% [2171s]
    [Adva#2] refine  200/600  Lp+L2=4.34e-08  L2=4.57e-09  <f_NN>=0.986  under10%=12/34 | W=1.140(*1.50)  thetaP=0.587(*0.50)  <rel.err>=30% [2175s]
    [Adva#2] refine  250/600  Lp+L2=4.34e-08  L2=4.57e-09  <f_NN>=0.986  under10%=12/34 | W=1.140(*1.50)  thetaP=0.587(*0.50)  <rel.err>=30% [2178s]
    [Adva#2] refine  300/600  Lp+L2=4.34e-08  L2=4.57e-09  <f_NN>=0.986  under10%=12/34 | W=1.140(*1.50)  thetaP=0.587(*0.50)  <rel.err>=30% [2180s]
    [Adva#2] refine  350/600  Lp+L2=4.34e-08  L2=4.57e-09  <f_NN>=0.986  under10%=12/34 | W=1.140(*1.50)  thetaP=0.587(*0.50)  <rel.err>=30% [2183s]
    [Adva#2] refine  400/600  Lp+L2=4.34e-08  L2=4.57e-09  <f_NN>=0.986  under10%=12/34 | W=1.140(*1.50)  thetaP=0.587(*0.50)  <rel.err>=30% [2186s]
    [Adva#2] refine  450/600  Lp+L2=4.34e-08  L2=4.57e-09  <f_NN>=0.986  under10%=12/34 | W=1.140(*1.50)  thetaP=0.587(*0.50)  <rel.err>=30% [2189s]
    [Adva#2] refine  500/600  Lp+L2=4.34e-08  L2=4.57e-09  <f_NN>=0.986  under10%=12/34 | W=1.140(*1.50)  thetaP=0.587(*0.50)  <rel.err>=30% [2192s]
    [Adva#2] refine  550/600  Lp+L2=4.34e-08  L2=4.57e-09  <f_NN>=0.986  under10%=12/34 | W=1.140(*1.50)  thetaP=0.587(*0.50)  <rel.err>=30% [2195s]
    [Adva#2] refine  600/600  Lp+L2=4.34e-08  L2=4.57e-09  <f_NN>=0.986  under10%=12/34 | W=1.140(*1.50)  thetaP=0.587(*0.50)  <rel.err>=30% [2199s]
  [Adva#2] done  under10%=12/34  phys=3.88e-08  W=1.140 thetaP=0.587  (2199s)
  >> Advanced Adenoma start 2: under10%=12/34 phys=3.88e-08  (best so far under10%=9/34 phys=2.34e-08)
  [Advanced Adenoma] learned term bm_myc over x in [0.200, 2.463]: RMSE=0.0672 (NRMSE=6.2%)  gate_lo=0.56  [anchor weak here]
