=== regime=Early Adenoma  variant=bm_myc  hybrid_term=bm_myc  n_unknown=34  knobs={'rel_weight': True, 'colloc_mode': 'fixed', 'residual_mode': 'integral', 'activation': 'gelu', 'n_starts': 3} ===
  [Earl#0] arch 4x256 act=gelu net 207,879x10cond  rel_w=True colloc=fixed res=integral
  [Earl#0] hybrid term=bm_myc (2x5 tanh, constraint=anchored, wd=1e-08) 46 weights | recovering 34 mechanistic params
    [Earl#0] Adam     1/2000  L=8.55e+00  Ld=5.42e-01  Lp=3.17e-04  Lic=4.00e-01  L2=2.15e-09  lp=10.60 | W=1.194(*1.00)  thetaP=0.599(*0.75)  <rel.err>=48% [1s]
    [Earl#0] Adam   200/2000  L=6.08e-03  Ld=5.96e-03  Lp=1.09e-05  Lic=3.69e-07  L2=2.79e-09  lp=10.19 | W=0.973(*1.00)  thetaP=0.686(*0.75)  <rel.err>=55% [114s]
    [Earl#0] Adam   400/2000  L=9.07e-04  Ld=8.81e-04  Lp=1.37e-06  Lic=5.76e-07  L2=2.94e-09  lp=10.52 | W=0.965(*1.00)  thetaP=0.680(*0.75)  <rel.err>=50% [228s]
    [Earl#0] Adam   600/2000  L=4.75e-04  Ld=4.65e-04  Lp=7.55e-07  Lic=3.59e-08  L2=3.15e-09  lp=11.58 | W=0.965(*1.00)  thetaP=0.679(*0.75)  <rel.err>=47% [342s]
    [Earl#0] Adam   800/2000  L=3.36e-04  Ld=3.29e-04  Lp=5.28e-07  Lic=2.90e-09  L2=3.41e-09  lp=12.39 | W=0.966(*1.00)  thetaP=0.679(*0.75)  <rel.err>=46% [456s]
    [Earl#0] Adam  1000/2000  L=2.66e-04  Ld=2.60e-04  Lp=4.07e-07  Lic=2.26e-09  L2=3.67e-09  lp=13.13 | W=0.968(*1.00)  thetaP=0.679(*0.75)  <rel.err>=44% [569s]
    [Earl#0] Adam  1200/2000  L=2.27e-04  Ld=2.22e-04  Lp=3.38e-07  Lic=1.94e-09  L2=3.89e-09  lp=13.87 | W=0.970(*1.00)  thetaP=0.679(*0.75)  <rel.err>=43% [683s]
    [Earl#0] Adam  1400/2000  L=2.05e-04  Ld=2.01e-04  Lp=2.99e-07  Lic=1.75e-09  L2=4.07e-09  lp=14.63 | W=0.972(*1.00)  thetaP=0.679(*0.75)  <rel.err>=42% [797s]
    [Earl#0] Adam  1600/2000  L=1.94e-04  Ld=1.90e-04  Lp=2.77e-07  Lic=1.66e-09  L2=4.20e-09  lp=15.41 | W=0.973(*1.00)  thetaP=0.679(*0.75)  <rel.err>=42% [911s]
    [Earl#0] Adam  1800/2000  L=1.90e-04  Ld=1.85e-04  Lp=2.65e-07  Lic=1.62e-09  L2=4.29e-09  lp=16.23 | W=0.973(*1.00)  thetaP=0.679(*0.75)  <rel.err>=41% [1024s]
    [Earl#0] Adam  2000/2000  L=1.89e-04  Ld=1.84e-04  Lp=2.58e-07  Lic=1.61e-09  L2=4.37e-09  lp=17.11 | W=0.974(*1.00)  thetaP=0.678(*0.75)  <rel.err>=41% [1138s]
    [Earl#0] L-BFGS (150) ...
    [Earl#0] LBFGS   50/150  L=7.61e-05 | W=0.910(*1.00)  thetaP=0.670(*0.75)  <rel.err>=44% [1474s]
    [Earl#0] LBFGS  100/150  L=3.56e-05 | W=0.835(*1.00)  thetaP=0.678(*0.75)  <rel.err>=26% [1814s]
    [Earl#0] LBFGS  150/150  L=2.12e-05 | W=0.800(*1.00)  thetaP=0.687(*0.75)  <rel.err>=22% [2159s]
    [Earl#0] param-refine (600, frozen, integral) ...
    [Earl#0] refine   50/600  Lp+L2=2.95e-08  L2=4.94e-09  <f_NN>=1.028  under10%=13/34 | W=0.800(*1.00)  thetaP=0.687(*0.75)  <rel.err>=22% [2162s]
    [Earl#0] refine  100/600  Lp+L2=2.95e-08  L2=4.94e-09  <f_NN>=1.028  under10%=13/34 | W=0.800(*1.00)  thetaP=0.687(*0.75)  <rel.err>=22% [2166s]
    [Earl#0] refine  150/600  Lp+L2=2.95e-08  L2=4.94e-09  <f_NN>=1.028  under10%=13/34 | W=0.800(*1.00)  thetaP=0.687(*0.75)  <rel.err>=22% [2170s]
    [Earl#0] refine  200/600  Lp+L2=2.95e-08  L2=4.94e-09  <f_NN>=1.028  under10%=13/34 | W=0.800(*1.00)  thetaP=0.687(*0.75)  <rel.err>=22% [2174s]
    [Earl#0] refine  250/600  Lp+L2=2.95e-08  L2=4.94e-09  <f_NN>=1.028  under10%=13/34 | W=0.800(*1.00)  thetaP=0.687(*0.75)  <rel.err>=22% [2178s]
    [Earl#0] refine  300/600  Lp+L2=2.95e-08  L2=4.94e-09  <f_NN>=1.028  under10%=13/34 | W=0.800(*1.00)  thetaP=0.687(*0.75)  <rel.err>=22% [2182s]
    [Earl#0] refine  350/600  Lp+L2=2.95e-08  L2=4.94e-09  <f_NN>=1.028  under10%=13/34 | W=0.800(*1.00)  thetaP=0.687(*0.75)  <rel.err>=22% [2186s]
    [Earl#0] refine  400/600  Lp+L2=2.95e-08  L2=4.94e-09  <f_NN>=1.028  under10%=13/34 | W=0.800(*1.00)  thetaP=0.687(*0.75)  <rel.err>=22% [2190s]
    [Earl#0] refine  450/600  Lp+L2=2.95e-08  L2=4.94e-09  <f_NN>=1.028  under10%=13/34 | W=0.800(*1.00)  thetaP=0.687(*0.75)  <rel.err>=22% [2196s]
    [Earl#0] refine  500/600  Lp+L2=2.95e-08  L2=4.94e-09  <f_NN>=1.028  under10%=13/34 | W=0.800(*1.00)  thetaP=0.687(*0.75)  <rel.err>=22% [2200s]
    [Earl#0] refine  550/600  Lp+L2=2.95e-08  L2=4.94e-09  <f_NN>=1.028  under10%=13/34 | W=0.800(*1.00)  thetaP=0.687(*0.75)  <rel.err>=22% [2204s]
    [Earl#0] refine  600/600  Lp+L2=2.95e-08  L2=4.94e-09  <f_NN>=1.028  under10%=13/34 | W=0.800(*1.00)  thetaP=0.687(*0.75)  <rel.err>=22% [2208s]
  [Earl#0] done  under10%=13/34  phys=2.46e-08  W=0.800 thetaP=0.687  (2208s)
  >> Early Adenoma start 0: under10%=13/34 phys=2.46e-08  (best so far under10%=13/34 phys=2.46e-08)
  [Earl#1] arch 4x256 act=gelu net 207,879x10cond  rel_w=True colloc=fixed res=integral
  [Earl#1] hybrid term=bm_myc (2x5 tanh, constraint=anchored, wd=1e-08) 46 weights | recovering 34 mechanistic params
    [Earl#1] Adam     1/2000  L=8.55e+00  Ld=5.38e-01  Lp=2.95e-04  Lic=4.00e-01  L2=2.27e-09  lp=11.25 | W=1.608(*1.00)  thetaP=0.405(*0.75)  <rel.err>=54% [1s]
    [Earl#1] Adam   200/2000  L=7.33e-03  Ld=7.16e-03  Lp=1.29e-05  Lic=1.12e-06  L2=2.97e-09  lp=11.09 | W=1.296(*1.00)  thetaP=0.517(*0.75)  <rel.err>=63% [112s]
    [Earl#1] Adam   400/2000  L=1.09e-03  Ld=1.06e-03  Lp=1.34e-06  Lic=7.13e-07  L2=3.23e-09  lp=11.45 | W=1.271(*1.00)  thetaP=0.521(*0.75)  <rel.err>=58% [225s]
    [Earl#1] Adam   600/2000  L=5.47e-04  Ld=5.39e-04  Lp=6.35e-07  Lic=1.45e-08  L2=3.46e-09  lp=12.71 | W=1.261(*1.00)  thetaP=0.520(*0.75)  <rel.err>=56% [339s]
    [Earl#1] Adam   800/2000  L=3.71e-04  Ld=3.64e-04  Lp=4.58e-07  Lic=4.67e-09  L2=3.73e-09  lp=13.59 | W=1.251(*1.00)  thetaP=0.520(*0.75)  <rel.err>=55% [453s]
    [Earl#1] Adam  1000/2000  L=2.88e-04  Ld=2.83e-04  Lp=3.72e-07  Lic=3.37e-09  L2=3.99e-09  lp=14.23 | W=1.241(*1.00)  thetaP=0.520(*0.75)  <rel.err>=55% [567s]
    [Earl#1] Adam  1200/2000  L=2.45e-04  Ld=2.40e-04  Lp=3.22e-07  Lic=2.72e-09  L2=4.19e-09  lp=14.74 | W=1.233(*1.00)  thetaP=0.521(*0.75)  <rel.err>=54% [680s]
    [Earl#1] Adam  1400/2000  L=2.20e-04  Ld=2.16e-04  Lp=2.92e-07  Lic=2.38e-09  L2=4.35e-09  lp=15.19 | W=1.225(*1.00)  thetaP=0.521(*0.75)  <rel.err>=53% [794s]
    [Earl#1] Adam  1600/2000  L=2.08e-04  Ld=2.04e-04  Lp=2.73e-07  Lic=2.20e-09  L2=4.48e-09  lp=15.63 | W=1.218(*1.00)  thetaP=0.521(*0.75)  <rel.err>=52% [908s]
    [Earl#1] Adam  1800/2000  L=2.03e-04  Ld=1.99e-04  Lp=2.62e-07  Lic=2.14e-09  L2=4.57e-09  lp=16.10 | W=1.211(*1.00)  thetaP=0.521(*0.75)  <rel.err>=51% [1022s]
    [Earl#1] Adam  2000/2000  L=2.02e-04  Ld=1.98e-04  Lp=2.56e-07  Lic=2.12e-09  L2=4.65e-09  lp=16.60 | W=1.205(*1.00)  thetaP=0.521(*0.75)  <rel.err>=51% [1135s]
    [Earl#1] L-BFGS (150) ...
    [Earl#1] LBFGS   50/150  L=7.84e-05 | W=1.034(*1.00)  thetaP=0.516(*0.75)  <rel.err>=49% [1477s]
    [Earl#1] LBFGS  100/150  L=3.79e-05 | W=0.812(*1.00)  thetaP=0.526(*0.75)  <rel.err>=29% [1816s]
    [Earl#1] LBFGS  150/150  L=2.36e-05 | W=0.762(*1.00)  thetaP=0.543(*0.75)  <rel.err>=24% [2156s]
    [Earl#1] param-refine (600, frozen, integral) ...
    [Earl#1] refine   50/600  Lp+L2=3.27e-08  L2=5.09e-09  <f_NN>=1.027  under10%=13/34 | W=0.762(*1.00)  thetaP=0.543(*0.75)  <rel.err>=24% [2160s]
    [Earl#1] refine  100/600  Lp+L2=3.27e-08  L2=5.09e-09  <f_NN>=1.027  under10%=13/34 | W=0.762(*1.00)  thetaP=0.543(*0.75)  <rel.err>=24% [2163s]
    [Earl#1] refine  150/600  Lp+L2=3.27e-08  L2=5.09e-09  <f_NN>=1.027  under10%=13/34 | W=0.762(*1.00)  thetaP=0.543(*0.75)  <rel.err>=24% [2166s]
    [Earl#1] refine  200/600  Lp+L2=3.27e-08  L2=5.09e-09  <f_NN>=1.027  under10%=13/34 | W=0.762(*1.00)  thetaP=0.543(*0.75)  <rel.err>=24% [2170s]
    [Earl#1] refine  250/600  Lp+L2=3.27e-08  L2=5.09e-09  <f_NN>=1.027  under10%=13/34 | W=0.762(*1.00)  thetaP=0.543(*0.75)  <rel.err>=24% [2173s]
    [Earl#1] refine  300/600  Lp+L2=3.27e-08  L2=5.09e-09  <f_NN>=1.027  under10%=13/34 | W=0.762(*1.00)  thetaP=0.543(*0.75)  <rel.err>=24% [2177s]
    [Earl#1] refine  350/600  Lp+L2=3.27e-08  L2=5.09e-09  <f_NN>=1.027  under10%=13/34 | W=0.762(*1.00)  thetaP=0.543(*0.75)  <rel.err>=24% [2180s]
    [Earl#1] refine  400/600  Lp+L2=3.27e-08  L2=5.09e-09  <f_NN>=1.027  under10%=13/34 | W=0.762(*1.00)  thetaP=0.543(*0.75)  <rel.err>=24% [2184s]
    [Earl#1] refine  450/600  Lp+L2=3.27e-08  L2=5.09e-09  <f_NN>=1.027  under10%=13/34 | W=0.762(*1.00)  thetaP=0.543(*0.75)  <rel.err>=24% [2188s]
    [Earl#1] refine  500/600  Lp+L2=3.27e-08  L2=5.09e-09  <f_NN>=1.027  under10%=13/34 | W=0.762(*1.00)  thetaP=0.543(*0.75)  <rel.err>=24% [2192s]
    [Earl#1] refine  550/600  Lp+L2=3.27e-08  L2=5.09e-09  <f_NN>=1.027  under10%=13/34 | W=0.762(*1.00)  thetaP=0.543(*0.75)  <rel.err>=24% [2196s]
    [Earl#1] refine  600/600  Lp+L2=3.27e-08  L2=5.09e-09  <f_NN>=1.027  under10%=13/34 | W=0.762(*1.00)  thetaP=0.543(*0.75)  <rel.err>=24% [2200s]
  [Earl#1] done  under10%=13/34  phys=2.76e-08  W=0.762 thetaP=0.543  (2200s)
  >> Early Adenoma start 1: under10%=13/34 phys=2.76e-08  (best so far under10%=13/34 phys=2.46e-08)
  [Earl#2] arch 4x256 act=gelu net 207,879x10cond  rel_w=True colloc=fixed res=integral
  [Earl#2] hybrid term=bm_myc (2x5 tanh, constraint=anchored, wd=1e-08) 46 weights | recovering 34 mechanistic params
    [Earl#2] Adam     1/2000  L=8.55e+00  Ld=5.39e-01  Lp=4.72e-04  Lic=4.01e-01  L2=3.50e-09  lp=8.08 | W=1.283(*1.00)  thetaP=0.547(*0.75)  <rel.err>=52% [1s]
    [Earl#2] Adam   200/2000  L=8.20e-03  Ld=7.91e-03  Lp=2.26e-05  Lic=5.48e-06  L2=4.48e-09  lp=7.81 | W=1.070(*1.00)  thetaP=0.627(*0.75)  <rel.err>=61% [109s]
    [Earl#2] Adam   400/2000  L=1.44e-03  Ld=9.95e-04  Lp=2.20e-06  Lic=2.16e-05  L2=4.62e-09  lp=7.93 | W=1.062(*1.00)  thetaP=0.621(*0.75)  <rel.err>=57% [223s]
    [Earl#2] Adam   600/2000  L=4.97e-04  Ld=4.82e-04  Lp=1.12e-06  Lic=2.55e-07  L2=4.78e-09  lp=8.73 | W=1.061(*1.00)  thetaP=0.619(*0.75)  <rel.err>=55% [336s]
    [Earl#2] Adam   800/2000  L=3.33e-04  Ld=3.26e-04  Lp=7.87e-07  Lic=4.59e-09  L2=4.96e-09  lp=9.36 | W=1.061(*1.00)  thetaP=0.620(*0.75)  <rel.err>=53% [450s]
    [Earl#2] Adam  1000/2000  L=2.58e-04  Ld=2.52e-04  Lp=6.27e-07  Lic=2.13e-09  L2=5.13e-09  lp=9.91 | W=1.061(*1.00)  thetaP=0.619(*0.75)  <rel.err>=52% [564s]
    [Earl#2] Adam  1200/2000  L=2.17e-04  Ld=2.11e-04  Lp=5.38e-07  Lic=1.76e-09  L2=5.28e-09  lp=10.39 | W=1.061(*1.00)  thetaP=0.619(*0.75)  <rel.err>=51% [678s]
    [Earl#2] Adam  1400/2000  L=1.93e-04  Ld=1.88e-04  Lp=4.85e-07  Lic=1.55e-09  L2=5.40e-09  lp=10.84 | W=1.060(*1.00)  thetaP=0.618(*0.75)  <rel.err>=50% [791s]
    [Earl#2] Adam  1600/2000  L=1.81e-04  Ld=1.76e-04  Lp=4.54e-07  Lic=1.45e-09  L2=5.50e-09  lp=11.27 | W=1.060(*1.00)  thetaP=0.617(*0.75)  <rel.err>=50% [905s]
    [Earl#2] Adam  1800/2000  L=1.77e-04  Ld=1.71e-04  Lp=4.37e-07  Lic=1.40e-09  L2=5.59e-09  lp=11.68 | W=1.059(*1.00)  thetaP=0.617(*0.75)  <rel.err>=49% [1019s]
    [Earl#2] Adam  2000/2000  L=1.76e-04  Ld=1.71e-04  Lp=4.27e-07  Lic=1.40e-09  L2=5.68e-09  lp=12.09 | W=1.058(*1.00)  thetaP=0.616(*0.75)  <rel.err>=48% [1133s]
    [Earl#2] L-BFGS (150) ...
    [Earl#2] LBFGS   50/150  L=6.91e-05 | W=0.967(*1.00)  thetaP=0.610(*0.75)  <rel.err>=60% [1485s]
    [Earl#2] LBFGS  100/150  L=3.42e-05 | W=0.865(*1.00)  thetaP=0.617(*0.75)  <rel.err>=34% [1824s]
    [Earl#2] LBFGS  150/150  L=2.08e-05 | W=0.837(*1.00)  thetaP=0.626(*0.75)  <rel.err>=26% [2165s]
    [Earl#2] param-refine (600, frozen, integral) ...
    [Earl#2] refine   50/600  Lp+L2=4.08e-08  L2=6.47e-09  <f_NN>=0.999  under10%=13/34 | W=0.837(*1.00)  thetaP=0.626(*0.75)  <rel.err>=26% [2168s]
    [Earl#2] refine  100/600  Lp+L2=4.08e-08  L2=6.47e-09  <f_NN>=0.999  under10%=13/34 | W=0.837(*1.00)  thetaP=0.626(*0.75)  <rel.err>=26% [2172s]
    [Earl#2] refine  150/600  Lp+L2=4.08e-08  L2=6.47e-09  <f_NN>=0.999  under10%=13/34 | W=0.837(*1.00)  thetaP=0.626(*0.75)  <rel.err>=26% [2176s]
    [Earl#2] refine  200/600  Lp+L2=4.08e-08  L2=6.47e-09  <f_NN>=0.999  under10%=13/34 | W=0.837(*1.00)  thetaP=0.626(*0.75)  <rel.err>=26% [2179s]
    [Earl#2] refine  250/600  Lp+L2=4.08e-08  L2=6.47e-09  <f_NN>=0.999  under10%=13/34 | W=0.837(*1.00)  thetaP=0.626(*0.75)  <rel.err>=26% [2183s]
    [Earl#2] refine  300/600  Lp+L2=4.08e-08  L2=6.47e-09  <f_NN>=0.999  under10%=13/34 | W=0.837(*1.00)  thetaP=0.626(*0.75)  <rel.err>=26% [2187s]
    [Earl#2] refine  350/600  Lp+L2=4.08e-08  L2=6.47e-09  <f_NN>=0.999  under10%=13/34 | W=0.837(*1.00)  thetaP=0.626(*0.75)  <rel.err>=26% [2191s]
    [Earl#2] refine  400/600  Lp+L2=4.08e-08  L2=6.47e-09  <f_NN>=0.999  under10%=13/34 | W=0.837(*1.00)  thetaP=0.626(*0.75)  <rel.err>=26% [2195s]
    [Earl#2] refine  450/600  Lp+L2=4.08e-08  L2=6.47e-09  <f_NN>=0.999  under10%=13/34 | W=0.837(*1.00)  thetaP=0.626(*0.75)  <rel.err>=26% [2199s]
    [Earl#2] refine  500/600  Lp+L2=4.08e-08  L2=6.47e-09  <f_NN>=0.999  under10%=13/34 | W=0.837(*1.00)  thetaP=0.626(*0.75)  <rel.err>=26% [2203s]
    [Earl#2] refine  550/600  Lp+L2=4.08e-08  L2=6.47e-09  <f_NN>=0.999  under10%=13/34 | W=0.837(*1.00)  thetaP=0.626(*0.75)  <rel.err>=26% [2207s]
    [Earl#2] refine  600/600  Lp+L2=4.08e-08  L2=6.47e-09  <f_NN>=0.999  under10%=13/34 | W=0.837(*1.00)  thetaP=0.626(*0.75)  <rel.err>=26% [2211s]
  [Earl#2] done  under10%=13/34  phys=3.43e-08  W=0.837 thetaP=0.626  (2211s)
  >> Early Adenoma start 2: under10%=13/34 phys=3.43e-08  (best so far under10%=13/34 phys=2.46e-08)
  [Early Adenoma] learned term bm_myc over x in [0.115, 1.882]: RMSE=0.0947 (NRMSE=9.5%)  gate_lo=0.46  [anchor BINDS]
