=== regime=Severe APC Loss  variant=bm_myc  hybrid_term=bm_myc  n_unknown=34  knobs={'rel_weight': True, 'colloc_mode': 'fixed', 'residual_mode': 'integral', 'activation': 'gelu', 'n_starts': 3} ===
  [Seve#0] arch 4x256 act=gelu net 207,879x10cond  rel_w=True colloc=fixed res=integral
  [Seve#0] hybrid term=bm_myc (2x5 tanh, constraint=anchored, wd=1e-08) 46 weights | recovering 34 mechanistic params
    [Seve#0] Adam     1/2000  L=8.86e+00  Ld=5.73e-01  Lp=3.27e-04  Lic=4.14e-01  L2=2.15e-09  lp=9.94 | W=1.194(*2.00)  thetaP=0.599(*0.25)  <rel.err>=52% [1s]
    [Seve#0] Adam   200/2000  L=6.22e-03  Ld=6.08e-03  Lp=1.17e-05  Lic=1.54e-06  L2=2.71e-09  lp=9.40 | W=1.145(*2.00)  thetaP=0.690(*0.25)  <rel.err>=67% [114s]
    [Seve#0] Adam   400/2000  L=1.38e-03  Ld=1.22e-03  Lp=1.71e-06  Lic=7.48e-06  L2=2.68e-09  lp=9.55 | W=1.141(*2.00)  thetaP=0.687(*0.25)  <rel.err>=65% [228s]
    [Seve#0] Adam   600/2000  L=7.51e-04  Ld=5.99e-04  Lp=9.06e-07  Lic=7.18e-06  L2=2.72e-09  lp=10.39 | W=1.143(*2.00)  thetaP=0.680(*0.25)  <rel.err>=61% [342s]
    [Seve#0] Adam   800/2000  L=4.02e-04  Ld=3.95e-04  Lp=6.08e-07  Lic=2.27e-09  L2=2.77e-09  lp=10.87 | W=1.146(*2.00)  thetaP=0.673(*0.25)  <rel.err>=58% [456s]
    [Seve#0] Adam  1000/2000  L=3.14e-04  Ld=3.09e-04  Lp=4.62e-07  Lic=1.73e-09  L2=2.81e-09  lp=11.31 | W=1.149(*2.00)  thetaP=0.666(*0.25)  <rel.err>=56% [569s]
    [Seve#0] Adam  1200/2000  L=2.68e-04  Ld=2.63e-04  Lp=3.79e-07  Lic=1.44e-09  L2=2.83e-09  lp=11.78 | W=1.153(*2.00)  thetaP=0.661(*0.25)  <rel.err>=56% [683s]
    [Seve#0] Adam  1400/2000  L=2.42e-04  Ld=2.38e-04  Lp=3.31e-07  Lic=1.28e-09  L2=2.84e-09  lp=12.27 | W=1.157(*2.00)  thetaP=0.657(*0.25)  <rel.err>=55% [797s]
    [Seve#0] Adam  1600/2000  L=2.29e-04  Ld=2.25e-04  Lp=3.04e-07  Lic=1.20e-09  L2=2.83e-09  lp=12.78 | W=1.161(*2.00)  thetaP=0.653(*0.25)  <rel.err>=55% [911s]
    [Seve#0] Adam  1800/2000  L=2.24e-04  Ld=2.20e-04  Lp=2.89e-07  Lic=1.16e-09  L2=2.81e-09  lp=13.30 | W=1.164(*2.00)  thetaP=0.651(*0.25)  <rel.err>=55% [1024s]
    [Seve#0] Adam  2000/2000  L=2.23e-04  Ld=2.19e-04  Lp=2.80e-07  Lic=1.16e-09  L2=2.79e-09  lp=13.82 | W=1.167(*2.00)  thetaP=0.649(*0.25)  <rel.err>=55% [1138s]
    [Seve#0] L-BFGS (150) ...
    [Seve#0] LBFGS   50/150  L=7.85e-05 | W=1.242(*2.00)  thetaP=0.631(*0.25)  <rel.err>=56% [1480s]
    [Seve#0] LBFGS  100/150  L=3.50e-05 | W=1.208(*2.00)  thetaP=0.624(*0.25)  <rel.err>=41% [1825s]
    [Seve#0] LBFGS  150/150  L=2.07e-05 | W=1.151(*2.00)  thetaP=0.621(*0.25)  <rel.err>=37% [2166s]
    [Seve#0] param-refine (600, frozen, integral) ...
    [Seve#0] refine   50/600  Lp+L2=3.42e-08  L2=2.68e-09  <f_NN>=1.061  under10%=6/34 | W=1.151(*2.00)  thetaP=0.621(*0.25)  <rel.err>=37% [2170s]
    [Seve#0] refine  100/600  Lp+L2=3.42e-08  L2=2.68e-09  <f_NN>=1.061  under10%=6/34 | W=1.151(*2.00)  thetaP=0.621(*0.25)  <rel.err>=37% [2174s]
    [Seve#0] refine  150/600  Lp+L2=3.42e-08  L2=2.68e-09  <f_NN>=1.061  under10%=6/34 | W=1.151(*2.00)  thetaP=0.621(*0.25)  <rel.err>=37% [2178s]
    [Seve#0] refine  200/600  Lp+L2=3.42e-08  L2=2.68e-09  <f_NN>=1.061  under10%=6/34 | W=1.151(*2.00)  thetaP=0.621(*0.25)  <rel.err>=37% [2182s]
    [Seve#0] refine  250/600  Lp+L2=3.42e-08  L2=2.68e-09  <f_NN>=1.061  under10%=6/34 | W=1.151(*2.00)  thetaP=0.621(*0.25)  <rel.err>=37% [2186s]
    [Seve#0] refine  300/600  Lp+L2=3.42e-08  L2=2.68e-09  <f_NN>=1.061  under10%=6/34 | W=1.151(*2.00)  thetaP=0.621(*0.25)  <rel.err>=37% [2190s]
    [Seve#0] refine  350/600  Lp+L2=3.42e-08  L2=2.68e-09  <f_NN>=1.061  under10%=6/34 | W=1.151(*2.00)  thetaP=0.621(*0.25)  <rel.err>=37% [2196s]
    [Seve#0] refine  400/600  Lp+L2=3.42e-08  L2=2.68e-09  <f_NN>=1.061  under10%=6/34 | W=1.151(*2.00)  thetaP=0.621(*0.25)  <rel.err>=37% [2200s]
    [Seve#0] refine  450/600  Lp+L2=3.42e-08  L2=2.68e-09  <f_NN>=1.061  under10%=6/34 | W=1.151(*2.00)  thetaP=0.621(*0.25)  <rel.err>=37% [2204s]
    [Seve#0] refine  500/600  Lp+L2=3.42e-08  L2=2.68e-09  <f_NN>=1.061  under10%=6/34 | W=1.151(*2.00)  thetaP=0.621(*0.25)  <rel.err>=37% [2208s]
    [Seve#0] refine  550/600  Lp+L2=3.42e-08  L2=2.68e-09  <f_NN>=1.061  under10%=6/34 | W=1.151(*2.00)  thetaP=0.621(*0.25)  <rel.err>=37% [2212s]
    [Seve#0] refine  600/600  Lp+L2=3.42e-08  L2=2.68e-09  <f_NN>=1.061  under10%=6/34 | W=1.151(*2.00)  thetaP=0.621(*0.25)  <rel.err>=37% [2216s]
  [Seve#0] done  under10%=6/34  phys=3.15e-08  W=1.151 thetaP=0.621  (2217s)
  >> Severe APC Loss start 0: under10%=6/34 phys=3.15e-08  (best so far under10%=6/34 phys=3.15e-08)
  [Seve#1] arch 4x256 act=gelu net 207,879x10cond  rel_w=True colloc=fixed res=integral
  [Seve#1] hybrid term=bm_myc (2x5 tanh, constraint=anchored, wd=1e-08) 46 weights | recovering 34 mechanistic params
    [Seve#1] Adam     1/2000  L=8.85e+00  Ld=5.68e-01  Lp=2.62e-04  Lic=4.14e-01  L2=2.27e-09  lp=11.17 | W=1.608(*2.00)  thetaP=0.405(*0.25)  <rel.err>=53% [1s]
    [Seve#1] Adam   200/2000  L=6.98e-03  Ld=6.79e-03  Lp=1.06e-05  Lic=4.11e-06  L2=3.08e-09  lp=10.71 | W=1.580(*2.00)  thetaP=0.507(*0.25)  <rel.err>=68% [114s]
    [Seve#1] Adam   400/2000  L=1.42e-03  Ld=1.35e-03  Lp=1.49e-06  Lic=2.56e-06  L2=3.12e-09  lp=11.10 | W=1.558(*2.00)  thetaP=0.508(*0.25)  <rel.err>=65% [228s]
    [Seve#1] Adam   600/2000  L=7.10e-04  Ld=6.37e-04  Lp=7.79e-07  Lic=3.16e-06  L2=3.18e-09  lp=12.30 | W=1.555(*2.00)  thetaP=0.505(*0.25)  <rel.err>=62% [341s]
    [Seve#1] Adam   800/2000  L=4.21e-04  Ld=4.13e-04  Lp=5.68e-07  Lic=3.77e-08  L2=3.24e-09  lp=13.30 | W=1.554(*2.00)  thetaP=0.501(*0.25)  <rel.err>=59% [455s]
    [Seve#1] Adam  1000/2000  L=3.19e-04  Ld=3.12e-04  Lp=4.55e-07  Lic=2.29e-09  L2=3.27e-09  lp=14.19 | W=1.554(*2.00)  thetaP=0.498(*0.25)  <rel.err>=55% [569s]
    [Seve#1] Adam  1200/2000  L=2.66e-04  Ld=2.60e-04  Lp=3.85e-07  Lic=1.77e-09  L2=3.28e-09  lp=15.01 | W=1.555(*2.00)  thetaP=0.495(*0.25)  <rel.err>=54% [683s]
    [Seve#1] Adam  1400/2000  L=2.37e-04  Ld=2.32e-04  Lp=3.42e-07  Lic=1.49e-09  L2=3.28e-09  lp=15.77 | W=1.555(*2.00)  thetaP=0.493(*0.25)  <rel.err>=54% [796s]
    [Seve#1] Adam  1600/2000  L=2.23e-04  Ld=2.18e-04  Lp=3.19e-07  Lic=1.36e-09  L2=3.27e-09  lp=16.45 | W=1.556(*2.00)  thetaP=0.491(*0.25)  <rel.err>=54% [910s]
    [Seve#1] Adam  1800/2000  L=2.17e-04  Ld=2.12e-04  Lp=3.07e-07  Lic=1.30e-09  L2=3.24e-09  lp=17.05 | W=1.557(*2.00)  thetaP=0.489(*0.25)  <rel.err>=54% [1024s]
    [Seve#1] Adam  2000/2000  L=2.16e-04  Ld=2.11e-04  Lp=3.00e-07  Lic=1.29e-09  L2=3.21e-09  lp=17.59 | W=1.558(*2.00)  thetaP=0.488(*0.25)  <rel.err>=54% [1136s]
    [Seve#1] L-BFGS (150) ...
    [Seve#1] LBFGS   50/150  L=8.85e-05 | W=1.622(*2.00)  thetaP=0.472(*0.25)  <rel.err>=52% [1477s]
    [Seve#1] LBFGS  100/150  L=4.27e-05 | W=1.589(*2.00)  thetaP=0.470(*0.25)  <rel.err>=37% [1820s]
    [Seve#1] LBFGS  150/150  L=2.72e-05 | W=1.485(*2.00)  thetaP=0.472(*0.25)  <rel.err>=31% [2165s]
    [Seve#1] param-refine (600, frozen, integral) ...
    [Seve#1] refine   50/600  Lp+L2=3.44e-08  L2=3.08e-09  <f_NN>=1.080  under10%=8/34 | W=1.485(*2.00)  thetaP=0.472(*0.25)  <rel.err>=31% [2169s]
    [Seve#1] refine  100/600  Lp+L2=3.44e-08  L2=3.08e-09  <f_NN>=1.080  under10%=8/34 | W=1.485(*2.00)  thetaP=0.472(*0.25)  <rel.err>=31% [2172s]
    [Seve#1] refine  150/600  Lp+L2=3.44e-08  L2=3.08e-09  <f_NN>=1.080  under10%=8/34 | W=1.485(*2.00)  thetaP=0.472(*0.25)  <rel.err>=31% [2176s]
    [Seve#1] refine  200/600  Lp+L2=3.44e-08  L2=3.08e-09  <f_NN>=1.080  under10%=8/34 | W=1.485(*2.00)  thetaP=0.472(*0.25)  <rel.err>=31% [2180s]
    [Seve#1] refine  250/600  Lp+L2=3.44e-08  L2=3.08e-09  <f_NN>=1.080  under10%=8/34 | W=1.485(*2.00)  thetaP=0.472(*0.25)  <rel.err>=31% [2184s]
    [Seve#1] refine  300/600  Lp+L2=3.44e-08  L2=3.08e-09  <f_NN>=1.080  under10%=8/34 | W=1.485(*2.00)  thetaP=0.472(*0.25)  <rel.err>=31% [2188s]
    [Seve#1] refine  350/600  Lp+L2=3.44e-08  L2=3.08e-09  <f_NN>=1.080  under10%=8/34 | W=1.485(*2.00)  thetaP=0.472(*0.25)  <rel.err>=31% [2192s]
    [Seve#1] refine  400/600  Lp+L2=3.44e-08  L2=3.08e-09  <f_NN>=1.080  under10%=8/34 | W=1.485(*2.00)  thetaP=0.472(*0.25)  <rel.err>=31% [2196s]
    [Seve#1] refine  450/600  Lp+L2=3.44e-08  L2=3.08e-09  <f_NN>=1.080  under10%=8/34 | W=1.485(*2.00)  thetaP=0.472(*0.25)  <rel.err>=31% [2200s]
    [Seve#1] refine  500/600  Lp+L2=3.44e-08  L2=3.08e-09  <f_NN>=1.080  under10%=8/34 | W=1.485(*2.00)  thetaP=0.472(*0.25)  <rel.err>=31% [2205s]
    [Seve#1] refine  550/600  Lp+L2=3.44e-08  L2=3.08e-09  <f_NN>=1.080  under10%=8/34 | W=1.485(*2.00)  thetaP=0.472(*0.25)  <rel.err>=31% [2209s]
    [Seve#1] refine  600/600  Lp+L2=3.44e-08  L2=3.08e-09  <f_NN>=1.080  under10%=8/34 | W=1.485(*2.00)  thetaP=0.472(*0.25)  <rel.err>=31% [2213s]
  [Seve#1] done  under10%=8/34  phys=3.14e-08  W=1.485 thetaP=0.472  (2214s)
  >> Severe APC Loss start 1: under10%=8/34 phys=3.14e-08  (best so far under10%=8/34 phys=3.14e-08)
  [Seve#2] arch 4x256 act=gelu net 207,879x10cond  rel_w=True colloc=fixed res=integral
  [Seve#2] hybrid term=bm_myc (2x5 tanh, constraint=anchored, wd=1e-08) 46 weights | recovering 34 mechanistic params
    [Seve#2] Adam     1/2000  L=8.86e+00  Ld=5.69e-01  Lp=5.07e-04  Lic=4.14e-01  L2=3.50e-09  lp=7.71 | W=1.283(*2.00)  thetaP=0.547(*0.25)  <rel.err>=55% [1s]
    [Seve#2] Adam   200/2000  L=7.04e-03  Ld=6.85e-03  Lp=2.22e-05  Lic=1.79e-06  L2=4.60e-09  lp=7.22 | W=1.321(*2.00)  thetaP=0.629(*0.25)  <rel.err>=69% [113s]
    [Seve#2] Adam   400/2000  L=1.50e-03  Ld=1.28e-03  Lp=2.89e-06  Lic=1.01e-05  L2=4.71e-09  lp=7.11 | W=1.310(*2.00)  thetaP=0.623(*0.25)  <rel.err>=70% [227s]
    [Seve#2] Adam   600/2000  L=7.05e-04  Ld=5.73e-04  Lp=1.41e-06  Lic=6.03e-06  L2=4.78e-09  lp=7.96 | W=1.311(*2.00)  thetaP=0.616(*0.25)  <rel.err>=69% [340s]
    [Seve#2] Adam   800/2000  L=3.89e-04  Ld=3.80e-04  Lp=1.00e-06  Lic=2.22e-09  L2=4.83e-09  lp=8.54 | W=1.315(*2.00)  thetaP=0.610(*0.25)  <rel.err>=66% [454s]
    [Seve#2] Adam  1000/2000  L=3.06e-04  Ld=2.99e-04  Lp=8.16e-07  Lic=1.71e-09  L2=4.85e-09  lp=9.03 | W=1.320(*2.00)  thetaP=0.606(*0.25)  <rel.err>=64% [568s]
    [Seve#2] Adam  1200/2000  L=2.62e-04  Ld=2.55e-04  Lp=7.08e-07  Lic=1.45e-09  L2=4.86e-09  lp=9.46 | W=1.324(*2.00)  thetaP=0.603(*0.25)  <rel.err>=62% [682s]
    [Seve#2] Adam  1400/2000  L=2.37e-04  Ld=2.31e-04  Lp=6.42e-07  Lic=1.30e-09  L2=4.88e-09  lp=9.84 | W=1.329(*2.00)  thetaP=0.601(*0.25)  <rel.err>=61% [795s]
    [Seve#2] Adam  1600/2000  L=2.24e-04  Ld=2.18e-04  Lp=6.02e-07  Lic=1.22e-09  L2=4.90e-09  lp=10.18 | W=1.333(*2.00)  thetaP=0.599(*0.25)  <rel.err>=61% [909s]
    [Seve#2] Adam  1800/2000  L=2.19e-04  Ld=2.13e-04  Lp=5.80e-07  Lic=1.19e-09  L2=4.91e-09  lp=10.50 | W=1.337(*2.00)  thetaP=0.598(*0.25)  <rel.err>=60% [1023s]
    [Seve#2] Adam  2000/2000  L=2.18e-04  Ld=2.12e-04  Lp=5.66e-07  Lic=1.18e-09  L2=4.93e-09  lp=10.81 | W=1.341(*2.00)  thetaP=0.597(*0.25)  <rel.err>=60% [1130s]
    [Seve#2] L-BFGS (150) ...
    [Seve#2] LBFGS   50/150  L=8.39e-05 | W=1.426(*2.00)  thetaP=0.582(*0.25)  <rel.err>=75% [1471s]
    [Seve#2] LBFGS  100/150  L=4.49e-05 | W=1.395(*2.00)  thetaP=0.571(*0.25)  <rel.err>=50% [1815s]
    [Seve#2] LBFGS  150/150  L=2.46e-05 | W=1.378(*2.00)  thetaP=0.568(*0.25)  <rel.err>=39% [2164s]
    [Seve#2] param-refine (600, frozen, integral) ...
    [Seve#2] refine   50/600  Lp+L2=5.51e-08  L2=4.92e-09  <f_NN>=1.050  under10%=5/34 | W=1.378(*2.00)  thetaP=0.568(*0.25)  <rel.err>=39% [2167s]
    [Seve#2] refine  100/600  Lp+L2=5.51e-08  L2=4.92e-09  <f_NN>=1.050  under10%=5/34 | W=1.378(*2.00)  thetaP=0.568(*0.25)  <rel.err>=39% [2171s]
    [Seve#2] refine  150/600  Lp+L2=5.51e-08  L2=4.92e-09  <f_NN>=1.050  under10%=5/34 | W=1.378(*2.00)  thetaP=0.568(*0.25)  <rel.err>=39% [2175s]
    [Seve#2] refine  200/600  Lp+L2=5.51e-08  L2=4.92e-09  <f_NN>=1.050  under10%=5/34 | W=1.378(*2.00)  thetaP=0.568(*0.25)  <rel.err>=39% [2179s]
    [Seve#2] refine  250/600  Lp+L2=5.51e-08  L2=4.92e-09  <f_NN>=1.050  under10%=5/34 | W=1.378(*2.00)  thetaP=0.568(*0.25)  <rel.err>=39% [2182s]
    [Seve#2] refine  300/600  Lp+L2=5.51e-08  L2=4.92e-09  <f_NN>=1.050  under10%=5/34 | W=1.378(*2.00)  thetaP=0.568(*0.25)  <rel.err>=39% [2186s]
    [Seve#2] refine  350/600  Lp+L2=5.51e-08  L2=4.92e-09  <f_NN>=1.050  under10%=5/34 | W=1.378(*2.00)  thetaP=0.568(*0.25)  <rel.err>=39% [2189s]
    [Seve#2] refine  400/600  Lp+L2=5.51e-08  L2=4.92e-09  <f_NN>=1.050  under10%=5/34 | W=1.378(*2.00)  thetaP=0.568(*0.25)  <rel.err>=39% [2192s]
    [Seve#2] refine  450/600  Lp+L2=5.51e-08  L2=4.92e-09  <f_NN>=1.050  under10%=5/34 | W=1.378(*2.00)  thetaP=0.568(*0.25)  <rel.err>=39% [2195s]
    [Seve#2] refine  500/600  Lp+L2=5.51e-08  L2=4.92e-09  <f_NN>=1.050  under10%=5/34 | W=1.378(*2.00)  thetaP=0.568(*0.25)  <rel.err>=39% [2197s]
    [Seve#2] refine  550/600  Lp+L2=5.51e-08  L2=4.92e-09  <f_NN>=1.050  under10%=5/34 | W=1.378(*2.00)  thetaP=0.568(*0.25)  <rel.err>=39% [2200s]
    [Seve#2] refine  600/600  Lp+L2=5.51e-08  L2=4.92e-09  <f_NN>=1.050  under10%=5/34 | W=1.378(*2.00)  thetaP=0.568(*0.25)  <rel.err>=39% [2203s]
  [Seve#2] done  under10%=5/34  phys=5.02e-08  W=1.378 thetaP=0.568  (2203s)
  >> Severe APC Loss start 2: under10%=5/34 phys=5.02e-08  (best so far under10%=8/34 phys=3.14e-08)
  [Severe APC Loss] learned term bm_myc over x in [0.200, 3.009]: RMSE=0.0945 (NRMSE=8.3%)  gate_lo=0.49  [anchor BINDS]
